[0.882s] Invoking command in '/home/rob/praktikum_ws/src/robprakt': PYTHONPATH=/home/rob/praktikum_ws/install/robprakt/lib/python3.8/site-packages:${PYTHONPATH} /usr/bin/python3 setup.py egg_info --egg-base ../../build/robprakt build --build-base /home/rob/praktikum_ws/build/robprakt/build install --prefix /home/rob/praktikum_ws/install/robprakt --record /home/rob/praktikum_ws/build/robprakt/install.log --single-version-externally-managed
[1.179s] running egg_info
[1.181s] writing ../../build/robprakt/robprakt.egg-info/PKG-INFO
[1.181s] writing dependency_links to ../../build/robprakt/robprakt.egg-info/dependency_links.txt
[1.181s] writing entry points to ../../build/robprakt/robprakt.egg-info/entry_points.txt
[1.182s] writing requirements to ../../build/robprakt/robprakt.egg-info/requires.txt
[1.182s] writing top-level names to ../../build/robprakt/robprakt.egg-info/top_level.txt
[1.239s] reading manifest file '../../build/robprakt/robprakt.egg-info/SOURCES.txt'
[1.240s] writing manifest file '../../build/robprakt/robprakt.egg-info/SOURCES.txt'
[1.241s] running build
[1.241s] running build_py
[1.241s] running install
[1.242s] running install_lib
[1.244s] running install_data
[1.245s] running install_egg_info
[1.247s] removing '/home/rob/praktikum_ws/install/robprakt/lib/python3.8/site-packages/robprakt-0.0.0-py3.8.egg-info' (and everything under it)
[1.247s] Copying ../../build/robprakt/robprakt.egg-info to /home/rob/praktikum_ws/install/robprakt/lib/python3.8/site-packages/robprakt-0.0.0-py3.8.egg-info
[1.248s] running install_scripts
[1.271s] Installing service script to /home/rob/praktikum_ws/install/robprakt/lib/robprakt
[1.272s] writing list of installed files to '/home/rob/praktikum_ws/build/robprakt/install.log'
[1.302s] Invoked command in '/home/rob/praktikum_ws/src/robprakt' returned '0': PYTHONPATH=/home/rob/praktikum_ws/install/robprakt/lib/python3.8/site-packages:${PYTHONPATH} /usr/bin/python3 setup.py egg_info --egg-base ../../build/robprakt build --build-base /home/rob/praktikum_ws/build/robprakt/build install --prefix /home/rob/praktikum_ws/install/robprakt --record /home/rob/praktikum_ws/build/robprakt/install.log --single-version-externally-managed
