[0.006s] Invoking command in '/home/rob/praktikum_ws/build/vrpn': CMAKE_PREFIX_PATH=${CMAKE_PREFIX_PATH}:/home/rob/praktikum_ws/install/rob_praktikum:/opt/ros/galactic /usr/bin/cmake /home/rob/praktikum_ws/src/vrpn-release -DCMAKE_INSTALL_PREFIX=/home/rob/praktikum_ws/install/vrpn
[0.092s] -- The C compiler identification is GNU 9.4.0
[0.171s] -- The CXX compiler identification is GNU 9.4.0
[0.180s] -- Check for working C compiler: /usr/bin/cc
[0.248s] -- Check for working C compiler: /usr/bin/cc -- works
[0.250s] -- Detecting C compiler ABI info
[0.320s] -- Detecting C compiler ABI info - done
[0.344s] -- Detecting C compile features
[0.344s] -- Detecting C compile features - done
[0.349s] -- Check for working CXX compiler: /usr/bin/c++
[0.433s] -- Check for working CXX compiler: /usr/bin/c++ -- works
[0.435s] -- Detecting CXX compiler ABI info
[0.519s] -- Detecting CXX compiler ABI info - done
[0.543s] -- Detecting CXX compile features
[0.544s] -- Detecting CXX compile features - done
[0.640s] -- Configuring the VRPN suite version 07.34 using the CMake-based build system
[0.640s] 
[0.640s] CMake Warning (dev) at CMakeLists.txt:160 (option):
[0.641s]   Policy CMP0077 is not set: option() honors normal variables.  Run "cmake
[0.641s]   --help-policy CMP0077" for policy details.  Use the cmake_policy command to
[0.641s]   set the policy and suppress this warning.
[0.641s] 
[0.641s]   For compatibility with older versions of CMake, option is clearing the
[0.641s]   normal variable 'VRPN_BUILD_CLIENT_LIBRARY'.
[0.641s] This warning is for project developers.  Use -Wno-dev to suppress it.
[0.641s] 
[0.644s] CMake Warning (dev) at CMakeLists.txt:163 (option):
[0.645s]   Policy CMP0077 is not set: option() honors normal variables.  Run "cmake
[0.645s]   --help-policy CMP0077" for policy details.  Use the cmake_policy command to
[0.645s]   set the policy and suppress this warning.
[0.645s] 
[0.645s]   For compatibility with older versions of CMake, option is clearing the
[0.645s]   normal variable 'VRPN_BUILD_SERVER_LIBRARY'.
[0.645s] This warning is for project developers.  Use -Wno-dev to suppress it.
[0.645s] 
[0.645s] CMake Warning (dev) at CMakeLists.txt:168 (option):
[0.645s]   Policy CMP0077 is not set: option() honors normal variables.  Run "cmake
[0.645s]   --help-policy CMP0077" for policy details.  Use the cmake_policy command to
[0.646s]   set the policy and suppress this warning.
[0.646s] 
[0.646s]   For compatibility with older versions of CMake, option is clearing the
[0.646s]   normal variable 'VRPN_BUILD_CLIENTS'.
[0.646s] This warning is for project developers.  Use -Wno-dev to suppress it.
[0.646s] 
[0.646s] CMake Warning (dev) at CMakeLists.txt:169 (option):
[0.646s]   Policy CMP0077 is not set: option() honors normal variables.  Run "cmake
[0.646s]   --help-policy CMP0077" for policy details.  Use the cmake_policy command to
[0.646s]   set the policy and suppress this warning.
[0.646s] 
[0.646s]   For compatibility with older versions of CMake, option is clearing the
[0.647s]   normal variable 'VRPN_BUILD_SERVERS'.
[0.647s] This warning is for project developers.  Use -Wno-dev to suppress it.
[0.647s] 
[0.654s] -- Looking for pthread.h
[0.722s] -- Looking for pthread.h - found
[0.722s] -- Performing Test CMAKE_HAVE_LIBC_PTHREAD
[0.799s] -- Performing Test CMAKE_HAVE_LIBC_PTHREAD - Failed
[0.800s] -- Looking for pthread_create in pthreads
[0.857s] -- Looking for pthread_create in pthreads - not found
[0.857s] -- Looking for pthread_create in pthread
[0.930s] -- Looking for pthread_create in pthread - found
[0.932s] -- Found Threads: TRUE  
[0.932s] -- Now searching for auto-configurable optional packages...
[0.932s] 
[0.938s] -- Checking for module 'libusb-1.0'
[0.941s] --   No package 'libusb-1.0' found
[0.958s] -- Could NOT find Libusb1 (missing: LIBUSB1_LIBRARY LIBUSB1_INCLUDE_DIR) 
[0.964s] -- Could NOT find SWIG (missing: SWIG_EXECUTABLE SWIG_DIR) 
[0.987s] -- Found PythonLibs: /usr/lib/x86_64-linux-gnu/libpython3.8.so (found version "3.8.10") 
[0.988s] CMake Warning (dev) at cmake/OptionRequires.cmake:46 (option):
[0.988s]   Policy CMP0077 is not set: option() honors normal variables.  Run "cmake
[0.988s]   --help-policy CMP0077" for policy details.  Use the cmake_policy command to
[0.988s]   set the policy and suppress this warning.
[0.988s] 
[0.988s]   For compatibility with older versions of CMake, option is clearing the
[0.988s]   normal variable 'VRPN_BUILD_PYTHON'.
[0.988s] Call Stack (most recent call first):
[0.989s]   CMakeLists.txt:345 (option_requires)
[0.989s] This warning is for project developers.  Use -Wno-dev to suppress it.
[0.989s] 
[0.994s] -- Could NOT find Java (missing: Java_JAVA_EXECUTABLE Java_JAVAC_EXECUTABLE Java_JAR_EXECUTABLE Java_JAVADOC_EXECUTABLE Java_JAVAH_EXECUTABLE Development) 
[1.010s] -- Could NOT find JNI (missing: JAVA_AWT_LIBRARY JAVA_JVM_LIBRARY JAVA_INCLUDE_PATH JAVA_INCLUDE_PATH2 JAVA_AWT_INCLUDE_PATH) 
[1.011s] CMake Warning (dev) at cmake/OptionRequires.cmake:46 (option):
[1.011s]   Policy CMP0077 is not set: option() honors normal variables.  Run "cmake
[1.011s]   --help-policy CMP0077" for policy details.  Use the cmake_policy command to
[1.011s]   set the policy and suppress this warning.
[1.011s] 
[1.011s]   For compatibility with older versions of CMake, option is clearing the
[1.011s]   normal variable 'VRPN_BUILD_JAVA'.
[1.012s] Call Stack (most recent call first):
[1.012s]   CMakeLists.txt:374 (option_requires)
[1.012s] This warning is for project developers.  Use -Wno-dev to suppress it.
[1.012s] 
[1.167s] -- Found MPI_C: /usr/lib/x86_64-linux-gnu/openmpi/lib/libmpi.so (found version "3.1") 
[2.504s] -- Found MPI_CXX: /usr/lib/x86_64-linux-gnu/openmpi/lib/libmpi_cxx.so (found version "3.1") 
[2.505s] -- Found MPI: TRUE (found version "3.1")  
[2.514s] -- Could NOT find Modbus (missing: MODBUS_LIBRARY MODBUS_INCLUDE_DIR) 
[2.520s] -- Checking for module 'libusb-1.0'
[2.523s] --   No package 'libusb-1.0' found
[2.531s] -- Could NOT find Libusb1 (missing: LIBUSB1_LIBRARY LIBUSB1_INCLUDE_DIR) 
[2.561s] -- Could NOT find OpenHaptics (missing: HDAPI_LIBRARY HDAPI_INCLUDE_DIR HDAPI_HDU_INCLUDE_DIR HDAPI_HDU_LIBRARY HLAPI_INCLUDE_DIR HLAPI_LIBRARY HLAPI_HLU_INCLUDE_DIR HLAPI_HLU_LIBRARY HDAPI_PHANToMIO_LIBRARY HDAPI_HDU_SOURCE_DIR HLAPI_HLU_SOURCE_DIR) 
[2.567s] -- Could NOT find GHOST (missing: GHOST_LIBRARY GHOST_INCLUDE_DIR) 
[2.569s] -- Found I2CDEV: /usr/include  
[2.574s] -- Could NOT find WiiUse (missing: WIIUSE_LIBRARY WIIUSE_INCLUDE_DIR) 
[2.585s] -- Could NOT find LibNifalcon (missing: LIBNIFALCON_LIBRARY LIBNIFALCON_INCLUDE_DIR LIBNIFALCON_LIBUSB1_LIBRARY LIBNIFALCON_LIBUSB1_INCLUDE_DIR) 
[2.589s] -- Could NOT find GPM (missing: GPM_LIBRARY GPM_INCLUDE_DIR) 
[2.593s] -- Could NOT find InterSense (missing: INTERSENSE_LIBRARY INTERSENSE_INCLUDE_DIR) 
[2.597s] -- Could NOT find NIDAQmx (missing: NIDAQMX_LIBRARY NIDAQMX_INCLUDE_DIR) 
[2.602s] -- Could NOT find ViewPoint (missing: VIEWPOINT_LIBRARY VIEWPOINT_INCLUDE_DIR) 
[2.602s] -- Looking for C++ include linux/joystick.h
[2.699s] -- Looking for C++ include linux/joystick.h - found
[2.700s] -- Looking for C++ include linux/input.h
[2.792s] -- Looking for C++ include linux/input.h - found
[2.801s] -- Found Perl: /usr/bin/perl (found version "5.30.0") 
[2.802s] -- Checking for perl module Parse::RecDescent
[2.804s] -- Checking for perl module Parse::RecDescent - failed
[2.806s] -- Could NOT find PerlModules (missing: PERLMODULES_PARSE_RECDESCENT_MODULE) 
[2.812s] -- Could NOT find LibFreespace (missing: LIBFREESPACE_LIBRARY LIBFREESPACE_INCLUDE_DIR) 
[2.819s] -- Found quatlib: quat  
[2.823s] -- Could NOT find ColibriApi (missing: COLIBRIAPI_LIBRARY COLIBRIAPI_INCLUDE_DIR) 
[2.850s] -- Found GLUT: /usr/lib/x86_64-linux-gnu/libglut.so  
[2.858s] CMake Warning (dev) at /usr/share/cmake-3.16/Modules/FindOpenGL.cmake:275 (message):
[2.859s]   Policy CMP0072 is not set: FindOpenGL prefers GLVND by default when
[2.859s]   available.  Run "cmake --help-policy CMP0072" for policy details.  Use the
[2.859s]   cmake_policy command to set the policy and suppress this warning.
[2.859s] 
[2.859s]   FindOpenGL found both a legacy GL library:
[2.859s] 
[2.859s]     OPENGL_gl_LIBRARY: /usr/lib/x86_64-linux-gnu/libGL.so
[2.860s] 
[2.860s]   and GLVND libraries for OpenGL and GLX:
[2.860s] 
[2.860s]     OPENGL_opengl_LIBRARY: /usr/lib/x86_64-linux-gnu/libOpenGL.so
[2.860s]     OPENGL_glx_LIBRARY: /usr/lib/x86_64-linux-gnu/libGLX.so
[2.860s] 
[2.860s]   OpenGL_GL_PREFERENCE has not been set to "GLVND" or "LEGACY", so for
[2.860s]   compatibility with CMake 3.10 and below the legacy GL library will be used.
[2.861s] Call Stack (most recent call first):
[2.861s]   client_src/CMakeLists.txt:26 (find_package)
[2.861s] This warning is for project developers.  Use -Wno-dev to suppress it.
[2.861s] 
[2.863s] -- Found OpenGL: /usr/lib/x86_64-linux-gnu/libOpenGL.so   
[2.867s] CMake Warning (dev) at /usr/share/cmake-3.16/Modules/FindOpenGL.cmake:275 (message):
[2.867s]   Policy CMP0072 is not set: FindOpenGL prefers GLVND by default when
[2.867s]   available.  Run "cmake --help-policy CMP0072" for policy details.  Use the
[2.868s]   cmake_policy command to set the policy and suppress this warning.
[2.868s] 
[2.868s]   FindOpenGL found both a legacy GL library:
[2.868s] 
[2.868s]     OPENGL_gl_LIBRARY: /usr/lib/x86_64-linux-gnu/libGL.so
[2.868s] 
[2.868s]   and GLVND libraries for OpenGL and GLX:
[2.868s] 
[2.869s]     OPENGL_opengl_LIBRARY: /usr/lib/x86_64-linux-gnu/libOpenGL.so
[2.869s]     OPENGL_glx_LIBRARY: /usr/lib/x86_64-linux-gnu/libGLX.so
[2.869s] 
[2.869s]   OpenGL_GL_PREFERENCE has not been set to "GLVND" or "LEGACY", so for
[2.869s]   compatibility with CMake 3.10 and below the legacy GL library will be used.
[2.869s] Call Stack (most recent call first):
[2.869s]   server_src/CMakeLists.txt:27 (find_package)
[2.869s] This warning is for project developers.  Use -Wno-dev to suppress it.
[2.870s] 
[2.897s] -- Dashboard scripts have been generated for automatic nightly and continuous builds.
[2.897s] -- You can add these sample lines to your crontab:
[2.899s] -- 
[2.900s] 
[2.900s] 15 0 * * * "/usr/bin/ctest" -S "/home/rob/praktikum_ws/build/vrpn/Dashboards-rob-VirtualBox-rob/runNightly.cmake" 
[2.900s] 15 * * * * "/usr/bin/ctest" -S "/home/rob/praktikum_ws/build/vrpn/Dashboards-rob-VirtualBox-rob/runContinuous.cmake" 
[2.900s] 
[2.900s] or run this command for an one-off experimental test build:
[2.900s] "/usr/bin/ctest" -S "/home/rob/praktikum_ws/build/vrpn/Dashboards-rob-VirtualBox-rob/runExperimental.cmake" -VV
[2.901s] 
[2.901s] -- 
[2.943s] -- Configuring done
[3.041s] -- Generating done
[3.051s] -- Build files have been written to: /home/rob/praktikum_ws/build/vrpn
[3.062s] Invoked command in '/home/rob/praktikum_ws/build/vrpn' returned '0': CMAKE_PREFIX_PATH=${CMAKE_PREFIX_PATH}:/home/rob/praktikum_ws/install/rob_praktikum:/opt/ros/galactic /usr/bin/cmake /home/rob/praktikum_ws/src/vrpn-release -DCMAKE_INSTALL_PREFIX=/home/rob/praktikum_ws/install/vrpn
[3.063s] Invoking command in '/home/rob/praktikum_ws/build/vrpn': CMAKE_PREFIX_PATH=${CMAKE_PREFIX_PATH}:/home/rob/praktikum_ws/install/rob_praktikum:/opt/ros/galactic /usr/bin/cmake --build /home/rob/praktikum_ws/build/vrpn -- -j1 -l1
[3.110s] [35m[1mScanning dependencies of target quat[0m
[3.121s] [  1%] [32mBuilding C object quat/CMakeFiles/quat.dir/matrix.c.o[0m
[3.229s] [  1%] [32mBuilding C object quat/CMakeFiles/quat.dir/quat.c.o[0m
[3.465s] [  2%] [32mBuilding C object quat/CMakeFiles/quat.dir/vector.c.o[0m
[3.536s] [  2%] [32mBuilding C object quat/CMakeFiles/quat.dir/xyzquat.c.o[0m
[3.580s] [  3%] [32m[1mLinking C static library libquat.a[0m
[3.612s] [  3%] Built target quat
[3.622s] [35m[1mScanning dependencies of target vrpn[0m
[3.659s] [  4%] [32mBuilding CXX object CMakeFiles/vrpn.dir/vrpn_Analog.C.o[0m
[4.021s] [  4%] [32mBuilding CXX object CMakeFiles/vrpn.dir/vrpn_Analog_Output.C.o[0m
[4.390s] [  5%] [32mBuilding CXX object CMakeFiles/vrpn.dir/vrpn_Assert.C.o[0m
[4.431s] [  5%] [32mBuilding CXX object CMakeFiles/vrpn.dir/vrpn_Auxiliary_Logger.C.o[0m
[4.813s] [  6%] [32mBuilding CXX object CMakeFiles/vrpn.dir/vrpn_BaseClass.C.o[0m
[5.108s] [  6%] [32mBuilding CXX object CMakeFiles/vrpn.dir/vrpn_Button.C.o[0m
[5.564s] [  7%] [32mBuilding CXX object CMakeFiles/vrpn.dir/vrpn_Connection.C.o[0m
[7.327s] [  7%] [32mBuilding CXX object CMakeFiles/vrpn.dir/vrpn_Dial.C.o[0m
[7.626s] [  8%] [32mBuilding CXX object CMakeFiles/vrpn.dir/vrpn_EndpointContainer.C.o[0m
[7.966s] [  8%] [32mBuilding CXX object CMakeFiles/vrpn.dir/vrpn_FileConnection.C.o[0m
[8.382s] [  9%] [32mBuilding CXX object CMakeFiles/vrpn.dir/vrpn_FileController.C.o[0m
[8.555s] [  9%] [32mBuilding CXX object CMakeFiles/vrpn.dir/vrpn_ForceDevice.C.o[0m
[9.678s] [  9%] [32mBuilding CXX object CMakeFiles/vrpn.dir/vrpn_Forwarder.C.o[0m
[9.902s] [ 10%] [32mBuilding CXX object CMakeFiles/vrpn.dir/vrpn_ForwarderController.C.o[0m
[10.143s] [ 10%] [32mBuilding CXX object CMakeFiles/vrpn.dir/vrpn_FunctionGenerator.C.o[0m
[11.047s] [ 11%] [32mBuilding CXX object CMakeFiles/vrpn.dir/vrpn_Imager.C.o[0m
[12.182s] [ 11%] [32mBuilding CXX object CMakeFiles/vrpn.dir/vrpn_LamportClock.C.o[0m
[12.254s] [ 12%] [32mBuilding CXX object CMakeFiles/vrpn.dir/vrpn_Mutex.C.o[0m
[12.708s] In file included from [01m[K/usr/include/string.h:495[m[K,
[12.708s]                  from [01m[K/home/rob/praktikum_ws/src/vrpn-release/vrpn_Mutex.C:2[m[K:
[12.708s] In function ‘[01m[Kchar* strncpy(char*, const char*, size_t)[m[K’,
[12.708s]     inlined from ‘[01m[Kvoid vrpn_PeerMutex::init(const char*)[m[K’ at [01m[K/home/rob/praktikum_ws/src/vrpn-release/vrpn_Mutex.C:1393:12[m[K:
[12.708s] [01m[K/usr/include/x86_64-linux-gnu/bits/string_fortified.h:106:34:[m[K [01;35m[Kwarning: [m[K‘[01m[Kchar* __builtin_strncpy(char*, const char*, long unsigned int)[m[K’ specified bound depends on the length of the source argument [[01;35m[K-Wstringop-overflow=[m[K]
[12.709s]   106 |   return [01;35m[K__builtin___strncpy_chk (__dest, __src, __len, __bos (__dest))[m[K;
[12.709s]       |          [01;35m[K~~~~~~~~~~~~~~~~~~~~~~~~^~~~~~~~~~~~~~~~~~~~~~~~~~~~~~~~~~~~~~[m[K
[12.709s] [01m[K/home/rob/praktikum_ws/src/vrpn-release/vrpn_Mutex.C:[m[K In member function ‘[01m[Kvoid vrpn_PeerMutex::init(const char*)[m[K’:
[12.709s] [01m[K/home/rob/praktikum_ws/src/vrpn-release/vrpn_Mutex.C:1393:12:[m[K [01;36m[Knote: [m[Klength computed here
[12.709s]  1393 |     [01;36m[Kstrncpy(d_mutexName, name, strlen(name))[m[K;
[12.709s]       |     [01;36m[K~~~~~~~^~~~~~~~~~~~~~~~~~~~~~~~~~~~~~~~~[m[K
[12.782s] [ 12%] [32mBuilding CXX object CMakeFiles/vrpn.dir/vrpn_Poser.C.o[0m
[13.212s] [ 13%] [32mBuilding CXX object CMakeFiles/vrpn.dir/vrpn_RedundantTransmission.C.o[0m
[13.558s] [ 13%] [32mBuilding CXX object CMakeFiles/vrpn.dir/vrpn_Serial.C.o[0m
[13.692s] [ 14%] [32mBuilding CXX object CMakeFiles/vrpn.dir/vrpn_SerialPort.C.o[0m
[14.184s] [ 14%] [32mBuilding CXX object CMakeFiles/vrpn.dir/vrpn_Shared.C.o[0m
[14.427s] [ 15%] [32mBuilding CXX object CMakeFiles/vrpn.dir/vrpn_SharedObject.C.o[0m
[14.958s] [ 15%] [32mBuilding CXX object CMakeFiles/vrpn.dir/vrpn_Sound.C.o[0m
[15.736s] [ 15%] [32mBuilding CXX object CMakeFiles/vrpn.dir/vrpn_Text.C.o[0m
[15.946s] [ 16%] [32mBuilding CXX object CMakeFiles/vrpn.dir/vrpn_Thread.C.o[0m
[16.111s] [ 16%] [32mBuilding CXX object CMakeFiles/vrpn.dir/vrpn_Tracker.C.o[0m
[17.107s] [ 17%] [32m[1mLinking CXX static library libvrpn.a[0m
[17.187s] [ 17%] Built target vrpn
[17.197s] [35m[1mScanning dependencies of target gpsnmea[0m
[17.209s] [ 17%] [32mBuilding CXX object gpsnmealib/CMakeFiles/gpsnmea.dir/latLonCoord.C.o[0m
[17.600s] [ 18%] [32mBuilding CXX object gpsnmealib/CMakeFiles/gpsnmea.dir/nmeaParser.C.o[0m
[17.910s] [ 18%] [32mBuilding CXX object gpsnmealib/CMakeFiles/gpsnmea.dir/typedCoord.C.o[0m
[18.231s] [ 19%] [32mBuilding CXX object gpsnmealib/CMakeFiles/gpsnmea.dir/utmCoord.C.o[0m
[18.640s] [ 19%] [32m[1mLinking CXX static library libgpsnmea.a[0m
[18.673s] [ 19%] Built target gpsnmea
[18.683s] [35m[1mScanning dependencies of target vrpn_atmel[0m
[18.695s] [ 19%] [32mBuilding CXX object atmellib/CMakeFiles/vrpn_atmel.dir/vrpn_atmellib_helper.C.o[0m
[18.762s] [ 20%] [32mBuilding CXX object atmellib/CMakeFiles/vrpn_atmel.dir/vrpn_atmellib_iobasic.C.o[0m
[18.875s] [ 20%] [32mBuilding CXX object atmellib/CMakeFiles/vrpn_atmel.dir/vrpn_atmellib_openclose.C.o[0m
[18.932s] [ 21%] [32mBuilding CXX object atmellib/CMakeFiles/vrpn_atmel.dir/vrpn_atmellib_register.C.o[0m
[18.971s] [ 21%] [32mBuilding CXX object atmellib/CMakeFiles/vrpn_atmel.dir/vrpn_atmellib_tester.C.o[0m
[19.006s] [ 22%] [32m[1mLinking CXX static library libvrpn_atmel.a[0m
[19.036s] [ 22%] Built target vrpn_atmel
[19.049s] [35m[1mScanning dependencies of target vrpnserver[0m
[19.181s] [ 22%] [32mBuilding CXX object CMakeFiles/vrpnserver.dir/vrpn_Analog.C.o[0m
[19.538s] [ 23%] [32mBuilding CXX object CMakeFiles/vrpnserver.dir/vrpn_Analog_Output.C.o[0m
[19.904s] [ 23%] [32mBuilding CXX object CMakeFiles/vrpnserver.dir/vrpn_Assert.C.o[0m
[19.946s] [ 24%] [32mBuilding CXX object CMakeFiles/vrpnserver.dir/vrpn_Auxiliary_Logger.C.o[0m
[20.327s] [ 24%] [32mBuilding CXX object CMakeFiles/vrpnserver.dir/vrpn_BaseClass.C.o[0m
[20.625s] [ 25%] [32mBuilding CXX object CMakeFiles/vrpnserver.dir/vrpn_Button.C.o[0m
[21.325s] [ 25%] [32mBuilding CXX object CMakeFiles/vrpnserver.dir/vrpn_Connection.C.o[0m
[23.093s] [ 26%] [32mBuilding CXX object CMakeFiles/vrpnserver.dir/vrpn_Dial.C.o[0m
[23.385s] [ 26%] [32mBuilding CXX object CMakeFiles/vrpnserver.dir/vrpn_EndpointContainer.C.o[0m
[23.716s] [ 27%] [32mBuilding CXX object CMakeFiles/vrpnserver.dir/vrpn_FileConnection.C.o[0m
[24.094s] [ 27%] [32mBuilding CXX object CMakeFiles/vrpnserver.dir/vrpn_FileController.C.o[0m
[24.265s] [ 28%] [32mBuilding CXX object CMakeFiles/vrpnserver.dir/vrpn_ForceDevice.C.o[0m
[25.460s] [ 28%] [32mBuilding CXX object CMakeFiles/vrpnserver.dir/vrpn_Forwarder.C.o[0m
[25.691s] [ 28%] [32mBuilding CXX object CMakeFiles/vrpnserver.dir/vrpn_ForwarderController.C.o[0m
[25.941s] [ 29%] [32mBuilding CXX object CMakeFiles/vrpnserver.dir/vrpn_FunctionGenerator.C.o[0m
[26.821s] [ 29%] [32mBuilding CXX object CMakeFiles/vrpnserver.dir/vrpn_Imager.C.o[0m
[27.944s] [ 30%] [32mBuilding CXX object CMakeFiles/vrpnserver.dir/vrpn_LamportClock.C.o[0m
[28.012s] [ 30%] [32mBuilding CXX object CMakeFiles/vrpnserver.dir/vrpn_Mutex.C.o[0m
[28.425s] In file included from [01m[K/usr/include/string.h:495[m[K,
[28.425s]                  from [01m[K/home/rob/praktikum_ws/src/vrpn-release/vrpn_Mutex.C:2[m[K:
[28.425s] In function ‘[01m[Kchar* strncpy(char*, const char*, size_t)[m[K’,
[28.426s]     inlined from ‘[01m[Kvoid vrpn_PeerMutex::init(const char*)[m[K’ at [01m[K/home/rob/praktikum_ws/src/vrpn-release/vrpn_Mutex.C:1393:12[m[K:
[28.426s] [01m[K/usr/include/x86_64-linux-gnu/bits/string_fortified.h:106:34:[m[K [01;35m[Kwarning: [m[K‘[01m[Kchar* __builtin_strncpy(char*, const char*, long unsigned int)[m[K’ specified bound depends on the length of the source argument [[01;35m[K-Wstringop-overflow=[m[K]
[28.426s]   106 |   return [01;35m[K__builtin___strncpy_chk (__dest, __src, __len, __bos (__dest))[m[K;
[28.426s]       |          [01;35m[K~~~~~~~~~~~~~~~~~~~~~~~~^~~~~~~~~~~~~~~~~~~~~~~~~~~~~~~~~~~~~~[m[K
[28.426s] [01m[K/home/rob/praktikum_ws/src/vrpn-release/vrpn_Mutex.C:[m[K In member function ‘[01m[Kvoid vrpn_PeerMutex::init(const char*)[m[K’:
[28.427s] [01m[K/home/rob/praktikum_ws/src/vrpn-release/vrpn_Mutex.C:1393:12:[m[K [01;36m[Knote: [m[Klength computed here
[28.427s]  1393 |     [01;36m[Kstrncpy(d_mutexName, name, strlen(name))[m[K;
[28.427s]       |     [01;36m[K~~~~~~~^~~~~~~~~~~~~~~~~~~~~~~~~~~~~~~~~[m[K
[28.500s] [ 31%] [32mBuilding CXX object CMakeFiles/vrpnserver.dir/vrpn_Poser.C.o[0m
[28.921s] [ 31%] [32mBuilding CXX object CMakeFiles/vrpnserver.dir/vrpn_RedundantTransmission.C.o[0m
[29.312s] [ 32%] [32mBuilding CXX object CMakeFiles/vrpnserver.dir/vrpn_Serial.C.o[0m
[29.468s] [ 32%] [32mBuilding CXX object CMakeFiles/vrpnserver.dir/vrpn_SerialPort.C.o[0m
[29.994s] [ 33%] [32mBuilding CXX object CMakeFiles/vrpnserver.dir/vrpn_Shared.C.o[0m
[30.243s] [ 33%] [32mBuilding CXX object CMakeFiles/vrpnserver.dir/vrpn_SharedObject.C.o[0m
[30.782s] [ 34%] [32mBuilding CXX object CMakeFiles/vrpnserver.dir/vrpn_Sound.C.o[0m
[31.768s] [ 34%] [32mBuilding CXX object CMakeFiles/vrpnserver.dir/vrpn_Text.C.o[0m
[31.976s] [ 35%] [32mBuilding CXX object CMakeFiles/vrpnserver.dir/vrpn_Thread.C.o[0m
[32.141s] [ 35%] [32mBuilding CXX object CMakeFiles/vrpnserver.dir/vrpn_Tracker.C.o[0m
[33.149s] [ 35%] [32mBuilding CXX object CMakeFiles/vrpnserver.dir/vrpn_3DConnexion.C.o[0m
[33.731s] [ 36%] [32mBuilding CXX object CMakeFiles/vrpnserver.dir/vrpn_3DMicroscribe.C.o[0m
[34.027s] [ 36%] [32mBuilding CXX object CMakeFiles/vrpnserver.dir/vrpn_3Space.C.o[0m
[34.329s] [ 37%] [32mBuilding CXX object CMakeFiles/vrpnserver.dir/vrpn_5DT16.C.o[0m
[34.625s] [ 37%] [32mBuilding CXX object CMakeFiles/vrpnserver.dir/vrpn_Adafruit.C.o[0m
[35.021s] [ 38%] [32mBuilding CXX object CMakeFiles/vrpnserver.dir/vrpn_ADBox.C.o[0m
[35.266s] [ 38%] [32mBuilding CXX object CMakeFiles/vrpnserver.dir/vrpn_Analog_5dt.C.o[0m
[35.621s] [ 39%] [32mBuilding CXX object CMakeFiles/vrpnserver.dir/vrpn_Analog_5dtUSB.C.o[0m
[36.324s] [ 39%] [32mBuilding CXX object CMakeFiles/vrpnserver.dir/vrpn_Analog_Radamec_SPI.C.o[0m
[36.650s] [ 40%] [32mBuilding CXX object CMakeFiles/vrpnserver.dir/vrpn_Analog_USDigital_A2.C.o[0m
[36.878s] [ 40%] [32mBuilding CXX object CMakeFiles/vrpnserver.dir/vrpn_Atmel.C.o[0m
[37.243s] [ 41%] [32mBuilding CXX object CMakeFiles/vrpnserver.dir/vrpn_BiosciencesTools.C.o[0m
[37.644s] [ 41%] [32mBuilding CXX object CMakeFiles/vrpnserver.dir/vrpn_Button_NI_DIO24.C.o[0m
[37.885s] [ 41%] [32mBuilding CXX object CMakeFiles/vrpnserver.dir/vrpn_Button_USB.cpp.o[0m
[37.907s] [ 42%] [32mBuilding CXX object CMakeFiles/vrpnserver.dir/vrpn_CerealBox.C.o[0m
[38.251s] [ 42%] [32mBuilding CXX object CMakeFiles/vrpnserver.dir/vrpn_CHProducts_Controller_Raw.C.o[0m
[38.742s] [ 43%] [32mBuilding CXX object CMakeFiles/vrpnserver.dir/vrpn_Contour.C.o[0m
[39.345s] [ 43%] [32mBuilding CXX object CMakeFiles/vrpnserver.dir/vrpn_DevInput.C.o[0m
[40.473s] [ 44%] [32mBuilding CXX object CMakeFiles/vrpnserver.dir/vrpn_DirectXFFJoystick.C.o[0m
[40.503s] [ 44%] [32mBuilding CXX object CMakeFiles/vrpnserver.dir/vrpn_DirectXRumblePad.C.o[0m
[40.534s] [ 45%] [32mBuilding CXX object CMakeFiles/vrpnserver.dir/vrpn_DreamCheeky.C.o[0m
[40.884s] [ 45%] [32mBuilding CXX object CMakeFiles/vrpnserver.dir/vrpn_Dyna.C.o[0m
[41.137s] [ 46%] [32mBuilding CXX object CMakeFiles/vrpnserver.dir/vrpn_Event_Analog.C.o[0m
[41.472s] [ 46%] [32mBuilding CXX object CMakeFiles/vrpnserver.dir/vrpn_Event.C.o[0m
[41.556s] [ 47%] [32mBuilding CXX object CMakeFiles/vrpnserver.dir/vrpn_Event_Mouse.C.o[0m
[41.827s] [ 47%] [32mBuilding CXX object CMakeFiles/vrpnserver.dir/vrpn_Flock.C.o[0m
[42.183s] [ 47%] [32mBuilding CXX object CMakeFiles/vrpnserver.dir/vrpn_Flock_Parallel.C.o[0m
[42.490s] [ 48%] [32mBuilding CXX object CMakeFiles/vrpnserver.dir/vrpn_ForceDeviceServer.C.o[0m
[42.871s] [ 48%] [32mBuilding CXX object CMakeFiles/vrpnserver.dir/vrpn_Freespace.C.o[0m
[42.894s] [ 49%] [32mBuilding CXX object CMakeFiles/vrpnserver.dir/vrpn_Futaba.C.o[0m
[43.313s] [ 49%] [32mBuilding CXX object CMakeFiles/vrpnserver.dir/vrpn_GlobalHapticsOrb.C.o[0m
[43.624s] [ 50%] [32mBuilding CXX object CMakeFiles/vrpnserver.dir/vrpn_Griffin.C.o[0m
[44.061s] [ 50%] [32mBuilding CXX object CMakeFiles/vrpnserver.dir/vrpn_HumanInterface.C.o[0m
[44.215s] [ 51%] [32mBuilding CXX object CMakeFiles/vrpnserver.dir/vrpn_IDEA.C.o[0m
[44.798s] [ 51%] [32mBuilding CXX object CMakeFiles/vrpnserver.dir/vrpn_Imager_Stream_Buffer.C.o[0m
[45.391s] [ 52%] [32mBuilding CXX object CMakeFiles/vrpnserver.dir/vrpn_ImmersionBox.C.o[0m
[45.778s] [ 52%] [32mBuilding CXX object CMakeFiles/vrpnserver.dir/vrpn_inertiamouse.C.o[0m
[46.104s] [ 53%] [32mBuilding CXX object CMakeFiles/vrpnserver.dir/vrpn_JoyFly.C.o[0m
[46.425s] [ 53%] [32mBuilding CXX object CMakeFiles/vrpnserver.dir/vrpn_Joylin.C.o[0m
[46.685s] [ 53%] [32mBuilding CXX object CMakeFiles/vrpnserver.dir/vrpn_Joywin32.C.o[0m
[46.707s] [ 54%] [32mBuilding CXX object CMakeFiles/vrpnserver.dir/vrpn_Keyboard.C.o[0m
[46.910s] [ 54%] [32mBuilding CXX object CMakeFiles/vrpnserver.dir/vrpn_Laputa.C.o[0m
[47.182s] [ 55%] [32mBuilding CXX object CMakeFiles/vrpnserver.dir/vrpn_LUDL.C.o[0m
[47.345s] [ 55%] [32mBuilding CXX object CMakeFiles/vrpnserver.dir/vrpn_Logitech_Controller_Raw.C.o[0m
[47.777s] [ 56%] [32mBuilding CXX object CMakeFiles/vrpnserver.dir/vrpn_Magellan.C.o[0m
[48.102s] [ 56%] [32mBuilding CXX object CMakeFiles/vrpnserver.dir/vrpn_Microsoft_Controller_Raw.C.o[0m
[49.092s] [ 57%] [32mBuilding CXX object CMakeFiles/vrpnserver.dir/vrpn_Mouse.C.o[0m
[49.371s] [ 57%] [32mBuilding CXX object CMakeFiles/vrpnserver.dir/vrpn_NationalInstruments.C.o[0m
[49.735s] [ 58%] [32mBuilding CXX object CMakeFiles/vrpnserver.dir/vrpn_Nidaq.C.o[0m
[49.757s] [ 58%] [32mBuilding CXX object CMakeFiles/vrpnserver.dir/vrpn_nikon_controls.C.o[0m
[50.158s] [ 59%] [32mBuilding CXX object CMakeFiles/vrpnserver.dir/vrpn_nVidia_shield_controller.C.o[0m
[50.687s] [ 59%] [32mBuilding CXX object CMakeFiles/vrpnserver.dir/vrpn_Oculus.C.o[0m
[51.094s] [ 60%] [32mBuilding CXX object CMakeFiles/vrpnserver.dir/vrpn_OzzMaker.C.o[0m
[51.578s] [ 60%] [32mBuilding CXX object CMakeFiles/vrpnserver.dir/vrpn_OmegaTemperature.C.o[0m
[51.755s] [ 60%] [32mBuilding CXX object CMakeFiles/vrpnserver.dir/vrpn_Poser_Analog.C.o[0m
[52.186s] [ 61%] [32mBuilding CXX object CMakeFiles/vrpnserver.dir/vrpn_Poser_Tek4662.C.o[0m
[52.382s] [01m[K/home/rob/praktikum_ws/src/vrpn-release/vrpn_Poser_Tek4662.C:[m[K In member function ‘[01m[Kvoid vrpn_Poser_Tek4662::reset()[m[K’:
[52.382s] [01m[K/home/rob/praktikum_ws/src/vrpn-release/vrpn_Poser_Tek4662.C:180:51:[m[K [01;35m[Kwarning: [m[K‘[01m[Kstrlen[m[K’ argument missing terminating nul [[01;35m[K-Wstringop-overflow=[m[K]
[52.382s]   180 |   vrpn_write_characters( d_serial_fd, GIN, strlen([01;35m[K(const char*)GIN[m[K) );
[52.382s]       |                                                   [01;35m[K^~~~~~~~~~~~~~~~[m[K
[52.382s] [01m[K/home/rob/praktikum_ws/src/vrpn-release/vrpn_Poser_Tek4662.C:42:21:[m[K [01;36m[Knote: [m[Kreferenced argument declared here
[52.383s]    42 | const unsigned char [01;36m[KGIN[m[K[] = { ESC, DEVICE, 'M' };
[52.383s]       |                     [01;36m[K^~~[m[K
[52.385s] [01m[K/home/rob/praktikum_ws/src/vrpn-release/vrpn_Poser_Tek4662.C:[m[K In member function ‘[01m[Kvoid vrpn_Poser_Tek4662::run()[m[K’:
[52.385s] [01m[K/home/rob/praktikum_ws/src/vrpn-release/vrpn_Poser_Tek4662.C:256:52:[m[K [01;35m[Kwarning: [m[K‘[01m[Kstrlen[m[K’ argument missing terminating nul [[01;35m[K-Wstringop-overflow=[m[K]
[52.385s]   256 |     vrpn_write_characters(d_serial_fd, GIN, strlen([01;35m[K(const char*)GIN[m[K) );
[52.385s]       |                                                    [01;35m[K^~~~~~~~~~~~~~~~[m[K
[52.385s] [01m[K/home/rob/praktikum_ws/src/vrpn-release/vrpn_Poser_Tek4662.C:42:21:[m[K [01;36m[Knote: [m[Kreferenced argument declared here
[52.386s]    42 | const unsigned char [01;36m[KGIN[m[K[] = { ESC, DEVICE, 'M' };
[52.386s]       |                     [01;36m[K^~~[m[K
[52.386s] [01m[K/home/rob/praktikum_ws/src/vrpn-release/vrpn_Poser_Tek4662.C:341:54:[m[K [01;35m[Kwarning: [m[K‘[01m[Kstrlen[m[K’ argument missing terminating nul [[01;35m[K-Wstringop-overflow=[m[K]
[52.386s]   341 |       vrpn_write_characters(d_serial_fd, GIN, strlen([01;35m[K(const char*)GIN[m[K) );
[52.386s]       |                                                      [01;35m[K^~~~~~~~~~~~~~~~[m[K
[52.387s] [01m[K/home/rob/praktikum_ws/src/vrpn-release/vrpn_Poser_Tek4662.C:42:21:[m[K [01;36m[Knote: [m[Kreferenced argument declared here
[52.387s]    42 | const unsigned char [01;36m[KGIN[m[K[] = { ESC, DEVICE, 'M' };
[52.387s]       |                     [01;36m[K^~~[m[K
[52.394s] [01m[K/home/rob/praktikum_ws/src/vrpn-release/vrpn_Poser_Tek4662.C:[m[K In member function ‘[01m[Kvoid vrpn_Poser_Tek4662::reset()[m[K’:
[52.395s] [01m[K/home/rob/praktikum_ws/src/vrpn-release/vrpn_Poser_Tek4662.C:180:64:[m[K [01;35m[Kwarning: [m[K‘[01m[Kstrlen[m[K’ argument missing terminating nul [[01;35m[K-Wstringop-overflow=[m[K]
[52.395s]   180 |   vrpn_write_characters( d_serial_fd, GIN, strlen((const char*)[01;35m[KGIN[m[K) );
[52.395s]       |                                                                [01;35m[K^~~[m[K
[52.395s] [01m[K/home/rob/praktikum_ws/src/vrpn-release/vrpn_Poser_Tek4662.C:42:21:[m[K [01;36m[Knote: [m[Kreferenced argument declared here
[52.395s]    42 | const unsigned char [01;36m[KGIN[m[K[] = { ESC, DEVICE, 'M' };
[52.395s]       |                     [01;36m[K^~~[m[K
[52.396s] [01m[K/home/rob/praktikum_ws/src/vrpn-release/vrpn_Poser_Tek4662.C:[m[K In member function ‘[01m[Kvoid vrpn_Poser_Tek4662::run()[m[K’:
[52.397s] [01m[K/home/rob/praktikum_ws/src/vrpn-release/vrpn_Poser_Tek4662.C:256:65:[m[K [01;35m[Kwarning: [m[K‘[01m[Kstrlen[m[K’ argument missing terminating nul [[01;35m[K-Wstringop-overflow=[m[K]
[52.397s]   256 |     vrpn_write_characters(d_serial_fd, GIN, strlen((const char*)[01;35m[KGIN[m[K) );
[52.397s]       |                                                                 [01;35m[K^~~[m[K
[52.397s] [01m[K/home/rob/praktikum_ws/src/vrpn-release/vrpn_Poser_Tek4662.C:42:21:[m[K [01;36m[Knote: [m[Kreferenced argument declared here
[52.397s]    42 | const unsigned char [01;36m[KGIN[m[K[] = { ESC, DEVICE, 'M' };
[52.398s]       |                     [01;36m[K^~~[m[K
[52.398s] [01m[K/home/rob/praktikum_ws/src/vrpn-release/vrpn_Poser_Tek4662.C:341:67:[m[K [01;35m[Kwarning: [m[K‘[01m[Kstrlen[m[K’ argument missing terminating nul [[01;35m[K-Wstringop-overflow=[m[K]
[52.399s]   341 |       vrpn_write_characters(d_serial_fd, GIN, strlen((const char*)[01;35m[KGIN[m[K) );
[52.399s]       |                                                                   [01;35m[K^~~[m[K
[52.399s] [01m[K/home/rob/praktikum_ws/src/vrpn-release/vrpn_Poser_Tek4662.C:42:21:[m[K [01;36m[Knote: [m[Kreferenced argument declared here
[52.399s]    42 | const unsigned char [01;36m[KGIN[m[K[] = { ESC, DEVICE, 'M' };
[52.399s]       |                     [01;36m[K^~~[m[K
[52.604s] [ 61%] [32mBuilding CXX object CMakeFiles/vrpnserver.dir/vrpn_raw_sgibox.C.o[0m
[52.916s] [ 62%] [32mBuilding CXX object CMakeFiles/vrpnserver.dir/vrpn_Retrolink.C.o[0m
[53.411s] [ 62%] [32mBuilding CXX object CMakeFiles/vrpnserver.dir/vrpn_Saitek_Controller_Raw.C.o[0m
[53.845s] [ 63%] [32mBuilding CXX object CMakeFiles/vrpnserver.dir/vrpn_sgibox.C.o[0m
[53.867s] [ 63%] [32mBuilding CXX object CMakeFiles/vrpnserver.dir/vrpn_Spaceball.C.o[0m
[54.181s] [ 64%] [32mBuilding CXX object CMakeFiles/vrpnserver.dir/vrpn_Streaming_Arduino.C.o[0m
[54.941s] [ 64%] [32mBuilding CXX object CMakeFiles/vrpnserver.dir/vrpn_Tng3.C.o[0m
[55.278s] [ 65%] [32mBuilding CXX object CMakeFiles/vrpnserver.dir/vrpn_Tracker_3DMouse.C.o[0m
[55.644s] [ 65%] [32mBuilding CXX object CMakeFiles/vrpnserver.dir/vrpn_Tracker_AnalogFly.C.o[0m
[56.157s] [ 66%] [32mBuilding CXX object CMakeFiles/vrpnserver.dir/vrpn_Tracker_ButtonFly.C.o[0m
[56.655s] [ 66%] [32mBuilding CXX object CMakeFiles/vrpnserver.dir/vrpn_Tracker_Crossbow.C.o[0m
[57.015s] [ 66%] [32mBuilding CXX object CMakeFiles/vrpnserver.dir/vrpn_Tracker_DTrack.C.o[0m
[58.105s] [ 67%] [32mBuilding CXX object CMakeFiles/vrpnserver.dir/vrpn_Tracker_Fastrak.C.o[0m
[58.559s] [ 67%] [32mBuilding CXX object CMakeFiles/vrpnserver.dir/vrpn_Tracker_Filter.C.o[0m
[59.613s] [ 68%] [32mBuilding CXX object CMakeFiles/vrpnserver.dir/vrpn_Tracker_GameTrak.C.o[0m
[59.891s] [ 68%] [32mBuilding CXX object CMakeFiles/vrpnserver.dir/vrpn_Tracker_GPS.C.o[0m
[60.303s] [ 69%] [32mBuilding CXX object CMakeFiles/vrpnserver.dir/vrpn_Tracker_IMU.C.o[0m
[60.999s] [ 69%] [32mBuilding CXX object CMakeFiles/vrpnserver.dir/vrpn_Tracker_isense.C.o[0m
[61.020s] [ 70%] [32mBuilding CXX object CMakeFiles/vrpnserver.dir/vrpn_Tracker_Isotrak.C.o[0m
[61.389s] [ 70%] [32mBuilding CXX object CMakeFiles/vrpnserver.dir/vrpn_Tracker_JsonNet.C.o[0m
[62.231s] [ 71%] [32mBuilding CXX object CMakeFiles/vrpnserver.dir/vrpn_Tracker_Liberty.C.o[0m
[62.715s] [ 71%] [32mBuilding CXX object CMakeFiles/vrpnserver.dir/vrpn_Tracker_MotionNode.C.o[0m
[62.898s] [ 72%] [32mBuilding CXX object CMakeFiles/vrpnserver.dir/vrpn_Tracker_NDI_Polaris.C.o[0m
[63.230s] [ 72%] [32mBuilding CXX object CMakeFiles/vrpnserver.dir/vrpn_Tracker_NovintFalcon.C.o[0m
[63.253s] [ 72%] [32mBuilding CXX object CMakeFiles/vrpnserver.dir/vrpn_Tracker_OSVRHackerDevKit.C.o[0m
[64.182s] [ 73%] [32mBuilding CXX object CMakeFiles/vrpnserver.dir/vrpn_Tracker_PDI.C.o[0m
[64.352s] [ 73%] [32mBuilding CXX object CMakeFiles/vrpnserver.dir/vrpn_Tracker_PhaseSpace.C.o[0m
[64.866s] [ 74%] [32mBuilding CXX object CMakeFiles/vrpnserver.dir/vrpn_Tracker_RazerHydra.C.o[0m
[66.150s] [ 74%] [32mBuilding CXX object CMakeFiles/vrpnserver.dir/vrpn_Tracker_ThalmicLabsMyo.C.o[0m
[66.172s] [ 75%] [32mBuilding CXX object CMakeFiles/vrpnserver.dir/vrpn_Tracker_SpacePoint.C.o[0m
[66.825s] [ 75%] [32mBuilding CXX object CMakeFiles/vrpnserver.dir/vrpn_Tracker_Wintracker.C.o[0m
[67.418s] [ 76%] [32mBuilding CXX object CMakeFiles/vrpnserver.dir/vrpn_Tracker_Colibri.C.o[0m
[67.494s] [ 76%] [32mBuilding CXX object CMakeFiles/vrpnserver.dir/vrpn_Tracker_TrivisioColibri.C.o[0m
[67.515s] [ 77%] [32mBuilding CXX object CMakeFiles/vrpnserver.dir/vrpn_Tracker_WiimoteHead.C.o[0m
[68.152s] [ 77%] [32mBuilding CXX object CMakeFiles/vrpnserver.dir/vrpn_Tracker_zSight.C.o[0m
[68.174s] [ 78%] [32mBuilding CXX object CMakeFiles/vrpnserver.dir/vrpn_Tracker_ViewPoint.C.o[0m
[68.195s] [ 78%] [32mBuilding CXX object CMakeFiles/vrpnserver.dir/vrpn_UNC_Joystick.C.o[0m
[68.439s] [ 78%] [32mBuilding CXX object CMakeFiles/vrpnserver.dir/vrpn_VPJoystick.C.o[0m
[68.647s] [ 79%] [32mBuilding CXX object CMakeFiles/vrpnserver.dir/vrpn_Wanda.C.o[0m
[68.979s] [ 79%] [32mBuilding CXX object CMakeFiles/vrpnserver.dir/vrpn_WiiMote.C.o[0m
[69.000s] [ 80%] [32mBuilding CXX object CMakeFiles/vrpnserver.dir/vrpn_XInputGamepad.C.o[0m
[69.022s] [ 80%] [32mBuilding CXX object CMakeFiles/vrpnserver.dir/vrpn_Xkeys.C.o[0m
[70.287s] [ 81%] [32mBuilding CXX object CMakeFiles/vrpnserver.dir/vrpn_Tracker_LibertyHS.C.o[0m
[70.470s] [ 81%] [32mBuilding CXX object CMakeFiles/vrpnserver.dir/vrpn_YEI_3Space.C.o[0m
[71.135s] [ 82%] [32mBuilding CXX object CMakeFiles/vrpnserver.dir/vrpn_Zaber.C.o[0m
[71.475s] [ 82%] [32mBuilding CXX object CMakeFiles/vrpnserver.dir/server_src/vrpn_Generic_server_object.C.o[0m
[77.996s] [ 83%] [32mBuilding C object CMakeFiles/vrpnserver.dir/submodules/hidapi/linux/hid.c.o[0m
[78.187s] [ 83%] [32mBuilding CXX object CMakeFiles/vrpnserver.dir/submodules/jsoncpp/src/lib_json/json_reader.cpp.o[0m
[79.921s] [ 84%] [32mBuilding CXX object CMakeFiles/vrpnserver.dir/submodules/jsoncpp/src/lib_json/json_value.cpp.o[0m
[81.612s] [ 84%] [32mBuilding CXX object CMakeFiles/vrpnserver.dir/submodules/jsoncpp/src/lib_json/json_writer.cpp.o[0m
[83.142s] [ 85%] [32m[1mLinking CXX static library libvrpnserver.a[0m
[83.402s] [ 85%] Built target vrpnserver
[83.415s] [35m[1mScanning dependencies of target c_interface_example[0m
[83.434s] [ 85%] [32mBuilding C object client_src/CMakeFiles/c_interface_example.dir/c_interface_example.c.o[0m
[83.486s] [ 85%] [32mBuilding CXX object client_src/CMakeFiles/c_interface_example.dir/c_interface.cpp.o[0m
[83.676s] [ 86%] [32m[1mLinking CXX executable c_interface_example[0m
[83.782s] [ 86%] Built target c_interface_example
[83.792s] [35m[1mScanning dependencies of target run_auxiliary_logger[0m
[83.804s] [ 86%] [32mBuilding CXX object client_src/CMakeFiles/run_auxiliary_logger.dir/run_auxiliary_logger.C.o[0m
[84.026s] [ 86%] [32m[1mLinking CXX executable run_auxiliary_logger[0m
[84.130s] [ 86%] Built target run_auxiliary_logger
[84.140s] [35m[1mScanning dependencies of target vrpn_print_devices[0m
[84.156s] [ 87%] [32mBuilding CXX object client_src/CMakeFiles/vrpn_print_devices.dir/vrpn_print_devices.C.o[0m
[84.526s] [ 87%] [32m[1mLinking CXX executable vrpn_print_devices[0m
[84.643s] [ 87%] Built target vrpn_print_devices
[84.653s] [35m[1mScanning dependencies of target vrpn_print_performance[0m
[84.667s] [ 88%] [32mBuilding CXX object client_src/CMakeFiles/vrpn_print_performance.dir/vrpn_print_performance.C.o[0m
[85.097s] [ 88%] [32m[1mLinking CXX executable vrpn_print_performance[0m
[85.217s] [ 88%] Built target vrpn_print_performance
[85.228s] [35m[1mScanning dependencies of target vrpn_print_messages[0m
[85.244s] [ 89%] [32mBuilding CXX object client_src/CMakeFiles/vrpn_print_messages.dir/vrpn_print_messages.C.o[0m
[85.421s] [ 89%] [32m[1mLinking CXX executable vrpn_print_messages[0m
[85.537s] [ 89%] Built target vrpn_print_messages
[85.554s] [35m[1mScanning dependencies of target vrpn_average_analogs[0m
[85.570s] [ 89%] [32mBuilding CXX object client_src/CMakeFiles/vrpn_average_analogs.dir/vrpn_average_analogs.C.o[0m
[85.873s] [ 89%] [32m[1mLinking CXX executable vrpn_average_analogs[0m
[85.985s] [ 89%] Built target vrpn_average_analogs
[85.996s] [35m[1mScanning dependencies of target vrpn_timecode_generator[0m
[86.010s] [ 90%] [32mBuilding CXX object server_src/timecode_generator_server/CMakeFiles/vrpn_timecode_generator.dir/vrpn_timecode_generator.cpp.o[0m
[86.032s] [ 90%] [32m[1mLinking CXX static library libvrpn_timecode_generator.a[0m
[86.063s] [ 90%] Built target vrpn_timecode_generator
[86.073s] [35m[1mScanning dependencies of target vrpn_server[0m
[86.087s] [ 91%] [32mBuilding CXX object server_src/CMakeFiles/vrpn_server.dir/vrpn.C.o[0m
[86.589s] [ 91%] [32m[1mLinking CXX executable vrpn_server[0m
[86.997s] [ 91%] Built target vrpn_server
[87.007s] [35m[1mScanning dependencies of target vrpn_streamPrint[0m
[87.020s] [ 92%] [32mBuilding CXX object util/printStream/CMakeFiles/vrpn_streamPrint.dir/vrpn_streamPrint.cpp.o[0m
[87.225s] [ 92%] [32m[1mLinking CXX executable vrpn_streamPrint[0m
[87.319s] [ 92%] Built target vrpn_streamPrint
[87.329s] [35m[1mScanning dependencies of target vrpn-python[0m
[87.394s] [ 92%] [32mBuilding CXX object python/CMakeFiles/vrpn-python.dir/Base.cpp.o[0m
[87.904s] [ 93%] [32mBuilding CXX object python/CMakeFiles/vrpn-python.dir/Connection.cpp.o[0m
[88.365s] [ 93%] [32mBuilding CXX object python/CMakeFiles/vrpn-python.dir/Device.cpp.o[0m
[89.032s] [ 94%] [32mBuilding CXX object python/CMakeFiles/vrpn-python.dir/callback.cpp.o[0m
[89.741s] [ 94%] [32mBuilding CXX object python/CMakeFiles/vrpn-python.dir/interface.cpp.o[0m
[90.229s] [ 95%] [32mBuilding CXX object python/CMakeFiles/vrpn-python.dir/quaternion/quaternion.cpp.o[0m
[90.639s] [ 95%] [32mBuilding CXX object python/CMakeFiles/vrpn-python.dir/receiver/Analog.cpp.o[0m
[91.270s] [ 96%] [32mBuilding CXX object python/CMakeFiles/vrpn-python.dir/receiver/Button.cpp.o[0m
[91.921s] [ 96%] [32mBuilding CXX object python/CMakeFiles/vrpn-python.dir/receiver/Dial.cpp.o[0m
[92.555s] [ 97%] [32mBuilding CXX object python/CMakeFiles/vrpn-python.dir/receiver/Text_Receiver.cpp.o[0m
[93.198s] [ 97%] [32mBuilding CXX object python/CMakeFiles/vrpn-python.dir/receiver/Tracker.cpp.o[0m
[94.208s] [ 97%] [32mBuilding CXX object python/CMakeFiles/vrpn-python.dir/receiver/receiver.cpp.o[0m
[95.412s] [ 98%] [32mBuilding CXX object python/CMakeFiles/vrpn-python.dir/sender/Poser.cpp.o[0m
[96.251s] [ 98%] [32mBuilding CXX object python/CMakeFiles/vrpn-python.dir/sender/Text_Sender.cpp.o[0m
[96.855s] [ 99%] [32mBuilding CXX object python/CMakeFiles/vrpn-python.dir/sender/sender.cpp.o[0m
[97.630s] [ 99%] [32mBuilding CXX object python/CMakeFiles/vrpn-python.dir/tools.cpp.o[0m
[98.049s] [100%] [32m[1mLinking CXX shared module vrpn.so[0m
[98.251s] [100%] Built target vrpn-python
[98.265s] Invoked command in '/home/rob/praktikum_ws/build/vrpn' returned '0': CMAKE_PREFIX_PATH=${CMAKE_PREFIX_PATH}:/home/rob/praktikum_ws/install/rob_praktikum:/opt/ros/galactic /usr/bin/cmake --build /home/rob/praktikum_ws/build/vrpn -- -j1 -l1
[98.570s] Invoking command in '/home/rob/praktikum_ws/build/vrpn': CMAKE_PREFIX_PATH=${CMAKE_PREFIX_PATH}:/home/rob/praktikum_ws/install/rob_praktikum:/opt/ros/galactic /usr/bin/cmake --install /home/rob/praktikum_ws/build/vrpn
[98.581s] -- Install configuration: "RelWithDebInfo"
[98.581s] -- Installing: /home/rob/praktikum_ws/install/vrpn/lib/libvrpnserver.a
[98.613s] -- Installing: /home/rob/praktikum_ws/install/vrpn/include/vrpn_Configure.h
[98.613s] -- Installing: /home/rob/praktikum_ws/install/vrpn/include/vrpn_Analog.h
[98.613s] -- Installing: /home/rob/praktikum_ws/install/vrpn/include/vrpn_Analog_Output.h
[98.614s] -- Installing: /home/rob/praktikum_ws/install/vrpn/include/vrpn_Assert.h
[98.614s] -- Installing: /home/rob/praktikum_ws/install/vrpn/include/vrpn_Auxiliary_Logger.h
[98.614s] -- Installing: /home/rob/praktikum_ws/install/vrpn/include/vrpn_BaseClass.h
[98.614s] -- Installing: /home/rob/praktikum_ws/install/vrpn/include/vrpn_Button.h
[98.615s] -- Installing: /home/rob/praktikum_ws/install/vrpn/include/vrpn_Connection.h
[98.615s] -- Installing: /home/rob/praktikum_ws/install/vrpn/include/vrpn_ConnectionPtr.h
[98.615s] -- Installing: /home/rob/praktikum_ws/install/vrpn/include/vrpn_Dial.h
[98.615s] -- Installing: /home/rob/praktikum_ws/install/vrpn/include/vrpn_EndpointContainer.h
[98.616s] -- Installing: /home/rob/praktikum_ws/install/vrpn/include/vrpn_FileConnection.h
[98.616s] -- Installing: /home/rob/praktikum_ws/install/vrpn/include/vrpn_FileController.h
[98.616s] -- Installing: /home/rob/praktikum_ws/install/vrpn/include/vrpn_ForceDevice.h
[98.616s] -- Installing: /home/rob/praktikum_ws/install/vrpn/include/vrpn_ForwarderController.h
[98.617s] -- Installing: /home/rob/praktikum_ws/install/vrpn/include/vrpn_Forwarder.h
[98.617s] -- Installing: /home/rob/praktikum_ws/install/vrpn/include/vrpn_FunctionGenerator.h
[98.617s] -- Installing: /home/rob/praktikum_ws/install/vrpn/include/vrpn_Imager.h
[98.618s] -- Installing: /home/rob/praktikum_ws/install/vrpn/include/vrpn_LamportClock.h
[98.618s] -- Installing: /home/rob/praktikum_ws/install/vrpn/include/vrpn_Log.h
[98.618s] -- Installing: /home/rob/praktikum_ws/install/vrpn/include/vrpn_MainloopContainer.h
[98.618s] -- Installing: /home/rob/praktikum_ws/install/vrpn/include/vrpn_MainloopObject.h
[98.618s] -- Installing: /home/rob/praktikum_ws/install/vrpn/include/vrpn_Mutex.h
[98.619s] -- Installing: /home/rob/praktikum_ws/install/vrpn/include/vrpn_OwningPtr.h
[98.619s] -- Installing: /home/rob/praktikum_ws/install/vrpn/include/vrpn_RedundantTransmission.h
[98.619s] -- Installing: /home/rob/praktikum_ws/install/vrpn/include/vrpn_SendTextMessageStreamProxy.h
[98.619s] -- Installing: /home/rob/praktikum_ws/install/vrpn/include/vrpn_Serial.h
[98.620s] -- Installing: /home/rob/praktikum_ws/install/vrpn/include/vrpn_SerialPort.h
[98.620s] -- Installing: /home/rob/praktikum_ws/install/vrpn/include/vrpn_Shared.h
[98.620s] -- Installing: /home/rob/praktikum_ws/install/vrpn/include/vrpn_SharedObject.h
[98.621s] -- Installing: /home/rob/praktikum_ws/install/vrpn/include/vrpn_Sound.h
[98.621s] -- Installing: /home/rob/praktikum_ws/install/vrpn/include/vrpn_Text.h
[98.621s] -- Installing: /home/rob/praktikum_ws/install/vrpn/include/vrpn_Thread.h
[98.621s] -- Installing: /home/rob/praktikum_ws/install/vrpn/include/vrpn_Tracker.h
[98.622s] -- Installing: /home/rob/praktikum_ws/install/vrpn/include/vrpn_Types.h
[98.622s] -- Installing: /home/rob/praktikum_ws/install/vrpn/include/vrpn_WindowsH.h
[98.622s] -- Installing: /home/rob/praktikum_ws/install/vrpn/include/vrpn_3DConnexion.h
[98.622s] -- Installing: /home/rob/praktikum_ws/install/vrpn/include/vrpn_3DMicroscribe.h
[98.623s] -- Installing: /home/rob/praktikum_ws/install/vrpn/include/vrpn_3Space.h
[98.623s] -- Installing: /home/rob/praktikum_ws/install/vrpn/include/vrpn_5DT16.h
[98.623s] -- Installing: /home/rob/praktikum_ws/install/vrpn/include/vrpn_Adafruit.h
[98.623s] -- Installing: /home/rob/praktikum_ws/install/vrpn/include/vrpn_ADBox.h
[98.624s] -- Installing: /home/rob/praktikum_ws/install/vrpn/include/vrpn_Analog_5dt.h
[98.624s] -- Installing: /home/rob/praktikum_ws/install/vrpn/include/vrpn_Analog_5dtUSB.h
[98.624s] -- Installing: /home/rob/praktikum_ws/install/vrpn/include/vrpn_Analog_Radamec_SPI.h
[98.624s] -- Installing: /home/rob/praktikum_ws/install/vrpn/include/vrpn_Analog_USDigital_A2.h
[98.625s] -- Installing: /home/rob/praktikum_ws/install/vrpn/include/vrpn_Atmel.h
[98.625s] -- Installing: /home/rob/praktikum_ws/install/vrpn/include/vrpn_BiosciencesTools.h
[98.625s] -- Installing: /home/rob/praktikum_ws/install/vrpn/include/vrpn_Button_NI_DIO24.h
[98.626s] -- Installing: /home/rob/praktikum_ws/install/vrpn/include/vrpn_Button_USB.h
[98.626s] -- Installing: /home/rob/praktikum_ws/install/vrpn/include/vrpn_CerealBox.h
[98.626s] -- Installing: /home/rob/praktikum_ws/install/vrpn/include/vrpn_CHProducts_Controller_Raw.h
[98.626s] -- Installing: /home/rob/praktikum_ws/install/vrpn/include/vrpn_Contour.h
[98.627s] -- Installing: /home/rob/praktikum_ws/install/vrpn/include/vrpn_DevInput.h
[98.627s] -- Installing: /home/rob/praktikum_ws/install/vrpn/include/vrpn_DirectXFFJoystick.h
[98.627s] -- Installing: /home/rob/praktikum_ws/install/vrpn/include/vrpn_DirectXRumblePad.h
[98.627s] -- Installing: /home/rob/praktikum_ws/install/vrpn/include/vrpn_DreamCheeky.h
[98.628s] -- Installing: /home/rob/praktikum_ws/install/vrpn/include/vrpn_Dyna.h
[98.628s] -- Installing: /home/rob/praktikum_ws/install/vrpn/include/vrpn_Event_Analog.h
[98.628s] -- Installing: /home/rob/praktikum_ws/install/vrpn/include/vrpn_Event.h
[98.628s] -- Installing: /home/rob/praktikum_ws/install/vrpn/include/vrpn_Event_Mouse.h
[98.629s] -- Installing: /home/rob/praktikum_ws/install/vrpn/include/vrpn_Flock.h
[98.629s] -- Installing: /home/rob/praktikum_ws/install/vrpn/include/vrpn_Flock_Parallel.h
[98.629s] -- Installing: /home/rob/praktikum_ws/install/vrpn/include/vrpn_ForceDeviceServer.h
[98.629s] -- Installing: /home/rob/praktikum_ws/install/vrpn/include/vrpn_Freespace.h
[98.630s] -- Up-to-date: /home/rob/praktikum_ws/install/vrpn/include/vrpn_FunctionGenerator.h
[98.630s] -- Installing: /home/rob/praktikum_ws/install/vrpn/include/vrpn_Futaba.h
[98.630s] -- Installing: /home/rob/praktikum_ws/install/vrpn/include/vrpn_GlobalHapticsOrb.h
[98.630s] -- Installing: /home/rob/praktikum_ws/install/vrpn/include/vrpn_Griffin.h
[98.631s] -- Installing: /home/rob/praktikum_ws/install/vrpn/include/vrpn_HashST.h
[98.631s] -- Installing: /home/rob/praktikum_ws/install/vrpn/include/vrpn_HumanInterface.h
[98.631s] -- Installing: /home/rob/praktikum_ws/install/vrpn/include/vrpn_IDEA.h
[98.631s] -- Installing: /home/rob/praktikum_ws/install/vrpn/include/vrpn_Imager_Stream_Buffer.h
[98.632s] -- Installing: /home/rob/praktikum_ws/install/vrpn/include/vrpn_ImmersionBox.h
[98.632s] -- Installing: /home/rob/praktikum_ws/install/vrpn/include/vrpn_inertiamouse.h
[98.632s] -- Installing: /home/rob/praktikum_ws/install/vrpn/include/vrpn_JoyFly.h
[98.632s] -- Installing: /home/rob/praktikum_ws/install/vrpn/include/vrpn_Joylin.h
[98.633s] -- Installing: /home/rob/praktikum_ws/install/vrpn/include/vrpn_Joywin32.h
[98.633s] -- Installing: /home/rob/praktikum_ws/install/vrpn/include/vrpn_Keyboard.h
[98.633s] -- Installing: /home/rob/praktikum_ws/install/vrpn/include/vrpn_Logitech_Controller_Raw.h
[98.633s] -- Installing: /home/rob/praktikum_ws/install/vrpn/include/vrpn_Laputa.h
[98.634s] -- Installing: /home/rob/praktikum_ws/install/vrpn/include/vrpn_LUDL.h
[98.634s] -- Installing: /home/rob/praktikum_ws/install/vrpn/include/vrpn_Magellan.h
[98.634s] -- Installing: /home/rob/praktikum_ws/install/vrpn/include/vrpn_MessageMacros.h
[98.634s] -- Installing: /home/rob/praktikum_ws/install/vrpn/include/vrpn_Microsoft_Controller_Raw.h
[98.635s] -- Installing: /home/rob/praktikum_ws/install/vrpn/include/vrpn_Mouse.h
[98.635s] -- Installing: /home/rob/praktikum_ws/install/vrpn/include/vrpn_NationalInstruments.h
[98.635s] -- Installing: /home/rob/praktikum_ws/install/vrpn/include/vrpn_Nidaq.h
[98.635s] -- Installing: /home/rob/praktikum_ws/install/vrpn/include/vrpn_nikon_controls.h
[98.636s] -- Installing: /home/rob/praktikum_ws/install/vrpn/include/vrpn_nVidia_shield_controller.h
[98.636s] -- Installing: /home/rob/praktikum_ws/install/vrpn/include/vrpn_Oculus.h
[98.636s] -- Installing: /home/rob/praktikum_ws/install/vrpn/include/vrpn_OmegaTemperature.h
[98.636s] -- Installing: /home/rob/praktikum_ws/install/vrpn/include/vrpn_OneEuroFilter.h
[98.637s] -- Installing: /home/rob/praktikum_ws/install/vrpn/include/vrpn_OzzMaker.h
[98.637s] -- Installing: /home/rob/praktikum_ws/install/vrpn/include/vrpn_Poser_Analog.h
[98.637s] -- Installing: /home/rob/praktikum_ws/install/vrpn/include/vrpn_Poser.h
[98.637s] -- Installing: /home/rob/praktikum_ws/install/vrpn/include/vrpn_Poser_Tek4662.h
[98.638s] -- Installing: /home/rob/praktikum_ws/install/vrpn/include/vrpn_raw_sgibox.h
[98.638s] -- Installing: /home/rob/praktikum_ws/install/vrpn/include/vrpn_Retrolink.h
[98.638s] -- Installing: /home/rob/praktikum_ws/install/vrpn/include/vrpn_Saitek_Controller_Raw.h
[98.638s] -- Installing: /home/rob/praktikum_ws/install/vrpn/include/vrpn_sgibox.h
[98.639s] -- Installing: /home/rob/praktikum_ws/install/vrpn/include/vrpn_Spaceball.h
[98.639s] -- Installing: /home/rob/praktikum_ws/install/vrpn/include/vrpn_Streaming_Arduino.h
[98.639s] -- Installing: /home/rob/praktikum_ws/install/vrpn/include/vrpn_Tng3.h
[98.639s] -- Installing: /home/rob/praktikum_ws/install/vrpn/include/vrpn_Tracker_3DMouse.h
[98.640s] -- Installing: /home/rob/praktikum_ws/install/vrpn/include/vrpn_Tracker_AnalogFly.h
[98.640s] -- Installing: /home/rob/praktikum_ws/install/vrpn/include/vrpn_Tracker_ButtonFly.h
[98.640s] -- Installing: /home/rob/praktikum_ws/install/vrpn/include/vrpn_Tracker_Crossbow.h
[98.640s] -- Installing: /home/rob/praktikum_ws/install/vrpn/include/vrpn_Tracker_DTrack.h
[98.641s] -- Installing: /home/rob/praktikum_ws/install/vrpn/include/vrpn_Tracker_Fastrak.h
[98.641s] -- Installing: /home/rob/praktikum_ws/install/vrpn/include/vrpn_Tracker_Filter.h
[98.642s] -- Installing: /home/rob/praktikum_ws/install/vrpn/include/vrpn_Tracker_GameTrak.h
[98.642s] -- Installing: /home/rob/praktikum_ws/install/vrpn/include/vrpn_Tracker_GPS.h
[98.643s] -- Installing: /home/rob/praktikum_ws/install/vrpn/include/vrpn_Tracker_IMU.h
[98.643s] -- Installing: /home/rob/praktikum_ws/install/vrpn/include/vrpn_Tracker_isense.h
[98.643s] -- Installing: /home/rob/praktikum_ws/install/vrpn/include/vrpn_Tracker_Isotrak.h
[98.643s] -- Installing: /home/rob/praktikum_ws/install/vrpn/include/vrpn_Tracker_JsonNet.h
[98.644s] -- Installing: /home/rob/praktikum_ws/install/vrpn/include/vrpn_Tracker_Liberty.h
[98.644s] -- Installing: /home/rob/praktikum_ws/install/vrpn/include/vrpn_Tracker_MotionNode.h
[98.644s] -- Installing: /home/rob/praktikum_ws/install/vrpn/include/vrpn_Tracker_NDI_Polaris.h
[98.644s] -- Installing: /home/rob/praktikum_ws/install/vrpn/include/vrpn_Tracker_NovintFalcon.h
[98.645s] -- Installing: /home/rob/praktikum_ws/install/vrpn/include/vrpn_Tracker_OSVRHackerDevKit.h
[98.645s] -- Installing: /home/rob/praktikum_ws/install/vrpn/include/vrpn_Tracker_PDI.h
[98.645s] -- Installing: /home/rob/praktikum_ws/install/vrpn/include/vrpn_Tracker_PhaseSpace.h
[98.645s] -- Installing: /home/rob/praktikum_ws/install/vrpn/include/vrpn_Tracker_RazerHydra.h
[98.646s] -- Installing: /home/rob/praktikum_ws/install/vrpn/include/vrpn_Tracker_ThalmicLabsMyo.h
[98.646s] -- Installing: /home/rob/praktikum_ws/install/vrpn/include/vrpn_Tracker_SpacePoint.h
[98.646s] -- Installing: /home/rob/praktikum_ws/install/vrpn/include/vrpn_Tracker_Wintracker.h
[98.646s] -- Installing: /home/rob/praktikum_ws/install/vrpn/include/vrpn_Tracker_Colibri.h
[98.647s] -- Installing: /home/rob/praktikum_ws/install/vrpn/include/vrpn_Tracker_TrivisioColibri.h
[98.647s] -- Installing: /home/rob/praktikum_ws/install/vrpn/include/vrpn_Tracker_WiimoteHead.h
[98.647s] -- Installing: /home/rob/praktikum_ws/install/vrpn/include/vrpn_Tracker_zSight.h
[98.647s] -- Installing: /home/rob/praktikum_ws/install/vrpn/include/vrpn_Tracker_ViewPoint.h
[98.648s] -- Installing: /home/rob/praktikum_ws/install/vrpn/include/vrpn_UNC_Joystick.h
[98.648s] -- Installing: /home/rob/praktikum_ws/install/vrpn/include/vrpn_VPJoystick.h
[98.648s] -- Installing: /home/rob/praktikum_ws/install/vrpn/include/vrpn_Wanda.h
[98.648s] -- Installing: /home/rob/praktikum_ws/install/vrpn/include/vrpn_WiiMote.h
[98.649s] -- Installing: /home/rob/praktikum_ws/install/vrpn/include/vrpn_XInputGamepad.h
[98.649s] -- Installing: /home/rob/praktikum_ws/install/vrpn/include/vrpn_Xkeys.h
[98.649s] -- Installing: /home/rob/praktikum_ws/install/vrpn/include/vrpn_Tracker_LibertyHS.h
[98.649s] -- Installing: /home/rob/praktikum_ws/install/vrpn/include/vrpn_YEI_3Space.h
[98.650s] -- Installing: /home/rob/praktikum_ws/install/vrpn/include/vrpn_Zaber.h
[98.650s] -- Installing: /home/rob/praktikum_ws/install/vrpn/include/vrpn_Generic_server_object.h
[98.650s] -- Installing: /home/rob/praktikum_ws/install/vrpn/share/vrpn/package.xml
[98.651s] -- Installing: /home/rob/praktikum_ws/install/vrpn/share/vrpn/cmake/VRPNConfig.cmake
[98.651s] -- Installing: /home/rob/praktikum_ws/install/vrpn/share/quatlib/cmake/quatlibConfig.cmake
[98.651s] -- Installing: /home/rob/praktikum_ws/install/vrpn/lib/libvrpn.a
[98.660s] -- Up-to-date: /home/rob/praktikum_ws/install/vrpn/include/vrpn_Configure.h
[98.660s] -- Up-to-date: /home/rob/praktikum_ws/install/vrpn/include/vrpn_Analog.h
[98.661s] -- Up-to-date: /home/rob/praktikum_ws/install/vrpn/include/vrpn_Analog_Output.h
[98.661s] -- Up-to-date: /home/rob/praktikum_ws/install/vrpn/include/vrpn_Assert.h
[98.661s] -- Up-to-date: /home/rob/praktikum_ws/install/vrpn/include/vrpn_Auxiliary_Logger.h
[98.661s] -- Up-to-date: /home/rob/praktikum_ws/install/vrpn/include/vrpn_BaseClass.h
[98.661s] -- Up-to-date: /home/rob/praktikum_ws/install/vrpn/include/vrpn_Button.h
[98.661s] -- Up-to-date: /home/rob/praktikum_ws/install/vrpn/include/vrpn_Connection.h
[98.662s] -- Up-to-date: /home/rob/praktikum_ws/install/vrpn/include/vrpn_ConnectionPtr.h
[98.662s] -- Up-to-date: /home/rob/praktikum_ws/install/vrpn/include/vrpn_Dial.h
[98.662s] -- Up-to-date: /home/rob/praktikum_ws/install/vrpn/include/vrpn_EndpointContainer.h
[98.662s] -- Up-to-date: /home/rob/praktikum_ws/install/vrpn/include/vrpn_FileConnection.h
[98.662s] -- Up-to-date: /home/rob/praktikum_ws/install/vrpn/include/vrpn_FileController.h
[98.662s] -- Up-to-date: /home/rob/praktikum_ws/install/vrpn/include/vrpn_ForceDevice.h
[98.663s] -- Up-to-date: /home/rob/praktikum_ws/install/vrpn/include/vrpn_ForwarderController.h
[98.663s] -- Up-to-date: /home/rob/praktikum_ws/install/vrpn/include/vrpn_Forwarder.h
[98.663s] -- Up-to-date: /home/rob/praktikum_ws/install/vrpn/include/vrpn_FunctionGenerator.h
[98.663s] -- Up-to-date: /home/rob/praktikum_ws/install/vrpn/include/vrpn_Imager.h
[98.663s] -- Up-to-date: /home/rob/praktikum_ws/install/vrpn/include/vrpn_LamportClock.h
[98.663s] -- Up-to-date: /home/rob/praktikum_ws/install/vrpn/include/vrpn_Log.h
[98.664s] -- Up-to-date: /home/rob/praktikum_ws/install/vrpn/include/vrpn_MainloopContainer.h
[98.664s] -- Up-to-date: /home/rob/praktikum_ws/install/vrpn/include/vrpn_MainloopObject.h
[98.664s] -- Up-to-date: /home/rob/praktikum_ws/install/vrpn/include/vrpn_Mutex.h
[98.664s] -- Up-to-date: /home/rob/praktikum_ws/install/vrpn/include/vrpn_OwningPtr.h
[98.664s] -- Up-to-date: /home/rob/praktikum_ws/install/vrpn/include/vrpn_RedundantTransmission.h
[98.664s] -- Up-to-date: /home/rob/praktikum_ws/install/vrpn/include/vrpn_SendTextMessageStreamProxy.h
[98.665s] -- Up-to-date: /home/rob/praktikum_ws/install/vrpn/include/vrpn_Serial.h
[98.665s] -- Up-to-date: /home/rob/praktikum_ws/install/vrpn/include/vrpn_SerialPort.h
[98.665s] -- Up-to-date: /home/rob/praktikum_ws/install/vrpn/include/vrpn_Shared.h
[98.665s] -- Up-to-date: /home/rob/praktikum_ws/install/vrpn/include/vrpn_SharedObject.h
[98.665s] -- Up-to-date: /home/rob/praktikum_ws/install/vrpn/include/vrpn_Sound.h
[98.665s] -- Up-to-date: /home/rob/praktikum_ws/install/vrpn/include/vrpn_Text.h
[98.665s] -- Up-to-date: /home/rob/praktikum_ws/install/vrpn/include/vrpn_Thread.h
[98.666s] -- Up-to-date: /home/rob/praktikum_ws/install/vrpn/include/vrpn_Tracker.h
[98.666s] -- Up-to-date: /home/rob/praktikum_ws/install/vrpn/include/vrpn_Types.h
[98.666s] -- Up-to-date: /home/rob/praktikum_ws/install/vrpn/include/vrpn_WindowsH.h
[98.666s] -- Installing: /home/rob/praktikum_ws/install/vrpn/lib/libquat.a
[98.667s] -- Installing: /home/rob/praktikum_ws/install/vrpn/include/quat.h
[98.667s] -- Up-to-date: /home/rob/praktikum_ws/install/vrpn/lib/libquat.a
[98.667s] -- Up-to-date: /home/rob/praktikum_ws/install/vrpn/include/quat.h
[98.668s] -- Installing: /home/rob/praktikum_ws/install/vrpn/lib/libvrpn_atmel.a
[98.668s] -- Installing: /home/rob/praktikum_ws/install/vrpn/include/vrpn_atmellib_errno.h
[98.669s] -- Installing: /home/rob/praktikum_ws/install/vrpn/include/vrpn_atmellib.h
[98.669s] -- Installing: /home/rob/praktikum_ws/install/vrpn/lib/libgpsnmea.a
[98.670s] -- Installing: /home/rob/praktikum_ws/install/vrpn/include/nmeaParser.h
[98.670s] -- Installing: /home/rob/praktikum_ws/install/vrpn/include/utmCoord.h
[98.671s] -- Installing: /home/rob/praktikum_ws/install/vrpn/include/latLonCoord.h
[98.671s] -- Installing: /home/rob/praktikum_ws/install/vrpn/bin/c_interface_example
[98.673s] -- Installing: /home/rob/praktikum_ws/install/vrpn/bin/vrpn_average_analogs
[98.674s] -- Installing: /home/rob/praktikum_ws/install/vrpn/bin/vrpn_print_devices
[98.676s] -- Installing: /home/rob/praktikum_ws/install/vrpn/bin/vrpn_print_performance
[98.678s] -- Installing: /home/rob/praktikum_ws/install/vrpn/bin/vrpn_print_messages
[98.679s] -- Installing: /home/rob/praktikum_ws/install/vrpn/bin/run_auxiliary_logger
[98.680s] -- Installing: /home/rob/praktikum_ws/install/vrpn/bin/vrpn_server
[98.692s] -- Installing: /home/rob/praktikum_ws/install/vrpn/etc/vrpn.cfg
[98.693s] -- Installing: /home/rob/praktikum_ws/install/vrpn/share/vrpn-07.34/vrpn.cfg.sample
[98.693s] -- Installing: /home/rob/praktikum_ws/install/vrpn/lib/libvrpn_timecode_generator.a
[98.694s] -- Installing: /home/rob/praktikum_ws/install/vrpn/include/vrpn_timecode_generator.h
[98.694s] -- Installing: /home/rob/praktikum_ws/install/vrpn/bin/vrpn_streamPrint
[98.696s] -- Installing: /home/rob/praktikum_ws/install/vrpn/lib/python3.8/dist-packages/vrpn.so
[98.704s] Invoked command in '/home/rob/praktikum_ws/build/vrpn' returned '0': CMAKE_PREFIX_PATH=${CMAKE_PREFIX_PATH}:/home/rob/praktikum_ws/install/rob_praktikum:/opt/ros/galactic /usr/bin/cmake --install /home/rob/praktikum_ws/build/vrpn
