[0.307s] DEBUG:colcon:Command line arguments: ['/usr/bin/colcon', 'build', '--packages-select', 'robprakt_interfaces']
[0.307s] DEBUG:colcon:Parsed command line arguments: Namespace(allow_overriding=[], ament_cmake_args=None, base_paths=['.'], build_base='build', catkin_cmake_args=None, catkin_skip_building_tests=False, cmake_args=None, cmake_clean_cache=False, cmake_clean_first=False, cmake_force_configure=False, cmake_target=None, cmake_target_skip_unavailable=False, continue_on_error=False, event_handlers=None, executor='parallel', ignore_user_meta=False, install_base='install', log_base=None, log_level=None, main=<bound method BuildVerb.main of <colcon_core.verb.build.BuildVerb object at 0x7f57d082c700>>, merge_install=False, metas=['./colcon.meta'], mixin=None, mixin_files=None, mixin_verb=('build',), packages_above=None, packages_above_and_dependencies=None, packages_above_depth=None, packages_end=None, packages_ignore=None, packages_ignore_regex=None, packages_select=['robprakt_interfaces'], packages_select_build_failed=False, packages_select_by_dep=None, packages_select_regex=None, packages_select_test_failures=False, packages_skip=None, packages_skip_build_finished=False, packages_skip_by_dep=None, packages_skip_regex=None, packages_skip_test_passed=False, packages_skip_up_to=None, packages_start=None, packages_up_to=None, packages_up_to_regex=None, parallel_workers=1, paths=None, symlink_install=False, test_result_base=None, verb_extension=<colcon_core.verb.build.BuildVerb object at 0x7f57d082c700>, verb_name='build', verb_parser=<colcon_mixin.mixin.mixin_argument.MixinArgumentDecorator object at 0x7f57d082cd60>)
[0.344s] Level 1:colcon.colcon_core.package_discovery:discover_packages(colcon_meta) check parameters
[0.345s] Level 1:colcon.colcon_core.package_discovery:discover_packages(recursive) check parameters
[0.345s] Level 1:colcon.colcon_core.package_discovery:discover_packages(ignore) check parameters
[0.345s] Level 1:colcon.colcon_core.package_discovery:discover_packages(path) check parameters
[0.345s] Level 1:colcon.colcon_core.package_discovery:discover_packages(colcon_meta) discover
[0.345s] Level 1:colcon.colcon_core.package_discovery:discover_packages(recursive) discover
[0.345s] INFO:colcon.colcon_core.package_discovery:Crawling recursively for packages in '/home/rob/praktikum_ws'
[0.345s] Level 1:colcon.colcon_core.package_identification:_identify(.) by extensions ['ignore', 'ignore_ament_install']
[0.345s] Level 1:colcon.colcon_core.package_identification:_identify(.) by extension 'ignore'
[0.345s] Level 1:colcon.colcon_core.package_identification:_identify(.) by extension 'ignore_ament_install'
[0.345s] Level 1:colcon.colcon_core.package_identification:_identify(.) by extensions ['colcon_pkg']
[0.345s] Level 1:colcon.colcon_core.package_identification:_identify(.) by extension 'colcon_pkg'
[0.345s] Level 1:colcon.colcon_core.package_identification:_identify(.) by extensions ['colcon_meta']
[0.345s] Level 1:colcon.colcon_core.package_identification:_identify(.) by extension 'colcon_meta'
[0.345s] Level 1:colcon.colcon_core.package_identification:_identify(.) by extensions ['ros']
[0.345s] Level 1:colcon.colcon_core.package_identification:_identify(.) by extension 'ros'
[0.370s] Level 1:colcon.colcon_core.package_identification:_identify(.) by extensions ['cmake', 'python']
[0.370s] Level 1:colcon.colcon_core.package_identification:_identify(.) by extension 'cmake'
[0.370s] Level 1:colcon.colcon_core.package_identification:_identify(.) by extension 'python'
[0.370s] Level 1:colcon.colcon_core.package_identification:_identify(.) by extensions ['python_setup_py']
[0.370s] Level 1:colcon.colcon_core.package_identification:_identify(.) by extension 'python_setup_py'
[0.371s] Level 1:colcon.colcon_core.package_identification:_identify(build) by extensions ['ignore', 'ignore_ament_install']
[0.371s] Level 1:colcon.colcon_core.package_identification:_identify(build) by extension 'ignore'
[0.371s] Level 1:colcon.colcon_core.package_identification:_identify(build) ignored
[0.371s] Level 1:colcon.colcon_core.package_identification:_identify(install) by extensions ['ignore', 'ignore_ament_install']
[0.371s] Level 1:colcon.colcon_core.package_identification:_identify(install) by extension 'ignore'
[0.371s] Level 1:colcon.colcon_core.package_identification:_identify(install) ignored
[0.371s] Level 1:colcon.colcon_core.package_identification:_identify(log) by extensions ['ignore', 'ignore_ament_install']
[0.371s] Level 1:colcon.colcon_core.package_identification:_identify(log) by extension 'ignore'
[0.371s] Level 1:colcon.colcon_core.package_identification:_identify(log) ignored
[0.372s] Level 1:colcon.colcon_core.package_identification:_identify(src) by extensions ['ignore', 'ignore_ament_install']
[0.372s] Level 1:colcon.colcon_core.package_identification:_identify(src) by extension 'ignore'
[0.372s] Level 1:colcon.colcon_core.package_identification:_identify(src) by extension 'ignore_ament_install'
[0.372s] Level 1:colcon.colcon_core.package_identification:_identify(src) by extensions ['colcon_pkg']
[0.372s] Level 1:colcon.colcon_core.package_identification:_identify(src) by extension 'colcon_pkg'
[0.372s] Level 1:colcon.colcon_core.package_identification:_identify(src) by extensions ['colcon_meta']
[0.372s] Level 1:colcon.colcon_core.package_identification:_identify(src) by extension 'colcon_meta'
[0.372s] Level 1:colcon.colcon_core.package_identification:_identify(src) by extensions ['ros']
[0.372s] Level 1:colcon.colcon_core.package_identification:_identify(src) by extension 'ros'
[0.372s] Level 1:colcon.colcon_core.package_identification:_identify(src) by extensions ['cmake', 'python']
[0.372s] Level 1:colcon.colcon_core.package_identification:_identify(src) by extension 'cmake'
[0.372s] Level 1:colcon.colcon_core.package_identification:_identify(src) by extension 'python'
[0.372s] Level 1:colcon.colcon_core.package_identification:_identify(src) by extensions ['python_setup_py']
[0.372s] Level 1:colcon.colcon_core.package_identification:_identify(src) by extension 'python_setup_py'
[0.373s] Level 1:colcon.colcon_core.package_identification:_identify(src/robprakt) by extensions ['ignore', 'ignore_ament_install']
[0.373s] Level 1:colcon.colcon_core.package_identification:_identify(src/robprakt) by extension 'ignore'
[0.373s] Level 1:colcon.colcon_core.package_identification:_identify(src/robprakt) by extension 'ignore_ament_install'
[0.373s] Level 1:colcon.colcon_core.package_identification:_identify(src/robprakt) by extensions ['colcon_pkg']
[0.373s] Level 1:colcon.colcon_core.package_identification:_identify(src/robprakt) by extension 'colcon_pkg'
[0.373s] Level 1:colcon.colcon_core.package_identification:_identify(src/robprakt) by extensions ['colcon_meta']
[0.373s] Level 1:colcon.colcon_core.package_identification:_identify(src/robprakt) by extension 'colcon_meta'
[0.373s] Level 1:colcon.colcon_core.package_identification:_identify(src/robprakt) by extensions ['ros']
[0.373s] Level 1:colcon.colcon_core.package_identification:_identify(src/robprakt) by extension 'ros'
[0.377s] DEBUG:colcon.colcon_core.package_identification:Package 'src/robprakt' with type 'ros.ament_python' and name 'robprakt'
[0.377s] Level 1:colcon.colcon_core.package_identification:_identify(src/robprakt_interfaces) by extensions ['ignore', 'ignore_ament_install']
[0.377s] Level 1:colcon.colcon_core.package_identification:_identify(src/robprakt_interfaces) by extension 'ignore'
[0.377s] Level 1:colcon.colcon_core.package_identification:_identify(src/robprakt_interfaces) by extension 'ignore_ament_install'
[0.377s] Level 1:colcon.colcon_core.package_identification:_identify(src/robprakt_interfaces) by extensions ['colcon_pkg']
[0.377s] Level 1:colcon.colcon_core.package_identification:_identify(src/robprakt_interfaces) by extension 'colcon_pkg'
[0.377s] Level 1:colcon.colcon_core.package_identification:_identify(src/robprakt_interfaces) by extensions ['colcon_meta']
[0.377s] Level 1:colcon.colcon_core.package_identification:_identify(src/robprakt_interfaces) by extension 'colcon_meta'
[0.377s] Level 1:colcon.colcon_core.package_identification:_identify(src/robprakt_interfaces) by extensions ['ros']
[0.377s] Level 1:colcon.colcon_core.package_identification:_identify(src/robprakt_interfaces) by extension 'ros'
[0.378s] DEBUG:colcon.colcon_core.package_identification:Package 'src/robprakt_interfaces' with type 'ros.ament_cmake' and name 'robprakt_interfaces'
[0.379s] Level 1:colcon.colcon_core.package_identification:_identify(src/vrpn-release) by extensions ['ignore', 'ignore_ament_install']
[0.379s] Level 1:colcon.colcon_core.package_identification:_identify(src/vrpn-release) by extension 'ignore'
[0.379s] Level 1:colcon.colcon_core.package_identification:_identify(src/vrpn-release) by extension 'ignore_ament_install'
[0.379s] Level 1:colcon.colcon_core.package_identification:_identify(src/vrpn-release) by extensions ['colcon_pkg']
[0.379s] Level 1:colcon.colcon_core.package_identification:_identify(src/vrpn-release) by extension 'colcon_pkg'
[0.379s] Level 1:colcon.colcon_core.package_identification:_identify(src/vrpn-release) by extensions ['colcon_meta']
[0.379s] Level 1:colcon.colcon_core.package_identification:_identify(src/vrpn-release) by extension 'colcon_meta'
[0.379s] Level 1:colcon.colcon_core.package_identification:_identify(src/vrpn-release) by extensions ['ros']
[0.379s] Level 1:colcon.colcon_core.package_identification:_identify(src/vrpn-release) by extension 'ros'
[0.380s] DEBUG:colcon.colcon_core.package_identification:Package 'src/vrpn-release' with type 'ros.cmake' and name 'vrpn'
[0.380s] Level 1:colcon.colcon_core.package_identification:_identify(src/vrpn_client_ros2) by extensions ['ignore', 'ignore_ament_install']
[0.380s] Level 1:colcon.colcon_core.package_identification:_identify(src/vrpn_client_ros2) by extension 'ignore'
[0.381s] Level 1:colcon.colcon_core.package_identification:_identify(src/vrpn_client_ros2) by extension 'ignore_ament_install'
[0.381s] Level 1:colcon.colcon_core.package_identification:_identify(src/vrpn_client_ros2) by extensions ['colcon_pkg']
[0.381s] Level 1:colcon.colcon_core.package_identification:_identify(src/vrpn_client_ros2) by extension 'colcon_pkg'
[0.381s] Level 1:colcon.colcon_core.package_identification:_identify(src/vrpn_client_ros2) by extensions ['colcon_meta']
[0.381s] Level 1:colcon.colcon_core.package_identification:_identify(src/vrpn_client_ros2) by extension 'colcon_meta'
[0.381s] Level 1:colcon.colcon_core.package_identification:_identify(src/vrpn_client_ros2) by extensions ['ros']
[0.381s] Level 1:colcon.colcon_core.package_identification:_identify(src/vrpn_client_ros2) by extension 'ros'
[0.382s] DEBUG:colcon.colcon_core.package_identification:Package 'src/vrpn_client_ros2' with type 'ros.ament_cmake' and name 'vrpn_client_ros'
[0.382s] Level 1:colcon.colcon_core.package_discovery:discover_packages(recursive) using defaults
[0.382s] Level 1:colcon.colcon_core.package_discovery:discover_packages(ignore) discover
[0.382s] Level 1:colcon.colcon_core.package_discovery:discover_packages(ignore) using defaults
[0.382s] Level 1:colcon.colcon_core.package_discovery:discover_packages(path) discover
[0.382s] Level 1:colcon.colcon_core.package_discovery:discover_packages(path) using defaults
[0.412s] INFO:colcon.colcon_core.package_selection:Skipping not selected package 'robprakt' in 'src/robprakt'
[0.412s] INFO:colcon.colcon_core.package_selection:Skipping not selected package 'vrpn' in 'src/vrpn-release'
[0.412s] INFO:colcon.colcon_core.package_selection:Skipping not selected package 'vrpn_client_ros' in 'src/vrpn_client_ros2'
[0.413s] Level 1:colcon.colcon_core.package_discovery:discover_packages(prefix_path) check parameters
[0.413s] Level 1:colcon.colcon_core.package_discovery:discover_packages(prefix_path) discover
[0.417s] DEBUG:colcon.colcon_installed_package_information.package_discovery:Found 4 installed packages in /home/rob/praktikum_ws/install
[0.421s] DEBUG:colcon.colcon_installed_package_information.package_discovery:Found 329 installed packages in /opt/ros/galactic
[0.425s] Level 1:colcon.colcon_core.package_discovery:discover_packages(prefix_path) using defaults
[0.566s] Level 5:colcon.colcon_core.verb:set package 'robprakt_interfaces' build argument 'cmake_args' from command line to 'None'
[0.567s] Level 5:colcon.colcon_core.verb:set package 'robprakt_interfaces' build argument 'cmake_target' from command line to 'None'
[0.567s] Level 5:colcon.colcon_core.verb:set package 'robprakt_interfaces' build argument 'cmake_target_skip_unavailable' from command line to 'False'
[0.567s] Level 5:colcon.colcon_core.verb:set package 'robprakt_interfaces' build argument 'cmake_clean_cache' from command line to 'False'
[0.567s] Level 5:colcon.colcon_core.verb:set package 'robprakt_interfaces' build argument 'cmake_clean_first' from command line to 'False'
[0.567s] Level 5:colcon.colcon_core.verb:set package 'robprakt_interfaces' build argument 'cmake_force_configure' from command line to 'False'
[0.567s] Level 5:colcon.colcon_core.verb:set package 'robprakt_interfaces' build argument 'ament_cmake_args' from command line to 'None'
[0.567s] Level 5:colcon.colcon_core.verb:set package 'robprakt_interfaces' build argument 'catkin_cmake_args' from command line to 'None'
[0.567s] Level 5:colcon.colcon_core.verb:set package 'robprakt_interfaces' build argument 'catkin_skip_building_tests' from command line to 'False'
[0.567s] DEBUG:colcon.colcon_core.verb:Building package 'robprakt_interfaces' with the following arguments: {'ament_cmake_args': None, 'build_base': '/home/rob/praktikum_ws/build/robprakt_interfaces', 'catkin_cmake_args': None, 'catkin_skip_building_tests': False, 'cmake_args': None, 'cmake_clean_cache': False, 'cmake_clean_first': False, 'cmake_force_configure': False, 'cmake_target': None, 'cmake_target_skip_unavailable': False, 'install_base': '/home/rob/praktikum_ws/install/robprakt_interfaces', 'merge_install': False, 'path': '/home/rob/praktikum_ws/src/robprakt_interfaces', 'symlink_install': False, 'test_result_base': None}
[0.568s] INFO:colcon.colcon_core.executor:Executing jobs using 'parallel' executor
[0.575s] DEBUG:colcon.colcon_parallel_executor.executor.parallel:run_until_complete
[0.575s] INFO:colcon.colcon_ros.task.ament_cmake.build:Building ROS package in '/home/rob/praktikum_ws/src/robprakt_interfaces' with build type 'ament_cmake'
[0.575s] INFO:colcon.colcon_cmake.task.cmake.build:Building CMake package in '/home/rob/praktikum_ws/src/robprakt_interfaces'
[0.580s] INFO:colcon.colcon_core.plugin_system:Skipping extension 'colcon_core.shell.bat': Not used on non-Windows systems
[0.581s] INFO:colcon.colcon_core.shell:Skip shell extension 'powershell' for command environment: Not usable outside of PowerShell
[0.581s] DEBUG:colcon.colcon_core.shell:Skip shell extension 'dsv' for command environment
[0.594s] DEBUG:colcon.colcon_core.event_handler.log_command:Invoking command in '/home/rob/praktikum_ws/build/robprakt_interfaces': CMAKE_PREFIX_PATH=${CMAKE_PREFIX_PATH}:/home/rob/praktikum_ws/install/robprakt:/opt/ros/galactic /usr/bin/cmake /home/rob/praktikum_ws/src/robprakt_interfaces -DCMAKE_INSTALL_PREFIX=/home/rob/praktikum_ws/install/robprakt_interfaces
[1.701s] DEBUG:colcon.colcon_core.event_handler.log_command:Invoked command in '/home/rob/praktikum_ws/build/robprakt_interfaces' returned '0': CMAKE_PREFIX_PATH=${CMAKE_PREFIX_PATH}:/home/rob/praktikum_ws/install/robprakt:/opt/ros/galactic /usr/bin/cmake /home/rob/praktikum_ws/src/robprakt_interfaces -DCMAKE_INSTALL_PREFIX=/home/rob/praktikum_ws/install/robprakt_interfaces
[1.701s] DEBUG:colcon.colcon_core.event_handler.log_command:Invoking command in '/home/rob/praktikum_ws/build/robprakt_interfaces': CMAKE_PREFIX_PATH=${CMAKE_PREFIX_PATH}:/home/rob/praktikum_ws/install/robprakt:/opt/ros/galactic /usr/bin/cmake --build /home/rob/praktikum_ws/build/robprakt_interfaces -- -j1 -l1
[9.713s] DEBUG:colcon.colcon_core.event_handler.log_command:Invoked command in '/home/rob/praktikum_ws/build/robprakt_interfaces' returned '0': CMAKE_PREFIX_PATH=${CMAKE_PREFIX_PATH}:/home/rob/praktikum_ws/install/robprakt:/opt/ros/galactic /usr/bin/cmake --build /home/rob/praktikum_ws/build/robprakt_interfaces -- -j1 -l1
[9.776s] DEBUG:colcon.colcon_core.event_handler.log_command:Invoking command in '/home/rob/praktikum_ws/build/robprakt_interfaces': CMAKE_PREFIX_PATH=${CMAKE_PREFIX_PATH}:/home/rob/praktikum_ws/install/robprakt:/opt/ros/galactic /usr/bin/cmake --install /home/rob/praktikum_ws/build/robprakt_interfaces
[9.893s] Level 1:colcon.colcon_core.environment:create_environment_scripts_only(robprakt_interfaces)
[9.900s] Level 1:colcon.colcon_core.environment:checking '/home/rob/praktikum_ws/install/robprakt_interfaces' for CMake module files
[9.901s] Level 1:colcon.colcon_core.environment:checking '/home/rob/praktikum_ws/install/robprakt_interfaces' for CMake config files
[9.902s] Level 1:colcon.colcon_core.shell:create_environment_hook('robprakt_interfaces', 'cmake_prefix_path')
[9.905s] INFO:colcon.colcon_core.shell:Creating environment hook '/home/rob/praktikum_ws/install/robprakt_interfaces/share/robprakt_interfaces/hook/cmake_prefix_path.ps1'
[9.905s] DEBUG:colcon.colcon_core.event_handler.log_command:Invoked command in '/home/rob/praktikum_ws/build/robprakt_interfaces' returned '0': CMAKE_PREFIX_PATH=${CMAKE_PREFIX_PATH}:/home/rob/praktikum_ws/install/robprakt:/opt/ros/galactic /usr/bin/cmake --install /home/rob/praktikum_ws/build/robprakt_interfaces
[9.906s] INFO:colcon.colcon_core.shell:Creating environment descriptor '/home/rob/praktikum_ws/install/robprakt_interfaces/share/robprakt_interfaces/hook/cmake_prefix_path.dsv'
[9.906s] INFO:colcon.colcon_core.shell:Creating environment hook '/home/rob/praktikum_ws/install/robprakt_interfaces/share/robprakt_interfaces/hook/cmake_prefix_path.sh'
[9.907s] Level 1:colcon.colcon_core.environment:checking '/home/rob/praktikum_ws/install/robprakt_interfaces/lib'
[9.908s] Level 1:colcon.colcon_core.shell:create_environment_hook('robprakt_interfaces', 'ld_library_path_lib')
[9.910s] INFO:colcon.colcon_core.shell:Creating environment hook '/home/rob/praktikum_ws/install/robprakt_interfaces/share/robprakt_interfaces/hook/ld_library_path_lib.ps1'
[9.910s] INFO:colcon.colcon_core.shell:Creating environment descriptor '/home/rob/praktikum_ws/install/robprakt_interfaces/share/robprakt_interfaces/hook/ld_library_path_lib.dsv'
[9.910s] INFO:colcon.colcon_core.shell:Creating environment hook '/home/rob/praktikum_ws/install/robprakt_interfaces/share/robprakt_interfaces/hook/ld_library_path_lib.sh'
[9.911s] Level 1:colcon.colcon_core.environment:checking '/home/rob/praktikum_ws/install/robprakt_interfaces/bin'
[9.911s] Level 1:colcon.colcon_core.environment:checking '/home/rob/praktikum_ws/install/robprakt_interfaces/lib/pkgconfig/robprakt_interfaces.pc'
[9.911s] Level 1:colcon.colcon_core.environment:checking '/home/rob/praktikum_ws/install/robprakt_interfaces/lib/python3.8/site-packages'
[9.911s] Level 1:colcon.colcon_core.shell:create_environment_hook('robprakt_interfaces', 'pythonpath')
[9.914s] INFO:colcon.colcon_core.shell:Creating environment hook '/home/rob/praktikum_ws/install/robprakt_interfaces/share/robprakt_interfaces/hook/pythonpath.ps1'
[9.914s] INFO:colcon.colcon_core.shell:Creating environment descriptor '/home/rob/praktikum_ws/install/robprakt_interfaces/share/robprakt_interfaces/hook/pythonpath.dsv'
[9.914s] INFO:colcon.colcon_core.shell:Creating environment hook '/home/rob/praktikum_ws/install/robprakt_interfaces/share/robprakt_interfaces/hook/pythonpath.sh'
[9.915s] Level 1:colcon.colcon_core.environment:checking '/home/rob/praktikum_ws/install/robprakt_interfaces/bin'
[9.918s] INFO:colcon.colcon_core.shell:Creating package script '/home/rob/praktikum_ws/install/robprakt_interfaces/share/robprakt_interfaces/package.ps1'
[9.921s] INFO:colcon.colcon_core.shell:Creating package descriptor '/home/rob/praktikum_ws/install/robprakt_interfaces/share/robprakt_interfaces/package.dsv'
[9.921s] INFO:colcon.colcon_core.shell:Creating package script '/home/rob/praktikum_ws/install/robprakt_interfaces/share/robprakt_interfaces/package.sh'
[9.923s] INFO:colcon.colcon_core.shell:Creating package script '/home/rob/praktikum_ws/install/robprakt_interfaces/share/robprakt_interfaces/package.bash'
[9.924s] INFO:colcon.colcon_core.shell:Creating package script '/home/rob/praktikum_ws/install/robprakt_interfaces/share/robprakt_interfaces/package.zsh'
[9.925s] Level 1:colcon.colcon_core.environment:create_file_with_runtime_dependencies(/home/rob/praktikum_ws/install/robprakt_interfaces/share/colcon-core/packages/robprakt_interfaces)
[9.978s] Level 1:colcon.colcon_core.environment:create_environment_scripts_only(robprakt_interfaces)
[9.982s] Level 1:colcon.colcon_core.environment:checking '/home/rob/praktikum_ws/install/robprakt_interfaces' for CMake module files
[9.983s] Level 1:colcon.colcon_core.environment:checking '/home/rob/praktikum_ws/install/robprakt_interfaces' for CMake config files
[9.984s] Level 1:colcon.colcon_core.shell:create_environment_hook('robprakt_interfaces', 'cmake_prefix_path')
[9.986s] INFO:colcon.colcon_core.shell:Creating environment hook '/home/rob/praktikum_ws/install/robprakt_interfaces/share/robprakt_interfaces/hook/cmake_prefix_path.ps1'
[9.987s] INFO:colcon.colcon_core.shell:Creating environment descriptor '/home/rob/praktikum_ws/install/robprakt_interfaces/share/robprakt_interfaces/hook/cmake_prefix_path.dsv'
[9.987s] INFO:colcon.colcon_core.shell:Creating environment hook '/home/rob/praktikum_ws/install/robprakt_interfaces/share/robprakt_interfaces/hook/cmake_prefix_path.sh'
[9.988s] Level 1:colcon.colcon_core.environment:checking '/home/rob/praktikum_ws/install/robprakt_interfaces/lib'
[9.988s] Level 1:colcon.colcon_core.shell:create_environment_hook('robprakt_interfaces', 'ld_library_path_lib')
[9.990s] INFO:colcon.colcon_core.shell:Creating environment hook '/home/rob/praktikum_ws/install/robprakt_interfaces/share/robprakt_interfaces/hook/ld_library_path_lib.ps1'
[9.991s] INFO:colcon.colcon_core.shell:Creating environment descriptor '/home/rob/praktikum_ws/install/robprakt_interfaces/share/robprakt_interfaces/hook/ld_library_path_lib.dsv'
[9.991s] INFO:colcon.colcon_core.shell:Creating environment hook '/home/rob/praktikum_ws/install/robprakt_interfaces/share/robprakt_interfaces/hook/ld_library_path_lib.sh'
[9.992s] Level 1:colcon.colcon_core.environment:checking '/home/rob/praktikum_ws/install/robprakt_interfaces/bin'
[9.992s] Level 1:colcon.colcon_core.environment:checking '/home/rob/praktikum_ws/install/robprakt_interfaces/lib/pkgconfig/robprakt_interfaces.pc'
[9.992s] Level 1:colcon.colcon_core.environment:checking '/home/rob/praktikum_ws/install/robprakt_interfaces/lib/python3.8/site-packages'
[9.992s] Level 1:colcon.colcon_core.shell:create_environment_hook('robprakt_interfaces', 'pythonpath')
[9.995s] INFO:colcon.colcon_core.shell:Creating environment hook '/home/rob/praktikum_ws/install/robprakt_interfaces/share/robprakt_interfaces/hook/pythonpath.ps1'
[9.995s] INFO:colcon.colcon_core.shell:Creating environment descriptor '/home/rob/praktikum_ws/install/robprakt_interfaces/share/robprakt_interfaces/hook/pythonpath.dsv'
[9.996s] INFO:colcon.colcon_core.shell:Creating environment hook '/home/rob/praktikum_ws/install/robprakt_interfaces/share/robprakt_interfaces/hook/pythonpath.sh'
[9.997s] Level 1:colcon.colcon_core.environment:checking '/home/rob/praktikum_ws/install/robprakt_interfaces/bin'
[9.999s] INFO:colcon.colcon_core.shell:Creating package script '/home/rob/praktikum_ws/install/robprakt_interfaces/share/robprakt_interfaces/package.ps1'
[10.000s] INFO:colcon.colcon_core.shell:Creating package descriptor '/home/rob/praktikum_ws/install/robprakt_interfaces/share/robprakt_interfaces/package.dsv'
[10.001s] INFO:colcon.colcon_core.shell:Creating package script '/home/rob/praktikum_ws/install/robprakt_interfaces/share/robprakt_interfaces/package.sh'
[10.001s] INFO:colcon.colcon_core.shell:Creating package script '/home/rob/praktikum_ws/install/robprakt_interfaces/share/robprakt_interfaces/package.bash'
[10.002s] INFO:colcon.colcon_core.shell:Creating package script '/home/rob/praktikum_ws/install/robprakt_interfaces/share/robprakt_interfaces/package.zsh'
[10.002s] Level 1:colcon.colcon_core.environment:create_file_with_runtime_dependencies(/home/rob/praktikum_ws/install/robprakt_interfaces/share/colcon-core/packages/robprakt_interfaces)
[10.003s] DEBUG:colcon.colcon_parallel_executor.executor.parallel:closing loop
[10.004s] DEBUG:colcon.colcon_parallel_executor.executor.parallel:loop closed
[10.004s] DEBUG:colcon.colcon_parallel_executor.executor.parallel:run_until_complete finished with '0'
[10.004s] DEBUG:colcon.colcon_core.event_reactor:joining thread
[10.011s] INFO:colcon.colcon_core.plugin_system:Skipping extension 'colcon_notification.desktop_notification.terminal_notifier': Not used on non-Darwin systems
[10.011s] INFO:colcon.colcon_core.plugin_system:Skipping extension 'colcon_notification.desktop_notification.win32': Not used on non-Windows systems
[10.012s] INFO:colcon.colcon_notification.desktop_notification:Sending desktop notification using 'notify2'
[10.035s] DEBUG:colcon.colcon_core.event_reactor:joined thread
[10.037s] INFO:colcon.colcon_core.shell:Creating prefix script '/home/rob/praktikum_ws/install/local_setup.ps1'
[10.038s] INFO:colcon.colcon_core.shell:Creating prefix util module '/home/rob/praktikum_ws/install/_local_setup_util_ps1.py'
[10.044s] INFO:colcon.colcon_core.shell:Creating prefix chain script '/home/rob/praktikum_ws/install/setup.ps1'
[10.062s] INFO:colcon.colcon_core.shell:Creating prefix script '/home/rob/praktikum_ws/install/local_setup.sh'
[10.063s] INFO:colcon.colcon_core.shell:Creating prefix util module '/home/rob/praktikum_ws/install/_local_setup_util_sh.py'
[10.064s] INFO:colcon.colcon_core.shell:Creating prefix chain script '/home/rob/praktikum_ws/install/setup.sh'
[10.066s] INFO:colcon.colcon_core.shell:Creating prefix script '/home/rob/praktikum_ws/install/local_setup.bash'
[10.067s] INFO:colcon.colcon_core.shell:Creating prefix chain script '/home/rob/praktikum_ws/install/setup.bash'
[10.069s] INFO:colcon.colcon_core.shell:Creating prefix script '/home/rob/praktikum_ws/install/local_setup.zsh'
[10.069s] INFO:colcon.colcon_core.shell:Creating prefix chain script '/home/rob/praktikum_ws/install/setup.zsh'
