[0.015s] Invoking command in '/home/praktikum4/praktikum_ws/build/vrpn_client_ros': CMAKE_PREFIX_PATH=${CMAKE_PREFIX_PATH}:/home/praktikum4/ws_moveit2/install/moveit_configs_utils:/home/praktikum4/ws_moveit2/install/launch_param_builder:/opt/ros/galactic /usr/bin/cmake /home/praktikum4/praktikum_ws/src/vrpn_client_ros2 -DCMAKE_INSTALL_PREFIX=/home/praktikum4/praktikum_ws/install/vrpn_client_ros
[0.145s] -- The C compiler identification is GNU 9.4.0
[0.286s] -- The CXX compiler identification is GNU 9.4.0
[0.293s] -- Check for working C compiler: /usr/bin/cc
[0.341s] -- Check for working C compiler: /usr/bin/cc -- works
[0.341s] -- Detecting C compiler ABI info
[0.389s] -- Detecting C compiler ABI info - done
[0.396s] -- Detecting C compile features
[0.396s] -- Detecting C compile features - done
[0.398s] -- Check for working CXX compiler: /usr/bin/c++
[0.451s] -- Check for working CXX compiler: /usr/bin/c++ -- works
[0.451s] -- Detecting CXX compiler ABI info
[0.504s] -- Detecting CXX compiler ABI info - done
[0.511s] -- Detecting CXX compile features
[0.511s] -- Detecting CXX compile features - done
[0.517s] -- Found ament_cmake: 1.1.5 (/opt/ros/galactic/share/ament_cmake/cmake)
[0.542s] -- Found PythonInterp: /usr/bin/python3 (found suitable version "3.8.10", minimum required is "3") 
[0.542s] -- Using PYTHON_EXECUTABLE: /usr/bin/python3
[0.625s] CMake Error at CMakeLists.txt:24 (find_package):
[0.625s]   By not providing "FindVRPN.cmake" in CMAKE_MODULE_PATH this project has
[0.625s]   asked CMake to find a package configuration file provided by "VRPN", but
[0.625s]   CMake did not find one.
[0.625s] 
[0.626s]   Could not find a package configuration file provided by "VRPN" with any of
[0.626s]   the following names:
[0.626s] 
[0.626s]     VRPNConfig.cmake
[0.626s]     vrpn-config.cmake
[0.626s] 
[0.626s]   Add the installation prefix of "VRPN" to CMAKE_PREFIX_PATH or set
[0.626s]   "VRPN_DIR" to a directory containing one of the above files.  If "VRPN"
[0.626s]   provides a separate development package or SDK, be sure it has been
[0.626s]   installed.
[0.626s] 
[0.626s] 
[0.626s] -- Configuring incomplete, errors occurred!
[0.626s] See also "/home/praktikum4/praktikum_ws/build/vrpn_client_ros/CMakeFiles/CMakeOutput.log".
[0.628s] Invoked command in '/home/praktikum4/praktikum_ws/build/vrpn_client_ros' returned '1': CMAKE_PREFIX_PATH=${CMAKE_PREFIX_PATH}:/home/praktikum4/ws_moveit2/install/moveit_configs_utils:/home/praktikum4/ws_moveit2/install/launch_param_builder:/opt/ros/galactic /usr/bin/cmake /home/praktikum4/praktikum_ws/src/vrpn_client_ros2 -DCMAKE_INSTALL_PREFIX=/home/praktikum4/praktikum_ws/install/vrpn_client_ros
