[1.040s] Invoking command in '/home/rob/praktikum_ws/src/robprakt': AMENT_PREFIX_PATH=/home/rob/praktikum_ws/install/robprakt_interfaces:${AMENT_PREFIX_PATH} CMAKE_PREFIX_PATH=/home/rob/praktikum_ws/install/robprakt_interfaces:${CMAKE_PREFIX_PATH} LD_LIBRARY_PATH=/home/rob/praktikum_ws/install/robprakt_interfaces/lib:${LD_LIBRARY_PATH} PYTHONPATH=/home/rob/praktikum_ws/install/robprakt/lib/python3.8/site-packages:/home/rob/praktikum_ws/install/robprakt_interfaces/lib/python3.8/site-packages:${PYTHONPATH} /usr/bin/python3 setup.py egg_info --egg-base ../../build/robprakt build --build-base /home/rob/praktikum_ws/build/robprakt/build install --prefix /home/rob/praktikum_ws/install/robprakt --record /home/rob/praktikum_ws/build/robprakt/install.log --single-version-externally-managed
[1.377s] running egg_info
[1.378s] writing ../../build/robprakt/robprakt.egg-info/PKG-INFO
[1.409s] writing dependency_links to ../../build/robprakt/robprakt.egg-info/dependency_links.txt
[1.409s] writing entry points to ../../build/robprakt/robprakt.egg-info/entry_points.txt
[1.409s] writing requirements to ../../build/robprakt/robprakt.egg-info/requires.txt
[1.410s] writing top-level names to ../../build/robprakt/robprakt.egg-info/top_level.txt
[1.472s] reading manifest file '../../build/robprakt/robprakt.egg-info/SOURCES.txt'
[1.474s] writing manifest file '../../build/robprakt/robprakt.egg-info/SOURCES.txt'
[1.474s] running build
[1.474s] running build_py
[1.476s] running install
[1.477s] running install_lib
[1.480s] running install_data
[1.481s] running install_egg_info
[1.484s] removing '/home/rob/praktikum_ws/install/robprakt/lib/python3.8/site-packages/robprakt-0.0.0-py3.8.egg-info' (and everything under it)
[1.484s] Copying ../../build/robprakt/robprakt.egg-info to /home/rob/praktikum_ws/install/robprakt/lib/python3.8/site-packages/robprakt-0.0.0-py3.8.egg-info
[1.486s] running install_scripts
[1.509s] Installing vacuum_control script to /home/rob/praktikum_ws/install/robprakt/lib/robprakt
[1.512s] writing list of installed files to '/home/rob/praktikum_ws/build/robprakt/install.log'
[1.539s] Invoked command in '/home/rob/praktikum_ws/src/robprakt' returned '0': AMENT_PREFIX_PATH=/home/rob/praktikum_ws/install/robprakt_interfaces:${AMENT_PREFIX_PATH} CMAKE_PREFIX_PATH=/home/rob/praktikum_ws/install/robprakt_interfaces:${CMAKE_PREFIX_PATH} LD_LIBRARY_PATH=/home/rob/praktikum_ws/install/robprakt_interfaces/lib:${LD_LIBRARY_PATH} PYTHONPATH=/home/rob/praktikum_ws/install/robprakt/lib/python3.8/site-packages:/home/rob/praktikum_ws/install/robprakt_interfaces/lib/python3.8/site-packages:${PYTHONPATH} /usr/bin/python3 setup.py egg_info --egg-base ../../build/robprakt build --build-base /home/rob/praktikum_ws/build/robprakt/build install --prefix /home/rob/praktikum_ws/install/robprakt --record /home/rob/praktikum_ws/build/robprakt/install.log --single-version-externally-managed
