[0.907s] Invoking command in '/home/rob/praktikum_ws/src/robprakt': PYTHONPATH=/home/rob/praktikum_ws/install/robprakt/lib/python3.8/site-packages:${PYTHONPATH} /usr/bin/python3 setup.py egg_info --egg-base ../../build/robprakt build --build-base /home/rob/praktikum_ws/build/robprakt/build install --prefix /home/rob/praktikum_ws/install/robprakt --record /home/rob/praktikum_ws/build/robprakt/install.log --single-version-externally-managed
[1.210s] running egg_info
[1.212s] writing ../../build/robprakt/robprakt.egg-info/PKG-INFO
[1.212s] writing dependency_links to ../../build/robprakt/robprakt.egg-info/dependency_links.txt
[1.213s] writing entry points to ../../build/robprakt/robprakt.egg-info/entry_points.txt
[1.213s] writing requirements to ../../build/robprakt/robprakt.egg-info/requires.txt
[1.213s] writing top-level names to ../../build/robprakt/robprakt.egg-info/top_level.txt
[1.273s] reading manifest file '../../build/robprakt/robprakt.egg-info/SOURCES.txt'
[1.274s] writing manifest file '../../build/robprakt/robprakt.egg-info/SOURCES.txt'
[1.275s] running build
[1.275s] running build_py
[1.275s] copying robprakt/__init__.py -> /home/rob/praktikum_ws/build/robprakt/build/lib/robprakt
[1.275s] copying robprakt/vacuum_control.py -> /home/rob/praktikum_ws/build/robprakt/build/lib/robprakt
[1.276s] running install
[1.277s] running install_lib
[1.278s] copying /home/rob/praktikum_ws/build/robprakt/build/lib/robprakt/__init__.py -> /home/rob/praktikum_ws/install/robprakt/lib/python3.8/site-packages/robprakt
[1.278s] copying /home/rob/praktikum_ws/build/robprakt/build/lib/robprakt/vacuum_control.py -> /home/rob/praktikum_ws/install/robprakt/lib/python3.8/site-packages/robprakt
[1.279s] byte-compiling /home/rob/praktikum_ws/install/robprakt/lib/python3.8/site-packages/robprakt/__init__.py to __init__.cpython-38.pyc
[1.281s] byte-compiling /home/rob/praktikum_ws/install/robprakt/lib/python3.8/site-packages/robprakt/vacuum_control.py to vacuum_control.cpython-38.pyc
[1.281s] running install_data
[1.282s] copying resource/robprakt -> /home/rob/praktikum_ws/install/robprakt/share/ament_index/resource_index/packages
[1.282s] copying package.xml -> /home/rob/praktikum_ws/install/robprakt/share/robprakt
[1.283s] running install_egg_info
[1.284s] removing '/home/rob/praktikum_ws/install/robprakt/lib/python3.8/site-packages/robprakt-0.0.0-py3.8.egg-info' (and everything under it)
[1.285s] Copying ../../build/robprakt/robprakt.egg-info to /home/rob/praktikum_ws/install/robprakt/lib/python3.8/site-packages/robprakt-0.0.0-py3.8.egg-info
[1.286s] running install_scripts
[1.307s] Installing service script to /home/rob/praktikum_ws/install/robprakt/lib/robprakt
[1.308s] writing list of installed files to '/home/rob/praktikum_ws/build/robprakt/install.log'
[1.330s] Invoked command in '/home/rob/praktikum_ws/src/robprakt' returned '0': PYTHONPATH=/home/rob/praktikum_ws/install/robprakt/lib/python3.8/site-packages:${PYTHONPATH} /usr/bin/python3 setup.py egg_info --egg-base ../../build/robprakt build --build-base /home/rob/praktikum_ws/build/robprakt/build install --prefix /home/rob/praktikum_ws/install/robprakt --record /home/rob/praktikum_ws/build/robprakt/install.log --single-version-externally-managed
