[0.018s] Invoking command in '/home/praktikum4/praktikum_ws/build/vrpn_client_ros': CMAKE_PREFIX_PATH=${CMAKE_PREFIX_PATH}:/home/praktikum4/praktikum_ws/install/robprakt:/home/praktikum4/ws_moveit2/install/moveit_configs_utils:/home/praktikum4/ws_moveit2/install/launch_param_builder:/opt/ros/galactic /usr/bin/cmake /home/praktikum4/praktikum_ws/src/vrpn_client_ros2 -DCMAKE_INSTALL_PREFIX=/home/praktikum4/praktikum_ws/install/vrpn_client_ros
[0.027s] -- Found ament_cmake: 1.1.5 (/opt/ros/galactic/share/ament_cmake/cmake)
[0.043s] -- Using PYTHON_EXECUTABLE: /usr/bin/python3
[0.129s] -- Found quatlib: /home/praktikum4/praktikum_ws/install/vrpn/lib/libquat.a  
[0.129s] -- Looking for pthread.h
[0.201s] -- Looking for pthread.h - found
[0.201s] -- Performing Test CMAKE_HAVE_LIBC_PTHREAD
[0.275s] -- Performing Test CMAKE_HAVE_LIBC_PTHREAD - Failed
[0.276s] -- Looking for pthread_create in pthreads
[0.348s] -- Looking for pthread_create in pthreads - not found
[0.350s] -- Looking for pthread_create in pthread
[0.549s] -- Looking for pthread_create in pthread - found
[0.550s] -- Found Threads: TRUE  
[0.552s] -- Found VRPN: /home/praktikum4/praktikum_ws/install/vrpn/lib/libvrpn.a  
[0.556s] -- Found rclcpp: 9.2.1 (/opt/ros/galactic/share/rclcpp/cmake)
[0.705s] -- Using all available rosidl_typesupport_c: rosidl_typesupport_fastrtps_c;rosidl_typesupport_introspection_c
[0.736s] -- Found rosidl_adapter: 2.2.2 (/opt/ros/galactic/share/rosidl_adapter/cmake)
[0.952s] -- Found OpenSSL: /usr/lib/x86_64-linux-gnu/libcrypto.so (found version "1.1.1f")  
[1.011s] -- Found FastRTPS: /opt/ros/galactic/include  
[1.225s] -- Using all available rosidl_typesupport_cpp: rosidl_typesupport_fastrtps_cpp;rosidl_typesupport_introspection_cpp
[1.390s] -- Found rmw_implementation_cmake: 3.3.1 (/opt/ros/galactic/share/rmw_implementation_cmake/cmake)
[1.399s] -- Found rmw_cyclonedds_cpp: 0.22.5 (/opt/ros/galactic/share/rmw_cyclonedds_cpp/cmake)
[1.427s] -- Using RMW implementation 'rmw_cyclonedds_cpp' as default
[1.663s] -- Found geometry_msgs: 2.2.4 (/opt/ros/galactic/share/geometry_msgs/cmake)
[1.726s] -- Found ament_lint_auto: 0.10.7 (/opt/ros/galactic/share/ament_lint_auto/cmake)
[1.855s] -- Added test 'copyright' to check source files copyright and LICENSE
[1.858s] -- Added test 'cppcheck' to perform static code analysis on C / C++ code
[1.858s] -- Configured cppcheck include dirs: /home/praktikum4/praktikum_ws/src/vrpn_client_ros2/include
[1.859s] -- Configured cppcheck exclude dirs and/or files: 
[1.861s] -- Added test 'cpplint' to check C / C++ code against the Google style
[1.861s] -- Configured cpplint exclude dirs and/or files: 
[1.863s] -- Added test 'flake8' to check Python code syntax and style conventions
[1.864s] -- Added test 'lint_cmake' to check CMake code style
[1.865s] -- Added test 'pep257' to check Python code against some of the style conventions in PEP 257
[1.867s] -- Added test 'uncrustify' to check C / C++ code style
[1.868s] -- Configured uncrustify additional arguments: 
[1.869s] -- Added test 'xmllint' to check XML markup files
[1.873s] -- Configuring done
[1.886s] -- Generating done
[1.888s] -- Build files have been written to: /home/praktikum4/praktikum_ws/build/vrpn_client_ros
[1.900s] Invoked command in '/home/praktikum4/praktikum_ws/build/vrpn_client_ros' returned '0': CMAKE_PREFIX_PATH=${CMAKE_PREFIX_PATH}:/home/praktikum4/praktikum_ws/install/robprakt:/home/praktikum4/ws_moveit2/install/moveit_configs_utils:/home/praktikum4/ws_moveit2/install/launch_param_builder:/opt/ros/galactic /usr/bin/cmake /home/praktikum4/praktikum_ws/src/vrpn_client_ros2 -DCMAKE_INSTALL_PREFIX=/home/praktikum4/praktikum_ws/install/vrpn_client_ros
[1.902s] Invoking command in '/home/praktikum4/praktikum_ws/build/vrpn_client_ros': CMAKE_PREFIX_PATH=${CMAKE_PREFIX_PATH}:/home/praktikum4/praktikum_ws/install/robprakt:/home/praktikum4/ws_moveit2/install/moveit_configs_utils:/home/praktikum4/ws_moveit2/install/launch_param_builder:/opt/ros/galactic /usr/bin/cmake --build /home/praktikum4/praktikum_ws/build/vrpn_client_ros -- -j12 -l12
[1.976s] [35m[1mScanning dependencies of target vrpn_client_ros[0m
[2.083s] [ 14%] [32mBuilding CXX object CMakeFiles/vrpn_client_ros.dir/src/vrpn_client_ros.cpp.o[0m
[2.119s] [ 28%] [32mBuilding CXX object CMakeFiles/vrpn_client_ros.dir/src/time_manager.cpp.o[0m
[3.794s] In file included from [01m[K/home/praktikum4/praktikum_ws/src/vrpn_client_ros2/src/time_manager.cpp:2[m[K:
[3.794s] [01m[K/home/praktikum4/praktikum_ws/src/vrpn_client_ros2/include/vrpn_client_ros/time_manager.h:22:52:[m[K [01;35m[Kwarning: [m[K‘[01m[Krclcpp::Duration::Duration(rcl_duration_value_t)[m[K’ is deprecated: Use Duration::from_nanoseconds instead or std::chrono_literals. For example:rclcpp::Duration::from_nanoseconds(int64_variable);rclcpp::Duration(0ns); [[01;35m[K-Wdeprecated-declarations[m[K]
[3.794s]    22 |     rclcpp::Duration offset_ = rclcpp::Duration(0.0[01;35m[K)[m[K;
[3.794s]       |                                                    [01;35m[K^[m[K
[3.794s] In file included from [01m[K/opt/ros/galactic/include/rclcpp/qos.hpp:20[m[K,
[3.794s]                  from [01m[K/opt/ros/galactic/include/rclcpp/node_interfaces/node_graph_interface.hpp:31[m[K,
[3.794s]                  from [01m[K/opt/ros/galactic/include/rclcpp/client.hpp:34[m[K,
[3.794s]                  from [01m[K/opt/ros/galactic/include/rclcpp/callback_group.hpp:23[m[K,
[3.794s]                  from [01m[K/opt/ros/galactic/include/rclcpp/any_executable.hpp:20[m[K,
[3.794s]                  from [01m[K/opt/ros/galactic/include/rclcpp/memory_strategy.hpp:25[m[K,
[3.794s]                  from [01m[K/opt/ros/galactic/include/rclcpp/memory_strategies.hpp:18[m[K,
[3.794s]                  from [01m[K/opt/ros/galactic/include/rclcpp/executor_options.hpp:20[m[K,
[3.794s]                  from [01m[K/opt/ros/galactic/include/rclcpp/executor.hpp:36[m[K,
[3.794s]                  from [01m[K/opt/ros/galactic/include/rclcpp/executors/multi_threaded_executor.hpp:26[m[K,
[3.794s]                  from [01m[K/opt/ros/galactic/include/rclcpp/executors.hpp:21[m[K,
[3.794s]                  from [01m[K/opt/ros/galactic/include/rclcpp/rclcpp.hpp:156[m[K,
[3.794s]                  from [01m[K/home/praktikum4/praktikum_ws/src/vrpn_client_ros2/include/vrpn_client_ros/time_manager.h:4[m[K,
[3.795s]                  from [01m[K/home/praktikum4/praktikum_ws/src/vrpn_client_ros2/src/time_manager.cpp:2[m[K:
[3.795s] [01m[K/opt/ros/galactic/include/rclcpp/duration.hpp:46:12:[m[K [01;36m[Knote: [m[Kdeclared here
[3.795s]    46 |   explicit [01;36m[KDuration[m[K(rcl_duration_value_t nanoseconds);
[3.795s]       |            [01;36m[K^~~~~~~~[m[K
[3.796s] [01m[K/home/praktikum4/praktikum_ws/src/vrpn_client_ros2/src/time_manager.cpp:[m[K In member function ‘[01m[Krclcpp::Time vrpn_client_ros::TimeManager::resolve_timestamp(const timeval&, rclcpp::Node::SharedPtr)[m[K’:
[3.796s] [01m[K/home/praktikum4/praktikum_ws/src/vrpn_client_ros2/src/time_manager.cpp:34:45:[m[K [01;35m[Kwarning: [m[K‘[01m[Krclcpp::Duration::Duration(rcl_duration_value_t)[m[K’ is deprecated: Use Duration::from_nanoseconds instead or std::chrono_literals. For example:rclcpp::Duration::from_nanoseconds(int64_variable);rclcpp::Duration(0ns); [[01;35m[K-Wdeprecated-declarations[m[K]
[3.796s]    34 |       offset_ = rclcpp::Duration(min_offset_[01;35m[K)[m[K;
[3.796s]       |                                             [01;35m[K^[m[K
[3.796s] In file included from [01m[K/opt/ros/galactic/include/rclcpp/qos.hpp:20[m[K,
[3.796s]                  from [01m[K/opt/ros/galactic/include/rclcpp/node_interfaces/node_graph_interface.hpp:31[m[K,
[3.797s]                  from [01m[K/opt/ros/galactic/include/rclcpp/client.hpp:34[m[K,
[3.797s]                  from [01m[K/opt/ros/galactic/include/rclcpp/callback_group.hpp:23[m[K,
[3.797s]                  from [01m[K/opt/ros/galactic/include/rclcpp/any_executable.hpp:20[m[K,
[3.797s]                  from [01m[K/opt/ros/galactic/include/rclcpp/memory_strategy.hpp:25[m[K,
[3.797s]                  from [01m[K/opt/ros/galactic/include/rclcpp/memory_strategies.hpp:18[m[K,
[3.797s]                  from [01m[K/opt/ros/galactic/include/rclcpp/executor_options.hpp:20[m[K,
[3.797s]                  from [01m[K/opt/ros/galactic/include/rclcpp/executor.hpp:36[m[K,
[3.797s]                  from [01m[K/opt/ros/galactic/include/rclcpp/executors/multi_threaded_executor.hpp:26[m[K,
[3.797s]                  from [01m[K/opt/ros/galactic/include/rclcpp/executors.hpp:21[m[K,
[3.797s]                  from [01m[K/opt/ros/galactic/include/rclcpp/rclcpp.hpp:156[m[K,
[3.797s]                  from [01m[K/home/praktikum4/praktikum_ws/src/vrpn_client_ros2/include/vrpn_client_ros/time_manager.h:4[m[K,
[3.797s]                  from [01m[K/home/praktikum4/praktikum_ws/src/vrpn_client_ros2/src/time_manager.cpp:2[m[K:
[3.797s] [01m[K/opt/ros/galactic/include/rclcpp/duration.hpp:46:12:[m[K [01;36m[Knote: [m[Kdeclared here
[3.797s]    46 |   explicit [01;36m[KDuration[m[K(rcl_duration_value_t nanoseconds);
[3.797s]       |            [01;36m[K^~~~~~~~[m[K
[3.877s] In file included from [01m[K/home/praktikum4/praktikum_ws/src/vrpn_client_ros2/include/vrpn_client_ros/vrpn_client_ros.h:36[m[K,
[3.877s]                  from [01m[K/home/praktikum4/praktikum_ws/src/vrpn_client_ros2/src/vrpn_client_ros.cpp:32[m[K:
[3.878s] [01m[K/home/praktikum4/praktikum_ws/src/vrpn_client_ros2/include/vrpn_client_ros/time_manager.h:22:52:[m[K [01;35m[Kwarning: [m[K‘[01m[Krclcpp::Duration::Duration(rcl_duration_value_t)[m[K’ is deprecated: Use Duration::from_nanoseconds instead or std::chrono_literals. For example:rclcpp::Duration::from_nanoseconds(int64_variable);rclcpp::Duration(0ns); [[01;35m[K-Wdeprecated-declarations[m[K]
[3.878s]    22 |     rclcpp::Duration offset_ = rclcpp::Duration(0.0[01;35m[K)[m[K;
[3.878s]       |                                                    [01;35m[K^[m[K
[3.878s] In file included from [01m[K/opt/ros/galactic/include/rclcpp/qos.hpp:20[m[K,
[3.878s]                  from [01m[K/opt/ros/galactic/include/rclcpp/node_interfaces/node_graph_interface.hpp:31[m[K,
[3.878s]                  from [01m[K/opt/ros/galactic/include/rclcpp/client.hpp:34[m[K,
[3.878s]                  from [01m[K/opt/ros/galactic/include/rclcpp/callback_group.hpp:23[m[K,
[3.878s]                  from [01m[K/opt/ros/galactic/include/rclcpp/any_executable.hpp:20[m[K,
[3.878s]                  from [01m[K/opt/ros/galactic/include/rclcpp/memory_strategy.hpp:25[m[K,
[3.878s]                  from [01m[K/opt/ros/galactic/include/rclcpp/memory_strategies.hpp:18[m[K,
[3.878s]                  from [01m[K/opt/ros/galactic/include/rclcpp/executor_options.hpp:20[m[K,
[3.878s]                  from [01m[K/opt/ros/galactic/include/rclcpp/executor.hpp:36[m[K,
[3.878s]                  from [01m[K/opt/ros/galactic/include/rclcpp/executors/multi_threaded_executor.hpp:26[m[K,
[3.878s]                  from [01m[K/opt/ros/galactic/include/rclcpp/executors.hpp:21[m[K,
[3.878s]                  from [01m[K/opt/ros/galactic/include/rclcpp/rclcpp.hpp:156[m[K,
[3.878s]                  from [01m[K/home/praktikum4/praktikum_ws/src/vrpn_client_ros2/include/vrpn_client_ros/time_manager.h:4[m[K,
[3.878s]                  from [01m[K/home/praktikum4/praktikum_ws/src/vrpn_client_ros2/include/vrpn_client_ros/vrpn_client_ros.h:36[m[K,
[3.878s]                  from [01m[K/home/praktikum4/praktikum_ws/src/vrpn_client_ros2/src/vrpn_client_ros.cpp:32[m[K:
[3.878s] [01m[K/opt/ros/galactic/include/rclcpp/duration.hpp:46:12:[m[K [01;36m[Knote: [m[Kdeclared here
[3.878s]    46 |   explicit [01;36m[KDuration[m[K(rcl_duration_value_t nanoseconds);
[3.879s]       |            [01;36m[K^~~~~~~~[m[K
[6.327s] [ 42%] [32m[1mLinking CXX static library libvrpn_client_ros.a[0m
[6.364s] [ 42%] Built target vrpn_client_ros
[6.371s] [35m[1mScanning dependencies of target vrpn_client_node[0m
[6.374s] [35m[1mScanning dependencies of target vrpn_tracker_node[0m
[6.398s] [ 57%] [32mBuilding CXX object CMakeFiles/vrpn_client_node.dir/src/vrpn_client_node.cpp.o[0m
[6.409s] [ 71%] [32mBuilding CXX object CMakeFiles/vrpn_tracker_node.dir/src/vrpn_tracker_node.cpp.o[0m
[7.291s] In file included from [01m[K/home/praktikum4/praktikum_ws/src/vrpn_client_ros2/include/vrpn_client_ros/vrpn_client_ros.h:36[m[K,
[7.292s]                  from [01m[K/home/praktikum4/praktikum_ws/src/vrpn_client_ros2/src/vrpn_client_node.cpp:32[m[K:
[7.292s] [01m[K/home/praktikum4/praktikum_ws/src/vrpn_client_ros2/include/vrpn_client_ros/time_manager.h:22:52:[m[K [01;35m[Kwarning: [m[K‘[01m[Krclcpp::Duration::Duration(rcl_duration_value_t)[m[K’ is deprecated: Use Duration::from_nanoseconds instead or std::chrono_literals. For example:rclcpp::Duration::from_nanoseconds(int64_variable);rclcpp::Duration(0ns); [[01;35m[K-Wdeprecated-declarations[m[K]
[7.292s]    22 |     rclcpp::Duration offset_ = rclcpp::Duration(0.0[01;35m[K)[m[K;
[7.292s]       |                                                    [01;35m[K^[m[K
[7.292s] In file included from [01m[K/opt/ros/galactic/include/rclcpp/qos.hpp:20[m[K,
[7.292s]                  from [01m[K/opt/ros/galactic/include/rclcpp/node_interfaces/node_graph_interface.hpp:31[m[K,
[7.292s]                  from [01m[K/opt/ros/galactic/include/rclcpp/client.hpp:34[m[K,
[7.292s]                  from [01m[K/opt/ros/galactic/include/rclcpp/callback_group.hpp:23[m[K,
[7.292s]                  from [01m[K/opt/ros/galactic/include/rclcpp/any_executable.hpp:20[m[K,
[7.292s]                  from [01m[K/opt/ros/galactic/include/rclcpp/memory_strategy.hpp:25[m[K,
[7.292s]                  from [01m[K/opt/ros/galactic/include/rclcpp/memory_strategies.hpp:18[m[K,
[7.292s]                  from [01m[K/opt/ros/galactic/include/rclcpp/executor_options.hpp:20[m[K,
[7.292s]                  from [01m[K/opt/ros/galactic/include/rclcpp/executor.hpp:36[m[K,
[7.292s]                  from [01m[K/opt/ros/galactic/include/rclcpp/executors/multi_threaded_executor.hpp:26[m[K,
[7.292s]                  from [01m[K/opt/ros/galactic/include/rclcpp/executors.hpp:21[m[K,
[7.292s]                  from [01m[K/opt/ros/galactic/include/rclcpp/rclcpp.hpp:156[m[K,
[7.292s]                  from [01m[K/home/praktikum4/praktikum_ws/src/vrpn_client_ros2/include/vrpn_client_ros/time_manager.h:4[m[K,
[7.292s]                  from [01m[K/home/praktikum4/praktikum_ws/src/vrpn_client_ros2/include/vrpn_client_ros/vrpn_client_ros.h:36[m[K,
[7.292s]                  from [01m[K/home/praktikum4/praktikum_ws/src/vrpn_client_ros2/src/vrpn_client_node.cpp:32[m[K:
[7.292s] [01m[K/opt/ros/galactic/include/rclcpp/duration.hpp:46:12:[m[K [01;36m[Knote: [m[Kdeclared here
[7.292s]    46 |   explicit [01;36m[KDuration[m[K(rcl_duration_value_t nanoseconds);
[7.293s]       |            [01;36m[K^~~~~~~~[m[K
[7.297s] In file included from [01m[K/home/praktikum4/praktikum_ws/src/vrpn_client_ros2/include/vrpn_client_ros/vrpn_client_ros.h:36[m[K,
[7.297s]                  from [01m[K/home/praktikum4/praktikum_ws/src/vrpn_client_ros2/src/vrpn_tracker_node.cpp:32[m[K:
[7.297s] [01m[K/home/praktikum4/praktikum_ws/src/vrpn_client_ros2/include/vrpn_client_ros/time_manager.h:22:52:[m[K [01;35m[Kwarning: [m[K‘[01m[Krclcpp::Duration::Duration(rcl_duration_value_t)[m[K’ is deprecated: Use Duration::from_nanoseconds instead or std::chrono_literals. For example:rclcpp::Duration::from_nanoseconds(int64_variable);rclcpp::Duration(0ns); [[01;35m[K-Wdeprecated-declarations[m[K]
[7.297s]    22 |     rclcpp::Duration offset_ = rclcpp::Duration(0.0[01;35m[K)[m[K;
[7.297s]       |                                                    [01;35m[K^[m[K
[7.297s] In file included from [01m[K/opt/ros/galactic/include/rclcpp/qos.hpp:20[m[K,
[7.297s]                  from [01m[K/opt/ros/galactic/include/rclcpp/node_interfaces/node_graph_interface.hpp:31[m[K,
[7.297s]                  from [01m[K/opt/ros/galactic/include/rclcpp/client.hpp:34[m[K,
[7.297s]                  from [01m[K/opt/ros/galactic/include/rclcpp/callback_group.hpp:23[m[K,
[7.297s]                  from [01m[K/opt/ros/galactic/include/rclcpp/any_executable.hpp:20[m[K,
[7.297s]                  from [01m[K/opt/ros/galactic/include/rclcpp/memory_strategy.hpp:25[m[K,
[7.297s]                  from [01m[K/opt/ros/galactic/include/rclcpp/memory_strategies.hpp:18[m[K,
[7.297s]                  from [01m[K/opt/ros/galactic/include/rclcpp/executor_options.hpp:20[m[K,
[7.297s]                  from [01m[K/opt/ros/galactic/include/rclcpp/executor.hpp:36[m[K,
[7.297s]                  from [01m[K/opt/ros/galactic/include/rclcpp/executors/multi_threaded_executor.hpp:26[m[K,
[7.297s]                  from [01m[K/opt/ros/galactic/include/rclcpp/executors.hpp:21[m[K,
[7.297s]                  from [01m[K/opt/ros/galactic/include/rclcpp/rclcpp.hpp:156[m[K,
[7.298s]                  from [01m[K/home/praktikum4/praktikum_ws/src/vrpn_client_ros2/include/vrpn_client_ros/time_manager.h:4[m[K,
[7.298s]                  from [01m[K/home/praktikum4/praktikum_ws/src/vrpn_client_ros2/include/vrpn_client_ros/vrpn_client_ros.h:36[m[K,
[7.298s]                  from [01m[K/home/praktikum4/praktikum_ws/src/vrpn_client_ros2/src/vrpn_tracker_node.cpp:32[m[K:
[7.298s] [01m[K/opt/ros/galactic/include/rclcpp/duration.hpp:46:12:[m[K [01;36m[Knote: [m[Kdeclared here
[7.298s]    46 |   explicit [01;36m[KDuration[m[K(rcl_duration_value_t nanoseconds);
[7.298s]       |            [01;36m[K^~~~~~~~[m[K
[7.734s] [ 85%] [32m[1mLinking CXX executable vrpn_client_node[0m
[7.750s] [100%] [32m[1mLinking CXX executable vrpn_tracker_node[0m
[7.867s] [100%] Built target vrpn_client_node
[7.880s] [100%] Built target vrpn_tracker_node
[7.886s] Invoked command in '/home/praktikum4/praktikum_ws/build/vrpn_client_ros' returned '0': CMAKE_PREFIX_PATH=${CMAKE_PREFIX_PATH}:/home/praktikum4/praktikum_ws/install/robprakt:/home/praktikum4/ws_moveit2/install/moveit_configs_utils:/home/praktikum4/ws_moveit2/install/launch_param_builder:/opt/ros/galactic /usr/bin/cmake --build /home/praktikum4/praktikum_ws/build/vrpn_client_ros -- -j12 -l12
[7.909s] Invoking command in '/home/praktikum4/praktikum_ws/build/vrpn_client_ros': CMAKE_PREFIX_PATH=${CMAKE_PREFIX_PATH}:/home/praktikum4/praktikum_ws/install/robprakt:/home/praktikum4/ws_moveit2/install/moveit_configs_utils:/home/praktikum4/ws_moveit2/install/launch_param_builder:/opt/ros/galactic /usr/bin/cmake --install /home/praktikum4/praktikum_ws/build/vrpn_client_ros
[7.915s] -- Install configuration: ""
[7.915s] -- Up-to-date: /home/praktikum4/praktikum_ws/install/vrpn_client_ros/share/vrpn_client_ros//launch
[7.915s] -- Up-to-date: /home/praktikum4/praktikum_ws/install/vrpn_client_ros/share/vrpn_client_ros//launch/sample.launch.py
[7.915s] -- Up-to-date: /home/praktikum4/praktikum_ws/install/vrpn_client_ros/share/vrpn_client_ros//config
[7.915s] -- Up-to-date: /home/praktikum4/praktikum_ws/install/vrpn_client_ros/share/vrpn_client_ros//config/sample.params.yaml~
[7.915s] -- Up-to-date: /home/praktikum4/praktikum_ws/install/vrpn_client_ros/share/vrpn_client_ros//config/rob_optitrack.params.yaml
[7.915s] -- Up-to-date: /home/praktikum4/praktikum_ws/install/vrpn_client_ros/share/vrpn_client_ros//config/sample.params.yaml
[7.915s] -- Installing: /home/praktikum4/praktikum_ws/install/vrpn_client_ros/lib/libvrpn_client_ros.a
[7.917s] -- Installing: /home/praktikum4/praktikum_ws/install/vrpn_client_ros/lib/vrpn_client_ros/vrpn_tracker_node
[7.918s] -- Set runtime path of "/home/praktikum4/praktikum_ws/install/vrpn_client_ros/lib/vrpn_client_ros/vrpn_tracker_node" to ""
[7.918s] -- Installing: /home/praktikum4/praktikum_ws/install/vrpn_client_ros/lib/vrpn_client_ros/vrpn_client_node
[7.919s] -- Set runtime path of "/home/praktikum4/praktikum_ws/install/vrpn_client_ros/lib/vrpn_client_ros/vrpn_client_node" to ""
[7.919s] -- Installing: /home/praktikum4/praktikum_ws/install/vrpn_client_ros/share/ament_index/resource_index/package_run_dependencies/vrpn_client_ros
[7.919s] -- Installing: /home/praktikum4/praktikum_ws/install/vrpn_client_ros/share/ament_index/resource_index/parent_prefix_path/vrpn_client_ros
[7.919s] -- Up-to-date: /home/praktikum4/praktikum_ws/install/vrpn_client_ros/share/vrpn_client_ros/environment/ament_prefix_path.sh
[7.919s] -- Installing: /home/praktikum4/praktikum_ws/install/vrpn_client_ros/share/vrpn_client_ros/environment/ament_prefix_path.dsv
[7.919s] -- Up-to-date: /home/praktikum4/praktikum_ws/install/vrpn_client_ros/share/vrpn_client_ros/environment/path.sh
[7.919s] -- Installing: /home/praktikum4/praktikum_ws/install/vrpn_client_ros/share/vrpn_client_ros/environment/path.dsv
[7.919s] -- Installing: /home/praktikum4/praktikum_ws/install/vrpn_client_ros/share/vrpn_client_ros/local_setup.bash
[7.919s] -- Installing: /home/praktikum4/praktikum_ws/install/vrpn_client_ros/share/vrpn_client_ros/local_setup.sh
[7.920s] -- Installing: /home/praktikum4/praktikum_ws/install/vrpn_client_ros/share/vrpn_client_ros/local_setup.zsh
[7.920s] -- Installing: /home/praktikum4/praktikum_ws/install/vrpn_client_ros/share/vrpn_client_ros/local_setup.dsv
[7.920s] -- Installing: /home/praktikum4/praktikum_ws/install/vrpn_client_ros/share/vrpn_client_ros/package.dsv
[7.920s] -- Installing: /home/praktikum4/praktikum_ws/install/vrpn_client_ros/share/ament_index/resource_index/packages/vrpn_client_ros
[7.920s] -- Installing: /home/praktikum4/praktikum_ws/install/vrpn_client_ros/share/vrpn_client_ros/cmake/vrpn_client_rosConfig.cmake
[7.920s] -- Installing: /home/praktikum4/praktikum_ws/install/vrpn_client_ros/share/vrpn_client_ros/cmake/vrpn_client_rosConfig-version.cmake
[7.920s] -- Up-to-date: /home/praktikum4/praktikum_ws/install/vrpn_client_ros/share/vrpn_client_ros/package.xml
[7.922s] Invoked command in '/home/praktikum4/praktikum_ws/build/vrpn_client_ros' returned '0': CMAKE_PREFIX_PATH=${CMAKE_PREFIX_PATH}:/home/praktikum4/praktikum_ws/install/robprakt:/home/praktikum4/ws_moveit2/install/moveit_configs_utils:/home/praktikum4/ws_moveit2/install/launch_param_builder:/opt/ros/galactic /usr/bin/cmake --install /home/praktikum4/praktikum_ws/build/vrpn_client_ros
