[0.972s] Invoking command in '/home/rob/praktikum_ws/src/robprakt': PYTHONPATH=/home/rob/praktikum_ws/install/robprakt/lib/python3.8/site-packages:${PYTHONPATH} /usr/bin/python3 setup.py egg_info --egg-base ../../build/robprakt build --build-base /home/rob/praktikum_ws/build/robprakt/build install --prefix /home/rob/praktikum_ws/install/robprakt --record /home/rob/praktikum_ws/build/robprakt/install.log --single-version-externally-managed
[1.268s] running egg_info
[1.269s] writing ../../build/robprakt/robprakt.egg-info/PKG-INFO
[1.270s] writing dependency_links to ../../build/robprakt/robprakt.egg-info/dependency_links.txt
[1.270s] writing entry points to ../../build/robprakt/robprakt.egg-info/entry_points.txt
[1.270s] writing requirements to ../../build/robprakt/robprakt.egg-info/requires.txt
[1.271s] writing top-level names to ../../build/robprakt/robprakt.egg-info/top_level.txt
[1.328s] reading manifest file '../../build/robprakt/robprakt.egg-info/SOURCES.txt'
[1.330s] writing manifest file '../../build/robprakt/robprakt.egg-info/SOURCES.txt'
[1.330s] running build
[1.330s] running build_py
[1.331s] running install
[1.332s] running install_lib
[1.333s] running install_data
[1.334s] running install_egg_info
[1.336s] removing '/home/rob/praktikum_ws/install/robprakt/lib/python3.8/site-packages/robprakt-0.0.0-py3.8.egg-info' (and everything under it)
[1.337s] Copying ../../build/robprakt/robprakt.egg-info to /home/rob/praktikum_ws/install/robprakt/lib/python3.8/site-packages/robprakt-0.0.0-py3.8.egg-info
[1.337s] running install_scripts
[1.358s] Installing service script to /home/rob/praktikum_ws/install/robprakt/lib/robprakt
[1.359s] writing list of installed files to '/home/rob/praktikum_ws/build/robprakt/install.log'
[1.381s] Invoked command in '/home/rob/praktikum_ws/src/robprakt' returned '0': PYTHONPATH=/home/rob/praktikum_ws/install/robprakt/lib/python3.8/site-packages:${PYTHONPATH} /usr/bin/python3 setup.py egg_info --egg-base ../../build/robprakt build --build-base /home/rob/praktikum_ws/build/robprakt/build install --prefix /home/rob/praktikum_ws/install/robprakt --record /home/rob/praktikum_ws/build/robprakt/install.log --single-version-externally-managed
