-- The C compiler identification is GNU 9.4.0
-- The CXX compiler identification is GNU 9.4.0
-- Check for working C compiler: /usr/bin/cc
-- Check for working C compiler: /usr/bin/cc -- works
-- Detecting C compiler ABI info
-- Detecting C compiler ABI info - done
-- Detecting C compile features
-- Detecting C compile features - done
-- Check for working CXX compiler: /usr/bin/c++
-- Check for working CXX compiler: /usr/bin/c++ -- works
-- Detecting CXX compiler ABI info
-- Detecting CXX compiler ABI info - done
-- Detecting CXX compile features
-- Detecting CXX compile features - done
-- Found ament_cmake: 1.1.5 (/opt/ros/galactic/share/ament_cmake/cmake)
-- Found PythonInterp: /usr/bin/python3 (found suitable version "3.8.10", minimum required is "3") 
-- Using PYTHON_EXECUTABLE: /usr/bin/python3
-- Found quatlib: /home/rob/praktikum_ws/install/vrpn/lib/libquat.a  
-- Looking for pthread.h
-- Looking for pthread.h - found
-- Performing Test CMAKE_HAVE_LIBC_PTHREAD
-- Performing Test CMAKE_HAVE_LIBC_PTHREAD - Failed
-- Looking for pthread_create in pthreads
-- Looking for pthread_create in pthreads - not found
-- Looking for pthread_create in pthread
-- Looking for pthread_create in pthread - found
-- Found Threads: TRUE  
-- Found VRPN: /home/rob/praktikum_ws/install/vrpn/lib/libvrpn.a  
-- Found rclcpp: 9.2.1 (/opt/ros/galactic/share/rclcpp/cmake)
-- Using all available rosidl_typesupport_c: rosidl_typesupport_fastrtps_c;rosidl_typesupport_introspection_c
-- Found rosidl_adapter: 2.2.2 (/opt/ros/galactic/share/rosidl_adapter/cmake)
-- Found OpenSSL: /usr/lib/x86_64-linux-gnu/libcrypto.so (found version "1.1.1f")  
-- Found FastRTPS: /opt/ros/galactic/include  
-- Using all available rosidl_typesupport_cpp: rosidl_typesupport_fastrtps_cpp;rosidl_typesupport_introspection_cpp
-- Found rmw_implementation_cmake: 3.3.1 (/opt/ros/galactic/share/rmw_implementation_cmake/cmake)
-- Found rmw_cyclonedds_cpp: 0.22.5 (/opt/ros/galactic/share/rmw_cyclonedds_cpp/cmake)
-- Using RMW implementation 'rmw_cyclonedds_cpp' as default
-- Found geometry_msgs: 2.2.4 (/opt/ros/galactic/share/geometry_msgs/cmake)
-- Found ament_lint_auto: 0.10.7 (/opt/ros/galactic/share/ament_lint_auto/cmake)
-- Added test 'copyright' to check source files copyright and LICENSE
-- Added test 'cppcheck' to perform static code analysis on C / C++ code
-- Configured cppcheck include dirs: /home/rob/praktikum_ws/src/vrpn_client_ros2/include
-- Configured cppcheck exclude dirs and/or files: 
-- Added test 'cpplint' to check C / C++ code against the Google style
-- Configured cpplint exclude dirs and/or files: 
-- Added test 'flake8' to check Python code syntax and style conventions
-- Added test 'lint_cmake' to check CMake code style
-- Added test 'pep257' to check Python code against some of the style conventions in PEP 257
-- Added test 'uncrustify' to check C / C++ code style
-- Configured uncrustify additional arguments: 
-- Added test 'xmllint' to check XML markup files
-- Configuring done
-- Generating done
-- Build files have been written to: /home/rob/praktikum_ws/build/vrpn_client_ros
[35m[1mScanning dependencies of target vrpn_client_ros[0m
[ 14%] [32mBuilding CXX object CMakeFiles/vrpn_client_ros.dir/src/vrpn_client_ros.cpp.o[0m
[ 28%] [32mBuilding CXX object CMakeFiles/vrpn_client_ros.dir/src/time_manager.cpp.o[0m
[ 42%] [32m[1mLinking CXX static library libvrpn_client_ros.a[0m
[ 42%] Built target vrpn_client_ros
[35m[1mScanning dependencies of target vrpn_client_node[0m
[ 57%] [32mBuilding CXX object CMakeFiles/vrpn_client_node.dir/src/vrpn_client_node.cpp.o[0m
[ 71%] [32m[1mLinking CXX executable vrpn_client_node[0m
[ 71%] Built target vrpn_client_node
[35m[1mScanning dependencies of target vrpn_tracker_node[0m
[ 85%] [32mBuilding CXX object CMakeFiles/vrpn_tracker_node.dir/src/vrpn_tracker_node.cpp.o[0m
[100%] [32m[1mLinking CXX executable vrpn_tracker_node[0m
[100%] Built target vrpn_tracker_node
-- Install configuration: ""
-- Installing: /home/rob/praktikum_ws/install/vrpn_client_ros/share/vrpn_client_ros//launch
-- Installing: /home/rob/praktikum_ws/install/vrpn_client_ros/share/vrpn_client_ros//launch/sample.launch.py
-- Installing: /home/rob/praktikum_ws/install/vrpn_client_ros/share/vrpn_client_ros//config
-- Installing: /home/rob/praktikum_ws/install/vrpn_client_ros/share/vrpn_client_ros//config/rob_optitrack.params.yaml
-- Installing: /home/rob/praktikum_ws/install/vrpn_client_ros/share/vrpn_client_ros//config/sample.params.yaml~
-- Installing: /home/rob/praktikum_ws/install/vrpn_client_ros/lib/libvrpn_client_ros.a
-- Installing: /home/rob/praktikum_ws/install/vrpn_client_ros/lib/vrpn_client_ros/vrpn_tracker_node
-- Set runtime path of "/home/rob/praktikum_ws/install/vrpn_client_ros/lib/vrpn_client_ros/vrpn_tracker_node" to ""
-- Installing: /home/rob/praktikum_ws/install/vrpn_client_ros/lib/vrpn_client_ros/vrpn_client_node
-- Set runtime path of "/home/rob/praktikum_ws/install/vrpn_client_ros/lib/vrpn_client_ros/vrpn_client_node" to ""
-- Installing: /home/rob/praktikum_ws/install/vrpn_client_ros/share/ament_index/resource_index/package_run_dependencies/vrpn_client_ros
-- Installing: /home/rob/praktikum_ws/install/vrpn_client_ros/share/ament_index/resource_index/parent_prefix_path/vrpn_client_ros
-- Installing: /home/rob/praktikum_ws/install/vrpn_client_ros/share/vrpn_client_ros/environment/ament_prefix_path.sh
-- Installing: /home/rob/praktikum_ws/install/vrpn_client_ros/share/vrpn_client_ros/environment/ament_prefix_path.dsv
-- Installing: /home/rob/praktikum_ws/install/vrpn_client_ros/share/vrpn_client_ros/environment/path.sh
-- Installing: /home/rob/praktikum_ws/install/vrpn_client_ros/share/vrpn_client_ros/environment/path.dsv
-- Installing: /home/rob/praktikum_ws/install/vrpn_client_ros/share/vrpn_client_ros/local_setup.bash
-- Installing: /home/rob/praktikum_ws/install/vrpn_client_ros/share/vrpn_client_ros/local_setup.sh
-- Installing: /home/rob/praktikum_ws/install/vrpn_client_ros/share/vrpn_client_ros/local_setup.zsh
-- Installing: /home/rob/praktikum_ws/install/vrpn_client_ros/share/vrpn_client_ros/local_setup.dsv
-- Installing: /home/rob/praktikum_ws/install/vrpn_client_ros/share/vrpn_client_ros/package.dsv
-- Installing: /home/rob/praktikum_ws/install/vrpn_client_ros/share/ament_index/resource_index/packages/vrpn_client_ros
-- Installing: /home/rob/praktikum_ws/install/vrpn_client_ros/share/vrpn_client_ros/cmake/vrpn_client_rosConfig.cmake
-- Installing: /home/rob/praktikum_ws/install/vrpn_client_ros/share/vrpn_client_ros/cmake/vrpn_client_rosConfig-version.cmake
-- Installing: /home/rob/praktikum_ws/install/vrpn_client_ros/share/vrpn_client_ros/package.xml
