[0.014s] Invoking command in '/home/rob/praktikum_ws/build/vrpn_client_ros': CMAKE_PREFIX_PATH=${CMAKE_PREFIX_PATH}:/home/rob/praktikum_ws/install/rob_praktikum:/opt/ros/galactic /usr/bin/cmake /home/rob/praktikum_ws/src/vrpn_client_ros2 -DCMAKE_INSTALL_PREFIX=/home/rob/praktikum_ws/install/vrpn_client_ros
[0.093s] -- The C compiler identification is GNU 9.4.0
[0.165s] -- The CXX compiler identification is GNU 9.4.0
[0.172s] -- Check for working C compiler: /usr/bin/cc
[0.246s] -- Check for working C compiler: /usr/bin/cc -- works
[0.248s] -- Detecting C compiler ABI info
[0.319s] -- Detecting C compiler ABI info - done
[0.340s] -- Detecting C compile features
[0.341s] -- Detecting C compile features - done
[0.344s] -- Check for working CXX compiler: /usr/bin/c++
[0.430s] -- Check for working CXX compiler: /usr/bin/c++ -- works
[0.432s] -- Detecting CXX compiler ABI info
[0.519s] -- Detecting CXX compiler ABI info - done
[0.540s] -- Detecting CXX compile features
[0.541s] -- Detecting CXX compile features - done
[0.544s] -- Found ament_cmake: 1.1.5 (/opt/ros/galactic/share/ament_cmake/cmake)
[0.574s] -- Found PythonInterp: /usr/bin/python3 (found suitable version "3.8.10", minimum required is "3") 
[0.574s] -- Using PYTHON_EXECUTABLE: /usr/bin/python3
[0.683s] -- Found quatlib: /home/rob/praktikum_ws/install/vrpn/lib/libquat.a  
[0.685s] -- Looking for pthread.h
[0.760s] -- Looking for pthread.h - found
[0.760s] -- Performing Test CMAKE_HAVE_LIBC_PTHREAD
[0.841s] -- Performing Test CMAKE_HAVE_LIBC_PTHREAD - Failed
[0.842s] -- Looking for pthread_create in pthreads
[0.903s] -- Looking for pthread_create in pthreads - not found
[0.904s] -- Looking for pthread_create in pthread
[0.978s] -- Looking for pthread_create in pthread - found
[0.979s] -- Found Threads: TRUE  
[0.983s] -- Found VRPN: /home/rob/praktikum_ws/install/vrpn/lib/libvrpn.a  
[1.016s] -- Found rclcpp: 9.2.1 (/opt/ros/galactic/share/rclcpp/cmake)
[1.121s] -- Using all available rosidl_typesupport_c: rosidl_typesupport_fastrtps_c;rosidl_typesupport_introspection_c
[1.139s] -- Found rosidl_adapter: 2.2.2 (/opt/ros/galactic/share/rosidl_adapter/cmake)
[1.242s] -- Found OpenSSL: /usr/lib/x86_64-linux-gnu/libcrypto.so (found version "1.1.1f")  
[1.279s] -- Found FastRTPS: /opt/ros/galactic/include  
[1.412s] -- Using all available rosidl_typesupport_cpp: rosidl_typesupport_fastrtps_cpp;rosidl_typesupport_introspection_cpp
[1.536s] -- Found rmw_implementation_cmake: 3.3.1 (/opt/ros/galactic/share/rmw_implementation_cmake/cmake)
[1.542s] -- Found rmw_cyclonedds_cpp: 0.22.5 (/opt/ros/galactic/share/rmw_cyclonedds_cpp/cmake)
[1.582s] -- Using RMW implementation 'rmw_cyclonedds_cpp' as default
[1.865s] -- Found geometry_msgs: 2.2.4 (/opt/ros/galactic/share/geometry_msgs/cmake)
[1.935s] -- Found ament_lint_auto: 0.10.7 (/opt/ros/galactic/share/ament_lint_auto/cmake)
[2.055s] -- Added test 'copyright' to check source files copyright and LICENSE
[2.064s] -- Added test 'cppcheck' to perform static code analysis on C / C++ code
[2.065s] -- Configured cppcheck include dirs: /home/rob/praktikum_ws/src/vrpn_client_ros2/include
[2.065s] -- Configured cppcheck exclude dirs and/or files: 
[2.069s] -- Added test 'cpplint' to check C / C++ code against the Google style
[2.069s] -- Configured cpplint exclude dirs and/or files: 
[2.070s] -- Added test 'flake8' to check Python code syntax and style conventions
[2.072s] -- Added test 'lint_cmake' to check CMake code style
[2.074s] -- Added test 'pep257' to check Python code against some of the style conventions in PEP 257
[2.078s] -- Added test 'uncrustify' to check C / C++ code style
[2.078s] -- Configured uncrustify additional arguments: 
[2.079s] -- Added test 'xmllint' to check XML markup files
[2.084s] -- Configuring done
[2.106s] -- Generating done
[2.110s] -- Build files have been written to: /home/rob/praktikum_ws/build/vrpn_client_ros
[2.120s] Invoked command in '/home/rob/praktikum_ws/build/vrpn_client_ros' returned '0': CMAKE_PREFIX_PATH=${CMAKE_PREFIX_PATH}:/home/rob/praktikum_ws/install/rob_praktikum:/opt/ros/galactic /usr/bin/cmake /home/rob/praktikum_ws/src/vrpn_client_ros2 -DCMAKE_INSTALL_PREFIX=/home/rob/praktikum_ws/install/vrpn_client_ros
[2.121s] Invoking command in '/home/rob/praktikum_ws/build/vrpn_client_ros': CMAKE_PREFIX_PATH=${CMAKE_PREFIX_PATH}:/home/rob/praktikum_ws/install/rob_praktikum:/opt/ros/galactic /usr/bin/cmake --build /home/rob/praktikum_ws/build/vrpn_client_ros -- -j1 -l1
[2.166s] [35m[1mScanning dependencies of target vrpn_client_ros[0m
[2.316s] [ 14%] [32mBuilding CXX object CMakeFiles/vrpn_client_ros.dir/src/vrpn_client_ros.cpp.o[0m
[4.928s] In file included from [01m[K/home/rob/praktikum_ws/src/vrpn_client_ros2/include/vrpn_client_ros/vrpn_client_ros.h:36[m[K,
[4.928s]                  from [01m[K/home/rob/praktikum_ws/src/vrpn_client_ros2/src/vrpn_client_ros.cpp:32[m[K:
[4.928s] [01m[K/home/rob/praktikum_ws/src/vrpn_client_ros2/include/vrpn_client_ros/time_manager.h:22:52:[m[K [01;35m[Kwarning: [m[K‘[01m[Krclcpp::Duration::Duration(rcl_duration_value_t)[m[K’ is deprecated: Use Duration::from_nanoseconds instead or std::chrono_literals. For example:rclcpp::Duration::from_nanoseconds(int64_variable);rclcpp::Duration(0ns); [[01;35m[K-Wdeprecated-declarations[m[K]
[4.928s]    22 |     rclcpp::Duration offset_ = rclcpp::Duration(0.0[01;35m[K)[m[K;
[4.928s]       |                                                    [01;35m[K^[m[K
[4.929s] In file included from [01m[K/opt/ros/galactic/include/rclcpp/qos.hpp:20[m[K,
[4.929s]                  from [01m[K/opt/ros/galactic/include/rclcpp/node_interfaces/node_graph_interface.hpp:31[m[K,
[4.929s]                  from [01m[K/opt/ros/galactic/include/rclcpp/client.hpp:34[m[K,
[4.931s]                  from [01m[K/opt/ros/galactic/include/rclcpp/callback_group.hpp:23[m[K,
[4.931s]                  from [01m[K/opt/ros/galactic/include/rclcpp/any_executable.hpp:20[m[K,
[4.931s]                  from [01m[K/opt/ros/galactic/include/rclcpp/memory_strategy.hpp:25[m[K,
[4.931s]                  from [01m[K/opt/ros/galactic/include/rclcpp/memory_strategies.hpp:18[m[K,
[4.932s]                  from [01m[K/opt/ros/galactic/include/rclcpp/executor_options.hpp:20[m[K,
[4.932s]                  from [01m[K/opt/ros/galactic/include/rclcpp/executor.hpp:36[m[K,
[4.932s]                  from [01m[K/opt/ros/galactic/include/rclcpp/executors/multi_threaded_executor.hpp:26[m[K,
[4.932s]                  from [01m[K/opt/ros/galactic/include/rclcpp/executors.hpp:21[m[K,
[4.932s]                  from [01m[K/opt/ros/galactic/include/rclcpp/rclcpp.hpp:156[m[K,
[4.932s]                  from [01m[K/home/rob/praktikum_ws/src/vrpn_client_ros2/include/vrpn_client_ros/time_manager.h:4[m[K,
[4.932s]                  from [01m[K/home/rob/praktikum_ws/src/vrpn_client_ros2/include/vrpn_client_ros/vrpn_client_ros.h:36[m[K,
[4.932s]                  from [01m[K/home/rob/praktikum_ws/src/vrpn_client_ros2/src/vrpn_client_ros.cpp:32[m[K:
[4.933s] [01m[K/opt/ros/galactic/include/rclcpp/duration.hpp:46:12:[m[K [01;36m[Knote: [m[Kdeclared here
[4.933s]    46 |   explicit [01;36m[KDuration[m[K(rcl_duration_value_t nanoseconds);
[4.933s]       |            [01;36m[K^~~~~~~~[m[K
[8.688s] [ 28%] [32mBuilding CXX object CMakeFiles/vrpn_client_ros.dir/src/time_manager.cpp.o[0m
[10.675s] In file included from [01m[K/home/rob/praktikum_ws/src/vrpn_client_ros2/src/time_manager.cpp:2[m[K:
[10.675s] [01m[K/home/rob/praktikum_ws/src/vrpn_client_ros2/include/vrpn_client_ros/time_manager.h:22:52:[m[K [01;35m[Kwarning: [m[K‘[01m[Krclcpp::Duration::Duration(rcl_duration_value_t)[m[K’ is deprecated: Use Duration::from_nanoseconds instead or std::chrono_literals. For example:rclcpp::Duration::from_nanoseconds(int64_variable);rclcpp::Duration(0ns); [[01;35m[K-Wdeprecated-declarations[m[K]
[10.676s]    22 |     rclcpp::Duration offset_ = rclcpp::Duration(0.0[01;35m[K)[m[K;
[10.676s]       |                                                    [01;35m[K^[m[K
[10.676s] In file included from [01m[K/opt/ros/galactic/include/rclcpp/qos.hpp:20[m[K,
[10.676s]                  from [01m[K/opt/ros/galactic/include/rclcpp/node_interfaces/node_graph_interface.hpp:31[m[K,
[10.676s]                  from [01m[K/opt/ros/galactic/include/rclcpp/client.hpp:34[m[K,
[10.676s]                  from [01m[K/opt/ros/galactic/include/rclcpp/callback_group.hpp:23[m[K,
[10.677s]                  from [01m[K/opt/ros/galactic/include/rclcpp/any_executable.hpp:20[m[K,
[10.677s]                  from [01m[K/opt/ros/galactic/include/rclcpp/memory_strategy.hpp:25[m[K,
[10.677s]                  from [01m[K/opt/ros/galactic/include/rclcpp/memory_strategies.hpp:18[m[K,
[10.677s]                  from [01m[K/opt/ros/galactic/include/rclcpp/executor_options.hpp:20[m[K,
[10.677s]                  from [01m[K/opt/ros/galactic/include/rclcpp/executor.hpp:36[m[K,
[10.677s]                  from [01m[K/opt/ros/galactic/include/rclcpp/executors/multi_threaded_executor.hpp:26[m[K,
[10.677s]                  from [01m[K/opt/ros/galactic/include/rclcpp/executors.hpp:21[m[K,
[10.677s]                  from [01m[K/opt/ros/galactic/include/rclcpp/rclcpp.hpp:156[m[K,
[10.678s]                  from [01m[K/home/rob/praktikum_ws/src/vrpn_client_ros2/include/vrpn_client_ros/time_manager.h:4[m[K,
[10.678s]                  from [01m[K/home/rob/praktikum_ws/src/vrpn_client_ros2/src/time_manager.cpp:2[m[K:
[10.678s] [01m[K/opt/ros/galactic/include/rclcpp/duration.hpp:46:12:[m[K [01;36m[Knote: [m[Kdeclared here
[10.678s]    46 |   explicit [01;36m[KDuration[m[K(rcl_duration_value_t nanoseconds);
[10.678s]       |            [01;36m[K^~~~~~~~[m[K
[10.680s] [01m[K/home/rob/praktikum_ws/src/vrpn_client_ros2/src/time_manager.cpp:[m[K In member function ‘[01m[Krclcpp::Time vrpn_client_ros::TimeManager::resolve_timestamp(const timeval&, rclcpp::Node::SharedPtr)[m[K’:
[10.680s] [01m[K/home/rob/praktikum_ws/src/vrpn_client_ros2/src/time_manager.cpp:34:45:[m[K [01;35m[Kwarning: [m[K‘[01m[Krclcpp::Duration::Duration(rcl_duration_value_t)[m[K’ is deprecated: Use Duration::from_nanoseconds instead or std::chrono_literals. For example:rclcpp::Duration::from_nanoseconds(int64_variable);rclcpp::Duration(0ns); [[01;35m[K-Wdeprecated-declarations[m[K]
[10.680s]    34 |       offset_ = rclcpp::Duration(min_offset_[01;35m[K)[m[K;
[10.680s]       |                                             [01;35m[K^[m[K
[10.681s] In file included from [01m[K/opt/ros/galactic/include/rclcpp/qos.hpp:20[m[K,
[10.681s]                  from [01m[K/opt/ros/galactic/include/rclcpp/node_interfaces/node_graph_interface.hpp:31[m[K,
[10.681s]                  from [01m[K/opt/ros/galactic/include/rclcpp/client.hpp:34[m[K,
[10.681s]                  from [01m[K/opt/ros/galactic/include/rclcpp/callback_group.hpp:23[m[K,
[10.681s]                  from [01m[K/opt/ros/galactic/include/rclcpp/any_executable.hpp:20[m[K,
[10.681s]                  from [01m[K/opt/ros/galactic/include/rclcpp/memory_strategy.hpp:25[m[K,
[10.681s]                  from [01m[K/opt/ros/galactic/include/rclcpp/memory_strategies.hpp:18[m[K,
[10.682s]                  from [01m[K/opt/ros/galactic/include/rclcpp/executor_options.hpp:20[m[K,
[10.682s]                  from [01m[K/opt/ros/galactic/include/rclcpp/executor.hpp:36[m[K,
[10.682s]                  from [01m[K/opt/ros/galactic/include/rclcpp/executors/multi_threaded_executor.hpp:26[m[K,
[10.682s]                  from [01m[K/opt/ros/galactic/include/rclcpp/executors.hpp:21[m[K,
[10.682s]                  from [01m[K/opt/ros/galactic/include/rclcpp/rclcpp.hpp:156[m[K,
[10.682s]                  from [01m[K/home/rob/praktikum_ws/src/vrpn_client_ros2/include/vrpn_client_ros/time_manager.h:4[m[K,
[10.682s]                  from [01m[K/home/rob/praktikum_ws/src/vrpn_client_ros2/src/time_manager.cpp:2[m[K:
[10.682s] [01m[K/opt/ros/galactic/include/rclcpp/duration.hpp:46:12:[m[K [01;36m[Knote: [m[Kdeclared here
[10.683s]    46 |   explicit [01;36m[KDuration[m[K(rcl_duration_value_t nanoseconds);
[10.683s]       |            [01;36m[K^~~~~~~~[m[K
[11.427s] [ 42%] [32m[1mLinking CXX static library libvrpn_client_ros.a[0m
[11.500s] [ 42%] Built target vrpn_client_ros
[11.511s] [35m[1mScanning dependencies of target vrpn_client_node[0m
[11.578s] [ 57%] [32mBuilding CXX object CMakeFiles/vrpn_client_node.dir/src/vrpn_client_node.cpp.o[0m
[13.646s] In file included from [01m[K/home/rob/praktikum_ws/src/vrpn_client_ros2/include/vrpn_client_ros/vrpn_client_ros.h:36[m[K,
[13.646s]                  from [01m[K/home/rob/praktikum_ws/src/vrpn_client_ros2/src/vrpn_client_node.cpp:32[m[K:
[13.646s] [01m[K/home/rob/praktikum_ws/src/vrpn_client_ros2/include/vrpn_client_ros/time_manager.h:22:52:[m[K [01;35m[Kwarning: [m[K‘[01m[Krclcpp::Duration::Duration(rcl_duration_value_t)[m[K’ is deprecated: Use Duration::from_nanoseconds instead or std::chrono_literals. For example:rclcpp::Duration::from_nanoseconds(int64_variable);rclcpp::Duration(0ns); [[01;35m[K-Wdeprecated-declarations[m[K]
[13.646s]    22 |     rclcpp::Duration offset_ = rclcpp::Duration(0.0[01;35m[K)[m[K;
[13.647s]       |                                                    [01;35m[K^[m[K
[13.647s] In file included from [01m[K/opt/ros/galactic/include/rclcpp/qos.hpp:20[m[K,
[13.647s]                  from [01m[K/opt/ros/galactic/include/rclcpp/node_interfaces/node_graph_interface.hpp:31[m[K,
[13.647s]                  from [01m[K/opt/ros/galactic/include/rclcpp/client.hpp:34[m[K,
[13.647s]                  from [01m[K/opt/ros/galactic/include/rclcpp/callback_group.hpp:23[m[K,
[13.647s]                  from [01m[K/opt/ros/galactic/include/rclcpp/any_executable.hpp:20[m[K,
[13.648s]                  from [01m[K/opt/ros/galactic/include/rclcpp/memory_strategy.hpp:25[m[K,
[13.648s]                  from [01m[K/opt/ros/galactic/include/rclcpp/memory_strategies.hpp:18[m[K,
[13.648s]                  from [01m[K/opt/ros/galactic/include/rclcpp/executor_options.hpp:20[m[K,
[13.648s]                  from [01m[K/opt/ros/galactic/include/rclcpp/executor.hpp:36[m[K,
[13.648s]                  from [01m[K/opt/ros/galactic/include/rclcpp/executors/multi_threaded_executor.hpp:26[m[K,
[13.648s]                  from [01m[K/opt/ros/galactic/include/rclcpp/executors.hpp:21[m[K,
[13.648s]                  from [01m[K/opt/ros/galactic/include/rclcpp/rclcpp.hpp:156[m[K,
[13.649s]                  from [01m[K/home/rob/praktikum_ws/src/vrpn_client_ros2/include/vrpn_client_ros/time_manager.h:4[m[K,
[13.649s]                  from [01m[K/home/rob/praktikum_ws/src/vrpn_client_ros2/include/vrpn_client_ros/vrpn_client_ros.h:36[m[K,
[13.649s]                  from [01m[K/home/rob/praktikum_ws/src/vrpn_client_ros2/src/vrpn_client_node.cpp:32[m[K:
[13.649s] [01m[K/opt/ros/galactic/include/rclcpp/duration.hpp:46:12:[m[K [01;36m[Knote: [m[Kdeclared here
[13.649s]    46 |   explicit [01;36m[KDuration[m[K(rcl_duration_value_t nanoseconds);
[13.649s]       |            [01;36m[K^~~~~~~~[m[K
[14.581s] [ 71%] [32m[1mLinking CXX executable vrpn_client_node[0m
[14.923s] [ 71%] Built target vrpn_client_node
[14.933s] [35m[1mScanning dependencies of target vrpn_tracker_node[0m
[14.993s] [ 85%] [32mBuilding CXX object CMakeFiles/vrpn_tracker_node.dir/src/vrpn_tracker_node.cpp.o[0m
[16.947s] In file included from [01m[K/home/rob/praktikum_ws/src/vrpn_client_ros2/include/vrpn_client_ros/vrpn_client_ros.h:36[m[K,
[16.947s]                  from [01m[K/home/rob/praktikum_ws/src/vrpn_client_ros2/src/vrpn_tracker_node.cpp:32[m[K:
[16.948s] [01m[K/home/rob/praktikum_ws/src/vrpn_client_ros2/include/vrpn_client_ros/time_manager.h:22:52:[m[K [01;35m[Kwarning: [m[K‘[01m[Krclcpp::Duration::Duration(rcl_duration_value_t)[m[K’ is deprecated: Use Duration::from_nanoseconds instead or std::chrono_literals. For example:rclcpp::Duration::from_nanoseconds(int64_variable);rclcpp::Duration(0ns); [[01;35m[K-Wdeprecated-declarations[m[K]
[16.948s]    22 |     rclcpp::Duration offset_ = rclcpp::Duration(0.0[01;35m[K)[m[K;
[16.948s]       |                                                    [01;35m[K^[m[K
[16.948s] In file included from [01m[K/opt/ros/galactic/include/rclcpp/qos.hpp:20[m[K,
[16.948s]                  from [01m[K/opt/ros/galactic/include/rclcpp/node_interfaces/node_graph_interface.hpp:31[m[K,
[16.948s]                  from [01m[K/opt/ros/galactic/include/rclcpp/client.hpp:34[m[K,
[16.948s]                  from [01m[K/opt/ros/galactic/include/rclcpp/callback_group.hpp:23[m[K,
[16.949s]                  from [01m[K/opt/ros/galactic/include/rclcpp/any_executable.hpp:20[m[K,
[16.949s]                  from [01m[K/opt/ros/galactic/include/rclcpp/memory_strategy.hpp:25[m[K,
[16.949s]                  from [01m[K/opt/ros/galactic/include/rclcpp/memory_strategies.hpp:18[m[K,
[16.949s]                  from [01m[K/opt/ros/galactic/include/rclcpp/executor_options.hpp:20[m[K,
[16.949s]                  from [01m[K/opt/ros/galactic/include/rclcpp/executor.hpp:36[m[K,
[16.949s]                  from [01m[K/opt/ros/galactic/include/rclcpp/executors/multi_threaded_executor.hpp:26[m[K,
[16.949s]                  from [01m[K/opt/ros/galactic/include/rclcpp/executors.hpp:21[m[K,
[16.949s]                  from [01m[K/opt/ros/galactic/include/rclcpp/rclcpp.hpp:156[m[K,
[16.950s]                  from [01m[K/home/rob/praktikum_ws/src/vrpn_client_ros2/include/vrpn_client_ros/time_manager.h:4[m[K,
[16.950s]                  from [01m[K/home/rob/praktikum_ws/src/vrpn_client_ros2/include/vrpn_client_ros/vrpn_client_ros.h:36[m[K,
[16.950s]                  from [01m[K/home/rob/praktikum_ws/src/vrpn_client_ros2/src/vrpn_tracker_node.cpp:32[m[K:
[16.950s] [01m[K/opt/ros/galactic/include/rclcpp/duration.hpp:46:12:[m[K [01;36m[Knote: [m[Kdeclared here
[16.950s]    46 |   explicit [01;36m[KDuration[m[K(rcl_duration_value_t nanoseconds);
[16.950s]       |            [01;36m[K^~~~~~~~[m[K
[17.830s] [100%] [32m[1mLinking CXX executable vrpn_tracker_node[0m
[18.124s] [100%] Built target vrpn_tracker_node
[18.137s] Invoked command in '/home/rob/praktikum_ws/build/vrpn_client_ros' returned '0': CMAKE_PREFIX_PATH=${CMAKE_PREFIX_PATH}:/home/rob/praktikum_ws/install/rob_praktikum:/opt/ros/galactic /usr/bin/cmake --build /home/rob/praktikum_ws/build/vrpn_client_ros -- -j1 -l1
[18.172s] Invoking command in '/home/rob/praktikum_ws/build/vrpn_client_ros': CMAKE_PREFIX_PATH=${CMAKE_PREFIX_PATH}:/home/rob/praktikum_ws/install/rob_praktikum:/opt/ros/galactic /usr/bin/cmake --install /home/rob/praktikum_ws/build/vrpn_client_ros
[18.182s] -- Install configuration: ""
[18.182s] -- Installing: /home/rob/praktikum_ws/install/vrpn_client_ros/share/vrpn_client_ros//launch
[18.183s] -- Installing: /home/rob/praktikum_ws/install/vrpn_client_ros/share/vrpn_client_ros//launch/sample.launch.py
[18.183s] -- Installing: /home/rob/praktikum_ws/install/vrpn_client_ros/share/vrpn_client_ros//config
[18.183s] -- Installing: /home/rob/praktikum_ws/install/vrpn_client_ros/share/vrpn_client_ros//config/rob_optitrack.params.yaml
[18.184s] -- Installing: /home/rob/praktikum_ws/install/vrpn_client_ros/share/vrpn_client_ros//config/sample.params.yaml~
[18.184s] -- Installing: /home/rob/praktikum_ws/install/vrpn_client_ros/lib/libvrpn_client_ros.a
[18.187s] -- Installing: /home/rob/praktikum_ws/install/vrpn_client_ros/lib/vrpn_client_ros/vrpn_tracker_node
[18.190s] -- Set runtime path of "/home/rob/praktikum_ws/install/vrpn_client_ros/lib/vrpn_client_ros/vrpn_tracker_node" to ""
[18.190s] -- Installing: /home/rob/praktikum_ws/install/vrpn_client_ros/lib/vrpn_client_ros/vrpn_client_node
[18.193s] -- Set runtime path of "/home/rob/praktikum_ws/install/vrpn_client_ros/lib/vrpn_client_ros/vrpn_client_node" to ""
[18.193s] -- Installing: /home/rob/praktikum_ws/install/vrpn_client_ros/share/ament_index/resource_index/package_run_dependencies/vrpn_client_ros
[18.194s] -- Installing: /home/rob/praktikum_ws/install/vrpn_client_ros/share/ament_index/resource_index/parent_prefix_path/vrpn_client_ros
[18.194s] -- Installing: /home/rob/praktikum_ws/install/vrpn_client_ros/share/vrpn_client_ros/environment/ament_prefix_path.sh
[18.194s] -- Installing: /home/rob/praktikum_ws/install/vrpn_client_ros/share/vrpn_client_ros/environment/ament_prefix_path.dsv
[18.195s] -- Installing: /home/rob/praktikum_ws/install/vrpn_client_ros/share/vrpn_client_ros/environment/path.sh
[18.195s] -- Installing: /home/rob/praktikum_ws/install/vrpn_client_ros/share/vrpn_client_ros/environment/path.dsv
[18.195s] -- Installing: /home/rob/praktikum_ws/install/vrpn_client_ros/share/vrpn_client_ros/local_setup.bash
[18.196s] -- Installing: /home/rob/praktikum_ws/install/vrpn_client_ros/share/vrpn_client_ros/local_setup.sh
[18.196s] -- Installing: /home/rob/praktikum_ws/install/vrpn_client_ros/share/vrpn_client_ros/local_setup.zsh
[18.196s] -- Installing: /home/rob/praktikum_ws/install/vrpn_client_ros/share/vrpn_client_ros/local_setup.dsv
[18.197s] -- Installing: /home/rob/praktikum_ws/install/vrpn_client_ros/share/vrpn_client_ros/package.dsv
[18.197s] -- Installing: /home/rob/praktikum_ws/install/vrpn_client_ros/share/ament_index/resource_index/packages/vrpn_client_ros
[18.197s] -- Installing: /home/rob/praktikum_ws/install/vrpn_client_ros/share/vrpn_client_ros/cmake/vrpn_client_rosConfig.cmake
[18.198s] -- Installing: /home/rob/praktikum_ws/install/vrpn_client_ros/share/vrpn_client_ros/cmake/vrpn_client_rosConfig-version.cmake
[18.198s] -- Installing: /home/rob/praktikum_ws/install/vrpn_client_ros/share/vrpn_client_ros/package.xml
[18.205s] Invoked command in '/home/rob/praktikum_ws/build/vrpn_client_ros' returned '0': CMAKE_PREFIX_PATH=${CMAKE_PREFIX_PATH}:/home/rob/praktikum_ws/install/rob_praktikum:/opt/ros/galactic /usr/bin/cmake --install /home/rob/praktikum_ws/build/vrpn_client_ros
