[0.327s] DEBUG:colcon:Command line arguments: ['/usr/bin/colcon', 'build']
[0.327s] DEBUG:colcon:Parsed command line arguments: Namespace(allow_overriding=[], ament_cmake_args=None, base_paths=['.'], build_base='build', catkin_cmake_args=None, catkin_skip_building_tests=False, cmake_args=None, cmake_clean_cache=False, cmake_clean_first=False, cmake_force_configure=False, cmake_target=None, cmake_target_skip_unavailable=False, continue_on_error=False, event_handlers=None, executor='parallel', ignore_user_meta=False, install_base='install', log_base=None, log_level=None, main=<bound method BuildVerb.main of <colcon_core.verb.build.BuildVerb object at 0x7fa67e0950a0>>, merge_install=False, metas=['./colcon.meta'], mixin=None, mixin_files=None, mixin_verb=('build',), packages_above=None, packages_above_and_dependencies=None, packages_above_depth=None, packages_end=None, packages_ignore=None, packages_ignore_regex=None, packages_select=None, packages_select_build_failed=False, packages_select_by_dep=None, packages_select_regex=None, packages_select_test_failures=False, packages_skip=None, packages_skip_build_finished=False, packages_skip_by_dep=None, packages_skip_regex=None, packages_skip_test_passed=False, packages_skip_up_to=None, packages_start=None, packages_up_to=None, packages_up_to_regex=None, parallel_workers=1, paths=None, symlink_install=False, test_result_base=None, verb_extension=<colcon_core.verb.build.BuildVerb object at 0x7fa67e0950a0>, verb_name='build', verb_parser=<colcon_mixin.mixin.mixin_argument.MixinArgumentDecorator object at 0x7fa67e095700>)
[0.360s] Level 1:colcon.colcon_core.package_discovery:discover_packages(colcon_meta) check parameters
[0.360s] Level 1:colcon.colcon_core.package_discovery:discover_packages(recursive) check parameters
[0.360s] Level 1:colcon.colcon_core.package_discovery:discover_packages(ignore) check parameters
[0.360s] Level 1:colcon.colcon_core.package_discovery:discover_packages(path) check parameters
[0.361s] Level 1:colcon.colcon_core.package_discovery:discover_packages(colcon_meta) discover
[0.361s] Level 1:colcon.colcon_core.package_discovery:discover_packages(recursive) discover
[0.361s] INFO:colcon.colcon_core.package_discovery:Crawling recursively for packages in '/home/rob/praktikum_ws'
[0.361s] Level 1:colcon.colcon_core.package_identification:_identify(.) by extensions ['ignore', 'ignore_ament_install']
[0.361s] Level 1:colcon.colcon_core.package_identification:_identify(.) by extension 'ignore'
[0.361s] Level 1:colcon.colcon_core.package_identification:_identify(.) by extension 'ignore_ament_install'
[0.361s] Level 1:colcon.colcon_core.package_identification:_identify(.) by extensions ['colcon_pkg']
[0.361s] Level 1:colcon.colcon_core.package_identification:_identify(.) by extension 'colcon_pkg'
[0.361s] Level 1:colcon.colcon_core.package_identification:_identify(.) by extensions ['colcon_meta']
[0.361s] Level 1:colcon.colcon_core.package_identification:_identify(.) by extension 'colcon_meta'
[0.361s] Level 1:colcon.colcon_core.package_identification:_identify(.) by extensions ['ros']
[0.361s] Level 1:colcon.colcon_core.package_identification:_identify(.) by extension 'ros'
[0.386s] Level 1:colcon.colcon_core.package_identification:_identify(.) by extensions ['cmake', 'python']
[0.386s] Level 1:colcon.colcon_core.package_identification:_identify(.) by extension 'cmake'
[0.386s] Level 1:colcon.colcon_core.package_identification:_identify(.) by extension 'python'
[0.386s] Level 1:colcon.colcon_core.package_identification:_identify(.) by extensions ['python_setup_py']
[0.386s] Level 1:colcon.colcon_core.package_identification:_identify(.) by extension 'python_setup_py'
[0.386s] Level 1:colcon.colcon_core.package_identification:_identify(build) by extensions ['ignore', 'ignore_ament_install']
[0.386s] Level 1:colcon.colcon_core.package_identification:_identify(build) by extension 'ignore'
[0.386s] Level 1:colcon.colcon_core.package_identification:_identify(build) ignored
[0.387s] Level 1:colcon.colcon_core.package_identification:_identify(install) by extensions ['ignore', 'ignore_ament_install']
[0.387s] Level 1:colcon.colcon_core.package_identification:_identify(install) by extension 'ignore'
[0.387s] Level 1:colcon.colcon_core.package_identification:_identify(install) ignored
[0.387s] Level 1:colcon.colcon_core.package_identification:_identify(log) by extensions ['ignore', 'ignore_ament_install']
[0.387s] Level 1:colcon.colcon_core.package_identification:_identify(log) by extension 'ignore'
[0.387s] Level 1:colcon.colcon_core.package_identification:_identify(log) ignored
[0.387s] Level 1:colcon.colcon_core.package_identification:_identify(src) by extensions ['ignore', 'ignore_ament_install']
[0.387s] Level 1:colcon.colcon_core.package_identification:_identify(src) by extension 'ignore'
[0.387s] Level 1:colcon.colcon_core.package_identification:_identify(src) by extension 'ignore_ament_install'
[0.387s] Level 1:colcon.colcon_core.package_identification:_identify(src) by extensions ['colcon_pkg']
[0.388s] Level 1:colcon.colcon_core.package_identification:_identify(src) by extension 'colcon_pkg'
[0.388s] Level 1:colcon.colcon_core.package_identification:_identify(src) by extensions ['colcon_meta']
[0.388s] Level 1:colcon.colcon_core.package_identification:_identify(src) by extension 'colcon_meta'
[0.388s] Level 1:colcon.colcon_core.package_identification:_identify(src) by extensions ['ros']
[0.388s] Level 1:colcon.colcon_core.package_identification:_identify(src) by extension 'ros'
[0.388s] Level 1:colcon.colcon_core.package_identification:_identify(src) by extensions ['cmake', 'python']
[0.388s] Level 1:colcon.colcon_core.package_identification:_identify(src) by extension 'cmake'
[0.388s] Level 1:colcon.colcon_core.package_identification:_identify(src) by extension 'python'
[0.388s] Level 1:colcon.colcon_core.package_identification:_identify(src) by extensions ['python_setup_py']
[0.388s] Level 1:colcon.colcon_core.package_identification:_identify(src) by extension 'python_setup_py'
[0.388s] Level 1:colcon.colcon_core.package_identification:_identify(src/pymoveit2) by extensions ['ignore', 'ignore_ament_install']
[0.389s] Level 1:colcon.colcon_core.package_identification:_identify(src/pymoveit2) by extension 'ignore'
[0.389s] Level 1:colcon.colcon_core.package_identification:_identify(src/pymoveit2) by extension 'ignore_ament_install'
[0.389s] Level 1:colcon.colcon_core.package_identification:_identify(src/pymoveit2) by extensions ['colcon_pkg']
[0.389s] Level 1:colcon.colcon_core.package_identification:_identify(src/pymoveit2) by extension 'colcon_pkg'
[0.389s] Level 1:colcon.colcon_core.package_identification:_identify(src/pymoveit2) by extensions ['colcon_meta']
[0.389s] Level 1:colcon.colcon_core.package_identification:_identify(src/pymoveit2) by extension 'colcon_meta'
[0.389s] Level 1:colcon.colcon_core.package_identification:_identify(src/pymoveit2) by extensions ['ros']
[0.389s] Level 1:colcon.colcon_core.package_identification:_identify(src/pymoveit2) by extension 'ros'
[0.393s] DEBUG:colcon.colcon_core.package_identification:Package 'src/pymoveit2' with type 'ros.ament_cmake' and name 'pymoveit2'
[0.393s] Level 1:colcon.colcon_core.package_identification:_identify(src/robprakt) by extensions ['ignore', 'ignore_ament_install']
[0.393s] Level 1:colcon.colcon_core.package_identification:_identify(src/robprakt) by extension 'ignore'
[0.393s] Level 1:colcon.colcon_core.package_identification:_identify(src/robprakt) by extension 'ignore_ament_install'
[0.393s] Level 1:colcon.colcon_core.package_identification:_identify(src/robprakt) by extensions ['colcon_pkg']
[0.393s] Level 1:colcon.colcon_core.package_identification:_identify(src/robprakt) by extension 'colcon_pkg'
[0.393s] Level 1:colcon.colcon_core.package_identification:_identify(src/robprakt) by extensions ['colcon_meta']
[0.393s] Level 1:colcon.colcon_core.package_identification:_identify(src/robprakt) by extension 'colcon_meta'
[0.393s] Level 1:colcon.colcon_core.package_identification:_identify(src/robprakt) by extensions ['ros']
[0.393s] Level 1:colcon.colcon_core.package_identification:_identify(src/robprakt) by extension 'ros'
[0.395s] DEBUG:colcon.colcon_core.package_identification:Package 'src/robprakt' with type 'ros.ament_python' and name 'robprakt'
[0.395s] Level 1:colcon.colcon_core.package_identification:_identify(src/robprakt_interfaces) by extensions ['ignore', 'ignore_ament_install']
[0.395s] Level 1:colcon.colcon_core.package_identification:_identify(src/robprakt_interfaces) by extension 'ignore'
[0.395s] Level 1:colcon.colcon_core.package_identification:_identify(src/robprakt_interfaces) by extension 'ignore_ament_install'
[0.395s] Level 1:colcon.colcon_core.package_identification:_identify(src/robprakt_interfaces) by extensions ['colcon_pkg']
[0.395s] Level 1:colcon.colcon_core.package_identification:_identify(src/robprakt_interfaces) by extension 'colcon_pkg'
[0.395s] Level 1:colcon.colcon_core.package_identification:_identify(src/robprakt_interfaces) by extensions ['colcon_meta']
[0.395s] Level 1:colcon.colcon_core.package_identification:_identify(src/robprakt_interfaces) by extension 'colcon_meta'
[0.395s] Level 1:colcon.colcon_core.package_identification:_identify(src/robprakt_interfaces) by extensions ['ros']
[0.396s] Level 1:colcon.colcon_core.package_identification:_identify(src/robprakt_interfaces) by extension 'ros'
[0.397s] DEBUG:colcon.colcon_core.package_identification:Package 'src/robprakt_interfaces' with type 'ros.ament_cmake' and name 'robprakt_interfaces'
[0.397s] Level 1:colcon.colcon_core.package_identification:_identify(src/vrpn-release) by extensions ['ignore', 'ignore_ament_install']
[0.397s] Level 1:colcon.colcon_core.package_identification:_identify(src/vrpn-release) by extension 'ignore'
[0.398s] Level 1:colcon.colcon_core.package_identification:_identify(src/vrpn-release) by extension 'ignore_ament_install'
[0.398s] Level 1:colcon.colcon_core.package_identification:_identify(src/vrpn-release) by extensions ['colcon_pkg']
[0.398s] Level 1:colcon.colcon_core.package_identification:_identify(src/vrpn-release) by extension 'colcon_pkg'
[0.398s] Level 1:colcon.colcon_core.package_identification:_identify(src/vrpn-release) by extensions ['colcon_meta']
[0.398s] Level 1:colcon.colcon_core.package_identification:_identify(src/vrpn-release) by extension 'colcon_meta'
[0.398s] Level 1:colcon.colcon_core.package_identification:_identify(src/vrpn-release) by extensions ['ros']
[0.398s] Level 1:colcon.colcon_core.package_identification:_identify(src/vrpn-release) by extension 'ros'
[0.399s] DEBUG:colcon.colcon_core.package_identification:Package 'src/vrpn-release' with type 'ros.cmake' and name 'vrpn'
[0.399s] Level 1:colcon.colcon_core.package_identification:_identify(src/vrpn_client_ros2) by extensions ['ignore', 'ignore_ament_install']
[0.399s] Level 1:colcon.colcon_core.package_identification:_identify(src/vrpn_client_ros2) by extension 'ignore'
[0.399s] Level 1:colcon.colcon_core.package_identification:_identify(src/vrpn_client_ros2) by extension 'ignore_ament_install'
[0.399s] Level 1:colcon.colcon_core.package_identification:_identify(src/vrpn_client_ros2) by extensions ['colcon_pkg']
[0.399s] Level 1:colcon.colcon_core.package_identification:_identify(src/vrpn_client_ros2) by extension 'colcon_pkg'
[0.399s] Level 1:colcon.colcon_core.package_identification:_identify(src/vrpn_client_ros2) by extensions ['colcon_meta']
[0.400s] Level 1:colcon.colcon_core.package_identification:_identify(src/vrpn_client_ros2) by extension 'colcon_meta'
[0.400s] Level 1:colcon.colcon_core.package_identification:_identify(src/vrpn_client_ros2) by extensions ['ros']
[0.400s] Level 1:colcon.colcon_core.package_identification:_identify(src/vrpn_client_ros2) by extension 'ros'
[0.401s] DEBUG:colcon.colcon_core.package_identification:Package 'src/vrpn_client_ros2' with type 'ros.ament_cmake' and name 'vrpn_client_ros'
[0.401s] Level 1:colcon.colcon_core.package_discovery:discover_packages(recursive) using defaults
[0.401s] Level 1:colcon.colcon_core.package_discovery:discover_packages(ignore) discover
[0.401s] Level 1:colcon.colcon_core.package_discovery:discover_packages(ignore) using defaults
[0.401s] Level 1:colcon.colcon_core.package_discovery:discover_packages(path) discover
[0.401s] Level 1:colcon.colcon_core.package_discovery:discover_packages(path) using defaults
[0.433s] Level 1:colcon.colcon_core.package_discovery:discover_packages(prefix_path) check parameters
[0.433s] Level 1:colcon.colcon_core.package_discovery:discover_packages(prefix_path) discover
[0.436s] DEBUG:colcon.colcon_installed_package_information.package_discovery:Found 1 installed packages in /home/rob/ws_pymoveit2/install
[0.440s] DEBUG:colcon.colcon_installed_package_information.package_discovery:Found 329 installed packages in /opt/ros/galactic
[0.444s] Level 1:colcon.colcon_core.package_discovery:discover_packages(prefix_path) using defaults
[0.583s] Level 5:colcon.colcon_core.verb:set package 'pymoveit2' build argument 'cmake_args' from command line to 'None'
[0.584s] Level 5:colcon.colcon_core.verb:set package 'pymoveit2' build argument 'cmake_target' from command line to 'None'
[0.584s] Level 5:colcon.colcon_core.verb:set package 'pymoveit2' build argument 'cmake_target_skip_unavailable' from command line to 'False'
[0.584s] Level 5:colcon.colcon_core.verb:set package 'pymoveit2' build argument 'cmake_clean_cache' from command line to 'False'
[0.584s] Level 5:colcon.colcon_core.verb:set package 'pymoveit2' build argument 'cmake_clean_first' from command line to 'False'
[0.584s] Level 5:colcon.colcon_core.verb:set package 'pymoveit2' build argument 'cmake_force_configure' from command line to 'False'
[0.584s] Level 5:colcon.colcon_core.verb:set package 'pymoveit2' build argument 'ament_cmake_args' from command line to 'None'
[0.584s] Level 5:colcon.colcon_core.verb:set package 'pymoveit2' build argument 'catkin_cmake_args' from command line to 'None'
[0.584s] Level 5:colcon.colcon_core.verb:set package 'pymoveit2' build argument 'catkin_skip_building_tests' from command line to 'False'
[0.584s] DEBUG:colcon.colcon_core.verb:Building package 'pymoveit2' with the following arguments: {'ament_cmake_args': None, 'build_base': '/home/rob/praktikum_ws/build/pymoveit2', 'catkin_cmake_args': None, 'catkin_skip_building_tests': False, 'cmake_args': None, 'cmake_clean_cache': False, 'cmake_clean_first': False, 'cmake_force_configure': False, 'cmake_target': None, 'cmake_target_skip_unavailable': False, 'install_base': '/home/rob/praktikum_ws/install/pymoveit2', 'merge_install': False, 'path': '/home/rob/praktikum_ws/src/pymoveit2', 'symlink_install': False, 'test_result_base': None}
[0.586s] Level 5:colcon.colcon_core.verb:set package 'robprakt_interfaces' build argument 'cmake_args' from command line to 'None'
[0.586s] Level 5:colcon.colcon_core.verb:set package 'robprakt_interfaces' build argument 'cmake_target' from command line to 'None'
[0.586s] Level 5:colcon.colcon_core.verb:set package 'robprakt_interfaces' build argument 'cmake_target_skip_unavailable' from command line to 'False'
[0.586s] Level 5:colcon.colcon_core.verb:set package 'robprakt_interfaces' build argument 'cmake_clean_cache' from command line to 'False'
[0.586s] Level 5:colcon.colcon_core.verb:set package 'robprakt_interfaces' build argument 'cmake_clean_first' from command line to 'False'
[0.586s] Level 5:colcon.colcon_core.verb:set package 'robprakt_interfaces' build argument 'cmake_force_configure' from command line to 'False'
[0.586s] Level 5:colcon.colcon_core.verb:set package 'robprakt_interfaces' build argument 'ament_cmake_args' from command line to 'None'
[0.586s] Level 5:colcon.colcon_core.verb:set package 'robprakt_interfaces' build argument 'catkin_cmake_args' from command line to 'None'
[0.586s] Level 5:colcon.colcon_core.verb:set package 'robprakt_interfaces' build argument 'catkin_skip_building_tests' from command line to 'False'
[0.586s] DEBUG:colcon.colcon_core.verb:Building package 'robprakt_interfaces' with the following arguments: {'ament_cmake_args': None, 'build_base': '/home/rob/praktikum_ws/build/robprakt_interfaces', 'catkin_cmake_args': None, 'catkin_skip_building_tests': False, 'cmake_args': None, 'cmake_clean_cache': False, 'cmake_clean_first': False, 'cmake_force_configure': False, 'cmake_target': None, 'cmake_target_skip_unavailable': False, 'install_base': '/home/rob/praktikum_ws/install/robprakt_interfaces', 'merge_install': False, 'path': '/home/rob/praktikum_ws/src/robprakt_interfaces', 'symlink_install': False, 'test_result_base': None}
[0.588s] Level 5:colcon.colcon_core.verb:set package 'vrpn' build argument 'cmake_args' from command line to 'None'
[0.588s] Level 5:colcon.colcon_core.verb:set package 'vrpn' build argument 'cmake_target' from command line to 'None'
[0.588s] Level 5:colcon.colcon_core.verb:set package 'vrpn' build argument 'cmake_target_skip_unavailable' from command line to 'False'
[0.588s] Level 5:colcon.colcon_core.verb:set package 'vrpn' build argument 'cmake_clean_cache' from command line to 'False'
[0.588s] Level 5:colcon.colcon_core.verb:set package 'vrpn' build argument 'cmake_clean_first' from command line to 'False'
[0.588s] Level 5:colcon.colcon_core.verb:set package 'vrpn' build argument 'cmake_force_configure' from command line to 'False'
[0.588s] Level 5:colcon.colcon_core.verb:set package 'vrpn' build argument 'ament_cmake_args' from command line to 'None'
[0.588s] Level 5:colcon.colcon_core.verb:set package 'vrpn' build argument 'catkin_cmake_args' from command line to 'None'
[0.588s] Level 5:colcon.colcon_core.verb:set package 'vrpn' build argument 'catkin_skip_building_tests' from command line to 'False'
[0.588s] DEBUG:colcon.colcon_core.verb:Building package 'vrpn' with the following arguments: {'ament_cmake_args': None, 'build_base': '/home/rob/praktikum_ws/build/vrpn', 'catkin_cmake_args': None, 'catkin_skip_building_tests': False, 'cmake_args': None, 'cmake_clean_cache': False, 'cmake_clean_first': False, 'cmake_force_configure': False, 'cmake_target': None, 'cmake_target_skip_unavailable': False, 'install_base': '/home/rob/praktikum_ws/install/vrpn', 'merge_install': False, 'path': '/home/rob/praktikum_ws/src/vrpn-release', 'symlink_install': False, 'test_result_base': None}
[0.590s] Level 5:colcon.colcon_core.verb:set package 'vrpn_client_ros' build argument 'cmake_args' from command line to 'None'
[0.590s] Level 5:colcon.colcon_core.verb:set package 'vrpn_client_ros' build argument 'cmake_target' from command line to 'None'
[0.590s] Level 5:colcon.colcon_core.verb:set package 'vrpn_client_ros' build argument 'cmake_target_skip_unavailable' from command line to 'False'
[0.590s] Level 5:colcon.colcon_core.verb:set package 'vrpn_client_ros' build argument 'cmake_clean_cache' from command line to 'False'
[0.590s] Level 5:colcon.colcon_core.verb:set package 'vrpn_client_ros' build argument 'cmake_clean_first' from command line to 'False'
[0.590s] Level 5:colcon.colcon_core.verb:set package 'vrpn_client_ros' build argument 'cmake_force_configure' from command line to 'False'
[0.590s] Level 5:colcon.colcon_core.verb:set package 'vrpn_client_ros' build argument 'ament_cmake_args' from command line to 'None'
[0.590s] Level 5:colcon.colcon_core.verb:set package 'vrpn_client_ros' build argument 'catkin_cmake_args' from command line to 'None'
[0.590s] Level 5:colcon.colcon_core.verb:set package 'vrpn_client_ros' build argument 'catkin_skip_building_tests' from command line to 'False'
[0.590s] DEBUG:colcon.colcon_core.verb:Building package 'vrpn_client_ros' with the following arguments: {'ament_cmake_args': None, 'build_base': '/home/rob/praktikum_ws/build/vrpn_client_ros', 'catkin_cmake_args': None, 'catkin_skip_building_tests': False, 'cmake_args': None, 'cmake_clean_cache': False, 'cmake_clean_first': False, 'cmake_force_configure': False, 'cmake_target': None, 'cmake_target_skip_unavailable': False, 'install_base': '/home/rob/praktikum_ws/install/vrpn_client_ros', 'merge_install': False, 'path': '/home/rob/praktikum_ws/src/vrpn_client_ros2', 'symlink_install': False, 'test_result_base': None}
[0.592s] Level 5:colcon.colcon_core.verb:set package 'robprakt' build argument 'cmake_args' from command line to 'None'
[0.592s] Level 5:colcon.colcon_core.verb:set package 'robprakt' build argument 'cmake_target' from command line to 'None'
[0.592s] Level 5:colcon.colcon_core.verb:set package 'robprakt' build argument 'cmake_target_skip_unavailable' from command line to 'False'
[0.592s] Level 5:colcon.colcon_core.verb:set package 'robprakt' build argument 'cmake_clean_cache' from command line to 'False'
[0.592s] Level 5:colcon.colcon_core.verb:set package 'robprakt' build argument 'cmake_clean_first' from command line to 'False'
[0.592s] Level 5:colcon.colcon_core.verb:set package 'robprakt' build argument 'cmake_force_configure' from command line to 'False'
[0.592s] Level 5:colcon.colcon_core.verb:set package 'robprakt' build argument 'ament_cmake_args' from command line to 'None'
[0.592s] Level 5:colcon.colcon_core.verb:set package 'robprakt' build argument 'catkin_cmake_args' from command line to 'None'
[0.592s] Level 5:colcon.colcon_core.verb:set package 'robprakt' build argument 'catkin_skip_building_tests' from command line to 'False'
[0.593s] DEBUG:colcon.colcon_core.verb:Building package 'robprakt' with the following arguments: {'ament_cmake_args': None, 'build_base': '/home/rob/praktikum_ws/build/robprakt', 'catkin_cmake_args': None, 'catkin_skip_building_tests': False, 'cmake_args': None, 'cmake_clean_cache': False, 'cmake_clean_first': False, 'cmake_force_configure': False, 'cmake_target': None, 'cmake_target_skip_unavailable': False, 'install_base': '/home/rob/praktikum_ws/install/robprakt', 'merge_install': False, 'path': '/home/rob/praktikum_ws/src/robprakt', 'symlink_install': False, 'test_result_base': None}
[0.594s] INFO:colcon.colcon_core.executor:Executing jobs using 'parallel' executor
[0.601s] DEBUG:colcon.colcon_parallel_executor.executor.parallel:run_until_complete
[0.601s] INFO:colcon.colcon_ros.task.ament_cmake.build:Building ROS package in '/home/rob/praktikum_ws/src/robprakt_interfaces' with build type 'ament_cmake'
[0.601s] INFO:colcon.colcon_cmake.task.cmake.build:Building CMake package in '/home/rob/praktikum_ws/src/robprakt_interfaces'
[0.608s] INFO:colcon.colcon_core.plugin_system:Skipping extension 'colcon_core.shell.bat': Not used on non-Windows systems
[0.608s] INFO:colcon.colcon_core.shell:Skip shell extension 'powershell' for command environment: Not usable outside of PowerShell
[0.608s] DEBUG:colcon.colcon_core.shell:Skip shell extension 'dsv' for command environment
[0.626s] DEBUG:colcon.colcon_core.event_handler.log_command:Invoking command in '/home/rob/praktikum_ws/build/robprakt_interfaces': CMAKE_PREFIX_PATH=${CMAKE_PREFIX_PATH}:/opt/ros/galactic /usr/bin/cmake --build /home/rob/praktikum_ws/build/robprakt_interfaces -- -j1 -l1
[1.104s] DEBUG:colcon.colcon_core.event_handler.log_command:Invoked command in '/home/rob/praktikum_ws/build/robprakt_interfaces' returned '0': CMAKE_PREFIX_PATH=${CMAKE_PREFIX_PATH}:/opt/ros/galactic /usr/bin/cmake --build /home/rob/praktikum_ws/build/robprakt_interfaces -- -j1 -l1
[1.168s] DEBUG:colcon.colcon_core.event_handler.log_command:Invoking command in '/home/rob/praktikum_ws/build/robprakt_interfaces': CMAKE_PREFIX_PATH=${CMAKE_PREFIX_PATH}:/opt/ros/galactic /usr/bin/cmake --install /home/rob/praktikum_ws/build/robprakt_interfaces
[1.276s] Level 1:colcon.colcon_core.environment:create_environment_scripts_only(robprakt_interfaces)
[1.277s] DEBUG:colcon.colcon_core.event_handler.log_command:Invoked command in '/home/rob/praktikum_ws/build/robprakt_interfaces' returned '0': CMAKE_PREFIX_PATH=${CMAKE_PREFIX_PATH}:/opt/ros/galactic /usr/bin/cmake --install /home/rob/praktikum_ws/build/robprakt_interfaces
[1.284s] Level 1:colcon.colcon_core.environment:checking '/home/rob/praktikum_ws/install/robprakt_interfaces' for CMake module files
[1.284s] Level 1:colcon.colcon_core.environment:checking '/home/rob/praktikum_ws/install/robprakt_interfaces' for CMake config files
[1.286s] Level 1:colcon.colcon_core.shell:create_environment_hook('robprakt_interfaces', 'cmake_prefix_path')
[1.288s] INFO:colcon.colcon_core.shell:Creating environment hook '/home/rob/praktikum_ws/install/robprakt_interfaces/share/robprakt_interfaces/hook/cmake_prefix_path.ps1'
[1.290s] INFO:colcon.colcon_core.shell:Creating environment descriptor '/home/rob/praktikum_ws/install/robprakt_interfaces/share/robprakt_interfaces/hook/cmake_prefix_path.dsv'
[1.290s] INFO:colcon.colcon_core.shell:Creating environment hook '/home/rob/praktikum_ws/install/robprakt_interfaces/share/robprakt_interfaces/hook/cmake_prefix_path.sh'
[1.292s] Level 1:colcon.colcon_core.environment:checking '/home/rob/praktikum_ws/install/robprakt_interfaces/lib'
[1.292s] Level 1:colcon.colcon_core.shell:create_environment_hook('robprakt_interfaces', 'ld_library_path_lib')
[1.294s] INFO:colcon.colcon_core.shell:Creating environment hook '/home/rob/praktikum_ws/install/robprakt_interfaces/share/robprakt_interfaces/hook/ld_library_path_lib.ps1'
[1.295s] INFO:colcon.colcon_core.shell:Creating environment descriptor '/home/rob/praktikum_ws/install/robprakt_interfaces/share/robprakt_interfaces/hook/ld_library_path_lib.dsv'
[1.295s] INFO:colcon.colcon_core.shell:Creating environment hook '/home/rob/praktikum_ws/install/robprakt_interfaces/share/robprakt_interfaces/hook/ld_library_path_lib.sh'
[1.295s] Level 1:colcon.colcon_core.environment:checking '/home/rob/praktikum_ws/install/robprakt_interfaces/bin'
[1.296s] Level 1:colcon.colcon_core.environment:checking '/home/rob/praktikum_ws/install/robprakt_interfaces/lib/pkgconfig/robprakt_interfaces.pc'
[1.296s] Level 1:colcon.colcon_core.environment:checking '/home/rob/praktikum_ws/install/robprakt_interfaces/lib/python3.8/site-packages'
[1.296s] Level 1:colcon.colcon_core.shell:create_environment_hook('robprakt_interfaces', 'pythonpath')
[1.298s] INFO:colcon.colcon_core.shell:Creating environment hook '/home/rob/praktikum_ws/install/robprakt_interfaces/share/robprakt_interfaces/hook/pythonpath.ps1'
[1.299s] INFO:colcon.colcon_core.shell:Creating environment descriptor '/home/rob/praktikum_ws/install/robprakt_interfaces/share/robprakt_interfaces/hook/pythonpath.dsv'
[1.299s] INFO:colcon.colcon_core.shell:Creating environment hook '/home/rob/praktikum_ws/install/robprakt_interfaces/share/robprakt_interfaces/hook/pythonpath.sh'
[1.300s] Level 1:colcon.colcon_core.environment:checking '/home/rob/praktikum_ws/install/robprakt_interfaces/bin'
[1.303s] INFO:colcon.colcon_core.shell:Creating package script '/home/rob/praktikum_ws/install/robprakt_interfaces/share/robprakt_interfaces/package.ps1'
[1.304s] INFO:colcon.colcon_core.shell:Creating package descriptor '/home/rob/praktikum_ws/install/robprakt_interfaces/share/robprakt_interfaces/package.dsv'
[1.305s] INFO:colcon.colcon_core.shell:Creating package script '/home/rob/praktikum_ws/install/robprakt_interfaces/share/robprakt_interfaces/package.sh'
[1.306s] INFO:colcon.colcon_core.shell:Creating package script '/home/rob/praktikum_ws/install/robprakt_interfaces/share/robprakt_interfaces/package.bash'
[1.307s] INFO:colcon.colcon_core.shell:Creating package script '/home/rob/praktikum_ws/install/robprakt_interfaces/share/robprakt_interfaces/package.zsh'
[1.308s] Level 1:colcon.colcon_core.environment:create_file_with_runtime_dependencies(/home/rob/praktikum_ws/install/robprakt_interfaces/share/colcon-core/packages/robprakt_interfaces)
[1.365s] Level 1:colcon.colcon_core.environment:create_environment_scripts_only(robprakt_interfaces)
[1.369s] Level 1:colcon.colcon_core.environment:checking '/home/rob/praktikum_ws/install/robprakt_interfaces' for CMake module files
[1.370s] Level 1:colcon.colcon_core.environment:checking '/home/rob/praktikum_ws/install/robprakt_interfaces' for CMake config files
[1.371s] Level 1:colcon.colcon_core.shell:create_environment_hook('robprakt_interfaces', 'cmake_prefix_path')
[1.375s] INFO:colcon.colcon_core.shell:Creating environment hook '/home/rob/praktikum_ws/install/robprakt_interfaces/share/robprakt_interfaces/hook/cmake_prefix_path.ps1'
[1.375s] INFO:colcon.colcon_core.shell:Creating environment descriptor '/home/rob/praktikum_ws/install/robprakt_interfaces/share/robprakt_interfaces/hook/cmake_prefix_path.dsv'
[1.376s] INFO:colcon.colcon_core.shell:Creating environment hook '/home/rob/praktikum_ws/install/robprakt_interfaces/share/robprakt_interfaces/hook/cmake_prefix_path.sh'
[1.377s] Level 1:colcon.colcon_core.environment:checking '/home/rob/praktikum_ws/install/robprakt_interfaces/lib'
[1.377s] Level 1:colcon.colcon_core.shell:create_environment_hook('robprakt_interfaces', 'ld_library_path_lib')
[1.379s] INFO:colcon.colcon_core.shell:Creating environment hook '/home/rob/praktikum_ws/install/robprakt_interfaces/share/robprakt_interfaces/hook/ld_library_path_lib.ps1'
[1.379s] INFO:colcon.colcon_core.shell:Creating environment descriptor '/home/rob/praktikum_ws/install/robprakt_interfaces/share/robprakt_interfaces/hook/ld_library_path_lib.dsv'
[1.380s] INFO:colcon.colcon_core.shell:Creating environment hook '/home/rob/praktikum_ws/install/robprakt_interfaces/share/robprakt_interfaces/hook/ld_library_path_lib.sh'
[1.380s] Level 1:colcon.colcon_core.environment:checking '/home/rob/praktikum_ws/install/robprakt_interfaces/bin'
[1.380s] Level 1:colcon.colcon_core.environment:checking '/home/rob/praktikum_ws/install/robprakt_interfaces/lib/pkgconfig/robprakt_interfaces.pc'
[1.381s] Level 1:colcon.colcon_core.environment:checking '/home/rob/praktikum_ws/install/robprakt_interfaces/lib/python3.8/site-packages'
[1.381s] Level 1:colcon.colcon_core.shell:create_environment_hook('robprakt_interfaces', 'pythonpath')
[1.383s] INFO:colcon.colcon_core.shell:Creating environment hook '/home/rob/praktikum_ws/install/robprakt_interfaces/share/robprakt_interfaces/hook/pythonpath.ps1'
[1.384s] INFO:colcon.colcon_core.shell:Creating environment descriptor '/home/rob/praktikum_ws/install/robprakt_interfaces/share/robprakt_interfaces/hook/pythonpath.dsv'
[1.384s] INFO:colcon.colcon_core.shell:Creating environment hook '/home/rob/praktikum_ws/install/robprakt_interfaces/share/robprakt_interfaces/hook/pythonpath.sh'
[1.385s] Level 1:colcon.colcon_core.environment:checking '/home/rob/praktikum_ws/install/robprakt_interfaces/bin'
[1.387s] INFO:colcon.colcon_core.shell:Creating package script '/home/rob/praktikum_ws/install/robprakt_interfaces/share/robprakt_interfaces/package.ps1'
[1.388s] INFO:colcon.colcon_core.shell:Creating package descriptor '/home/rob/praktikum_ws/install/robprakt_interfaces/share/robprakt_interfaces/package.dsv'
[1.389s] INFO:colcon.colcon_core.shell:Creating package script '/home/rob/praktikum_ws/install/robprakt_interfaces/share/robprakt_interfaces/package.sh'
[1.390s] INFO:colcon.colcon_core.shell:Creating package script '/home/rob/praktikum_ws/install/robprakt_interfaces/share/robprakt_interfaces/package.bash'
[1.390s] INFO:colcon.colcon_core.shell:Creating package script '/home/rob/praktikum_ws/install/robprakt_interfaces/share/robprakt_interfaces/package.zsh'
[1.391s] Level 1:colcon.colcon_core.environment:create_file_with_runtime_dependencies(/home/rob/praktikum_ws/install/robprakt_interfaces/share/colcon-core/packages/robprakt_interfaces)
[1.392s] INFO:colcon.colcon_ros.task.ament_cmake.build:Building ROS package in '/home/rob/praktikum_ws/src/pymoveit2' with build type 'ament_cmake'
[1.392s] INFO:colcon.colcon_cmake.task.cmake.build:Building CMake package in '/home/rob/praktikum_ws/src/pymoveit2'
[1.394s] INFO:colcon.colcon_core.shell:Skip shell extension 'powershell' for command environment: Not usable outside of PowerShell
[1.394s] DEBUG:colcon.colcon_core.shell:Skip shell extension 'dsv' for command environment
[1.410s] DEBUG:colcon.colcon_core.event_handler.log_command:Invoking command in '/home/rob/praktikum_ws/build/pymoveit2': CMAKE_PREFIX_PATH=${CMAKE_PREFIX_PATH}:/opt/ros/galactic /usr/bin/cmake /home/rob/praktikum_ws/src/pymoveit2 -DCMAKE_INSTALL_PREFIX=/home/rob/praktikum_ws/install/pymoveit2
[2.369s] DEBUG:colcon.colcon_core.event_handler.log_command:Invoked command in '/home/rob/praktikum_ws/build/pymoveit2' returned '0': CMAKE_PREFIX_PATH=${CMAKE_PREFIX_PATH}:/opt/ros/galactic /usr/bin/cmake /home/rob/praktikum_ws/src/pymoveit2 -DCMAKE_INSTALL_PREFIX=/home/rob/praktikum_ws/install/pymoveit2
[2.369s] DEBUG:colcon.colcon_core.event_handler.log_command:Invoking command in '/home/rob/praktikum_ws/build/pymoveit2': CMAKE_PREFIX_PATH=${CMAKE_PREFIX_PATH}:/opt/ros/galactic /usr/bin/cmake --build /home/rob/praktikum_ws/build/pymoveit2 -- -j1 -l1
[2.892s] DEBUG:colcon.colcon_core.event_handler.log_command:Invoked command in '/home/rob/praktikum_ws/build/pymoveit2' returned '0': CMAKE_PREFIX_PATH=${CMAKE_PREFIX_PATH}:/opt/ros/galactic /usr/bin/cmake --build /home/rob/praktikum_ws/build/pymoveit2 -- -j1 -l1
[2.917s] DEBUG:colcon.colcon_core.event_handler.log_command:Invoking command in '/home/rob/praktikum_ws/build/pymoveit2': CMAKE_PREFIX_PATH=${CMAKE_PREFIX_PATH}:/opt/ros/galactic /usr/bin/cmake --install /home/rob/praktikum_ws/build/pymoveit2
[3.001s] Level 1:colcon.colcon_core.environment:create_environment_scripts_only(pymoveit2)
[3.005s] Level 1:colcon.colcon_core.environment:checking '/home/rob/praktikum_ws/install/pymoveit2' for CMake module files
[3.005s] Level 1:colcon.colcon_core.environment:checking '/home/rob/praktikum_ws/install/pymoveit2' for CMake config files
[3.006s] Level 1:colcon.colcon_core.shell:create_environment_hook('pymoveit2', 'cmake_prefix_path')
[3.008s] INFO:colcon.colcon_core.shell:Creating environment hook '/home/rob/praktikum_ws/install/pymoveit2/share/pymoveit2/hook/cmake_prefix_path.ps1'
[3.009s] INFO:colcon.colcon_core.shell:Creating environment descriptor '/home/rob/praktikum_ws/install/pymoveit2/share/pymoveit2/hook/cmake_prefix_path.dsv'
[3.009s] INFO:colcon.colcon_core.shell:Creating environment hook '/home/rob/praktikum_ws/install/pymoveit2/share/pymoveit2/hook/cmake_prefix_path.sh'
[3.010s] Level 1:colcon.colcon_core.environment:checking '/home/rob/praktikum_ws/install/pymoveit2/lib'
[3.010s] Level 1:colcon.colcon_core.environment:checking '/home/rob/praktikum_ws/install/pymoveit2/bin'
[3.010s] Level 1:colcon.colcon_core.environment:checking '/home/rob/praktikum_ws/install/pymoveit2/lib/pkgconfig/pymoveit2.pc'
[3.010s] Level 1:colcon.colcon_core.environment:checking '/home/rob/praktikum_ws/install/pymoveit2/lib/python3.8/site-packages'
[3.010s] Level 1:colcon.colcon_core.shell:create_environment_hook('pymoveit2', 'pythonpath')
[3.013s] INFO:colcon.colcon_core.shell:Creating environment hook '/home/rob/praktikum_ws/install/pymoveit2/share/pymoveit2/hook/pythonpath.ps1'
[3.013s] INFO:colcon.colcon_core.shell:Creating environment descriptor '/home/rob/praktikum_ws/install/pymoveit2/share/pymoveit2/hook/pythonpath.dsv'
[3.014s] DEBUG:colcon.colcon_core.event_handler.log_command:Invoked command in '/home/rob/praktikum_ws/build/pymoveit2' returned '0': CMAKE_PREFIX_PATH=${CMAKE_PREFIX_PATH}:/opt/ros/galactic /usr/bin/cmake --install /home/rob/praktikum_ws/build/pymoveit2
[3.014s] INFO:colcon.colcon_core.shell:Creating environment hook '/home/rob/praktikum_ws/install/pymoveit2/share/pymoveit2/hook/pythonpath.sh'
[3.015s] Level 1:colcon.colcon_core.environment:checking '/home/rob/praktikum_ws/install/pymoveit2/bin'
[3.017s] INFO:colcon.colcon_core.shell:Creating package script '/home/rob/praktikum_ws/install/pymoveit2/share/pymoveit2/package.ps1'
[3.018s] INFO:colcon.colcon_core.shell:Creating package descriptor '/home/rob/praktikum_ws/install/pymoveit2/share/pymoveit2/package.dsv'
[3.018s] INFO:colcon.colcon_core.shell:Creating package script '/home/rob/praktikum_ws/install/pymoveit2/share/pymoveit2/package.sh'
[3.019s] INFO:colcon.colcon_core.shell:Creating package script '/home/rob/praktikum_ws/install/pymoveit2/share/pymoveit2/package.bash'
[3.019s] INFO:colcon.colcon_core.shell:Creating package script '/home/rob/praktikum_ws/install/pymoveit2/share/pymoveit2/package.zsh'
[3.020s] Level 1:colcon.colcon_core.environment:create_file_with_runtime_dependencies(/home/rob/praktikum_ws/install/pymoveit2/share/colcon-core/packages/pymoveit2)
[3.048s] Level 1:colcon.colcon_core.environment:create_environment_scripts_only(pymoveit2)
[3.051s] Level 1:colcon.colcon_core.environment:checking '/home/rob/praktikum_ws/install/pymoveit2' for CMake module files
[3.052s] Level 1:colcon.colcon_core.environment:checking '/home/rob/praktikum_ws/install/pymoveit2' for CMake config files
[3.053s] Level 1:colcon.colcon_core.shell:create_environment_hook('pymoveit2', 'cmake_prefix_path')
[3.055s] INFO:colcon.colcon_core.shell:Creating environment hook '/home/rob/praktikum_ws/install/pymoveit2/share/pymoveit2/hook/cmake_prefix_path.ps1'
[3.056s] INFO:colcon.colcon_core.shell:Creating environment descriptor '/home/rob/praktikum_ws/install/pymoveit2/share/pymoveit2/hook/cmake_prefix_path.dsv'
[3.056s] INFO:colcon.colcon_core.shell:Creating environment hook '/home/rob/praktikum_ws/install/pymoveit2/share/pymoveit2/hook/cmake_prefix_path.sh'
[3.057s] Level 1:colcon.colcon_core.environment:checking '/home/rob/praktikum_ws/install/pymoveit2/lib'
[3.057s] Level 1:colcon.colcon_core.environment:checking '/home/rob/praktikum_ws/install/pymoveit2/bin'
[3.057s] Level 1:colcon.colcon_core.environment:checking '/home/rob/praktikum_ws/install/pymoveit2/lib/pkgconfig/pymoveit2.pc'
[3.058s] Level 1:colcon.colcon_core.environment:checking '/home/rob/praktikum_ws/install/pymoveit2/lib/python3.8/site-packages'
[3.058s] Level 1:colcon.colcon_core.shell:create_environment_hook('pymoveit2', 'pythonpath')
[3.060s] INFO:colcon.colcon_core.shell:Creating environment hook '/home/rob/praktikum_ws/install/pymoveit2/share/pymoveit2/hook/pythonpath.ps1'
[3.064s] INFO:colcon.colcon_core.shell:Creating environment descriptor '/home/rob/praktikum_ws/install/pymoveit2/share/pymoveit2/hook/pythonpath.dsv'
[3.064s] INFO:colcon.colcon_core.shell:Creating environment hook '/home/rob/praktikum_ws/install/pymoveit2/share/pymoveit2/hook/pythonpath.sh'
[3.065s] Level 1:colcon.colcon_core.environment:checking '/home/rob/praktikum_ws/install/pymoveit2/bin'
[3.067s] INFO:colcon.colcon_core.shell:Creating package script '/home/rob/praktikum_ws/install/pymoveit2/share/pymoveit2/package.ps1'
[3.068s] INFO:colcon.colcon_core.shell:Creating package descriptor '/home/rob/praktikum_ws/install/pymoveit2/share/pymoveit2/package.dsv'
[3.069s] INFO:colcon.colcon_core.shell:Creating package script '/home/rob/praktikum_ws/install/pymoveit2/share/pymoveit2/package.sh'
[3.070s] INFO:colcon.colcon_core.shell:Creating package script '/home/rob/praktikum_ws/install/pymoveit2/share/pymoveit2/package.bash'
[3.071s] INFO:colcon.colcon_core.shell:Creating package script '/home/rob/praktikum_ws/install/pymoveit2/share/pymoveit2/package.zsh'
[3.071s] Level 1:colcon.colcon_core.environment:create_file_with_runtime_dependencies(/home/rob/praktikum_ws/install/pymoveit2/share/colcon-core/packages/pymoveit2)
[3.072s] INFO:colcon.colcon_ros.task.cmake.build:Building ROS package in '/home/rob/praktikum_ws/src/vrpn-release' with build type 'cmake'
[3.073s] INFO:colcon.colcon_cmake.task.cmake.build:Building CMake package in '/home/rob/praktikum_ws/src/vrpn-release'
[3.075s] INFO:colcon.colcon_core.shell:Skip shell extension 'powershell' for command environment: Not usable outside of PowerShell
[3.075s] DEBUG:colcon.colcon_core.shell:Skip shell extension 'dsv' for command environment
[3.117s] DEBUG:colcon.colcon_core.event_handler.log_command:Invoking command in '/home/rob/praktikum_ws/build/vrpn': CMAKE_PREFIX_PATH=${CMAKE_PREFIX_PATH}:/opt/ros/galactic /usr/bin/cmake --build /home/rob/praktikum_ws/build/vrpn -- -j1 -l1
[3.596s] DEBUG:colcon.colcon_core.event_handler.log_command:Invoked command in '/home/rob/praktikum_ws/build/vrpn' returned '0': CMAKE_PREFIX_PATH=${CMAKE_PREFIX_PATH}:/opt/ros/galactic /usr/bin/cmake --build /home/rob/praktikum_ws/build/vrpn -- -j1 -l1
[3.930s] DEBUG:colcon.colcon_core.event_handler.log_command:Invoking command in '/home/rob/praktikum_ws/build/vrpn': CMAKE_PREFIX_PATH=${CMAKE_PREFIX_PATH}:/opt/ros/galactic /usr/bin/cmake --install /home/rob/praktikum_ws/build/vrpn
[4.018s] DEBUG:colcon.colcon_core.event_handler.log_command:Invoked command in '/home/rob/praktikum_ws/build/vrpn' returned '0': CMAKE_PREFIX_PATH=${CMAKE_PREFIX_PATH}:/opt/ros/galactic /usr/bin/cmake --install /home/rob/praktikum_ws/build/vrpn
[4.331s] Level 1:colcon.colcon_core.shell:create_environment_hook('vrpn', 'pkg_config_path')
[4.334s] INFO:colcon.colcon_core.shell:Creating environment hook '/home/rob/praktikum_ws/install/vrpn/share/vrpn/hook/pkg_config_path.ps1'
[4.363s] INFO:colcon.colcon_core.shell:Creating environment descriptor '/home/rob/praktikum_ws/install/vrpn/share/vrpn/hook/pkg_config_path.dsv'
[4.364s] INFO:colcon.colcon_core.shell:Creating environment hook '/home/rob/praktikum_ws/install/vrpn/share/vrpn/hook/pkg_config_path.sh'
[4.367s] Level 1:colcon.colcon_core.shell:create_environment_hook('vrpn', 'pkg_config_path_multiarch')
[4.369s] INFO:colcon.colcon_core.shell:Creating environment hook '/home/rob/praktikum_ws/install/vrpn/share/vrpn/hook/pkg_config_path_multiarch.ps1'
[4.370s] INFO:colcon.colcon_core.shell:Creating environment descriptor '/home/rob/praktikum_ws/install/vrpn/share/vrpn/hook/pkg_config_path_multiarch.dsv'
[4.370s] INFO:colcon.colcon_core.shell:Creating environment hook '/home/rob/praktikum_ws/install/vrpn/share/vrpn/hook/pkg_config_path_multiarch.sh'
[4.371s] Level 1:colcon.colcon_core.environment:create_environment_scripts_only(vrpn)
[4.374s] Level 1:colcon.colcon_core.environment:checking '/home/rob/praktikum_ws/install/vrpn' for CMake module files
[4.375s] Level 1:colcon.colcon_core.environment:checking '/home/rob/praktikum_ws/install/vrpn' for CMake config files
[4.376s] Level 1:colcon.colcon_core.shell:create_environment_hook('vrpn', 'cmake_prefix_path')
[4.378s] INFO:colcon.colcon_core.shell:Creating environment hook '/home/rob/praktikum_ws/install/vrpn/share/vrpn/hook/cmake_prefix_path.ps1'
[4.379s] INFO:colcon.colcon_core.shell:Creating environment descriptor '/home/rob/praktikum_ws/install/vrpn/share/vrpn/hook/cmake_prefix_path.dsv'
[4.379s] INFO:colcon.colcon_core.shell:Creating environment hook '/home/rob/praktikum_ws/install/vrpn/share/vrpn/hook/cmake_prefix_path.sh'
[4.380s] Level 1:colcon.colcon_core.environment:checking '/home/rob/praktikum_ws/install/vrpn/lib'
[4.380s] Level 1:colcon.colcon_core.environment:checking '/home/rob/praktikum_ws/install/vrpn/bin'
[4.380s] Level 1:colcon.colcon_core.shell:create_environment_hook('vrpn', 'path')
[4.382s] INFO:colcon.colcon_core.shell:Creating environment hook '/home/rob/praktikum_ws/install/vrpn/share/vrpn/hook/path.ps1'
[4.382s] INFO:colcon.colcon_core.shell:Creating environment descriptor '/home/rob/praktikum_ws/install/vrpn/share/vrpn/hook/path.dsv'
[4.383s] INFO:colcon.colcon_core.shell:Creating environment hook '/home/rob/praktikum_ws/install/vrpn/share/vrpn/hook/path.sh'
[4.383s] Level 1:colcon.colcon_core.environment:checking '/home/rob/praktikum_ws/install/vrpn/lib/pkgconfig/vrpn.pc'
[4.384s] Level 1:colcon.colcon_core.environment:checking '/home/rob/praktikum_ws/install/vrpn/lib/python3.8/site-packages'
[4.384s] Level 1:colcon.colcon_core.environment:checking '/home/rob/praktikum_ws/install/vrpn/bin'
[4.384s] Level 1:colcon.colcon_core.shell:create_environment_hook('vrpn', 'pythonscriptspath')
[4.387s] INFO:colcon.colcon_core.shell:Creating environment hook '/home/rob/praktikum_ws/install/vrpn/share/vrpn/hook/pythonscriptspath.ps1'
[4.387s] INFO:colcon.colcon_core.shell:Creating environment descriptor '/home/rob/praktikum_ws/install/vrpn/share/vrpn/hook/pythonscriptspath.dsv'
[4.388s] INFO:colcon.colcon_core.shell:Creating environment hook '/home/rob/praktikum_ws/install/vrpn/share/vrpn/hook/pythonscriptspath.sh'
[4.391s] INFO:colcon.colcon_core.shell:Creating package script '/home/rob/praktikum_ws/install/vrpn/share/vrpn/package.ps1'
[4.392s] INFO:colcon.colcon_core.shell:Creating package descriptor '/home/rob/praktikum_ws/install/vrpn/share/vrpn/package.dsv'
[4.393s] INFO:colcon.colcon_core.shell:Creating package script '/home/rob/praktikum_ws/install/vrpn/share/vrpn/package.sh'
[4.394s] INFO:colcon.colcon_core.shell:Creating package script '/home/rob/praktikum_ws/install/vrpn/share/vrpn/package.bash'
[4.394s] INFO:colcon.colcon_core.shell:Creating package script '/home/rob/praktikum_ws/install/vrpn/share/vrpn/package.zsh'
[4.394s] Level 1:colcon.colcon_core.environment:create_file_with_runtime_dependencies(/home/rob/praktikum_ws/install/vrpn/share/colcon-core/packages/vrpn)
[4.396s] INFO:colcon.colcon_ros.task.ament_cmake.build:Building ROS package in '/home/rob/praktikum_ws/src/vrpn_client_ros2' with build type 'ament_cmake'
[4.396s] INFO:colcon.colcon_cmake.task.cmake.build:Building CMake package in '/home/rob/praktikum_ws/src/vrpn_client_ros2'
[4.399s] INFO:colcon.colcon_core.shell:Skip shell extension 'powershell' for command environment: Not usable outside of PowerShell
[4.399s] DEBUG:colcon.colcon_core.shell:Skip shell extension 'dsv' for command environment
[4.424s] DEBUG:colcon.colcon_core.event_handler.log_command:Invoking command in '/home/rob/praktikum_ws/build/vrpn_client_ros': CMAKE_PREFIX_PATH=${CMAKE_PREFIX_PATH}:/opt/ros/galactic /usr/bin/cmake --build /home/rob/praktikum_ws/build/vrpn_client_ros -- -j1 -l1
[4.606s] DEBUG:colcon.colcon_core.event_handler.log_command:Invoked command in '/home/rob/praktikum_ws/build/vrpn_client_ros' returned '0': CMAKE_PREFIX_PATH=${CMAKE_PREFIX_PATH}:/opt/ros/galactic /usr/bin/cmake --build /home/rob/praktikum_ws/build/vrpn_client_ros -- -j1 -l1
[4.643s] DEBUG:colcon.colcon_core.event_handler.log_command:Invoking command in '/home/rob/praktikum_ws/build/vrpn_client_ros': CMAKE_PREFIX_PATH=${CMAKE_PREFIX_PATH}:/opt/ros/galactic /usr/bin/cmake --install /home/rob/praktikum_ws/build/vrpn_client_ros
[4.668s] Level 1:colcon.colcon_core.environment:create_environment_scripts_only(vrpn_client_ros)
[4.672s] Level 1:colcon.colcon_core.environment:checking '/home/rob/praktikum_ws/install/vrpn_client_ros' for CMake module files
[4.672s] DEBUG:colcon.colcon_core.event_handler.log_command:Invoked command in '/home/rob/praktikum_ws/build/vrpn_client_ros' returned '0': CMAKE_PREFIX_PATH=${CMAKE_PREFIX_PATH}:/opt/ros/galactic /usr/bin/cmake --install /home/rob/praktikum_ws/build/vrpn_client_ros
[4.673s] Level 1:colcon.colcon_core.environment:checking '/home/rob/praktikum_ws/install/vrpn_client_ros' for CMake config files
[4.674s] Level 1:colcon.colcon_core.shell:create_environment_hook('vrpn_client_ros', 'cmake_prefix_path')
[4.676s] INFO:colcon.colcon_core.shell:Creating environment hook '/home/rob/praktikum_ws/install/vrpn_client_ros/share/vrpn_client_ros/hook/cmake_prefix_path.ps1'
[4.677s] INFO:colcon.colcon_core.shell:Creating environment descriptor '/home/rob/praktikum_ws/install/vrpn_client_ros/share/vrpn_client_ros/hook/cmake_prefix_path.dsv'
[4.678s] INFO:colcon.colcon_core.shell:Creating environment hook '/home/rob/praktikum_ws/install/vrpn_client_ros/share/vrpn_client_ros/hook/cmake_prefix_path.sh'
[4.678s] Level 1:colcon.colcon_core.environment:checking '/home/rob/praktikum_ws/install/vrpn_client_ros/lib'
[4.679s] Level 1:colcon.colcon_core.environment:checking '/home/rob/praktikum_ws/install/vrpn_client_ros/bin'
[4.679s] Level 1:colcon.colcon_core.environment:checking '/home/rob/praktikum_ws/install/vrpn_client_ros/lib/pkgconfig/vrpn_client_ros.pc'
[4.679s] Level 1:colcon.colcon_core.environment:checking '/home/rob/praktikum_ws/install/vrpn_client_ros/lib/python3.8/site-packages'
[4.679s] Level 1:colcon.colcon_core.environment:checking '/home/rob/praktikum_ws/install/vrpn_client_ros/bin'
[4.682s] INFO:colcon.colcon_core.shell:Creating package script '/home/rob/praktikum_ws/install/vrpn_client_ros/share/vrpn_client_ros/package.ps1'
[4.682s] INFO:colcon.colcon_core.shell:Creating package descriptor '/home/rob/praktikum_ws/install/vrpn_client_ros/share/vrpn_client_ros/package.dsv'
[4.683s] INFO:colcon.colcon_core.shell:Creating package script '/home/rob/praktikum_ws/install/vrpn_client_ros/share/vrpn_client_ros/package.sh'
[4.683s] INFO:colcon.colcon_core.shell:Creating package script '/home/rob/praktikum_ws/install/vrpn_client_ros/share/vrpn_client_ros/package.bash'
[4.684s] INFO:colcon.colcon_core.shell:Creating package script '/home/rob/praktikum_ws/install/vrpn_client_ros/share/vrpn_client_ros/package.zsh'
[4.684s] Level 1:colcon.colcon_core.environment:create_file_with_runtime_dependencies(/home/rob/praktikum_ws/install/vrpn_client_ros/share/colcon-core/packages/vrpn_client_ros)
[4.720s] Level 1:colcon.colcon_core.environment:create_environment_scripts_only(vrpn_client_ros)
[4.723s] Level 1:colcon.colcon_core.environment:checking '/home/rob/praktikum_ws/install/vrpn_client_ros' for CMake module files
[4.724s] Level 1:colcon.colcon_core.environment:checking '/home/rob/praktikum_ws/install/vrpn_client_ros' for CMake config files
[4.724s] Level 1:colcon.colcon_core.shell:create_environment_hook('vrpn_client_ros', 'cmake_prefix_path')
[4.727s] INFO:colcon.colcon_core.shell:Creating environment hook '/home/rob/praktikum_ws/install/vrpn_client_ros/share/vrpn_client_ros/hook/cmake_prefix_path.ps1'
[4.728s] INFO:colcon.colcon_core.shell:Creating environment descriptor '/home/rob/praktikum_ws/install/vrpn_client_ros/share/vrpn_client_ros/hook/cmake_prefix_path.dsv'
[4.729s] INFO:colcon.colcon_core.shell:Creating environment hook '/home/rob/praktikum_ws/install/vrpn_client_ros/share/vrpn_client_ros/hook/cmake_prefix_path.sh'
[4.731s] Level 1:colcon.colcon_core.environment:checking '/home/rob/praktikum_ws/install/vrpn_client_ros/lib'
[4.731s] Level 1:colcon.colcon_core.environment:checking '/home/rob/praktikum_ws/install/vrpn_client_ros/bin'
[4.731s] Level 1:colcon.colcon_core.environment:checking '/home/rob/praktikum_ws/install/vrpn_client_ros/lib/pkgconfig/vrpn_client_ros.pc'
[4.731s] Level 1:colcon.colcon_core.environment:checking '/home/rob/praktikum_ws/install/vrpn_client_ros/lib/python3.8/site-packages'
[4.732s] Level 1:colcon.colcon_core.environment:checking '/home/rob/praktikum_ws/install/vrpn_client_ros/bin'
[4.734s] INFO:colcon.colcon_core.shell:Creating package script '/home/rob/praktikum_ws/install/vrpn_client_ros/share/vrpn_client_ros/package.ps1'
[4.735s] INFO:colcon.colcon_core.shell:Creating package descriptor '/home/rob/praktikum_ws/install/vrpn_client_ros/share/vrpn_client_ros/package.dsv'
[4.735s] INFO:colcon.colcon_core.shell:Creating package script '/home/rob/praktikum_ws/install/vrpn_client_ros/share/vrpn_client_ros/package.sh'
[4.736s] INFO:colcon.colcon_core.shell:Creating package script '/home/rob/praktikum_ws/install/vrpn_client_ros/share/vrpn_client_ros/package.bash'
[4.736s] INFO:colcon.colcon_core.shell:Creating package script '/home/rob/praktikum_ws/install/vrpn_client_ros/share/vrpn_client_ros/package.zsh'
[4.737s] Level 1:colcon.colcon_core.environment:create_file_with_runtime_dependencies(/home/rob/praktikum_ws/install/vrpn_client_ros/share/colcon-core/packages/vrpn_client_ros)
[4.738s] INFO:colcon.colcon_ros.task.ament_python.build:Building ROS package in '/home/rob/praktikum_ws/src/robprakt' with build type 'ament_python'
[4.738s] Level 1:colcon.colcon_core.shell:create_environment_hook('robprakt', 'ament_prefix_path')
[4.741s] INFO:colcon.colcon_core.shell:Creating environment hook '/home/rob/praktikum_ws/install/robprakt/share/robprakt/hook/ament_prefix_path.ps1'
[4.742s] INFO:colcon.colcon_core.shell:Creating environment descriptor '/home/rob/praktikum_ws/install/robprakt/share/robprakt/hook/ament_prefix_path.dsv'
[4.743s] INFO:colcon.colcon_core.shell:Creating environment hook '/home/rob/praktikum_ws/install/robprakt/share/robprakt/hook/ament_prefix_path.sh'
[4.745s] INFO:colcon.colcon_core.shell:Skip shell extension 'powershell' for command environment: Not usable outside of PowerShell
[4.746s] DEBUG:colcon.colcon_core.shell:Skip shell extension 'dsv' for command environment
[5.119s] INFO:colcon.colcon_core.task.python.build:Building Python package in '/home/rob/praktikum_ws/src/robprakt'
[5.122s] INFO:colcon.colcon_core.shell:Skip shell extension 'powershell' for command environment: Not usable outside of PowerShell
[5.122s] DEBUG:colcon.colcon_core.shell:Skip shell extension 'dsv' for command environment
[5.778s] DEBUG:colcon.colcon_core.event_handler.log_command:Invoking command in '/home/rob/praktikum_ws/src/robprakt': AMENT_PREFIX_PATH=/home/rob/praktikum_ws/install/robprakt_interfaces:${AMENT_PREFIX_PATH} CMAKE_PREFIX_PATH=/home/rob/praktikum_ws/install/robprakt_interfaces:${CMAKE_PREFIX_PATH} LD_LIBRARY_PATH=/home/rob/praktikum_ws/install/robprakt_interfaces/lib:${LD_LIBRARY_PATH} PYTHONPATH=/home/rob/praktikum_ws/install/robprakt/lib/python3.8/site-packages:/home/rob/praktikum_ws/install/robprakt_interfaces/lib/python3.8/site-packages:${PYTHONPATH} /usr/bin/python3 setup.py egg_info --egg-base ../../build/robprakt build --build-base /home/rob/praktikum_ws/build/robprakt/build install --prefix /home/rob/praktikum_ws/install/robprakt --record /home/rob/praktikum_ws/build/robprakt/install.log --single-version-externally-managed
[6.276s] Level 1:colcon.colcon_core.environment:checking '/home/rob/praktikum_ws/install/robprakt' for CMake module files
[6.277s] Level 1:colcon.colcon_core.environment:checking '/home/rob/praktikum_ws/install/robprakt' for CMake config files
[6.278s] DEBUG:colcon.colcon_core.event_handler.log_command:Invoked command in '/home/rob/praktikum_ws/src/robprakt' returned '0': AMENT_PREFIX_PATH=/home/rob/praktikum_ws/install/robprakt_interfaces:${AMENT_PREFIX_PATH} CMAKE_PREFIX_PATH=/home/rob/praktikum_ws/install/robprakt_interfaces:${CMAKE_PREFIX_PATH} LD_LIBRARY_PATH=/home/rob/praktikum_ws/install/robprakt_interfaces/lib:${LD_LIBRARY_PATH} PYTHONPATH=/home/rob/praktikum_ws/install/robprakt/lib/python3.8/site-packages:/home/rob/praktikum_ws/install/robprakt_interfaces/lib/python3.8/site-packages:${PYTHONPATH} /usr/bin/python3 setup.py egg_info --egg-base ../../build/robprakt build --build-base /home/rob/praktikum_ws/build/robprakt/build install --prefix /home/rob/praktikum_ws/install/robprakt --record /home/rob/praktikum_ws/build/robprakt/install.log --single-version-externally-managed
[6.278s] Level 1:colcon.colcon_core.environment:checking '/home/rob/praktikum_ws/install/robprakt/lib'
[6.279s] Level 1:colcon.colcon_core.environment:checking '/home/rob/praktikum_ws/install/robprakt/bin'
[6.279s] Level 1:colcon.colcon_core.environment:checking '/home/rob/praktikum_ws/install/robprakt/lib/pkgconfig/robprakt.pc'
[6.279s] Level 1:colcon.colcon_core.environment:checking '/home/rob/praktikum_ws/install/robprakt/lib/python3.8/site-packages'
[6.279s] Level 1:colcon.colcon_core.shell:create_environment_hook('robprakt', 'pythonpath')
[6.281s] INFO:colcon.colcon_core.shell:Creating environment hook '/home/rob/praktikum_ws/install/robprakt/share/robprakt/hook/pythonpath.ps1'
[6.282s] INFO:colcon.colcon_core.shell:Creating environment descriptor '/home/rob/praktikum_ws/install/robprakt/share/robprakt/hook/pythonpath.dsv'
[6.282s] INFO:colcon.colcon_core.shell:Creating environment hook '/home/rob/praktikum_ws/install/robprakt/share/robprakt/hook/pythonpath.sh'
[6.283s] Level 1:colcon.colcon_core.environment:checking '/home/rob/praktikum_ws/install/robprakt/bin'
[6.283s] Level 1:colcon.colcon_core.environment:create_environment_scripts_only(robprakt)
[6.286s] INFO:colcon.colcon_core.shell:Creating package script '/home/rob/praktikum_ws/install/robprakt/share/robprakt/package.ps1'
[6.286s] INFO:colcon.colcon_core.shell:Creating package descriptor '/home/rob/praktikum_ws/install/robprakt/share/robprakt/package.dsv'
[6.287s] INFO:colcon.colcon_core.shell:Creating package script '/home/rob/praktikum_ws/install/robprakt/share/robprakt/package.sh'
[6.288s] INFO:colcon.colcon_core.shell:Creating package script '/home/rob/praktikum_ws/install/robprakt/share/robprakt/package.bash'
[6.288s] INFO:colcon.colcon_core.shell:Creating package script '/home/rob/praktikum_ws/install/robprakt/share/robprakt/package.zsh'
[6.288s] Level 1:colcon.colcon_core.environment:create_file_with_runtime_dependencies(/home/rob/praktikum_ws/install/robprakt/share/colcon-core/packages/robprakt)
[6.289s] DEBUG:colcon.colcon_parallel_executor.executor.parallel:closing loop
[6.290s] DEBUG:colcon.colcon_parallel_executor.executor.parallel:loop closed
[6.290s] DEBUG:colcon.colcon_parallel_executor.executor.parallel:run_until_complete finished with '0'
[6.290s] DEBUG:colcon.colcon_core.event_reactor:joining thread
[6.298s] INFO:colcon.colcon_core.plugin_system:Skipping extension 'colcon_notification.desktop_notification.terminal_notifier': Not used on non-Darwin systems
[6.298s] INFO:colcon.colcon_core.plugin_system:Skipping extension 'colcon_notification.desktop_notification.win32': Not used on non-Windows systems
[6.298s] INFO:colcon.colcon_notification.desktop_notification:Sending desktop notification using 'notify2'
[6.320s] DEBUG:colcon.colcon_core.event_reactor:joined thread
[6.323s] INFO:colcon.colcon_core.shell:Creating prefix script '/home/rob/praktikum_ws/install/local_setup.ps1'
[6.324s] INFO:colcon.colcon_core.shell:Creating prefix util module '/home/rob/praktikum_ws/install/_local_setup_util_ps1.py'
[6.331s] INFO:colcon.colcon_core.shell:Creating prefix chain script '/home/rob/praktikum_ws/install/setup.ps1'
[6.348s] INFO:colcon.colcon_core.shell:Creating prefix script '/home/rob/praktikum_ws/install/local_setup.sh'
[6.349s] INFO:colcon.colcon_core.shell:Creating prefix util module '/home/rob/praktikum_ws/install/_local_setup_util_sh.py'
[6.350s] INFO:colcon.colcon_core.shell:Creating prefix chain script '/home/rob/praktikum_ws/install/setup.sh'
[6.352s] INFO:colcon.colcon_core.shell:Creating prefix script '/home/rob/praktikum_ws/install/local_setup.bash'
[6.353s] INFO:colcon.colcon_core.shell:Creating prefix chain script '/home/rob/praktikum_ws/install/setup.bash'
[6.355s] INFO:colcon.colcon_core.shell:Creating prefix script '/home/rob/praktikum_ws/install/local_setup.zsh'
[6.356s] INFO:colcon.colcon_core.shell:Creating prefix chain script '/home/rob/praktikum_ws/install/setup.zsh'
