[0.022s] Invoking command in '/home/praktikum4/praktikum_ws/build/vrpn_client_ros': CMAKE_PREFIX_PATH=${CMAKE_PREFIX_PATH}:/home/praktikum4/praktikum_ws/install/robprakt:/home/praktikum4/ws_moveit2/install/moveit_configs_utils:/home/praktikum4/ws_moveit2/install/launch_param_builder:/opt/ros/galactic /usr/bin/cmake /home/praktikum4/praktikum_ws/src/vrpn_client_ros2 -DAMENT_CMAKE_SYMLINK_INSTALL=1 -DCMAKE_INSTALL_PREFIX=/home/praktikum4/praktikum_ws/install/vrpn_client_ros
[0.035s] -- Found ament_cmake: 1.1.5 (/opt/ros/galactic/share/ament_cmake/cmake)
[0.061s] -- Using PYTHON_EXECUTABLE: /usr/bin/python3
[0.111s] -- Override CMake install command with custom implementation using symlinks instead of copying resources
[0.128s] -- Found rclcpp: 9.2.1 (/opt/ros/galactic/share/rclcpp/cmake)
[0.163s] -- Using all available rosidl_typesupport_c: rosidl_typesupport_fastrtps_c;rosidl_typesupport_introspection_c
[0.165s] -- Found rosidl_adapter: 2.2.2 (/opt/ros/galactic/share/rosidl_adapter/cmake)
[0.257s] -- Using all available rosidl_typesupport_cpp: rosidl_typesupport_fastrtps_cpp;rosidl_typesupport_introspection_cpp
[0.302s] -- Found rmw_implementation_cmake: 3.3.1 (/opt/ros/galactic/share/rmw_implementation_cmake/cmake)
[0.305s] -- Found rmw_cyclonedds_cpp: 0.22.5 (/opt/ros/galactic/share/rmw_cyclonedds_cpp/cmake)
[0.322s] -- Using RMW implementation 'rmw_cyclonedds_cpp' as default
[0.433s] -- Found geometry_msgs: 2.2.4 (/opt/ros/galactic/share/geometry_msgs/cmake)
[0.455s] -- Found ament_lint_auto: 0.10.7 (/opt/ros/galactic/share/ament_lint_auto/cmake)
[0.512s] -- Added test 'copyright' to check source files copyright and LICENSE
[0.515s] -- Added test 'cppcheck' to perform static code analysis on C / C++ code
[0.515s] -- Configured cppcheck include dirs: /home/praktikum4/praktikum_ws/src/vrpn_client_ros2/include
[0.515s] -- Configured cppcheck exclude dirs and/or files: 
[0.517s] -- Added test 'cpplint' to check C / C++ code against the Google style
[0.517s] -- Configured cpplint exclude dirs and/or files: 
[0.517s] -- Added test 'flake8' to check Python code syntax and style conventions
[0.518s] -- Added test 'lint_cmake' to check CMake code style
[0.518s] -- Added test 'pep257' to check Python code against some of the style conventions in PEP 257
[0.519s] -- Added test 'uncrustify' to check C / C++ code style
[0.519s] -- Configured uncrustify additional arguments: 
[0.520s] -- Added test 'xmllint' to check XML markup files
[0.522s] -- Configuring done
[0.534s] -- Generating done
[0.535s] -- Build files have been written to: /home/praktikum4/praktikum_ws/build/vrpn_client_ros
