[  3%] [34m[1mGenerating C code for ROS interfaces[0m
[35m[1mScanning dependencies of target robprakt_interfaces__cpp[0m
[  6%] [34m[1mGenerating C++ code for ROS interfaces[0m
[  6%] Built target robprakt_interfaces__cpp
[  9%] [34m[1mGenerating C++ type support for eProsima Fast-RTPS[0m
[35m[1mScanning dependencies of target robprakt_interfaces__rosidl_generator_c[0m
[ 16%] [34m[1mGenerating C++ type support dispatch for ROS interfaces[0m
[ 16%] [34m[1mGenerating C++ introspection for ROS interfaces[0m
[ 19%] [32mBuilding C object CMakeFiles/robprakt_interfaces__rosidl_generator_c.dir/rosidl_generator_c/robprakt_interfaces/srv/detail/set_ur_io__functions.c.o[0m
[ 22%] [32m[1mLinking C shared library librobprakt_interfaces__rosidl_generator_c.so[0m
[ 22%] Built target robprakt_interfaces__rosidl_generator_c
[ 25%] [34m[1mGenerating C type support dispatch for ROS interfaces[0m
[ 29%] [34m[1mGenerating C introspection for ROS interfaces[0m
[35m[1mScanning dependencies of target robprakt_interfaces__rosidl_typesupport_introspection_cpp[0m
[35m[1mScanning dependencies of target robprakt_interfaces__rosidl_typesupport_cpp[0m
[ 32%] [32mBuilding CXX object CMakeFiles/robprakt_interfaces__rosidl_typesupport_introspection_cpp.dir/rosidl_typesupport_introspection_cpp/robprakt_interfaces/srv/detail/set_ur_io__type_support.cpp.o[0m
[35m[1mScanning dependencies of target robprakt_interfaces__rosidl_typesupport_fastrtps_cpp[0m
[ 35%] [32mBuilding CXX object CMakeFiles/robprakt_interfaces__rosidl_typesupport_cpp.dir/rosidl_typesupport_cpp/robprakt_interfaces/srv/set_ur_io__type_support.cpp.o[0m
[35m[1mScanning dependencies of target robprakt_interfaces__rosidl_typesupport_c[0m
[ 38%] [32mBuilding CXX object CMakeFiles/robprakt_interfaces__rosidl_typesupport_fastrtps_cpp.dir/rosidl_typesupport_fastrtps_cpp/robprakt_interfaces/srv/detail/dds_fastrtps/set_ur_io__type_support.cpp.o[0m
[ 41%] [32mBuilding CXX object CMakeFiles/robprakt_interfaces__rosidl_typesupport_c.dir/rosidl_typesupport_c/robprakt_interfaces/srv/set_ur_io__type_support.cpp.o[0m
[35m[1mScanning dependencies of target robprakt_interfaces__rosidl_typesupport_introspection_c[0m
[ 45%] [32mBuilding C object CMakeFiles/robprakt_interfaces__rosidl_typesupport_introspection_c.dir/rosidl_typesupport_introspection_c/robprakt_interfaces/srv/detail/set_ur_io__type_support.c.o[0m
[ 48%] [32m[1mLinking CXX shared library librobprakt_interfaces__rosidl_typesupport_c.so[0m
[ 51%] [32m[1mLinking CXX shared library librobprakt_interfaces__rosidl_typesupport_introspection_cpp.so[0m
[ 54%] [32m[1mLinking C shared library librobprakt_interfaces__rosidl_typesupport_introspection_c.so[0m
[ 54%] Built target robprakt_interfaces__rosidl_typesupport_c
[ 54%] Built target robprakt_interfaces__rosidl_typesupport_introspection_cpp
[ 54%] Built target robprakt_interfaces__rosidl_typesupport_introspection_c
[ 58%] [32m[1mLinking CXX shared library librobprakt_interfaces__rosidl_typesupport_cpp.so[0m
[ 61%] [32m[1mLinking CXX shared library librobprakt_interfaces__rosidl_typesupport_fastrtps_cpp.so[0m
[ 61%] Built target robprakt_interfaces__rosidl_typesupport_cpp
[ 61%] Built target robprakt_interfaces__rosidl_typesupport_fastrtps_cpp
[ 64%] [34m[1mGenerating C type support for eProsima Fast-RTPS[0m
[35m[1mScanning dependencies of target robprakt_interfaces__rosidl_typesupport_fastrtps_c[0m
[ 67%] [32mBuilding CXX object CMakeFiles/robprakt_interfaces__rosidl_typesupport_fastrtps_c.dir/rosidl_typesupport_fastrtps_c/robprakt_interfaces/srv/detail/set_ur_io__type_support_c.cpp.o[0m
[ 70%] [32m[1mLinking CXX shared library librobprakt_interfaces__rosidl_typesupport_fastrtps_c.so[0m
[ 70%] Built target robprakt_interfaces__rosidl_typesupport_fastrtps_c
[35m[1mScanning dependencies of target robprakt_interfaces[0m
[ 70%] Built target robprakt_interfaces
[35m[1mScanning dependencies of target robprakt_interfaces__py[0m
[ 74%] [34m[1mGenerating Python code for ROS interfaces[0m
[ 74%] Built target robprakt_interfaces__py
[35m[1mScanning dependencies of target robprakt_interfaces__python[0m
[ 77%] [32mBuilding C object CMakeFiles/robprakt_interfaces__python.dir/rosidl_generator_py/robprakt_interfaces/srv/_set_ur_io_s.c.o[0m
[ 80%] [32m[1mLinking C shared library rosidl_generator_py/robprakt_interfaces/librobprakt_interfaces__python.so[0m
[ 80%] Built target robprakt_interfaces__python
[35m[1mScanning dependencies of target robprakt_interfaces__rosidl_typesupport_fastrtps_c__pyext[0m
[35m[1mScanning dependencies of target robprakt_interfaces__rosidl_typesupport_introspection_c__pyext[0m
[35m[1mScanning dependencies of target robprakt_interfaces__rosidl_typesupport_c__pyext[0m
[ 83%] [32mBuilding C object CMakeFiles/robprakt_interfaces__rosidl_typesupport_fastrtps_c__pyext.dir/rosidl_generator_py/robprakt_interfaces/_robprakt_interfaces_s.ep.rosidl_typesupport_fastrtps_c.c.o[0m
[ 87%] [32mBuilding C object CMakeFiles/robprakt_interfaces__rosidl_typesupport_introspection_c__pyext.dir/rosidl_generator_py/robprakt_interfaces/_robprakt_interfaces_s.ep.rosidl_typesupport_introspection_c.c.o[0m
[ 90%] [32mBuilding C object CMakeFiles/robprakt_interfaces__rosidl_typesupport_c__pyext.dir/rosidl_generator_py/robprakt_interfaces/_robprakt_interfaces_s.ep.rosidl_typesupport_c.c.o[0m
[ 93%] [32m[1mLinking C shared library rosidl_generator_py/robprakt_interfaces/robprakt_interfaces_s__rosidl_typesupport_c.cpython-38-x86_64-linux-gnu.so[0m
[ 96%] [32m[1mLinking CXX shared library rosidl_generator_py/robprakt_interfaces/robprakt_interfaces_s__rosidl_typesupport_fastrtps_c.cpython-38-x86_64-linux-gnu.so[0m
[100%] [32m[1mLinking C shared library rosidl_generator_py/robprakt_interfaces/robprakt_interfaces_s__rosidl_typesupport_introspection_c.cpython-38-x86_64-linux-gnu.so[0m
[100%] Built target robprakt_interfaces__rosidl_typesupport_c__pyext
[100%] Built target robprakt_interfaces__rosidl_typesupport_fastrtps_c__pyext
[100%] Built target robprakt_interfaces__rosidl_typesupport_introspection_c__pyext
-- Install configuration: ""
-- Installing: /home/praktikum4/praktikum_ws/install/robprakt_interfaces/share/ament_index/resource_index/rosidl_interfaces/robprakt_interfaces
-- Up-to-date: /home/praktikum4/praktikum_ws/install/robprakt_interfaces/include/robprakt_interfaces
-- Up-to-date: /home/praktikum4/praktikum_ws/install/robprakt_interfaces/include/robprakt_interfaces/srv
-- Installing: /home/praktikum4/praktikum_ws/install/robprakt_interfaces/include/robprakt_interfaces/srv/set_ur_io.h
-- Up-to-date: /home/praktikum4/praktikum_ws/install/robprakt_interfaces/include/robprakt_interfaces/srv/detail
-- Installing: /home/praktikum4/praktikum_ws/install/robprakt_interfaces/include/robprakt_interfaces/srv/detail/set_ur_io__functions.c
-- Installing: /home/praktikum4/praktikum_ws/install/robprakt_interfaces/include/robprakt_interfaces/srv/detail/set_ur_io__functions.h
-- Installing: /home/praktikum4/praktikum_ws/install/robprakt_interfaces/include/robprakt_interfaces/srv/detail/set_ur_io__type_support.h
-- Installing: /home/praktikum4/praktikum_ws/install/robprakt_interfaces/include/robprakt_interfaces/srv/detail/set_ur_io__struct.h
-- Up-to-date: /home/praktikum4/praktikum_ws/install/robprakt_interfaces/include/robprakt_interfaces/msg
-- Installing: /home/praktikum4/praktikum_ws/install/robprakt_interfaces/include/robprakt_interfaces/msg/rosidl_generator_c__visibility_control.h
-- Up-to-date: /home/praktikum4/praktikum_ws/install/robprakt_interfaces/share/robprakt_interfaces/environment/library_path.sh
-- Installing: /home/praktikum4/praktikum_ws/install/robprakt_interfaces/share/robprakt_interfaces/environment/library_path.dsv
-- Installing: /home/praktikum4/praktikum_ws/install/robprakt_interfaces/lib/librobprakt_interfaces__rosidl_generator_c.so
-- Set runtime path of "/home/praktikum4/praktikum_ws/install/robprakt_interfaces/lib/librobprakt_interfaces__rosidl_generator_c.so" to ""
-- Up-to-date: /home/praktikum4/praktikum_ws/install/robprakt_interfaces/include/robprakt_interfaces
-- Up-to-date: /home/praktikum4/praktikum_ws/install/robprakt_interfaces/include/robprakt_interfaces/srv
-- Up-to-date: /home/praktikum4/praktikum_ws/install/robprakt_interfaces/include/robprakt_interfaces/srv/detail
-- Installing: /home/praktikum4/praktikum_ws/install/robprakt_interfaces/include/robprakt_interfaces/srv/detail/set_ur_io__rosidl_typesupport_fastrtps_c.h
-- Up-to-date: /home/praktikum4/praktikum_ws/install/robprakt_interfaces/include/robprakt_interfaces/msg
-- Installing: /home/praktikum4/praktikum_ws/install/robprakt_interfaces/include/robprakt_interfaces/msg/rosidl_typesupport_fastrtps_c__visibility_control.h
-- Installing: /home/praktikum4/praktikum_ws/install/robprakt_interfaces/lib/librobprakt_interfaces__rosidl_typesupport_fastrtps_c.so
-- Set runtime path of "/home/praktikum4/praktikum_ws/install/robprakt_interfaces/lib/librobprakt_interfaces__rosidl_typesupport_fastrtps_c.so" to ""
-- Up-to-date: /home/praktikum4/praktikum_ws/install/robprakt_interfaces/include/robprakt_interfaces
-- Up-to-date: /home/praktikum4/praktikum_ws/install/robprakt_interfaces/include/robprakt_interfaces/srv
-- Up-to-date: /home/praktikum4/praktikum_ws/install/robprakt_interfaces/include/robprakt_interfaces/srv/detail
-- Installing: /home/praktikum4/praktikum_ws/install/robprakt_interfaces/include/robprakt_interfaces/srv/detail/set_ur_io__rosidl_typesupport_fastrtps_cpp.hpp
-- Up-to-date: /home/praktikum4/praktikum_ws/install/robprakt_interfaces/include/robprakt_interfaces/srv/detail/dds_fastrtps
-- Up-to-date: /home/praktikum4/praktikum_ws/install/robprakt_interfaces/include/robprakt_interfaces/msg
-- Installing: /home/praktikum4/praktikum_ws/install/robprakt_interfaces/include/robprakt_interfaces/msg/rosidl_typesupport_fastrtps_cpp__visibility_control.h
-- Installing: /home/praktikum4/praktikum_ws/install/robprakt_interfaces/lib/librobprakt_interfaces__rosidl_typesupport_fastrtps_cpp.so
-- Set runtime path of "/home/praktikum4/praktikum_ws/install/robprakt_interfaces/lib/librobprakt_interfaces__rosidl_typesupport_fastrtps_cpp.so" to ""
-- Up-to-date: /home/praktikum4/praktikum_ws/install/robprakt_interfaces/include/robprakt_interfaces
-- Up-to-date: /home/praktikum4/praktikum_ws/install/robprakt_interfaces/include/robprakt_interfaces/srv
-- Up-to-date: /home/praktikum4/praktikum_ws/install/robprakt_interfaces/include/robprakt_interfaces/srv/detail
-- Installing: /home/praktikum4/praktikum_ws/install/robprakt_interfaces/include/robprakt_interfaces/srv/detail/set_ur_io__type_support.c
-- Installing: /home/praktikum4/praktikum_ws/install/robprakt_interfaces/include/robprakt_interfaces/srv/detail/set_ur_io__rosidl_typesupport_introspection_c.h
-- Up-to-date: /home/praktikum4/praktikum_ws/install/robprakt_interfaces/include/robprakt_interfaces/msg
-- Installing: /home/praktikum4/praktikum_ws/install/robprakt_interfaces/include/robprakt_interfaces/msg/rosidl_typesupport_introspection_c__visibility_control.h
-- Installing: /home/praktikum4/praktikum_ws/install/robprakt_interfaces/lib/librobprakt_interfaces__rosidl_typesupport_introspection_c.so
-- Set runtime path of "/home/praktikum4/praktikum_ws/install/robprakt_interfaces/lib/librobprakt_interfaces__rosidl_typesupport_introspection_c.so" to ""
-- Installing: /home/praktikum4/praktikum_ws/install/robprakt_interfaces/lib/librobprakt_interfaces__rosidl_typesupport_c.so
-- Set runtime path of "/home/praktikum4/praktikum_ws/install/robprakt_interfaces/lib/librobprakt_interfaces__rosidl_typesupport_c.so" to ""
-- Up-to-date: /home/praktikum4/praktikum_ws/install/robprakt_interfaces/include/robprakt_interfaces
-- Up-to-date: /home/praktikum4/praktikum_ws/install/robprakt_interfaces/include/robprakt_interfaces/srv
-- Up-to-date: /home/praktikum4/praktikum_ws/install/robprakt_interfaces/include/robprakt_interfaces/srv/detail
-- Installing: /home/praktikum4/praktikum_ws/install/robprakt_interfaces/include/robprakt_interfaces/srv/detail/set_ur_io__struct.hpp
-- Installing: /home/praktikum4/praktikum_ws/install/robprakt_interfaces/include/robprakt_interfaces/srv/detail/set_ur_io__builder.hpp
-- Installing: /home/praktikum4/praktikum_ws/install/robprakt_interfaces/include/robprakt_interfaces/srv/detail/set_ur_io__traits.hpp
-- Installing: /home/praktikum4/praktikum_ws/install/robprakt_interfaces/include/robprakt_interfaces/srv/set_ur_io.hpp
-- Up-to-date: /home/praktikum4/praktikum_ws/install/robprakt_interfaces/include/robprakt_interfaces
-- Up-to-date: /home/praktikum4/praktikum_ws/install/robprakt_interfaces/include/robprakt_interfaces/srv
-- Up-to-date: /home/praktikum4/praktikum_ws/install/robprakt_interfaces/include/robprakt_interfaces/srv/detail
-- Installing: /home/praktikum4/praktikum_ws/install/robprakt_interfaces/include/robprakt_interfaces/srv/detail/set_ur_io__rosidl_typesupport_introspection_cpp.hpp
-- Installing: /home/praktikum4/praktikum_ws/install/robprakt_interfaces/include/robprakt_interfaces/srv/detail/set_ur_io__type_support.cpp
-- Installing: /home/praktikum4/praktikum_ws/install/robprakt_interfaces/lib/librobprakt_interfaces__rosidl_typesupport_introspection_cpp.so
-- Set runtime path of "/home/praktikum4/praktikum_ws/install/robprakt_interfaces/lib/librobprakt_interfaces__rosidl_typesupport_introspection_cpp.so" to ""
-- Installing: /home/praktikum4/praktikum_ws/install/robprakt_interfaces/lib/librobprakt_interfaces__rosidl_typesupport_cpp.so
-- Set runtime path of "/home/praktikum4/praktikum_ws/install/robprakt_interfaces/lib/librobprakt_interfaces__rosidl_typesupport_cpp.so" to ""
-- Installing: /home/praktikum4/praktikum_ws/install/robprakt_interfaces/share/robprakt_interfaces/environment/pythonpath.sh
-- Installing: /home/praktikum4/praktikum_ws/install/robprakt_interfaces/share/robprakt_interfaces/environment/pythonpath.dsv
-- Installing: /home/praktikum4/praktikum_ws/install/robprakt_interfaces/lib/python3.8/site-packages/robprakt_interfaces/__init__.py
Compiling '/home/praktikum4/praktikum_ws/install/robprakt_interfaces/lib/python3.8/site-packages/robprakt_interfaces/__init__.py'...
-- Up-to-date: /home/praktikum4/praktikum_ws/install/robprakt_interfaces/lib/python3.8/site-packages/robprakt_interfaces/srv
-- Installing: /home/praktikum4/praktikum_ws/install/robprakt_interfaces/lib/python3.8/site-packages/robprakt_interfaces/srv/_set_ur_io.py
-- Installing: /home/praktikum4/praktikum_ws/install/robprakt_interfaces/lib/python3.8/site-packages/robprakt_interfaces/srv/_set_ur_io_s.c
-- Installing: /home/praktikum4/praktikum_ws/install/robprakt_interfaces/lib/python3.8/site-packages/robprakt_interfaces/srv/__init__.py
-- Installing: /home/praktikum4/praktikum_ws/install/robprakt_interfaces/lib/python3.8/site-packages/robprakt_interfaces/robprakt_interfaces_s__rosidl_typesupport_fastrtps_c.cpython-38-x86_64-linux-gnu.so
-- Set runtime path of "/home/praktikum4/praktikum_ws/install/robprakt_interfaces/lib/python3.8/site-packages/robprakt_interfaces/robprakt_interfaces_s__rosidl_typesupport_fastrtps_c.cpython-38-x86_64-linux-gnu.so" to ""
-- Installing: /home/praktikum4/praktikum_ws/install/robprakt_interfaces/lib/python3.8/site-packages/robprakt_interfaces/robprakt_interfaces_s__rosidl_typesupport_introspection_c.cpython-38-x86_64-linux-gnu.so
-- Set runtime path of "/home/praktikum4/praktikum_ws/install/robprakt_interfaces/lib/python3.8/site-packages/robprakt_interfaces/robprakt_interfaces_s__rosidl_typesupport_introspection_c.cpython-38-x86_64-linux-gnu.so" to ""
-- Installing: /home/praktikum4/praktikum_ws/install/robprakt_interfaces/lib/python3.8/site-packages/robprakt_interfaces/robprakt_interfaces_s__rosidl_typesupport_c.cpython-38-x86_64-linux-gnu.so
-- Set runtime path of "/home/praktikum4/praktikum_ws/install/robprakt_interfaces/lib/python3.8/site-packages/robprakt_interfaces/robprakt_interfaces_s__rosidl_typesupport_c.cpython-38-x86_64-linux-gnu.so" to ""
-- Installing: /home/praktikum4/praktikum_ws/install/robprakt_interfaces/lib/librobprakt_interfaces__python.so
-- Set runtime path of "/home/praktikum4/praktikum_ws/install/robprakt_interfaces/lib/librobprakt_interfaces__python.so" to ""
-- Installing: /home/praktikum4/praktikum_ws/install/robprakt_interfaces/share/robprakt_interfaces/srv/SetUrIo.idl
-- Up-to-date: /home/praktikum4/praktikum_ws/install/robprakt_interfaces/share/robprakt_interfaces/srv/SetUrIo.srv
-- Installing: /home/praktikum4/praktikum_ws/install/robprakt_interfaces/share/robprakt_interfaces/srv/SetUrIo_Request.msg
-- Installing: /home/praktikum4/praktikum_ws/install/robprakt_interfaces/share/robprakt_interfaces/srv/SetUrIo_Response.msg
-- Installing: /home/praktikum4/praktikum_ws/install/robprakt_interfaces/share/ament_index/resource_index/package_run_dependencies/robprakt_interfaces
-- Installing: /home/praktikum4/praktikum_ws/install/robprakt_interfaces/share/ament_index/resource_index/parent_prefix_path/robprakt_interfaces
-- Up-to-date: /home/praktikum4/praktikum_ws/install/robprakt_interfaces/share/robprakt_interfaces/environment/ament_prefix_path.sh
-- Installing: /home/praktikum4/praktikum_ws/install/robprakt_interfaces/share/robprakt_interfaces/environment/ament_prefix_path.dsv
-- Up-to-date: /home/praktikum4/praktikum_ws/install/robprakt_interfaces/share/robprakt_interfaces/environment/path.sh
-- Installing: /home/praktikum4/praktikum_ws/install/robprakt_interfaces/share/robprakt_interfaces/environment/path.dsv
-- Installing: /home/praktikum4/praktikum_ws/install/robprakt_interfaces/share/robprakt_interfaces/local_setup.bash
-- Installing: /home/praktikum4/praktikum_ws/install/robprakt_interfaces/share/robprakt_interfaces/local_setup.sh
-- Installing: /home/praktikum4/praktikum_ws/install/robprakt_interfaces/share/robprakt_interfaces/local_setup.zsh
-- Installing: /home/praktikum4/praktikum_ws/install/robprakt_interfaces/share/robprakt_interfaces/local_setup.dsv
-- Installing: /home/praktikum4/praktikum_ws/install/robprakt_interfaces/share/robprakt_interfaces/package.dsv
-- Installing: /home/praktikum4/praktikum_ws/install/robprakt_interfaces/share/ament_index/resource_index/packages/robprakt_interfaces
-- Installing: /home/praktikum4/praktikum_ws/install/robprakt_interfaces/share/robprakt_interfaces/cmake/robprakt_interfaces__rosidl_generator_cExport.cmake
-- Installing: /home/praktikum4/praktikum_ws/install/robprakt_interfaces/share/robprakt_interfaces/cmake/robprakt_interfaces__rosidl_generator_cExport-noconfig.cmake
-- Installing: /home/praktikum4/praktikum_ws/install/robprakt_interfaces/share/robprakt_interfaces/cmake/robprakt_interfaces__rosidl_typesupport_introspection_cExport.cmake
-- Installing: /home/praktikum4/praktikum_ws/install/robprakt_interfaces/share/robprakt_interfaces/cmake/robprakt_interfaces__rosidl_typesupport_introspection_cExport-noconfig.cmake
-- Installing: /home/praktikum4/praktikum_ws/install/robprakt_interfaces/share/robprakt_interfaces/cmake/robprakt_interfaces__rosidl_typesupport_cExport.cmake
-- Installing: /home/praktikum4/praktikum_ws/install/robprakt_interfaces/share/robprakt_interfaces/cmake/robprakt_interfaces__rosidl_typesupport_cExport-noconfig.cmake
-- Installing: /home/praktikum4/praktikum_ws/install/robprakt_interfaces/share/robprakt_interfaces/cmake/robprakt_interfaces__rosidl_generator_cppExport.cmake
-- Installing: /home/praktikum4/praktikum_ws/install/robprakt_interfaces/share/robprakt_interfaces/cmake/robprakt_interfaces__rosidl_typesupport_introspection_cppExport.cmake
-- Installing: /home/praktikum4/praktikum_ws/install/robprakt_interfaces/share/robprakt_interfaces/cmake/robprakt_interfaces__rosidl_typesupport_introspection_cppExport-noconfig.cmake
-- Installing: /home/praktikum4/praktikum_ws/install/robprakt_interfaces/share/robprakt_interfaces/cmake/robprakt_interfaces__rosidl_typesupport_cppExport.cmake
-- Installing: /home/praktikum4/praktikum_ws/install/robprakt_interfaces/share/robprakt_interfaces/cmake/robprakt_interfaces__rosidl_typesupport_cppExport-noconfig.cmake
-- Installing: /home/praktikum4/praktikum_ws/install/robprakt_interfaces/share/robprakt_interfaces/cmake/rosidl_cmake-extras.cmake
-- Installing: /home/praktikum4/praktikum_ws/install/robprakt_interfaces/share/robprakt_interfaces/cmake/ament_cmake_export_dependencies-extras.cmake
-- Installing: /home/praktikum4/praktikum_ws/install/robprakt_interfaces/share/robprakt_interfaces/cmake/ament_cmake_export_libraries-extras.cmake
-- Installing: /home/praktikum4/praktikum_ws/install/robprakt_interfaces/share/robprakt_interfaces/cmake/ament_cmake_export_targets-extras.cmake
-- Installing: /home/praktikum4/praktikum_ws/install/robprakt_interfaces/share/robprakt_interfaces/cmake/ament_cmake_export_include_directories-extras.cmake
-- Installing: /home/praktikum4/praktikum_ws/install/robprakt_interfaces/share/robprakt_interfaces/cmake/rosidl_cmake_export_typesupport_libraries-extras.cmake
-- Installing: /home/praktikum4/praktikum_ws/install/robprakt_interfaces/share/robprakt_interfaces/cmake/rosidl_cmake_export_typesupport_targets-extras.cmake
-- Installing: /home/praktikum4/praktikum_ws/install/robprakt_interfaces/share/robprakt_interfaces/cmake/robprakt_interfacesConfig.cmake
-- Installing: /home/praktikum4/praktikum_ws/install/robprakt_interfaces/share/robprakt_interfaces/cmake/robprakt_interfacesConfig-version.cmake
-- Up-to-date: /home/praktikum4/praktikum_ws/install/robprakt_interfaces/share/robprakt_interfaces/package.xml
