[0.977s] Invoking command in '/home/rob/praktikum_ws/src/robprakt': PYTHONPATH=/home/rob/praktikum_ws/install/robprakt/lib/python3.8/site-packages:${PYTHONPATH} /usr/bin/python3 setup.py egg_info --egg-base ../../build/robprakt build --build-base /home/rob/praktikum_ws/build/robprakt/build install --prefix /home/rob/praktikum_ws/install/robprakt --record /home/rob/praktikum_ws/build/robprakt/install.log --single-version-externally-managed
[1.309s] running egg_info
[1.311s] writing ../../build/robprakt/robprakt.egg-info/PKG-INFO
[1.311s] writing dependency_links to ../../build/robprakt/robprakt.egg-info/dependency_links.txt
[1.312s] writing entry points to ../../build/robprakt/robprakt.egg-info/entry_points.txt
[1.312s] writing requirements to ../../build/robprakt/robprakt.egg-info/requires.txt
[1.312s] writing top-level names to ../../build/robprakt/robprakt.egg-info/top_level.txt
[1.378s] reading manifest file '../../build/robprakt/robprakt.egg-info/SOURCES.txt'
[1.379s] writing manifest file '../../build/robprakt/robprakt.egg-info/SOURCES.txt'
[1.380s] running build
[1.380s] running build_py
[1.380s] copying robprakt/vacuum_control.py -> /home/rob/praktikum_ws/build/robprakt/build/lib/robprakt
[1.381s] running install
[1.382s] running install_lib
[1.383s] copying /home/rob/praktikum_ws/build/robprakt/build/lib/robprakt/vacuum_control.py -> /home/rob/praktikum_ws/install/robprakt/lib/python3.8/site-packages/robprakt
[1.384s] byte-compiling /home/rob/praktikum_ws/install/robprakt/lib/python3.8/site-packages/robprakt/vacuum_control.py to vacuum_control.cpython-38.pyc
[1.386s]   File "/home/rob/praktikum_ws/install/robprakt/lib/python3.8/site-packages/robprakt/vacuum_control.py", line 25
[1.386s]     self.get_logger().info('Incoming request\na: %d ip: %s' % (request.set robot_ip))
[1.386s]                                                                            ^
[1.387s] SyntaxError: invalid syntax
[1.387s] 
[1.387s] running install_data
[1.388s] running install_egg_info
[1.390s] removing '/home/rob/praktikum_ws/install/robprakt/lib/python3.8/site-packages/robprakt-0.0.0-py3.8.egg-info' (and everything under it)
[1.390s] Copying ../../build/robprakt/robprakt.egg-info to /home/rob/praktikum_ws/install/robprakt/lib/python3.8/site-packages/robprakt-0.0.0-py3.8.egg-info
[1.392s] running install_scripts
[1.418s] Installing service script to /home/rob/praktikum_ws/install/robprakt/lib/robprakt
[1.419s] writing list of installed files to '/home/rob/praktikum_ws/build/robprakt/install.log'
[1.446s] Invoked command in '/home/rob/praktikum_ws/src/robprakt' returned '0': PYTHONPATH=/home/rob/praktikum_ws/install/robprakt/lib/python3.8/site-packages:${PYTHONPATH} /usr/bin/python3 setup.py egg_info --egg-base ../../build/robprakt build --build-base /home/rob/praktikum_ws/build/robprakt/build install --prefix /home/rob/praktikum_ws/install/robprakt --record /home/rob/praktikum_ws/build/robprakt/install.log --single-version-externally-managed
