[35m[1mScanning dependencies of target vrpn_atmel[0m
[35m[1mScanning dependencies of target quat[0m
[35m[1mScanning dependencies of target gpsnmea[0m
[35m[1mScanning dependencies of target vrpn_timecode_generator[0m
[  1%] [32mBuilding C object quat/CMakeFiles/quat.dir/matrix.c.o[0m
[  2%] [32mBuilding C object quat/CMakeFiles/quat.dir/quat.c.o[0m
[  2%] [32mBuilding C object quat/CMakeFiles/quat.dir/vector.c.o[0m
[  2%] [32mBuilding C object quat/CMakeFiles/quat.dir/xyzquat.c.o[0m
[  2%] [32mBuilding CXX object gpsnmealib/CMakeFiles/gpsnmea.dir/latLonCoord.C.o[0m
[  2%] [32mBuilding CXX object atmellib/CMakeFiles/vrpn_atmel.dir/vrpn_atmellib_helper.C.o[0m
[  3%] [32mBuilding CXX object server_src/timecode_generator_server/CMakeFiles/vrpn_timecode_generator.dir/vrpn_timecode_generator.cpp.o[0m
[  4%] [32mBuilding CXX object atmellib/CMakeFiles/vrpn_atmel.dir/vrpn_atmellib_iobasic.C.o[0m
[  5%] [32mBuilding CXX object atmellib/CMakeFiles/vrpn_atmel.dir/vrpn_atmellib_register.C.o[0m
[  5%] [32mBuilding CXX object atmellib/CMakeFiles/vrpn_atmel.dir/vrpn_atmellib_openclose.C.o[0m
[  6%] [32mBuilding CXX object gpsnmealib/CMakeFiles/gpsnmea.dir/nmeaParser.C.o[0m
[  6%] [32mBuilding CXX object atmellib/CMakeFiles/vrpn_atmel.dir/vrpn_atmellib_tester.C.o[0m
[  6%] [32m[1mLinking CXX static library libvrpn_timecode_generator.a[0m
[  6%] [32mBuilding CXX object gpsnmealib/CMakeFiles/gpsnmea.dir/typedCoord.C.o[0m
[  7%] [32mBuilding CXX object gpsnmealib/CMakeFiles/gpsnmea.dir/utmCoord.C.o[0m
[  7%] Built target vrpn_timecode_generator
[  8%] [32m[1mLinking CXX static library libvrpn_atmel.a[0m
[  8%] Built target vrpn_atmel
[  9%] [32m[1mLinking C static library libquat.a[0m
[  9%] Built target quat
[35m[1mScanning dependencies of target vrpn[0m
[ 10%] [32mBuilding CXX object CMakeFiles/vrpn.dir/vrpn_Analog.C.o[0m
[ 11%] [32mBuilding CXX object CMakeFiles/vrpn.dir/vrpn_Assert.C.o[0m
[ 11%] [32mBuilding CXX object CMakeFiles/vrpn.dir/vrpn_Analog_Output.C.o[0m
[ 11%] [32mBuilding CXX object CMakeFiles/vrpn.dir/vrpn_Auxiliary_Logger.C.o[0m
[ 12%] [32mBuilding CXX object CMakeFiles/vrpn.dir/vrpn_BaseClass.C.o[0m
[ 12%] [32mBuilding CXX object CMakeFiles/vrpn.dir/vrpn_Button.C.o[0m
[ 13%] [32mBuilding CXX object CMakeFiles/vrpn.dir/vrpn_Connection.C.o[0m
[ 14%] [32mBuilding CXX object CMakeFiles/vrpn.dir/vrpn_EndpointContainer.C.o[0m
[ 14%] [32mBuilding CXX object CMakeFiles/vrpn.dir/vrpn_Dial.C.o[0m
[ 14%] [32mBuilding CXX object CMakeFiles/vrpn.dir/vrpn_FileConnection.C.o[0m
[ 14%] [32m[1mLinking CXX static library libgpsnmea.a[0m
[ 15%] [32mBuilding CXX object CMakeFiles/vrpn.dir/vrpn_FileController.C.o[0m
[ 15%] [32mBuilding CXX object CMakeFiles/vrpn.dir/vrpn_ForceDevice.C.o[0m
[ 15%] Built target gpsnmea
[ 15%] [32mBuilding CXX object CMakeFiles/vrpn.dir/vrpn_Forwarder.C.o[0m
[35m[1mScanning dependencies of target vrpnserver[0m
[ 16%] [32mBuilding CXX object CMakeFiles/vrpn.dir/vrpn_ForwarderController.C.o[0m
[ 16%] [32mBuilding CXX object CMakeFiles/vrpn.dir/vrpn_FunctionGenerator.C.o[0m
[ 17%] [32mBuilding CXX object CMakeFiles/vrpn.dir/vrpn_Imager.C.o[0m
[ 17%] [32mBuilding CXX object CMakeFiles/vrpn.dir/vrpn_LamportClock.C.o[0m
[ 17%] [32mBuilding CXX object CMakeFiles/vrpnserver.dir/vrpn_Analog.C.o[0m
[ 18%] [32mBuilding CXX object CMakeFiles/vrpn.dir/vrpn_Mutex.C.o[0m
[ 19%] [32mBuilding CXX object CMakeFiles/vrpnserver.dir/vrpn_Analog_Output.C.o[0m
[ 19%] [32mBuilding CXX object CMakeFiles/vrpn.dir/vrpn_Poser.C.o[0m
[ 20%] [32mBuilding CXX object CMakeFiles/vrpn.dir/vrpn_RedundantTransmission.C.o[0m
[ 21%] [32mBuilding CXX object CMakeFiles/vrpn.dir/vrpn_SerialPort.C.o[0m
[ 21%] [32mBuilding CXX object CMakeFiles/vrpnserver.dir/vrpn_Assert.C.o[0m
[ 21%] [32mBuilding CXX object CMakeFiles/vrpn.dir/vrpn_Serial.C.o[0m
[ 22%] [32mBuilding CXX object CMakeFiles/vrpnserver.dir/vrpn_Auxiliary_Logger.C.o[0m
[ 22%] [32mBuilding CXX object CMakeFiles/vrpnserver.dir/vrpn_BaseClass.C.o[0m
[ 22%] [32mBuilding CXX object CMakeFiles/vrpn.dir/vrpn_Shared.C.o[0m
[ 23%] [32mBuilding CXX object CMakeFiles/vrpnserver.dir/vrpn_Button.C.o[0m
[ 24%] [32mBuilding CXX object CMakeFiles/vrpn.dir/vrpn_SharedObject.C.o[0m
[ 24%] [32mBuilding CXX object CMakeFiles/vrpn.dir/vrpn_Sound.C.o[0m
[ 24%] [32mBuilding CXX object CMakeFiles/vrpn.dir/vrpn_Text.C.o[0m
[ 25%] [32mBuilding CXX object CMakeFiles/vrpn.dir/vrpn_Thread.C.o[0m
[ 25%] [32mBuilding CXX object CMakeFiles/vrpnserver.dir/vrpn_Connection.C.o[0m
[ 25%] [32mBuilding CXX object CMakeFiles/vrpn.dir/vrpn_Tracker.C.o[0m
[ 26%] [32mBuilding CXX object CMakeFiles/vrpnserver.dir/vrpn_Dial.C.o[0m
[ 26%] [32mBuilding CXX object CMakeFiles/vrpnserver.dir/vrpn_EndpointContainer.C.o[0m
[ 27%] [32mBuilding CXX object CMakeFiles/vrpnserver.dir/vrpn_FileConnection.C.o[0m
[ 27%] [32mBuilding CXX object CMakeFiles/vrpnserver.dir/vrpn_FileController.C.o[0m
[ 28%] [32mBuilding CXX object CMakeFiles/vrpnserver.dir/vrpn_ForceDevice.C.o[0m
[ 28%] [32mBuilding CXX object CMakeFiles/vrpnserver.dir/vrpn_Forwarder.C.o[0m
[ 28%] [32mBuilding CXX object CMakeFiles/vrpnserver.dir/vrpn_ForwarderController.C.o[0m
[ 28%] [32mBuilding CXX object CMakeFiles/vrpnserver.dir/vrpn_Imager.C.o[0m
[ 29%] [32mBuilding CXX object CMakeFiles/vrpnserver.dir/vrpn_FunctionGenerator.C.o[0m
[ 30%] [32mBuilding CXX object CMakeFiles/vrpnserver.dir/vrpn_LamportClock.C.o[0m
[ 30%] [32mBuilding CXX object CMakeFiles/vrpnserver.dir/vrpn_Mutex.C.o[0m
[ 31%] [32mBuilding CXX object CMakeFiles/vrpnserver.dir/vrpn_Poser.C.o[0m
[ 31%] [32mBuilding CXX object CMakeFiles/vrpnserver.dir/vrpn_RedundantTransmission.C.o[0m
[ 32%] [32mBuilding CXX object CMakeFiles/vrpnserver.dir/vrpn_Serial.C.o[0m
[ 32%] [32mBuilding CXX object CMakeFiles/vrpnserver.dir/vrpn_SerialPort.C.o[0m
[ 33%] [32mBuilding CXX object CMakeFiles/vrpnserver.dir/vrpn_Shared.C.o[0m
[ 33%] [32mBuilding CXX object CMakeFiles/vrpnserver.dir/vrpn_SharedObject.C.o[0m
[ 34%] [32mBuilding CXX object CMakeFiles/vrpnserver.dir/vrpn_Sound.C.o[0m
[ 34%] [32mBuilding CXX object CMakeFiles/vrpnserver.dir/vrpn_Text.C.o[0m
[ 35%] [32mBuilding CXX object CMakeFiles/vrpnserver.dir/vrpn_Thread.C.o[0m
[ 35%] [32mBuilding CXX object CMakeFiles/vrpnserver.dir/vrpn_Tracker.C.o[0m
[ 35%] [32mBuilding CXX object CMakeFiles/vrpnserver.dir/vrpn_3DConnexion.C.o[0m
[ 36%] [32mBuilding CXX object CMakeFiles/vrpnserver.dir/vrpn_3DMicroscribe.C.o[0m
[ 36%] [32mBuilding CXX object CMakeFiles/vrpnserver.dir/vrpn_3Space.C.o[0m
[ 37%] [32mBuilding CXX object CMakeFiles/vrpnserver.dir/vrpn_5DT16.C.o[0m
[ 37%] [32mBuilding CXX object CMakeFiles/vrpnserver.dir/vrpn_Adafruit.C.o[0m
[ 38%] [32mBuilding CXX object CMakeFiles/vrpnserver.dir/vrpn_ADBox.C.o[0m
[ 39%] [32m[1mLinking CXX static library libvrpn.a[0m
[ 39%] [32mBuilding CXX object CMakeFiles/vrpnserver.dir/vrpn_Analog_5dt.C.o[0m
[ 39%] Built target vrpn
[ 40%] [32mBuilding CXX object CMakeFiles/vrpnserver.dir/vrpn_Analog_5dtUSB.C.o[0m
[ 40%] [32mBuilding CXX object CMakeFiles/vrpnserver.dir/vrpn_Analog_Radamec_SPI.C.o[0m
[ 41%] [32mBuilding CXX object CMakeFiles/vrpnserver.dir/vrpn_Analog_USDigital_A2.C.o[0m
[ 41%] [32mBuilding CXX object CMakeFiles/vrpnserver.dir/vrpn_Atmel.C.o[0m
[ 42%] [32mBuilding CXX object CMakeFiles/vrpnserver.dir/vrpn_BiosciencesTools.C.o[0m
[ 42%] [32mBuilding CXX object CMakeFiles/vrpnserver.dir/vrpn_Button_NI_DIO24.C.o[0m
[ 42%] [32mBuilding CXX object CMakeFiles/vrpnserver.dir/vrpn_Button_USB.cpp.o[0m
[ 43%] [32mBuilding CXX object CMakeFiles/vrpnserver.dir/vrpn_CerealBox.C.o[0m
[ 43%] [32mBuilding CXX object CMakeFiles/vrpnserver.dir/vrpn_CHProducts_Controller_Raw.C.o[0m
[ 44%] [32mBuilding CXX object CMakeFiles/vrpnserver.dir/vrpn_Contour.C.o[0m
[ 44%] [32mBuilding CXX object CMakeFiles/vrpnserver.dir/vrpn_DevInput.C.o[0m
[ 45%] [32mBuilding CXX object CMakeFiles/vrpnserver.dir/vrpn_DirectXFFJoystick.C.o[0m
[ 45%] [32mBuilding CXX object CMakeFiles/vrpnserver.dir/vrpn_DirectXRumblePad.C.o[0m
[ 46%] [32mBuilding CXX object CMakeFiles/vrpnserver.dir/vrpn_DreamCheeky.C.o[0m
[ 46%] [32mBuilding CXX object CMakeFiles/vrpnserver.dir/vrpn_Dyna.C.o[0m
[ 47%] [32mBuilding CXX object CMakeFiles/vrpnserver.dir/vrpn_Event_Analog.C.o[0m
[ 47%] [32mBuilding CXX object CMakeFiles/vrpnserver.dir/vrpn_Event.C.o[0m
[35m[1mScanning dependencies of target c_interface_example[0m
[ 47%] [32mBuilding C object client_src/CMakeFiles/c_interface_example.dir/c_interface_example.c.o[0m
[ 48%] [32mBuilding CXX object CMakeFiles/vrpnserver.dir/vrpn_Event_Mouse.C.o[0m
[35m[1mScanning dependencies of target run_auxiliary_logger[0m
[ 48%] [32mBuilding CXX object client_src/CMakeFiles/c_interface_example.dir/c_interface.cpp.o[0m
[ 48%] [32mBuilding CXX object client_src/CMakeFiles/run_auxiliary_logger.dir/run_auxiliary_logger.C.o[0m
[35m[1mScanning dependencies of target vrpn_print_devices[0m
[ 48%] [32mBuilding CXX object CMakeFiles/vrpnserver.dir/vrpn_Flock.C.o[0m
[ 48%] [32mBuilding CXX object CMakeFiles/vrpnserver.dir/vrpn_Flock_Parallel.C.o[0m
[ 49%] [32mBuilding CXX object client_src/CMakeFiles/vrpn_print_devices.dir/vrpn_print_devices.C.o[0m
[ 49%] [32mBuilding CXX object CMakeFiles/vrpnserver.dir/vrpn_Freespace.C.o[0m
[ 50%] [32mBuilding CXX object CMakeFiles/vrpnserver.dir/vrpn_ForceDeviceServer.C.o[0m
[ 51%] [32mBuilding CXX object CMakeFiles/vrpnserver.dir/vrpn_Futaba.C.o[0m
[ 51%] [32mBuilding CXX object CMakeFiles/vrpnserver.dir/vrpn_GlobalHapticsOrb.C.o[0m
[ 52%] [32mBuilding CXX object CMakeFiles/vrpnserver.dir/vrpn_Griffin.C.o[0m
[ 52%] [32mBuilding CXX object CMakeFiles/vrpnserver.dir/vrpn_HumanInterface.C.o[0m
[ 53%] [32m[1mLinking CXX executable c_interface_example[0m
[ 54%] [32mBuilding CXX object CMakeFiles/vrpnserver.dir/vrpn_IDEA.C.o[0m
[ 54%] [32m[1mLinking CXX executable run_auxiliary_logger[0m
[35m[1mScanning dependencies of target vrpn_print_performance[0m
[ 54%] [32mBuilding CXX object CMakeFiles/vrpnserver.dir/vrpn_Imager_Stream_Buffer.C.o[0m
[ 55%] [32mBuilding CXX object CMakeFiles/vrpnserver.dir/vrpn_ImmersionBox.C.o[0m
[ 56%] [32mBuilding CXX object client_src/CMakeFiles/vrpn_print_performance.dir/vrpn_print_performance.C.o[0m
[ 56%] Built target c_interface_example
[ 56%] [32m[1mLinking CXX executable vrpn_print_devices[0m
[35m[1mScanning dependencies of target vrpn_print_messages[0m
[35m[1mScanning dependencies of target vrpn_average_analogs[0m
[ 56%] Built target run_auxiliary_logger
[ 56%] [32mBuilding CXX object client_src/CMakeFiles/vrpn_average_analogs.dir/vrpn_average_analogs.C.o[0m
[ 57%] [32mBuilding CXX object client_src/CMakeFiles/vrpn_print_messages.dir/vrpn_print_messages.C.o[0m
[35m[1mScanning dependencies of target vrpn_streamPrint[0m
[ 57%] [32mBuilding CXX object CMakeFiles/vrpnserver.dir/vrpn_inertiamouse.C.o[0m
[ 58%] [32mBuilding CXX object CMakeFiles/vrpnserver.dir/vrpn_JoyFly.C.o[0m
[ 59%] [32mBuilding CXX object util/printStream/CMakeFiles/vrpn_streamPrint.dir/vrpn_streamPrint.cpp.o[0m
[ 59%] [32mBuilding CXX object CMakeFiles/vrpnserver.dir/vrpn_Joylin.C.o[0m
[ 59%] Built target vrpn_print_devices
[ 59%] [32mBuilding CXX object CMakeFiles/vrpnserver.dir/vrpn_Joywin32.C.o[0m
[ 60%] [32mBuilding CXX object CMakeFiles/vrpnserver.dir/vrpn_Keyboard.C.o[0m
[ 60%] [32mBuilding CXX object CMakeFiles/vrpnserver.dir/vrpn_Laputa.C.o[0m
[ 60%] [32m[1mLinking CXX executable vrpn_print_messages[0m
[ 61%] [32mBuilding CXX object CMakeFiles/vrpnserver.dir/vrpn_LUDL.C.o[0m
[ 61%] [32mBuilding CXX object CMakeFiles/vrpnserver.dir/vrpn_Logitech_Controller_Raw.C.o[0m
[ 61%] [32m[1mLinking CXX executable vrpn_average_analogs[0m
[ 61%] [32mBuilding CXX object CMakeFiles/vrpnserver.dir/vrpn_Microsoft_Controller_Raw.C.o[0m
[ 62%] [32mBuilding CXX object CMakeFiles/vrpnserver.dir/vrpn_Magellan.C.o[0m
[ 62%] [32m[1mLinking CXX executable vrpn_streamPrint[0m
[ 62%] Built target vrpn_print_messages
[ 62%] [32m[1mLinking CXX executable vrpn_print_performance[0m
[ 63%] [32mBuilding CXX object CMakeFiles/vrpnserver.dir/vrpn_Mouse.C.o[0m
[ 63%] [32mBuilding CXX object CMakeFiles/vrpnserver.dir/vrpn_NationalInstruments.C.o[0m
[ 64%] [32mBuilding CXX object CMakeFiles/vrpnserver.dir/vrpn_Nidaq.C.o[0m
[ 64%] [32mBuilding CXX object CMakeFiles/vrpnserver.dir/vrpn_nikon_controls.C.o[0m
[ 64%] Built target vrpn_average_analogs
[ 65%] [32mBuilding CXX object CMakeFiles/vrpnserver.dir/vrpn_OzzMaker.C.o[0m
[ 66%] [32mBuilding CXX object CMakeFiles/vrpnserver.dir/vrpn_nVidia_shield_controller.C.o[0m
[ 66%] [32mBuilding CXX object CMakeFiles/vrpnserver.dir/vrpn_Oculus.C.o[0m
[ 66%] [32mBuilding CXX object CMakeFiles/vrpnserver.dir/vrpn_OmegaTemperature.C.o[0m
[ 66%] Built target vrpn_streamPrint
[ 66%] Built target vrpn_print_performance
[ 66%] [32mBuilding CXX object CMakeFiles/vrpnserver.dir/vrpn_Poser_Analog.C.o[0m
[ 67%] [32mBuilding CXX object CMakeFiles/vrpnserver.dir/vrpn_Poser_Tek4662.C.o[0m
[ 67%] [32mBuilding CXX object CMakeFiles/vrpnserver.dir/vrpn_raw_sgibox.C.o[0m
[ 68%] [32mBuilding CXX object CMakeFiles/vrpnserver.dir/vrpn_Retrolink.C.o[0m
[ 68%] [32mBuilding CXX object CMakeFiles/vrpnserver.dir/vrpn_Saitek_Controller_Raw.C.o[0m
[ 69%] [32mBuilding CXX object CMakeFiles/vrpnserver.dir/vrpn_sgibox.C.o[0m
[ 69%] [32mBuilding CXX object CMakeFiles/vrpnserver.dir/vrpn_Spaceball.C.o[0m
[ 70%] [32mBuilding CXX object CMakeFiles/vrpnserver.dir/vrpn_Streaming_Arduino.C.o[0m
[ 70%] [32mBuilding CXX object CMakeFiles/vrpnserver.dir/vrpn_Tng3.C.o[0m
[ 71%] [32mBuilding CXX object CMakeFiles/vrpnserver.dir/vrpn_Tracker_3DMouse.C.o[0m
[ 71%] [32mBuilding CXX object CMakeFiles/vrpnserver.dir/vrpn_Tracker_AnalogFly.C.o[0m
[ 72%] [32mBuilding CXX object CMakeFiles/vrpnserver.dir/vrpn_Tracker_ButtonFly.C.o[0m
[ 72%] [32mBuilding CXX object CMakeFiles/vrpnserver.dir/vrpn_Tracker_Crossbow.C.o[0m
[ 72%] [32mBuilding CXX object CMakeFiles/vrpnserver.dir/vrpn_Tracker_DTrack.C.o[0m
[ 73%] [32mBuilding CXX object CMakeFiles/vrpnserver.dir/vrpn_Tracker_Fastrak.C.o[0m
[ 73%] [32mBuilding CXX object CMakeFiles/vrpnserver.dir/vrpn_Tracker_Filter.C.o[0m
[ 74%] [32mBuilding CXX object CMakeFiles/vrpnserver.dir/vrpn_Tracker_GameTrak.C.o[0m
[ 74%] [32mBuilding CXX object CMakeFiles/vrpnserver.dir/vrpn_Tracker_GPS.C.o[0m
[ 75%] [32mBuilding CXX object CMakeFiles/vrpnserver.dir/vrpn_Tracker_IMU.C.o[0m
[ 75%] [32mBuilding CXX object CMakeFiles/vrpnserver.dir/vrpn_Tracker_isense.C.o[0m
[ 76%] [32mBuilding CXX object CMakeFiles/vrpnserver.dir/vrpn_Tracker_Isotrak.C.o[0m
[ 76%] [32mBuilding CXX object CMakeFiles/vrpnserver.dir/vrpn_Tracker_JsonNet.C.o[0m
[ 77%] [32mBuilding CXX object CMakeFiles/vrpnserver.dir/vrpn_Tracker_Liberty.C.o[0m
[ 77%] [32mBuilding CXX object CMakeFiles/vrpnserver.dir/vrpn_Tracker_MotionNode.C.o[0m
[ 78%] [32mBuilding CXX object CMakeFiles/vrpnserver.dir/vrpn_Tracker_NDI_Polaris.C.o[0m
[ 78%] [32mBuilding CXX object CMakeFiles/vrpnserver.dir/vrpn_Tracker_NovintFalcon.C.o[0m
[ 78%] [32mBuilding CXX object CMakeFiles/vrpnserver.dir/vrpn_Tracker_OSVRHackerDevKit.C.o[0m
[ 79%] [32mBuilding CXX object CMakeFiles/vrpnserver.dir/vrpn_Tracker_PDI.C.o[0m
[ 79%] [32mBuilding CXX object CMakeFiles/vrpnserver.dir/vrpn_Tracker_PhaseSpace.C.o[0m
[ 80%] [32mBuilding CXX object CMakeFiles/vrpnserver.dir/vrpn_Tracker_RazerHydra.C.o[0m
[ 80%] [32mBuilding CXX object CMakeFiles/vrpnserver.dir/vrpn_Tracker_ThalmicLabsMyo.C.o[0m
[ 81%] [32mBuilding CXX object CMakeFiles/vrpnserver.dir/vrpn_Tracker_SpacePoint.C.o[0m
[ 82%] [32mBuilding CXX object CMakeFiles/vrpnserver.dir/vrpn_Tracker_Colibri.C.o[0m
[ 82%] [32mBuilding CXX object CMakeFiles/vrpnserver.dir/vrpn_Tracker_Wintracker.C.o[0m
[ 82%] [32mBuilding CXX object CMakeFiles/vrpnserver.dir/vrpn_Tracker_TrivisioColibri.C.o[0m
[ 83%] [32mBuilding CXX object CMakeFiles/vrpnserver.dir/vrpn_Tracker_WiimoteHead.C.o[0m
[ 83%] [32mBuilding CXX object CMakeFiles/vrpnserver.dir/vrpn_Tracker_zSight.C.o[0m
[ 84%] [32mBuilding CXX object CMakeFiles/vrpnserver.dir/vrpn_Tracker_ViewPoint.C.o[0m
[ 84%] [32mBuilding CXX object CMakeFiles/vrpnserver.dir/vrpn_UNC_Joystick.C.o[0m
[ 84%] [32mBuilding CXX object CMakeFiles/vrpnserver.dir/vrpn_VPJoystick.C.o[0m
[ 85%] [32mBuilding CXX object CMakeFiles/vrpnserver.dir/vrpn_Wanda.C.o[0m
[ 85%] [32mBuilding CXX object CMakeFiles/vrpnserver.dir/vrpn_WiiMote.C.o[0m
[ 86%] [32mBuilding CXX object CMakeFiles/vrpnserver.dir/vrpn_XInputGamepad.C.o[0m
[ 87%] [32mBuilding CXX object CMakeFiles/vrpnserver.dir/vrpn_Tracker_LibertyHS.C.o[0m
[ 87%] [32mBuilding CXX object CMakeFiles/vrpnserver.dir/vrpn_Xkeys.C.o[0m
[ 87%] [32mBuilding CXX object CMakeFiles/vrpnserver.dir/vrpn_YEI_3Space.C.o[0m
[ 88%] [32mBuilding CXX object CMakeFiles/vrpnserver.dir/vrpn_Zaber.C.o[0m
[ 88%] [32mBuilding CXX object CMakeFiles/vrpnserver.dir/server_src/vrpn_Generic_server_object.C.o[0m
[ 89%] [32mBuilding C object CMakeFiles/vrpnserver.dir/submodules/hidapi/linux/hid.c.o[0m
[ 89%] [32mBuilding CXX object CMakeFiles/vrpnserver.dir/submodules/jsoncpp/src/lib_json/json_reader.cpp.o[0m
[ 90%] [32mBuilding CXX object CMakeFiles/vrpnserver.dir/submodules/jsoncpp/src/lib_json/json_value.cpp.o[0m
[ 90%] [32mBuilding CXX object CMakeFiles/vrpnserver.dir/submodules/jsoncpp/src/lib_json/json_writer.cpp.o[0m
[ 91%] [32m[1mLinking CXX static library libvrpnserver.a[0m
[ 91%] Built target vrpnserver
[35m[1mScanning dependencies of target vrpn_server[0m
[35m[1mScanning dependencies of target vrpn-python[0m
[ 92%] [32mBuilding CXX object server_src/CMakeFiles/vrpn_server.dir/vrpn.C.o[0m
[ 94%] [32mBuilding CXX object python/CMakeFiles/vrpn-python.dir/Connection.cpp.o[0m
[ 94%] [32mBuilding CXX object python/CMakeFiles/vrpn-python.dir/receiver/Dial.cpp.o[0m
[ 94%] [32mBuilding CXX object python/CMakeFiles/vrpn-python.dir/Device.cpp.o[0m
[ 94%] [32mBuilding CXX object python/CMakeFiles/vrpn-python.dir/Base.cpp.o[0m
[ 94%] [32mBuilding CXX object python/CMakeFiles/vrpn-python.dir/callback.cpp.o[0m
[ 94%] [32mBuilding CXX object python/CMakeFiles/vrpn-python.dir/interface.cpp.o[0m
[ 95%] [32mBuilding CXX object python/CMakeFiles/vrpn-python.dir/quaternion/quaternion.cpp.o[0m
[ 95%] [32mBuilding CXX object python/CMakeFiles/vrpn-python.dir/receiver/Analog.cpp.o[0m
[ 96%] [32mBuilding CXX object python/CMakeFiles/vrpn-python.dir/receiver/Button.cpp.o[0m
[ 97%] [32mBuilding CXX object python/CMakeFiles/vrpn-python.dir/receiver/Text_Receiver.cpp.o[0m
[ 97%] [32mBuilding CXX object python/CMakeFiles/vrpn-python.dir/receiver/Tracker.cpp.o[0m
[ 97%] [32mBuilding CXX object python/CMakeFiles/vrpn-python.dir/receiver/receiver.cpp.o[0m
[ 98%] [32mBuilding CXX object python/CMakeFiles/vrpn-python.dir/sender/Poser.cpp.o[0m
[ 98%] [32mBuilding CXX object python/CMakeFiles/vrpn-python.dir/sender/Text_Sender.cpp.o[0m
[ 98%] [32m[1mLinking CXX executable vrpn_server[0m
[ 99%] [32mBuilding CXX object python/CMakeFiles/vrpn-python.dir/sender/sender.cpp.o[0m
[ 99%] [32mBuilding CXX object python/CMakeFiles/vrpn-python.dir/tools.cpp.o[0m
[ 99%] Built target vrpn_server
[100%] [32m[1mLinking CXX shared module vrpn.so[0m
[100%] Built target vrpn-python
-- Install configuration: "RelWithDebInfo"
-- Installing: /home/praktikum4/praktikum_ws/install/vrpn/lib/libvrpnserver.a
-- Installing: /home/praktikum4/praktikum_ws/install/vrpn/include/vrpn_Configure.h
-- Up-to-date: /home/praktikum4/praktikum_ws/install/vrpn/include/vrpn_Analog.h
-- Up-to-date: /home/praktikum4/praktikum_ws/install/vrpn/include/vrpn_Analog_Output.h
-- Up-to-date: /home/praktikum4/praktikum_ws/install/vrpn/include/vrpn_Assert.h
-- Up-to-date: /home/praktikum4/praktikum_ws/install/vrpn/include/vrpn_Auxiliary_Logger.h
-- Up-to-date: /home/praktikum4/praktikum_ws/install/vrpn/include/vrpn_BaseClass.h
-- Up-to-date: /home/praktikum4/praktikum_ws/install/vrpn/include/vrpn_Button.h
-- Up-to-date: /home/praktikum4/praktikum_ws/install/vrpn/include/vrpn_Connection.h
-- Up-to-date: /home/praktikum4/praktikum_ws/install/vrpn/include/vrpn_ConnectionPtr.h
-- Up-to-date: /home/praktikum4/praktikum_ws/install/vrpn/include/vrpn_Dial.h
-- Up-to-date: /home/praktikum4/praktikum_ws/install/vrpn/include/vrpn_EndpointContainer.h
-- Up-to-date: /home/praktikum4/praktikum_ws/install/vrpn/include/vrpn_FileConnection.h
-- Up-to-date: /home/praktikum4/praktikum_ws/install/vrpn/include/vrpn_FileController.h
-- Up-to-date: /home/praktikum4/praktikum_ws/install/vrpn/include/vrpn_ForceDevice.h
-- Up-to-date: /home/praktikum4/praktikum_ws/install/vrpn/include/vrpn_ForwarderController.h
-- Up-to-date: /home/praktikum4/praktikum_ws/install/vrpn/include/vrpn_Forwarder.h
-- Up-to-date: /home/praktikum4/praktikum_ws/install/vrpn/include/vrpn_FunctionGenerator.h
-- Up-to-date: /home/praktikum4/praktikum_ws/install/vrpn/include/vrpn_Imager.h
-- Up-to-date: /home/praktikum4/praktikum_ws/install/vrpn/include/vrpn_LamportClock.h
-- Up-to-date: /home/praktikum4/praktikum_ws/install/vrpn/include/vrpn_Log.h
-- Up-to-date: /home/praktikum4/praktikum_ws/install/vrpn/include/vrpn_MainloopContainer.h
-- Up-to-date: /home/praktikum4/praktikum_ws/install/vrpn/include/vrpn_MainloopObject.h
-- Up-to-date: /home/praktikum4/praktikum_ws/install/vrpn/include/vrpn_Mutex.h
-- Up-to-date: /home/praktikum4/praktikum_ws/install/vrpn/include/vrpn_OwningPtr.h
-- Up-to-date: /home/praktikum4/praktikum_ws/install/vrpn/include/vrpn_RedundantTransmission.h
-- Up-to-date: /home/praktikum4/praktikum_ws/install/vrpn/include/vrpn_SendTextMessageStreamProxy.h
-- Up-to-date: /home/praktikum4/praktikum_ws/install/vrpn/include/vrpn_Serial.h
-- Up-to-date: /home/praktikum4/praktikum_ws/install/vrpn/include/vrpn_SerialPort.h
-- Up-to-date: /home/praktikum4/praktikum_ws/install/vrpn/include/vrpn_Shared.h
-- Up-to-date: /home/praktikum4/praktikum_ws/install/vrpn/include/vrpn_SharedObject.h
-- Up-to-date: /home/praktikum4/praktikum_ws/install/vrpn/include/vrpn_Sound.h
-- Up-to-date: /home/praktikum4/praktikum_ws/install/vrpn/include/vrpn_Text.h
-- Up-to-date: /home/praktikum4/praktikum_ws/install/vrpn/include/vrpn_Thread.h
-- Up-to-date: /home/praktikum4/praktikum_ws/install/vrpn/include/vrpn_Tracker.h
-- Up-to-date: /home/praktikum4/praktikum_ws/install/vrpn/include/vrpn_Types.h
-- Up-to-date: /home/praktikum4/praktikum_ws/install/vrpn/include/vrpn_WindowsH.h
-- Up-to-date: /home/praktikum4/praktikum_ws/install/vrpn/include/vrpn_3DConnexion.h
-- Up-to-date: /home/praktikum4/praktikum_ws/install/vrpn/include/vrpn_3DMicroscribe.h
-- Up-to-date: /home/praktikum4/praktikum_ws/install/vrpn/include/vrpn_3Space.h
-- Up-to-date: /home/praktikum4/praktikum_ws/install/vrpn/include/vrpn_5DT16.h
-- Up-to-date: /home/praktikum4/praktikum_ws/install/vrpn/include/vrpn_Adafruit.h
-- Up-to-date: /home/praktikum4/praktikum_ws/install/vrpn/include/vrpn_ADBox.h
-- Up-to-date: /home/praktikum4/praktikum_ws/install/vrpn/include/vrpn_Analog_5dt.h
-- Up-to-date: /home/praktikum4/praktikum_ws/install/vrpn/include/vrpn_Analog_5dtUSB.h
-- Up-to-date: /home/praktikum4/praktikum_ws/install/vrpn/include/vrpn_Analog_Radamec_SPI.h
-- Up-to-date: /home/praktikum4/praktikum_ws/install/vrpn/include/vrpn_Analog_USDigital_A2.h
-- Up-to-date: /home/praktikum4/praktikum_ws/install/vrpn/include/vrpn_Atmel.h
-- Up-to-date: /home/praktikum4/praktikum_ws/install/vrpn/include/vrpn_BiosciencesTools.h
-- Up-to-date: /home/praktikum4/praktikum_ws/install/vrpn/include/vrpn_Button_NI_DIO24.h
-- Up-to-date: /home/praktikum4/praktikum_ws/install/vrpn/include/vrpn_Button_USB.h
-- Up-to-date: /home/praktikum4/praktikum_ws/install/vrpn/include/vrpn_CerealBox.h
-- Up-to-date: /home/praktikum4/praktikum_ws/install/vrpn/include/vrpn_CHProducts_Controller_Raw.h
-- Up-to-date: /home/praktikum4/praktikum_ws/install/vrpn/include/vrpn_Contour.h
-- Up-to-date: /home/praktikum4/praktikum_ws/install/vrpn/include/vrpn_DevInput.h
-- Up-to-date: /home/praktikum4/praktikum_ws/install/vrpn/include/vrpn_DirectXFFJoystick.h
-- Up-to-date: /home/praktikum4/praktikum_ws/install/vrpn/include/vrpn_DirectXRumblePad.h
-- Up-to-date: /home/praktikum4/praktikum_ws/install/vrpn/include/vrpn_DreamCheeky.h
-- Up-to-date: /home/praktikum4/praktikum_ws/install/vrpn/include/vrpn_Dyna.h
-- Up-to-date: /home/praktikum4/praktikum_ws/install/vrpn/include/vrpn_Event_Analog.h
-- Up-to-date: /home/praktikum4/praktikum_ws/install/vrpn/include/vrpn_Event.h
-- Up-to-date: /home/praktikum4/praktikum_ws/install/vrpn/include/vrpn_Event_Mouse.h
-- Up-to-date: /home/praktikum4/praktikum_ws/install/vrpn/include/vrpn_Flock.h
-- Up-to-date: /home/praktikum4/praktikum_ws/install/vrpn/include/vrpn_Flock_Parallel.h
-- Up-to-date: /home/praktikum4/praktikum_ws/install/vrpn/include/vrpn_ForceDeviceServer.h
-- Up-to-date: /home/praktikum4/praktikum_ws/install/vrpn/include/vrpn_Freespace.h
-- Up-to-date: /home/praktikum4/praktikum_ws/install/vrpn/include/vrpn_FunctionGenerator.h
-- Up-to-date: /home/praktikum4/praktikum_ws/install/vrpn/include/vrpn_Futaba.h
-- Up-to-date: /home/praktikum4/praktikum_ws/install/vrpn/include/vrpn_GlobalHapticsOrb.h
-- Up-to-date: /home/praktikum4/praktikum_ws/install/vrpn/include/vrpn_Griffin.h
-- Up-to-date: /home/praktikum4/praktikum_ws/install/vrpn/include/vrpn_HashST.h
-- Up-to-date: /home/praktikum4/praktikum_ws/install/vrpn/include/vrpn_HumanInterface.h
-- Up-to-date: /home/praktikum4/praktikum_ws/install/vrpn/include/vrpn_IDEA.h
-- Up-to-date: /home/praktikum4/praktikum_ws/install/vrpn/include/vrpn_Imager_Stream_Buffer.h
-- Up-to-date: /home/praktikum4/praktikum_ws/install/vrpn/include/vrpn_ImmersionBox.h
-- Up-to-date: /home/praktikum4/praktikum_ws/install/vrpn/include/vrpn_inertiamouse.h
-- Up-to-date: /home/praktikum4/praktikum_ws/install/vrpn/include/vrpn_JoyFly.h
-- Up-to-date: /home/praktikum4/praktikum_ws/install/vrpn/include/vrpn_Joylin.h
-- Up-to-date: /home/praktikum4/praktikum_ws/install/vrpn/include/vrpn_Joywin32.h
-- Up-to-date: /home/praktikum4/praktikum_ws/install/vrpn/include/vrpn_Keyboard.h
-- Up-to-date: /home/praktikum4/praktikum_ws/install/vrpn/include/vrpn_Logitech_Controller_Raw.h
-- Up-to-date: /home/praktikum4/praktikum_ws/install/vrpn/include/vrpn_Laputa.h
-- Up-to-date: /home/praktikum4/praktikum_ws/install/vrpn/include/vrpn_LUDL.h
-- Up-to-date: /home/praktikum4/praktikum_ws/install/vrpn/include/vrpn_Magellan.h
-- Up-to-date: /home/praktikum4/praktikum_ws/install/vrpn/include/vrpn_MessageMacros.h
-- Up-to-date: /home/praktikum4/praktikum_ws/install/vrpn/include/vrpn_Microsoft_Controller_Raw.h
-- Up-to-date: /home/praktikum4/praktikum_ws/install/vrpn/include/vrpn_Mouse.h
-- Up-to-date: /home/praktikum4/praktikum_ws/install/vrpn/include/vrpn_NationalInstruments.h
-- Up-to-date: /home/praktikum4/praktikum_ws/install/vrpn/include/vrpn_Nidaq.h
-- Up-to-date: /home/praktikum4/praktikum_ws/install/vrpn/include/vrpn_nikon_controls.h
-- Up-to-date: /home/praktikum4/praktikum_ws/install/vrpn/include/vrpn_nVidia_shield_controller.h
-- Up-to-date: /home/praktikum4/praktikum_ws/install/vrpn/include/vrpn_Oculus.h
-- Up-to-date: /home/praktikum4/praktikum_ws/install/vrpn/include/vrpn_OmegaTemperature.h
-- Up-to-date: /home/praktikum4/praktikum_ws/install/vrpn/include/vrpn_OneEuroFilter.h
-- Up-to-date: /home/praktikum4/praktikum_ws/install/vrpn/include/vrpn_OzzMaker.h
-- Up-to-date: /home/praktikum4/praktikum_ws/install/vrpn/include/vrpn_Poser_Analog.h
-- Up-to-date: /home/praktikum4/praktikum_ws/install/vrpn/include/vrpn_Poser.h
-- Up-to-date: /home/praktikum4/praktikum_ws/install/vrpn/include/vrpn_Poser_Tek4662.h
-- Up-to-date: /home/praktikum4/praktikum_ws/install/vrpn/include/vrpn_raw_sgibox.h
-- Up-to-date: /home/praktikum4/praktikum_ws/install/vrpn/include/vrpn_Retrolink.h
-- Up-to-date: /home/praktikum4/praktikum_ws/install/vrpn/include/vrpn_Saitek_Controller_Raw.h
-- Up-to-date: /home/praktikum4/praktikum_ws/install/vrpn/include/vrpn_sgibox.h
-- Up-to-date: /home/praktikum4/praktikum_ws/install/vrpn/include/vrpn_Spaceball.h
-- Up-to-date: /home/praktikum4/praktikum_ws/install/vrpn/include/vrpn_Streaming_Arduino.h
-- Up-to-date: /home/praktikum4/praktikum_ws/install/vrpn/include/vrpn_Tng3.h
-- Up-to-date: /home/praktikum4/praktikum_ws/install/vrpn/include/vrpn_Tracker_3DMouse.h
-- Up-to-date: /home/praktikum4/praktikum_ws/install/vrpn/include/vrpn_Tracker_AnalogFly.h
-- Up-to-date: /home/praktikum4/praktikum_ws/install/vrpn/include/vrpn_Tracker_ButtonFly.h
-- Up-to-date: /home/praktikum4/praktikum_ws/install/vrpn/include/vrpn_Tracker_Crossbow.h
-- Up-to-date: /home/praktikum4/praktikum_ws/install/vrpn/include/vrpn_Tracker_DTrack.h
-- Up-to-date: /home/praktikum4/praktikum_ws/install/vrpn/include/vrpn_Tracker_Fastrak.h
-- Up-to-date: /home/praktikum4/praktikum_ws/install/vrpn/include/vrpn_Tracker_Filter.h
-- Up-to-date: /home/praktikum4/praktikum_ws/install/vrpn/include/vrpn_Tracker_GameTrak.h
-- Up-to-date: /home/praktikum4/praktikum_ws/install/vrpn/include/vrpn_Tracker_GPS.h
-- Up-to-date: /home/praktikum4/praktikum_ws/install/vrpn/include/vrpn_Tracker_IMU.h
-- Up-to-date: /home/praktikum4/praktikum_ws/install/vrpn/include/vrpn_Tracker_isense.h
-- Up-to-date: /home/praktikum4/praktikum_ws/install/vrpn/include/vrpn_Tracker_Isotrak.h
-- Up-to-date: /home/praktikum4/praktikum_ws/install/vrpn/include/vrpn_Tracker_JsonNet.h
-- Up-to-date: /home/praktikum4/praktikum_ws/install/vrpn/include/vrpn_Tracker_Liberty.h
-- Up-to-date: /home/praktikum4/praktikum_ws/install/vrpn/include/vrpn_Tracker_MotionNode.h
-- Up-to-date: /home/praktikum4/praktikum_ws/install/vrpn/include/vrpn_Tracker_NDI_Polaris.h
-- Up-to-date: /home/praktikum4/praktikum_ws/install/vrpn/include/vrpn_Tracker_NovintFalcon.h
-- Up-to-date: /home/praktikum4/praktikum_ws/install/vrpn/include/vrpn_Tracker_OSVRHackerDevKit.h
-- Up-to-date: /home/praktikum4/praktikum_ws/install/vrpn/include/vrpn_Tracker_PDI.h
-- Up-to-date: /home/praktikum4/praktikum_ws/install/vrpn/include/vrpn_Tracker_PhaseSpace.h
-- Up-to-date: /home/praktikum4/praktikum_ws/install/vrpn/include/vrpn_Tracker_RazerHydra.h
-- Up-to-date: /home/praktikum4/praktikum_ws/install/vrpn/include/vrpn_Tracker_ThalmicLabsMyo.h
-- Up-to-date: /home/praktikum4/praktikum_ws/install/vrpn/include/vrpn_Tracker_SpacePoint.h
-- Up-to-date: /home/praktikum4/praktikum_ws/install/vrpn/include/vrpn_Tracker_Wintracker.h
-- Up-to-date: /home/praktikum4/praktikum_ws/install/vrpn/include/vrpn_Tracker_Colibri.h
-- Up-to-date: /home/praktikum4/praktikum_ws/install/vrpn/include/vrpn_Tracker_TrivisioColibri.h
-- Up-to-date: /home/praktikum4/praktikum_ws/install/vrpn/include/vrpn_Tracker_WiimoteHead.h
-- Up-to-date: /home/praktikum4/praktikum_ws/install/vrpn/include/vrpn_Tracker_zSight.h
-- Up-to-date: /home/praktikum4/praktikum_ws/install/vrpn/include/vrpn_Tracker_ViewPoint.h
-- Up-to-date: /home/praktikum4/praktikum_ws/install/vrpn/include/vrpn_UNC_Joystick.h
-- Up-to-date: /home/praktikum4/praktikum_ws/install/vrpn/include/vrpn_VPJoystick.h
-- Up-to-date: /home/praktikum4/praktikum_ws/install/vrpn/include/vrpn_Wanda.h
-- Up-to-date: /home/praktikum4/praktikum_ws/install/vrpn/include/vrpn_WiiMote.h
-- Up-to-date: /home/praktikum4/praktikum_ws/install/vrpn/include/vrpn_XInputGamepad.h
-- Up-to-date: /home/praktikum4/praktikum_ws/install/vrpn/include/vrpn_Xkeys.h
-- Up-to-date: /home/praktikum4/praktikum_ws/install/vrpn/include/vrpn_Tracker_LibertyHS.h
-- Up-to-date: /home/praktikum4/praktikum_ws/install/vrpn/include/vrpn_YEI_3Space.h
-- Up-to-date: /home/praktikum4/praktikum_ws/install/vrpn/include/vrpn_Zaber.h
-- Up-to-date: /home/praktikum4/praktikum_ws/install/vrpn/include/vrpn_Generic_server_object.h
-- Up-to-date: /home/praktikum4/praktikum_ws/install/vrpn/share/vrpn/package.xml
-- Up-to-date: /home/praktikum4/praktikum_ws/install/vrpn/share/vrpn/cmake/VRPNConfig.cmake
-- Up-to-date: /home/praktikum4/praktikum_ws/install/vrpn/share/quatlib/cmake/quatlibConfig.cmake
-- Installing: /home/praktikum4/praktikum_ws/install/vrpn/lib/libvrpn.a
-- Up-to-date: /home/praktikum4/praktikum_ws/install/vrpn/include/vrpn_Configure.h
-- Up-to-date: /home/praktikum4/praktikum_ws/install/vrpn/include/vrpn_Analog.h
-- Up-to-date: /home/praktikum4/praktikum_ws/install/vrpn/include/vrpn_Analog_Output.h
-- Up-to-date: /home/praktikum4/praktikum_ws/install/vrpn/include/vrpn_Assert.h
-- Up-to-date: /home/praktikum4/praktikum_ws/install/vrpn/include/vrpn_Auxiliary_Logger.h
-- Up-to-date: /home/praktikum4/praktikum_ws/install/vrpn/include/vrpn_BaseClass.h
-- Up-to-date: /home/praktikum4/praktikum_ws/install/vrpn/include/vrpn_Button.h
-- Up-to-date: /home/praktikum4/praktikum_ws/install/vrpn/include/vrpn_Connection.h
-- Up-to-date: /home/praktikum4/praktikum_ws/install/vrpn/include/vrpn_ConnectionPtr.h
-- Up-to-date: /home/praktikum4/praktikum_ws/install/vrpn/include/vrpn_Dial.h
-- Up-to-date: /home/praktikum4/praktikum_ws/install/vrpn/include/vrpn_EndpointContainer.h
-- Up-to-date: /home/praktikum4/praktikum_ws/install/vrpn/include/vrpn_FileConnection.h
-- Up-to-date: /home/praktikum4/praktikum_ws/install/vrpn/include/vrpn_FileController.h
-- Up-to-date: /home/praktikum4/praktikum_ws/install/vrpn/include/vrpn_ForceDevice.h
-- Up-to-date: /home/praktikum4/praktikum_ws/install/vrpn/include/vrpn_ForwarderController.h
-- Up-to-date: /home/praktikum4/praktikum_ws/install/vrpn/include/vrpn_Forwarder.h
-- Up-to-date: /home/praktikum4/praktikum_ws/install/vrpn/include/vrpn_FunctionGenerator.h
-- Up-to-date: /home/praktikum4/praktikum_ws/install/vrpn/include/vrpn_Imager.h
-- Up-to-date: /home/praktikum4/praktikum_ws/install/vrpn/include/vrpn_LamportClock.h
-- Up-to-date: /home/praktikum4/praktikum_ws/install/vrpn/include/vrpn_Log.h
-- Up-to-date: /home/praktikum4/praktikum_ws/install/vrpn/include/vrpn_MainloopContainer.h
-- Up-to-date: /home/praktikum4/praktikum_ws/install/vrpn/include/vrpn_MainloopObject.h
-- Up-to-date: /home/praktikum4/praktikum_ws/install/vrpn/include/vrpn_Mutex.h
-- Up-to-date: /home/praktikum4/praktikum_ws/install/vrpn/include/vrpn_OwningPtr.h
-- Up-to-date: /home/praktikum4/praktikum_ws/install/vrpn/include/vrpn_RedundantTransmission.h
-- Up-to-date: /home/praktikum4/praktikum_ws/install/vrpn/include/vrpn_SendTextMessageStreamProxy.h
-- Up-to-date: /home/praktikum4/praktikum_ws/install/vrpn/include/vrpn_Serial.h
-- Up-to-date: /home/praktikum4/praktikum_ws/install/vrpn/include/vrpn_SerialPort.h
-- Up-to-date: /home/praktikum4/praktikum_ws/install/vrpn/include/vrpn_Shared.h
-- Up-to-date: /home/praktikum4/praktikum_ws/install/vrpn/include/vrpn_SharedObject.h
-- Up-to-date: /home/praktikum4/praktikum_ws/install/vrpn/include/vrpn_Sound.h
-- Up-to-date: /home/praktikum4/praktikum_ws/install/vrpn/include/vrpn_Text.h
-- Up-to-date: /home/praktikum4/praktikum_ws/install/vrpn/include/vrpn_Thread.h
-- Up-to-date: /home/praktikum4/praktikum_ws/install/vrpn/include/vrpn_Tracker.h
-- Up-to-date: /home/praktikum4/praktikum_ws/install/vrpn/include/vrpn_Types.h
-- Up-to-date: /home/praktikum4/praktikum_ws/install/vrpn/include/vrpn_WindowsH.h
-- Installing: /home/praktikum4/praktikum_ws/install/vrpn/lib/libquat.a
-- Up-to-date: /home/praktikum4/praktikum_ws/install/vrpn/include/quat.h
-- Up-to-date: /home/praktikum4/praktikum_ws/install/vrpn/lib/libquat.a
-- Up-to-date: /home/praktikum4/praktikum_ws/install/vrpn/include/quat.h
-- Installing: /home/praktikum4/praktikum_ws/install/vrpn/lib/libvrpn_atmel.a
-- Up-to-date: /home/praktikum4/praktikum_ws/install/vrpn/include/vrpn_atmellib_errno.h
-- Up-to-date: /home/praktikum4/praktikum_ws/install/vrpn/include/vrpn_atmellib.h
-- Installing: /home/praktikum4/praktikum_ws/install/vrpn/lib/libgpsnmea.a
-- Up-to-date: /home/praktikum4/praktikum_ws/install/vrpn/include/nmeaParser.h
-- Up-to-date: /home/praktikum4/praktikum_ws/install/vrpn/include/utmCoord.h
-- Up-to-date: /home/praktikum4/praktikum_ws/install/vrpn/include/latLonCoord.h
-- Installing: /home/praktikum4/praktikum_ws/install/vrpn/bin/c_interface_example
-- Installing: /home/praktikum4/praktikum_ws/install/vrpn/bin/vrpn_average_analogs
-- Installing: /home/praktikum4/praktikum_ws/install/vrpn/bin/vrpn_print_devices
-- Installing: /home/praktikum4/praktikum_ws/install/vrpn/bin/vrpn_print_performance
-- Installing: /home/praktikum4/praktikum_ws/install/vrpn/bin/vrpn_print_messages
-- Installing: /home/praktikum4/praktikum_ws/install/vrpn/bin/run_auxiliary_logger
-- Installing: /home/praktikum4/praktikum_ws/install/vrpn/bin/vrpn_server
-- Installing: /home/praktikum4/praktikum_ws/install/vrpn/etc/vrpn.cfg
-- Installing: /home/praktikum4/praktikum_ws/install/vrpn/share/vrpn-07.34/vrpn.cfg.sample
-- Installing: /home/praktikum4/praktikum_ws/install/vrpn/lib/libvrpn_timecode_generator.a
-- Up-to-date: /home/praktikum4/praktikum_ws/install/vrpn/include/vrpn_timecode_generator.h
-- Installing: /home/praktikum4/praktikum_ws/install/vrpn/bin/vrpn_streamPrint
-- Installing: /home/praktikum4/praktikum_ws/install/vrpn/lib/python3.8/dist-packages/vrpn.so
