[0.020s] Invoking command in '/home/praktikum4/praktikum_ws/build/vrpn': CMAKE_PREFIX_PATH=${CMAKE_PREFIX_PATH}:/home/praktikum4/praktikum_ws/install/robprakt:/home/praktikum4/ws_moveit2/install/moveit_configs_utils:/home/praktikum4/ws_moveit2/install/launch_param_builder:/opt/ros/galactic /usr/bin/cmake --build /home/praktikum4/praktikum_ws/build/vrpn -- -j12 -l12
[0.050s] [35m[1mScanning dependencies of target vrpn_atmel[0m
[0.050s] [35m[1mScanning dependencies of target quat[0m
[0.051s] [35m[1mScanning dependencies of target gpsnmea[0m
[0.052s] [35m[1mScanning dependencies of target vrpn_timecode_generator[0m
[0.060s] [  1%] [32mBuilding C object quat/CMakeFiles/quat.dir/matrix.c.o[0m
[0.061s] [  2%] [32mBuilding C object quat/CMakeFiles/quat.dir/quat.c.o[0m
[0.061s] [  2%] [32mBuilding C object quat/CMakeFiles/quat.dir/vector.c.o[0m
[0.061s] [  2%] [32mBuilding C object quat/CMakeFiles/quat.dir/xyzquat.c.o[0m
[0.062s] [  2%] [32mBuilding CXX object gpsnmealib/CMakeFiles/gpsnmea.dir/latLonCoord.C.o[0m
[0.062s] [  2%] [32mBuilding CXX object atmellib/CMakeFiles/vrpn_atmel.dir/vrpn_atmellib_helper.C.o[0m
[0.064s] [  3%] [32mBuilding CXX object server_src/timecode_generator_server/CMakeFiles/vrpn_timecode_generator.dir/vrpn_timecode_generator.cpp.o[0m
[0.066s] [  4%] [32mBuilding CXX object atmellib/CMakeFiles/vrpn_atmel.dir/vrpn_atmellib_iobasic.C.o[0m
[0.069s] [  5%] [32mBuilding CXX object atmellib/CMakeFiles/vrpn_atmel.dir/vrpn_atmellib_register.C.o[0m
[0.069s] [  5%] [32mBuilding CXX object atmellib/CMakeFiles/vrpn_atmel.dir/vrpn_atmellib_openclose.C.o[0m
[0.070s] [  6%] [32mBuilding CXX object gpsnmealib/CMakeFiles/gpsnmea.dir/nmeaParser.C.o[0m
[0.070s] [  6%] [32mBuilding CXX object atmellib/CMakeFiles/vrpn_atmel.dir/vrpn_atmellib_tester.C.o[0m
[0.087s] [  6%] [32m[1mLinking CXX static library libvrpn_timecode_generator.a[0m
[0.131s] [  6%] [32mBuilding CXX object gpsnmealib/CMakeFiles/gpsnmea.dir/typedCoord.C.o[0m
[0.141s] [  7%] [32mBuilding CXX object gpsnmealib/CMakeFiles/gpsnmea.dir/utmCoord.C.o[0m
[0.161s] [  7%] Built target vrpn_timecode_generator
[0.174s] [  8%] [32m[1mLinking CXX static library libvrpn_atmel.a[0m
[0.210s] [  8%] Built target vrpn_atmel
[0.279s] [  9%] [32m[1mLinking C static library libquat.a[0m
[0.304s] [  9%] Built target quat
[0.312s] [35m[1mScanning dependencies of target vrpn[0m
[0.337s] [ 10%] [32mBuilding CXX object CMakeFiles/vrpn.dir/vrpn_Analog.C.o[0m
[0.337s] [ 11%] [32mBuilding CXX object CMakeFiles/vrpn.dir/vrpn_Assert.C.o[0m
[0.345s] [ 11%] [32mBuilding CXX object CMakeFiles/vrpn.dir/vrpn_Analog_Output.C.o[0m
[0.346s] [ 11%] [32mBuilding CXX object CMakeFiles/vrpn.dir/vrpn_Auxiliary_Logger.C.o[0m
[0.361s] [ 12%] [32mBuilding CXX object CMakeFiles/vrpn.dir/vrpn_BaseClass.C.o[0m
[0.370s] [ 12%] [32mBuilding CXX object CMakeFiles/vrpn.dir/vrpn_Button.C.o[0m
[0.379s] [ 13%] [32mBuilding CXX object CMakeFiles/vrpn.dir/vrpn_Connection.C.o[0m
[0.441s] [ 14%] [32mBuilding CXX object CMakeFiles/vrpn.dir/vrpn_EndpointContainer.C.o[0m
[0.452s] [ 14%] [32mBuilding CXX object CMakeFiles/vrpn.dir/vrpn_Dial.C.o[0m
[0.460s] [ 14%] [32mBuilding CXX object CMakeFiles/vrpn.dir/vrpn_FileConnection.C.o[0m
[0.469s] [ 14%] [32m[1mLinking CXX static library libgpsnmea.a[0m
[0.470s] [ 15%] [32mBuilding CXX object CMakeFiles/vrpn.dir/vrpn_FileController.C.o[0m
[0.478s] [ 15%] [32mBuilding CXX object CMakeFiles/vrpn.dir/vrpn_ForceDevice.C.o[0m
[0.607s] [ 15%] Built target gpsnmea
[0.640s] [ 15%] [32mBuilding CXX object CMakeFiles/vrpn.dir/vrpn_Forwarder.C.o[0m
[0.676s] [35m[1mScanning dependencies of target vrpnserver[0m
[0.688s] [ 16%] [32mBuilding CXX object CMakeFiles/vrpn.dir/vrpn_ForwarderController.C.o[0m
[0.709s] [ 16%] [32mBuilding CXX object CMakeFiles/vrpn.dir/vrpn_FunctionGenerator.C.o[0m
[0.734s] [ 17%] [32mBuilding CXX object CMakeFiles/vrpn.dir/vrpn_Imager.C.o[0m
[0.786s] [ 17%] [32mBuilding CXX object CMakeFiles/vrpn.dir/vrpn_LamportClock.C.o[0m
[0.831s] [ 17%] [32mBuilding CXX object CMakeFiles/vrpnserver.dir/vrpn_Analog.C.o[0m
[0.832s] [ 18%] [32mBuilding CXX object CMakeFiles/vrpn.dir/vrpn_Mutex.C.o[0m
[0.870s] [ 19%] [32mBuilding CXX object CMakeFiles/vrpnserver.dir/vrpn_Analog_Output.C.o[0m
[0.871s] [ 19%] [32mBuilding CXX object CMakeFiles/vrpn.dir/vrpn_Poser.C.o[0m
[0.883s] [ 20%] [32mBuilding CXX object CMakeFiles/vrpn.dir/vrpn_RedundantTransmission.C.o[0m
[0.928s] [ 21%] [32mBuilding CXX object CMakeFiles/vrpn.dir/vrpn_SerialPort.C.o[0m
[0.938s] [ 21%] [32mBuilding CXX object CMakeFiles/vrpnserver.dir/vrpn_Assert.C.o[0m
[0.940s] [ 21%] [32mBuilding CXX object CMakeFiles/vrpn.dir/vrpn_Serial.C.o[0m
[1.026s] [ 22%] [32mBuilding CXX object CMakeFiles/vrpnserver.dir/vrpn_Auxiliary_Logger.C.o[0m
[1.118s] [ 22%] [32mBuilding CXX object CMakeFiles/vrpnserver.dir/vrpn_BaseClass.C.o[0m
[1.202s] [ 22%] [32mBuilding CXX object CMakeFiles/vrpn.dir/vrpn_Shared.C.o[0m
[1.252s] In file included from [01m[K/usr/include/string.h:495[m[K,
[1.252s]                  from [01m[K/home/praktikum4/praktikum_ws/src/vrpn-release/vrpn_Mutex.C:2[m[K:
[1.252s] In function ‘[01m[Kchar* strncpy(char*, const char*, size_t)[m[K’,
[1.252s]     inlined from ‘[01m[Kvoid vrpn_PeerMutex::init(const char*)[m[K’ at [01m[K/home/praktikum4/praktikum_ws/src/vrpn-release/vrpn_Mutex.C:1393:12[m[K:
[1.253s] [01m[K/usr/include/x86_64-linux-gnu/bits/string_fortified.h:106:34:[m[K [01;35m[Kwarning: [m[K‘[01m[Kchar* __builtin_strncpy(char*, const char*, long unsigned int)[m[K’ specified bound depends on the length of the source argument [[01;35m[K-Wstringop-overflow=[m[K]
[1.253s]   106 |   return [01;35m[K__builtin___strncpy_chk (__dest, __src, __len, __bos (__dest))[m[K;
[1.253s]       |          [01;35m[K~~~~~~~~~~~~~~~~~~~~~~~~^~~~~~~~~~~~~~~~~~~~~~~~~~~~~~~~~~~~~~[m[K
[1.253s] [01m[K/home/praktikum4/praktikum_ws/src/vrpn-release/vrpn_Mutex.C:[m[K In member function ‘[01m[Kvoid vrpn_PeerMutex::init(const char*)[m[K’:
[1.253s] [01m[K/home/praktikum4/praktikum_ws/src/vrpn-release/vrpn_Mutex.C:1393:12:[m[K [01;36m[Knote: [m[Klength computed here
[1.253s]  1393 |     [01;36m[Kstrncpy(d_mutexName, name, strlen(name))[m[K;
[1.253s]       |     [01;36m[K~~~~~~~^~~~~~~~~~~~~~~~~~~~~~~~~~~~~~~~~[m[K
[1.266s] [ 23%] [32mBuilding CXX object CMakeFiles/vrpnserver.dir/vrpn_Button.C.o[0m
[1.272s] [ 24%] [32mBuilding CXX object CMakeFiles/vrpn.dir/vrpn_SharedObject.C.o[0m
[1.277s] [ 24%] [32mBuilding CXX object CMakeFiles/vrpn.dir/vrpn_Sound.C.o[0m
[1.342s] [ 24%] [32mBuilding CXX object CMakeFiles/vrpn.dir/vrpn_Text.C.o[0m
[1.377s] [ 25%] [32mBuilding CXX object CMakeFiles/vrpn.dir/vrpn_Thread.C.o[0m
[1.426s] [ 25%] [32mBuilding CXX object CMakeFiles/vrpnserver.dir/vrpn_Connection.C.o[0m
[1.435s] [ 25%] [32mBuilding CXX object CMakeFiles/vrpn.dir/vrpn_Tracker.C.o[0m
[1.441s] [ 26%] [32mBuilding CXX object CMakeFiles/vrpnserver.dir/vrpn_Dial.C.o[0m
[1.535s] [ 26%] [32mBuilding CXX object CMakeFiles/vrpnserver.dir/vrpn_EndpointContainer.C.o[0m
[1.546s] [ 27%] [32mBuilding CXX object CMakeFiles/vrpnserver.dir/vrpn_FileConnection.C.o[0m
[1.547s] [ 27%] [32mBuilding CXX object CMakeFiles/vrpnserver.dir/vrpn_FileController.C.o[0m
[1.611s] [ 28%] [32mBuilding CXX object CMakeFiles/vrpnserver.dir/vrpn_ForceDevice.C.o[0m
[1.751s] [ 28%] [32mBuilding CXX object CMakeFiles/vrpnserver.dir/vrpn_Forwarder.C.o[0m
[1.760s] [ 28%] [32mBuilding CXX object CMakeFiles/vrpnserver.dir/vrpn_ForwarderController.C.o[0m
[1.769s] [ 28%] [32mBuilding CXX object CMakeFiles/vrpnserver.dir/vrpn_Imager.C.o[0m
[1.781s] [ 29%] [32mBuilding CXX object CMakeFiles/vrpnserver.dir/vrpn_FunctionGenerator.C.o[0m
[1.867s] [ 30%] [32mBuilding CXX object CMakeFiles/vrpnserver.dir/vrpn_LamportClock.C.o[0m
[1.880s] [ 30%] [32mBuilding CXX object CMakeFiles/vrpnserver.dir/vrpn_Mutex.C.o[0m
[1.937s] [ 31%] [32mBuilding CXX object CMakeFiles/vrpnserver.dir/vrpn_Poser.C.o[0m
[1.937s] [ 31%] [32mBuilding CXX object CMakeFiles/vrpnserver.dir/vrpn_RedundantTransmission.C.o[0m
[1.947s] [ 32%] [32mBuilding CXX object CMakeFiles/vrpnserver.dir/vrpn_Serial.C.o[0m
[1.994s] [ 32%] [32mBuilding CXX object CMakeFiles/vrpnserver.dir/vrpn_SerialPort.C.o[0m
[1.999s] [ 33%] [32mBuilding CXX object CMakeFiles/vrpnserver.dir/vrpn_Shared.C.o[0m
[2.079s] [ 33%] [32mBuilding CXX object CMakeFiles/vrpnserver.dir/vrpn_SharedObject.C.o[0m
[2.178s] [ 34%] [32mBuilding CXX object CMakeFiles/vrpnserver.dir/vrpn_Sound.C.o[0m
[2.238s] [ 34%] [32mBuilding CXX object CMakeFiles/vrpnserver.dir/vrpn_Text.C.o[0m
[2.250s] In file included from [01m[K/usr/include/string.h:495[m[K,
[2.250s]                  from [01m[K/home/praktikum4/praktikum_ws/src/vrpn-release/vrpn_Mutex.C:2[m[K:
[2.250s] In function ‘[01m[Kchar* strncpy(char*, const char*, size_t)[m[K’,
[2.250s]     inlined from ‘[01m[Kvoid vrpn_PeerMutex::init(const char*)[m[K’ at [01m[K/home/praktikum4/praktikum_ws/src/vrpn-release/vrpn_Mutex.C:1393:12[m[K:
[2.251s] [01m[K/usr/include/x86_64-linux-gnu/bits/string_fortified.h:106:34:[m[K [01;35m[Kwarning: [m[K‘[01m[Kchar* __builtin_strncpy(char*, const char*, long unsigned int)[m[K’ specified bound depends on the length of the source argument [[01;35m[K-Wstringop-overflow=[m[K]
[2.251s]   106 |   return [01;35m[K__builtin___strncpy_chk (__dest, __src, __len, __bos (__dest))[m[K;
[2.251s]       |          [01;35m[K~~~~~~~~~~~~~~~~~~~~~~~~^~~~~~~~~~~~~~~~~~~~~~~~~~~~~~~~~~~~~~[m[K
[2.251s] [01m[K/home/praktikum4/praktikum_ws/src/vrpn-release/vrpn_Mutex.C:[m[K In member function ‘[01m[Kvoid vrpn_PeerMutex::init(const char*)[m[K’:
[2.251s] [01m[K/home/praktikum4/praktikum_ws/src/vrpn-release/vrpn_Mutex.C:1393:12:[m[K [01;36m[Knote: [m[Klength computed here
[2.251s]  1393 |     [01;36m[Kstrncpy(d_mutexName, name, strlen(name))[m[K;
[2.251s]       |     [01;36m[K~~~~~~~^~~~~~~~~~~~~~~~~~~~~~~~~~~~~~~~~[m[K
[2.306s] [ 35%] [32mBuilding CXX object CMakeFiles/vrpnserver.dir/vrpn_Thread.C.o[0m
[2.320s] [ 35%] [32mBuilding CXX object CMakeFiles/vrpnserver.dir/vrpn_Tracker.C.o[0m
[2.329s] [ 35%] [32mBuilding CXX object CMakeFiles/vrpnserver.dir/vrpn_3DConnexion.C.o[0m
[2.406s] [ 36%] [32mBuilding CXX object CMakeFiles/vrpnserver.dir/vrpn_3DMicroscribe.C.o[0m
[2.498s] [ 36%] [32mBuilding CXX object CMakeFiles/vrpnserver.dir/vrpn_3Space.C.o[0m
[2.510s] [ 37%] [32mBuilding CXX object CMakeFiles/vrpnserver.dir/vrpn_5DT16.C.o[0m
[2.586s] [ 37%] [32mBuilding CXX object CMakeFiles/vrpnserver.dir/vrpn_Adafruit.C.o[0m
[2.598s] [ 38%] [32mBuilding CXX object CMakeFiles/vrpnserver.dir/vrpn_ADBox.C.o[0m
[2.633s] [ 39%] [32m[1mLinking CXX static library libvrpn.a[0m
[2.702s] [ 39%] [32mBuilding CXX object CMakeFiles/vrpnserver.dir/vrpn_Analog_5dt.C.o[0m
[2.738s] [ 39%] Built target vrpn
[2.796s] [ 40%] [32mBuilding CXX object CMakeFiles/vrpnserver.dir/vrpn_Analog_5dtUSB.C.o[0m
[2.804s] [ 40%] [32mBuilding CXX object CMakeFiles/vrpnserver.dir/vrpn_Analog_Radamec_SPI.C.o[0m
[2.830s] [ 41%] [32mBuilding CXX object CMakeFiles/vrpnserver.dir/vrpn_Analog_USDigital_A2.C.o[0m
[2.833s] [ 41%] [32mBuilding CXX object CMakeFiles/vrpnserver.dir/vrpn_Atmel.C.o[0m
[2.874s] [ 42%] [32mBuilding CXX object CMakeFiles/vrpnserver.dir/vrpn_BiosciencesTools.C.o[0m
[2.901s] [ 42%] [32mBuilding CXX object CMakeFiles/vrpnserver.dir/vrpn_Button_NI_DIO24.C.o[0m
[2.958s] [ 42%] [32mBuilding CXX object CMakeFiles/vrpnserver.dir/vrpn_Button_USB.cpp.o[0m
[2.966s] [ 43%] [32mBuilding CXX object CMakeFiles/vrpnserver.dir/vrpn_CerealBox.C.o[0m
[3.006s] [ 43%] [32mBuilding CXX object CMakeFiles/vrpnserver.dir/vrpn_CHProducts_Controller_Raw.C.o[0m
[3.018s] [ 44%] [32mBuilding CXX object CMakeFiles/vrpnserver.dir/vrpn_Contour.C.o[0m
[3.037s] [ 44%] [32mBuilding CXX object CMakeFiles/vrpnserver.dir/vrpn_DevInput.C.o[0m
[3.047s] [ 45%] [32mBuilding CXX object CMakeFiles/vrpnserver.dir/vrpn_DirectXFFJoystick.C.o[0m
[3.086s] [ 45%] [32mBuilding CXX object CMakeFiles/vrpnserver.dir/vrpn_DirectXRumblePad.C.o[0m
[3.106s] [ 46%] [32mBuilding CXX object CMakeFiles/vrpnserver.dir/vrpn_DreamCheeky.C.o[0m
[3.122s] [ 46%] [32mBuilding CXX object CMakeFiles/vrpnserver.dir/vrpn_Dyna.C.o[0m
[3.124s] [ 47%] [32mBuilding CXX object CMakeFiles/vrpnserver.dir/vrpn_Event_Analog.C.o[0m
[3.131s] [ 47%] [32mBuilding CXX object CMakeFiles/vrpnserver.dir/vrpn_Event.C.o[0m
[3.162s] [35m[1mScanning dependencies of target c_interface_example[0m
[3.223s] [ 47%] [32mBuilding C object client_src/CMakeFiles/c_interface_example.dir/c_interface_example.c.o[0m
[3.236s] [ 48%] [32mBuilding CXX object CMakeFiles/vrpnserver.dir/vrpn_Event_Mouse.C.o[0m
[3.246s] [35m[1mScanning dependencies of target run_auxiliary_logger[0m
[3.258s] [ 48%] [32mBuilding CXX object client_src/CMakeFiles/c_interface_example.dir/c_interface.cpp.o[0m
[3.277s] [ 48%] [32mBuilding CXX object client_src/CMakeFiles/run_auxiliary_logger.dir/run_auxiliary_logger.C.o[0m
[3.339s] [35m[1mScanning dependencies of target vrpn_print_devices[0m
[3.358s] [ 48%] [32mBuilding CXX object CMakeFiles/vrpnserver.dir/vrpn_Flock.C.o[0m
[3.359s] [ 48%] [32mBuilding CXX object CMakeFiles/vrpnserver.dir/vrpn_Flock_Parallel.C.o[0m
[3.369s] [ 49%] [32mBuilding CXX object client_src/CMakeFiles/vrpn_print_devices.dir/vrpn_print_devices.C.o[0m
[3.385s] [ 49%] [32mBuilding CXX object CMakeFiles/vrpnserver.dir/vrpn_Freespace.C.o[0m
[3.395s] [ 50%] [32mBuilding CXX object CMakeFiles/vrpnserver.dir/vrpn_ForceDeviceServer.C.o[0m
[3.414s] [ 51%] [32mBuilding CXX object CMakeFiles/vrpnserver.dir/vrpn_Futaba.C.o[0m
[3.440s] [ 51%] [32mBuilding CXX object CMakeFiles/vrpnserver.dir/vrpn_GlobalHapticsOrb.C.o[0m
[3.450s] [ 52%] [32mBuilding CXX object CMakeFiles/vrpnserver.dir/vrpn_Griffin.C.o[0m
[3.488s] [ 52%] [32mBuilding CXX object CMakeFiles/vrpnserver.dir/vrpn_HumanInterface.C.o[0m
[3.505s] [ 53%] [32m[1mLinking CXX executable c_interface_example[0m
[3.511s] [ 54%] [32mBuilding CXX object CMakeFiles/vrpnserver.dir/vrpn_IDEA.C.o[0m
[3.567s] [ 54%] [32m[1mLinking CXX executable run_auxiliary_logger[0m
[3.646s] [35m[1mScanning dependencies of target vrpn_print_performance[0m
[3.668s] [ 54%] [32mBuilding CXX object CMakeFiles/vrpnserver.dir/vrpn_Imager_Stream_Buffer.C.o[0m
[3.688s] [ 55%] [32mBuilding CXX object CMakeFiles/vrpnserver.dir/vrpn_ImmersionBox.C.o[0m
[3.689s] [ 56%] [32mBuilding CXX object client_src/CMakeFiles/vrpn_print_performance.dir/vrpn_print_performance.C.o[0m
[3.698s] [ 56%] Built target c_interface_example
[3.725s] [ 56%] [32m[1mLinking CXX executable vrpn_print_devices[0m
[3.731s] [35m[1mScanning dependencies of target vrpn_print_messages[0m
[3.745s] [35m[1mScanning dependencies of target vrpn_average_analogs[0m
[3.752s] [ 56%] Built target run_auxiliary_logger
[3.762s] [ 56%] [32mBuilding CXX object client_src/CMakeFiles/vrpn_average_analogs.dir/vrpn_average_analogs.C.o[0m
[3.771s] [ 57%] [32mBuilding CXX object client_src/CMakeFiles/vrpn_print_messages.dir/vrpn_print_messages.C.o[0m
[3.776s] [35m[1mScanning dependencies of target vrpn_streamPrint[0m
[3.794s] [ 57%] [32mBuilding CXX object CMakeFiles/vrpnserver.dir/vrpn_inertiamouse.C.o[0m
[3.798s] [ 58%] [32mBuilding CXX object CMakeFiles/vrpnserver.dir/vrpn_JoyFly.C.o[0m
[3.804s] [ 59%] [32mBuilding CXX object util/printStream/CMakeFiles/vrpn_streamPrint.dir/vrpn_streamPrint.cpp.o[0m
[3.811s] [ 59%] [32mBuilding CXX object CMakeFiles/vrpnserver.dir/vrpn_Joylin.C.o[0m
[3.842s] [ 59%] Built target vrpn_print_devices
[3.852s] [ 59%] [32mBuilding CXX object CMakeFiles/vrpnserver.dir/vrpn_Joywin32.C.o[0m
[3.874s] [ 60%] [32mBuilding CXX object CMakeFiles/vrpnserver.dir/vrpn_Keyboard.C.o[0m
[3.940s] [ 60%] [32mBuilding CXX object CMakeFiles/vrpnserver.dir/vrpn_Laputa.C.o[0m
[3.956s] [ 60%] [32m[1mLinking CXX executable vrpn_print_messages[0m
[3.976s] [ 61%] [32mBuilding CXX object CMakeFiles/vrpnserver.dir/vrpn_LUDL.C.o[0m
[4.004s] [ 61%] [32mBuilding CXX object CMakeFiles/vrpnserver.dir/vrpn_Logitech_Controller_Raw.C.o[0m
[4.029s] [ 61%] [32m[1mLinking CXX executable vrpn_average_analogs[0m
[4.040s] [ 61%] [32mBuilding CXX object CMakeFiles/vrpnserver.dir/vrpn_Microsoft_Controller_Raw.C.o[0m
[4.049s] [ 62%] [32mBuilding CXX object CMakeFiles/vrpnserver.dir/vrpn_Magellan.C.o[0m
[4.105s] [ 62%] [32m[1mLinking CXX executable vrpn_streamPrint[0m
[4.105s] [ 62%] Built target vrpn_print_messages
[4.108s] [ 62%] [32m[1mLinking CXX executable vrpn_print_performance[0m
[4.117s] [ 63%] [32mBuilding CXX object CMakeFiles/vrpnserver.dir/vrpn_Mouse.C.o[0m
[4.127s] [ 63%] [32mBuilding CXX object CMakeFiles/vrpnserver.dir/vrpn_NationalInstruments.C.o[0m
[4.139s] [ 64%] [32mBuilding CXX object CMakeFiles/vrpnserver.dir/vrpn_Nidaq.C.o[0m
[4.140s] [ 64%] [32mBuilding CXX object CMakeFiles/vrpnserver.dir/vrpn_nikon_controls.C.o[0m
[4.178s] [ 64%] Built target vrpn_average_analogs
[4.192s] [ 65%] [32mBuilding CXX object CMakeFiles/vrpnserver.dir/vrpn_OzzMaker.C.o[0m
[4.194s] [ 66%] [32mBuilding CXX object CMakeFiles/vrpnserver.dir/vrpn_nVidia_shield_controller.C.o[0m
[4.203s] [ 66%] [32mBuilding CXX object CMakeFiles/vrpnserver.dir/vrpn_Oculus.C.o[0m
[4.225s] [ 66%] [32mBuilding CXX object CMakeFiles/vrpnserver.dir/vrpn_OmegaTemperature.C.o[0m
[4.230s] [ 66%] Built target vrpn_streamPrint
[4.255s] [ 66%] Built target vrpn_print_performance
[4.270s] [ 66%] [32mBuilding CXX object CMakeFiles/vrpnserver.dir/vrpn_Poser_Analog.C.o[0m
[4.278s] [ 67%] [32mBuilding CXX object CMakeFiles/vrpnserver.dir/vrpn_Poser_Tek4662.C.o[0m
[4.287s] [ 67%] [32mBuilding CXX object CMakeFiles/vrpnserver.dir/vrpn_raw_sgibox.C.o[0m
[4.362s] [ 68%] [32mBuilding CXX object CMakeFiles/vrpnserver.dir/vrpn_Retrolink.C.o[0m
[4.391s] [ 68%] [32mBuilding CXX object CMakeFiles/vrpnserver.dir/vrpn_Saitek_Controller_Raw.C.o[0m
[4.422s] [ 69%] [32mBuilding CXX object CMakeFiles/vrpnserver.dir/vrpn_sgibox.C.o[0m
[4.454s] [ 69%] [32mBuilding CXX object CMakeFiles/vrpnserver.dir/vrpn_Spaceball.C.o[0m
[4.463s] [01m[K/home/praktikum4/praktikum_ws/src/vrpn-release/vrpn_Poser_Tek4662.C:[m[K In member function ‘[01m[Kvoid vrpn_Poser_Tek4662::reset()[m[K’:
[4.463s] [01m[K/home/praktikum4/praktikum_ws/src/vrpn-release/vrpn_Poser_Tek4662.C:180:51:[m[K [01;35m[Kwarning: [m[K‘[01m[Kstrlen[m[K’ argument missing terminating nul [[01;35m[K-Wstringop-overflow=[m[K]
[4.463s]   180 |   vrpn_write_characters( d_serial_fd, GIN, strlen([01;35m[K(const char*)GIN[m[K) );
[4.463s]       |                                                   [01;35m[K^~~~~~~~~~~~~~~~[m[K
[4.463s] [01m[K/home/praktikum4/praktikum_ws/src/vrpn-release/vrpn_Poser_Tek4662.C:42:21:[m[K [01;36m[Knote: [m[Kreferenced argument declared here
[4.463s]    42 | const unsigned char [01;36m[KGIN[m[K[] = { ESC, DEVICE, 'M' };
[4.463s]       |                     [01;36m[K^~~[m[K
[4.464s] [01m[K/home/praktikum4/praktikum_ws/src/vrpn-release/vrpn_Poser_Tek4662.C:[m[K In member function ‘[01m[Kvoid vrpn_Poser_Tek4662::run()[m[K’:
[4.464s] [01m[K/home/praktikum4/praktikum_ws/src/vrpn-release/vrpn_Poser_Tek4662.C:256:52:[m[K [01;35m[Kwarning: [m[K‘[01m[Kstrlen[m[K’ argument missing terminating nul [[01;35m[K-Wstringop-overflow=[m[K]
[4.464s]   256 |     vrpn_write_characters(d_serial_fd, GIN, strlen([01;35m[K(const char*)GIN[m[K) );
[4.464s]       |                                                    [01;35m[K^~~~~~~~~~~~~~~~[m[K
[4.465s] [01m[K/home/praktikum4/praktikum_ws/src/vrpn-release/vrpn_Poser_Tek4662.C:42:21:[m[K [01;36m[Knote: [m[Kreferenced argument declared here
[4.465s]    42 | const unsigned char [01;36m[KGIN[m[K[] = { ESC, DEVICE, 'M' };
[4.465s]       |                     [01;36m[K^~~[m[K
[4.465s] [01m[K/home/praktikum4/praktikum_ws/src/vrpn-release/vrpn_Poser_Tek4662.C:341:54:[m[K [01;35m[Kwarning: [m[K‘[01m[Kstrlen[m[K’ argument missing terminating nul [[01;35m[K-Wstringop-overflow=[m[K]
[4.465s]   341 |       vrpn_write_characters(d_serial_fd, GIN, strlen([01;35m[K(const char*)GIN[m[K) );
[4.465s]       |                                                      [01;35m[K^~~~~~~~~~~~~~~~[m[K
[4.465s] [01m[K/home/praktikum4/praktikum_ws/src/vrpn-release/vrpn_Poser_Tek4662.C:42:21:[m[K [01;36m[Knote: [m[Kreferenced argument declared here
[4.465s]    42 | const unsigned char [01;36m[KGIN[m[K[] = { ESC, DEVICE, 'M' };
[4.465s]       |                     [01;36m[K^~~[m[K
[4.470s] [01m[K/home/praktikum4/praktikum_ws/src/vrpn-release/vrpn_Poser_Tek4662.C:[m[K In member function ‘[01m[Kvoid vrpn_Poser_Tek4662::reset()[m[K’:
[4.470s] [01m[K/home/praktikum4/praktikum_ws/src/vrpn-release/vrpn_Poser_Tek4662.C:180:64:[m[K [01;35m[Kwarning: [m[K‘[01m[Kstrlen[m[K’ argument missing terminating nul [[01;35m[K-Wstringop-overflow=[m[K]
[4.470s]   180 |   vrpn_write_characters( d_serial_fd, GIN, strlen((const char*)[01;35m[KGIN[m[K) );
[4.470s]       |                                                                [01;35m[K^~~[m[K
[4.470s] [01m[K/home/praktikum4/praktikum_ws/src/vrpn-release/vrpn_Poser_Tek4662.C:42:21:[m[K [01;36m[Knote: [m[Kreferenced argument declared here
[4.470s]    42 | const unsigned char [01;36m[KGIN[m[K[] = { ESC, DEVICE, 'M' };
[4.470s]       |                     [01;36m[K^~~[m[K
[4.471s] [01m[K/home/praktikum4/praktikum_ws/src/vrpn-release/vrpn_Poser_Tek4662.C:[m[K In member function ‘[01m[Kvoid vrpn_Poser_Tek4662::run()[m[K’:
[4.471s] [01m[K/home/praktikum4/praktikum_ws/src/vrpn-release/vrpn_Poser_Tek4662.C:256:65:[m[K [01;35m[Kwarning: [m[K‘[01m[Kstrlen[m[K’ argument missing terminating nul [[01;35m[K-Wstringop-overflow=[m[K]
[4.471s]   256 |     vrpn_write_characters(d_serial_fd, GIN, strlen((const char*)[01;35m[KGIN[m[K) );
[4.471s]       |                                                                 [01;35m[K^~~[m[K
[4.471s] [01m[K/home/praktikum4/praktikum_ws/src/vrpn-release/vrpn_Poser_Tek4662.C:42:21:[m[K [01;36m[Knote: [m[Kreferenced argument declared here
[4.471s]    42 | const unsigned char [01;36m[KGIN[m[K[] = { ESC, DEVICE, 'M' };
[4.471s]       |                     [01;36m[K^~~[m[K
[4.471s] [01m[K/home/praktikum4/praktikum_ws/src/vrpn-release/vrpn_Poser_Tek4662.C:341:67:[m[K [01;35m[Kwarning: [m[K‘[01m[Kstrlen[m[K’ argument missing terminating nul [[01;35m[K-Wstringop-overflow=[m[K]
[4.471s]   341 |       vrpn_write_characters(d_serial_fd, GIN, strlen((const char*)[01;35m[KGIN[m[K) );
[4.471s]       |                                                                   [01;35m[K^~~[m[K
[4.471s] [01m[K/home/praktikum4/praktikum_ws/src/vrpn-release/vrpn_Poser_Tek4662.C:42:21:[m[K [01;36m[Knote: [m[Kreferenced argument declared here
[4.471s]    42 | const unsigned char [01;36m[KGIN[m[K[] = { ESC, DEVICE, 'M' };
[4.471s]       |                     [01;36m[K^~~[m[K
[4.476s] [ 70%] [32mBuilding CXX object CMakeFiles/vrpnserver.dir/vrpn_Streaming_Arduino.C.o[0m
[4.488s] [ 70%] [32mBuilding CXX object CMakeFiles/vrpnserver.dir/vrpn_Tng3.C.o[0m
[4.553s] [ 71%] [32mBuilding CXX object CMakeFiles/vrpnserver.dir/vrpn_Tracker_3DMouse.C.o[0m
[4.562s] [ 71%] [32mBuilding CXX object CMakeFiles/vrpnserver.dir/vrpn_Tracker_AnalogFly.C.o[0m
[4.590s] [ 72%] [32mBuilding CXX object CMakeFiles/vrpnserver.dir/vrpn_Tracker_ButtonFly.C.o[0m
[4.614s] [ 72%] [32mBuilding CXX object CMakeFiles/vrpnserver.dir/vrpn_Tracker_Crossbow.C.o[0m
[4.631s] [ 72%] [32mBuilding CXX object CMakeFiles/vrpnserver.dir/vrpn_Tracker_DTrack.C.o[0m
[4.659s] [ 73%] [32mBuilding CXX object CMakeFiles/vrpnserver.dir/vrpn_Tracker_Fastrak.C.o[0m
[4.718s] [ 73%] [32mBuilding CXX object CMakeFiles/vrpnserver.dir/vrpn_Tracker_Filter.C.o[0m
[4.757s] [ 74%] [32mBuilding CXX object CMakeFiles/vrpnserver.dir/vrpn_Tracker_GameTrak.C.o[0m
[4.761s] [ 74%] [32mBuilding CXX object CMakeFiles/vrpnserver.dir/vrpn_Tracker_GPS.C.o[0m
[4.822s] [ 75%] [32mBuilding CXX object CMakeFiles/vrpnserver.dir/vrpn_Tracker_IMU.C.o[0m
[4.832s] [ 75%] [32mBuilding CXX object CMakeFiles/vrpnserver.dir/vrpn_Tracker_isense.C.o[0m
[4.928s] [ 76%] [32mBuilding CXX object CMakeFiles/vrpnserver.dir/vrpn_Tracker_Isotrak.C.o[0m
[4.949s] [ 76%] [32mBuilding CXX object CMakeFiles/vrpnserver.dir/vrpn_Tracker_JsonNet.C.o[0m
[4.962s] [ 77%] [32mBuilding CXX object CMakeFiles/vrpnserver.dir/vrpn_Tracker_Liberty.C.o[0m
[4.974s] [ 77%] [32mBuilding CXX object CMakeFiles/vrpnserver.dir/vrpn_Tracker_MotionNode.C.o[0m
[4.974s] [ 78%] [32mBuilding CXX object CMakeFiles/vrpnserver.dir/vrpn_Tracker_NDI_Polaris.C.o[0m
[4.990s] [ 78%] [32mBuilding CXX object CMakeFiles/vrpnserver.dir/vrpn_Tracker_NovintFalcon.C.o[0m
[5.075s] [ 78%] [32mBuilding CXX object CMakeFiles/vrpnserver.dir/vrpn_Tracker_OSVRHackerDevKit.C.o[0m
[5.087s] [ 79%] [32mBuilding CXX object CMakeFiles/vrpnserver.dir/vrpn_Tracker_PDI.C.o[0m
[5.129s] [ 79%] [32mBuilding CXX object CMakeFiles/vrpnserver.dir/vrpn_Tracker_PhaseSpace.C.o[0m
[5.142s] [ 80%] [32mBuilding CXX object CMakeFiles/vrpnserver.dir/vrpn_Tracker_RazerHydra.C.o[0m
[5.145s] [ 80%] [32mBuilding CXX object CMakeFiles/vrpnserver.dir/vrpn_Tracker_ThalmicLabsMyo.C.o[0m
[5.229s] [ 81%] [32mBuilding CXX object CMakeFiles/vrpnserver.dir/vrpn_Tracker_SpacePoint.C.o[0m
[5.235s] [ 82%] [32mBuilding CXX object CMakeFiles/vrpnserver.dir/vrpn_Tracker_Colibri.C.o[0m
[5.250s] [ 82%] [32mBuilding CXX object CMakeFiles/vrpnserver.dir/vrpn_Tracker_Wintracker.C.o[0m
[5.278s] [ 82%] [32mBuilding CXX object CMakeFiles/vrpnserver.dir/vrpn_Tracker_TrivisioColibri.C.o[0m
[5.315s] [ 83%] [32mBuilding CXX object CMakeFiles/vrpnserver.dir/vrpn_Tracker_WiimoteHead.C.o[0m
[5.327s] [ 83%] [32mBuilding CXX object CMakeFiles/vrpnserver.dir/vrpn_Tracker_zSight.C.o[0m
[5.360s] [ 84%] [32mBuilding CXX object CMakeFiles/vrpnserver.dir/vrpn_Tracker_ViewPoint.C.o[0m
[5.377s] [ 84%] [32mBuilding CXX object CMakeFiles/vrpnserver.dir/vrpn_UNC_Joystick.C.o[0m
[5.392s] [ 84%] [32mBuilding CXX object CMakeFiles/vrpnserver.dir/vrpn_VPJoystick.C.o[0m
[5.458s] [ 85%] [32mBuilding CXX object CMakeFiles/vrpnserver.dir/vrpn_Wanda.C.o[0m
[5.543s] [ 85%] [32mBuilding CXX object CMakeFiles/vrpnserver.dir/vrpn_WiiMote.C.o[0m
[5.563s] [ 86%] [32mBuilding CXX object CMakeFiles/vrpnserver.dir/vrpn_XInputGamepad.C.o[0m
[5.581s] [ 87%] [32mBuilding CXX object CMakeFiles/vrpnserver.dir/vrpn_Tracker_LibertyHS.C.o[0m
[5.583s] [ 87%] [32mBuilding CXX object CMakeFiles/vrpnserver.dir/vrpn_Xkeys.C.o[0m
[5.611s] [ 87%] [32mBuilding CXX object CMakeFiles/vrpnserver.dir/vrpn_YEI_3Space.C.o[0m
[5.641s] [ 88%] [32mBuilding CXX object CMakeFiles/vrpnserver.dir/vrpn_Zaber.C.o[0m
[5.683s] [ 88%] [32mBuilding CXX object CMakeFiles/vrpnserver.dir/server_src/vrpn_Generic_server_object.C.o[0m
[5.692s] [ 89%] [32mBuilding C object CMakeFiles/vrpnserver.dir/submodules/hidapi/linux/hid.c.o[0m
[5.745s] [ 89%] [32mBuilding CXX object CMakeFiles/vrpnserver.dir/submodules/jsoncpp/src/lib_json/json_reader.cpp.o[0m
[5.750s] [ 90%] [32mBuilding CXX object CMakeFiles/vrpnserver.dir/submodules/jsoncpp/src/lib_json/json_value.cpp.o[0m
[5.784s] [ 90%] [32mBuilding CXX object CMakeFiles/vrpnserver.dir/submodules/jsoncpp/src/lib_json/json_writer.cpp.o[0m
[9.009s] [ 91%] [32m[1mLinking CXX static library libvrpnserver.a[0m
[9.105s] [ 91%] Built target vrpnserver
[9.115s] [35m[1mScanning dependencies of target vrpn_server[0m
[9.115s] [35m[1mScanning dependencies of target vrpn-python[0m
[9.124s] [ 92%] [32mBuilding CXX object server_src/CMakeFiles/vrpn_server.dir/vrpn.C.o[0m
[9.147s] [ 94%] [32mBuilding CXX object python/CMakeFiles/vrpn-python.dir/Connection.cpp.o[0m
[9.147s] [ 94%] [32mBuilding CXX object python/CMakeFiles/vrpn-python.dir/receiver/Dial.cpp.o[0m
[9.147s] [ 94%] [32mBuilding CXX object python/CMakeFiles/vrpn-python.dir/Device.cpp.o[0m
[9.147s] [ 94%] [32mBuilding CXX object python/CMakeFiles/vrpn-python.dir/Base.cpp.o[0m
[9.147s] [ 94%] [32mBuilding CXX object python/CMakeFiles/vrpn-python.dir/callback.cpp.o[0m
[9.147s] [ 94%] [32mBuilding CXX object python/CMakeFiles/vrpn-python.dir/interface.cpp.o[0m
[9.148s] [ 95%] [32mBuilding CXX object python/CMakeFiles/vrpn-python.dir/quaternion/quaternion.cpp.o[0m
[9.148s] [ 95%] [32mBuilding CXX object python/CMakeFiles/vrpn-python.dir/receiver/Analog.cpp.o[0m
[9.148s] [ 96%] [32mBuilding CXX object python/CMakeFiles/vrpn-python.dir/receiver/Button.cpp.o[0m
[9.148s] [ 97%] [32mBuilding CXX object python/CMakeFiles/vrpn-python.dir/receiver/Text_Receiver.cpp.o[0m
[9.151s] [ 97%] [32mBuilding CXX object python/CMakeFiles/vrpn-python.dir/receiver/Tracker.cpp.o[0m
[9.457s] [ 97%] [32mBuilding CXX object python/CMakeFiles/vrpn-python.dir/receiver/receiver.cpp.o[0m
[9.490s] [ 98%] [32mBuilding CXX object python/CMakeFiles/vrpn-python.dir/sender/Poser.cpp.o[0m
[9.500s] [ 98%] [32mBuilding CXX object python/CMakeFiles/vrpn-python.dir/sender/Text_Sender.cpp.o[0m
[9.503s] [ 98%] [32m[1mLinking CXX executable vrpn_server[0m
[9.526s] [ 99%] [32mBuilding CXX object python/CMakeFiles/vrpn-python.dir/sender/sender.cpp.o[0m
[9.634s] [ 99%] [32mBuilding CXX object python/CMakeFiles/vrpn-python.dir/tools.cpp.o[0m
[9.790s] [ 99%] Built target vrpn_server
[10.081s] [100%] [32m[1mLinking CXX shared module vrpn.so[0m
[10.158s] [100%] Built target vrpn-python
[10.166s] Invoked command in '/home/praktikum4/praktikum_ws/build/vrpn' returned '0': CMAKE_PREFIX_PATH=${CMAKE_PREFIX_PATH}:/home/praktikum4/praktikum_ws/install/robprakt:/home/praktikum4/ws_moveit2/install/moveit_configs_utils:/home/praktikum4/ws_moveit2/install/launch_param_builder:/opt/ros/galactic /usr/bin/cmake --build /home/praktikum4/praktikum_ws/build/vrpn -- -j12 -l12
[10.376s] Invoking command in '/home/praktikum4/praktikum_ws/build/vrpn': CMAKE_PREFIX_PATH=${CMAKE_PREFIX_PATH}:/home/praktikum4/praktikum_ws/install/robprakt:/home/praktikum4/ws_moveit2/install/moveit_configs_utils:/home/praktikum4/ws_moveit2/install/launch_param_builder:/opt/ros/galactic /usr/bin/cmake --install /home/praktikum4/praktikum_ws/build/vrpn
[10.382s] -- Install configuration: "RelWithDebInfo"
[10.382s] -- Installing: /home/praktikum4/praktikum_ws/install/vrpn/lib/libvrpnserver.a
[10.399s] -- Installing: /home/praktikum4/praktikum_ws/install/vrpn/include/vrpn_Configure.h
[10.400s] -- Up-to-date: /home/praktikum4/praktikum_ws/install/vrpn/include/vrpn_Analog.h
[10.400s] -- Up-to-date: /home/praktikum4/praktikum_ws/install/vrpn/include/vrpn_Analog_Output.h
[10.400s] -- Up-to-date: /home/praktikum4/praktikum_ws/install/vrpn/include/vrpn_Assert.h
[10.400s] -- Up-to-date: /home/praktikum4/praktikum_ws/install/vrpn/include/vrpn_Auxiliary_Logger.h
[10.400s] -- Up-to-date: /home/praktikum4/praktikum_ws/install/vrpn/include/vrpn_BaseClass.h
[10.400s] -- Up-to-date: /home/praktikum4/praktikum_ws/install/vrpn/include/vrpn_Button.h
[10.400s] -- Up-to-date: /home/praktikum4/praktikum_ws/install/vrpn/include/vrpn_Connection.h
[10.400s] -- Up-to-date: /home/praktikum4/praktikum_ws/install/vrpn/include/vrpn_ConnectionPtr.h
[10.400s] -- Up-to-date: /home/praktikum4/praktikum_ws/install/vrpn/include/vrpn_Dial.h
[10.400s] -- Up-to-date: /home/praktikum4/praktikum_ws/install/vrpn/include/vrpn_EndpointContainer.h
[10.400s] -- Up-to-date: /home/praktikum4/praktikum_ws/install/vrpn/include/vrpn_FileConnection.h
[10.400s] -- Up-to-date: /home/praktikum4/praktikum_ws/install/vrpn/include/vrpn_FileController.h
[10.400s] -- Up-to-date: /home/praktikum4/praktikum_ws/install/vrpn/include/vrpn_ForceDevice.h
[10.400s] -- Up-to-date: /home/praktikum4/praktikum_ws/install/vrpn/include/vrpn_ForwarderController.h
[10.400s] -- Up-to-date: /home/praktikum4/praktikum_ws/install/vrpn/include/vrpn_Forwarder.h
[10.400s] -- Up-to-date: /home/praktikum4/praktikum_ws/install/vrpn/include/vrpn_FunctionGenerator.h
[10.400s] -- Up-to-date: /home/praktikum4/praktikum_ws/install/vrpn/include/vrpn_Imager.h
[10.400s] -- Up-to-date: /home/praktikum4/praktikum_ws/install/vrpn/include/vrpn_LamportClock.h
[10.400s] -- Up-to-date: /home/praktikum4/praktikum_ws/install/vrpn/include/vrpn_Log.h
[10.400s] -- Up-to-date: /home/praktikum4/praktikum_ws/install/vrpn/include/vrpn_MainloopContainer.h
[10.400s] -- Up-to-date: /home/praktikum4/praktikum_ws/install/vrpn/include/vrpn_MainloopObject.h
[10.400s] -- Up-to-date: /home/praktikum4/praktikum_ws/install/vrpn/include/vrpn_Mutex.h
[10.400s] -- Up-to-date: /home/praktikum4/praktikum_ws/install/vrpn/include/vrpn_OwningPtr.h
[10.400s] -- Up-to-date: /home/praktikum4/praktikum_ws/install/vrpn/include/vrpn_RedundantTransmission.h
[10.400s] -- Up-to-date: /home/praktikum4/praktikum_ws/install/vrpn/include/vrpn_SendTextMessageStreamProxy.h
[10.401s] -- Up-to-date: /home/praktikum4/praktikum_ws/install/vrpn/include/vrpn_Serial.h
[10.401s] -- Up-to-date: /home/praktikum4/praktikum_ws/install/vrpn/include/vrpn_SerialPort.h
[10.401s] -- Up-to-date: /home/praktikum4/praktikum_ws/install/vrpn/include/vrpn_Shared.h
[10.401s] -- Up-to-date: /home/praktikum4/praktikum_ws/install/vrpn/include/vrpn_SharedObject.h
[10.401s] -- Up-to-date: /home/praktikum4/praktikum_ws/install/vrpn/include/vrpn_Sound.h
[10.401s] -- Up-to-date: /home/praktikum4/praktikum_ws/install/vrpn/include/vrpn_Text.h
[10.401s] -- Up-to-date: /home/praktikum4/praktikum_ws/install/vrpn/include/vrpn_Thread.h
[10.401s] -- Up-to-date: /home/praktikum4/praktikum_ws/install/vrpn/include/vrpn_Tracker.h
[10.401s] -- Up-to-date: /home/praktikum4/praktikum_ws/install/vrpn/include/vrpn_Types.h
[10.401s] -- Up-to-date: /home/praktikum4/praktikum_ws/install/vrpn/include/vrpn_WindowsH.h
[10.401s] -- Up-to-date: /home/praktikum4/praktikum_ws/install/vrpn/include/vrpn_3DConnexion.h
[10.401s] -- Up-to-date: /home/praktikum4/praktikum_ws/install/vrpn/include/vrpn_3DMicroscribe.h
[10.401s] -- Up-to-date: /home/praktikum4/praktikum_ws/install/vrpn/include/vrpn_3Space.h
[10.401s] -- Up-to-date: /home/praktikum4/praktikum_ws/install/vrpn/include/vrpn_5DT16.h
[10.401s] -- Up-to-date: /home/praktikum4/praktikum_ws/install/vrpn/include/vrpn_Adafruit.h
[10.401s] -- Up-to-date: /home/praktikum4/praktikum_ws/install/vrpn/include/vrpn_ADBox.h
[10.401s] -- Up-to-date: /home/praktikum4/praktikum_ws/install/vrpn/include/vrpn_Analog_5dt.h
[10.401s] -- Up-to-date: /home/praktikum4/praktikum_ws/install/vrpn/include/vrpn_Analog_5dtUSB.h
[10.401s] -- Up-to-date: /home/praktikum4/praktikum_ws/install/vrpn/include/vrpn_Analog_Radamec_SPI.h
[10.401s] -- Up-to-date: /home/praktikum4/praktikum_ws/install/vrpn/include/vrpn_Analog_USDigital_A2.h
[10.401s] -- Up-to-date: /home/praktikum4/praktikum_ws/install/vrpn/include/vrpn_Atmel.h
[10.401s] -- Up-to-date: /home/praktikum4/praktikum_ws/install/vrpn/include/vrpn_BiosciencesTools.h
[10.401s] -- Up-to-date: /home/praktikum4/praktikum_ws/install/vrpn/include/vrpn_Button_NI_DIO24.h
[10.401s] -- Up-to-date: /home/praktikum4/praktikum_ws/install/vrpn/include/vrpn_Button_USB.h
[10.401s] -- Up-to-date: /home/praktikum4/praktikum_ws/install/vrpn/include/vrpn_CerealBox.h
[10.401s] -- Up-to-date: /home/praktikum4/praktikum_ws/install/vrpn/include/vrpn_CHProducts_Controller_Raw.h
[10.401s] -- Up-to-date: /home/praktikum4/praktikum_ws/install/vrpn/include/vrpn_Contour.h
[10.401s] -- Up-to-date: /home/praktikum4/praktikum_ws/install/vrpn/include/vrpn_DevInput.h
[10.401s] -- Up-to-date: /home/praktikum4/praktikum_ws/install/vrpn/include/vrpn_DirectXFFJoystick.h
[10.401s] -- Up-to-date: /home/praktikum4/praktikum_ws/install/vrpn/include/vrpn_DirectXRumblePad.h
[10.401s] -- Up-to-date: /home/praktikum4/praktikum_ws/install/vrpn/include/vrpn_DreamCheeky.h
[10.401s] -- Up-to-date: /home/praktikum4/praktikum_ws/install/vrpn/include/vrpn_Dyna.h
[10.401s] -- Up-to-date: /home/praktikum4/praktikum_ws/install/vrpn/include/vrpn_Event_Analog.h
[10.401s] -- Up-to-date: /home/praktikum4/praktikum_ws/install/vrpn/include/vrpn_Event.h
[10.402s] -- Up-to-date: /home/praktikum4/praktikum_ws/install/vrpn/include/vrpn_Event_Mouse.h
[10.402s] -- Up-to-date: /home/praktikum4/praktikum_ws/install/vrpn/include/vrpn_Flock.h
[10.402s] -- Up-to-date: /home/praktikum4/praktikum_ws/install/vrpn/include/vrpn_Flock_Parallel.h
[10.402s] -- Up-to-date: /home/praktikum4/praktikum_ws/install/vrpn/include/vrpn_ForceDeviceServer.h
[10.402s] -- Up-to-date: /home/praktikum4/praktikum_ws/install/vrpn/include/vrpn_Freespace.h
[10.402s] -- Up-to-date: /home/praktikum4/praktikum_ws/install/vrpn/include/vrpn_FunctionGenerator.h
[10.402s] -- Up-to-date: /home/praktikum4/praktikum_ws/install/vrpn/include/vrpn_Futaba.h
[10.402s] -- Up-to-date: /home/praktikum4/praktikum_ws/install/vrpn/include/vrpn_GlobalHapticsOrb.h
[10.402s] -- Up-to-date: /home/praktikum4/praktikum_ws/install/vrpn/include/vrpn_Griffin.h
[10.402s] -- Up-to-date: /home/praktikum4/praktikum_ws/install/vrpn/include/vrpn_HashST.h
[10.402s] -- Up-to-date: /home/praktikum4/praktikum_ws/install/vrpn/include/vrpn_HumanInterface.h
[10.402s] -- Up-to-date: /home/praktikum4/praktikum_ws/install/vrpn/include/vrpn_IDEA.h
[10.402s] -- Up-to-date: /home/praktikum4/praktikum_ws/install/vrpn/include/vrpn_Imager_Stream_Buffer.h
[10.402s] -- Up-to-date: /home/praktikum4/praktikum_ws/install/vrpn/include/vrpn_ImmersionBox.h
[10.402s] -- Up-to-date: /home/praktikum4/praktikum_ws/install/vrpn/include/vrpn_inertiamouse.h
[10.402s] -- Up-to-date: /home/praktikum4/praktikum_ws/install/vrpn/include/vrpn_JoyFly.h
[10.402s] -- Up-to-date: /home/praktikum4/praktikum_ws/install/vrpn/include/vrpn_Joylin.h
[10.402s] -- Up-to-date: /home/praktikum4/praktikum_ws/install/vrpn/include/vrpn_Joywin32.h
[10.402s] -- Up-to-date: /home/praktikum4/praktikum_ws/install/vrpn/include/vrpn_Keyboard.h
[10.402s] -- Up-to-date: /home/praktikum4/praktikum_ws/install/vrpn/include/vrpn_Logitech_Controller_Raw.h
[10.402s] -- Up-to-date: /home/praktikum4/praktikum_ws/install/vrpn/include/vrpn_Laputa.h
[10.402s] -- Up-to-date: /home/praktikum4/praktikum_ws/install/vrpn/include/vrpn_LUDL.h
[10.402s] -- Up-to-date: /home/praktikum4/praktikum_ws/install/vrpn/include/vrpn_Magellan.h
[10.402s] -- Up-to-date: /home/praktikum4/praktikum_ws/install/vrpn/include/vrpn_MessageMacros.h
[10.402s] -- Up-to-date: /home/praktikum4/praktikum_ws/install/vrpn/include/vrpn_Microsoft_Controller_Raw.h
[10.402s] -- Up-to-date: /home/praktikum4/praktikum_ws/install/vrpn/include/vrpn_Mouse.h
[10.402s] -- Up-to-date: /home/praktikum4/praktikum_ws/install/vrpn/include/vrpn_NationalInstruments.h
[10.402s] -- Up-to-date: /home/praktikum4/praktikum_ws/install/vrpn/include/vrpn_Nidaq.h
[10.402s] -- Up-to-date: /home/praktikum4/praktikum_ws/install/vrpn/include/vrpn_nikon_controls.h
[10.402s] -- Up-to-date: /home/praktikum4/praktikum_ws/install/vrpn/include/vrpn_nVidia_shield_controller.h
[10.402s] -- Up-to-date: /home/praktikum4/praktikum_ws/install/vrpn/include/vrpn_Oculus.h
[10.402s] -- Up-to-date: /home/praktikum4/praktikum_ws/install/vrpn/include/vrpn_OmegaTemperature.h
[10.402s] -- Up-to-date: /home/praktikum4/praktikum_ws/install/vrpn/include/vrpn_OneEuroFilter.h
[10.402s] -- Up-to-date: /home/praktikum4/praktikum_ws/install/vrpn/include/vrpn_OzzMaker.h
[10.402s] -- Up-to-date: /home/praktikum4/praktikum_ws/install/vrpn/include/vrpn_Poser_Analog.h
[10.402s] -- Up-to-date: /home/praktikum4/praktikum_ws/install/vrpn/include/vrpn_Poser.h
[10.402s] -- Up-to-date: /home/praktikum4/praktikum_ws/install/vrpn/include/vrpn_Poser_Tek4662.h
[10.402s] -- Up-to-date: /home/praktikum4/praktikum_ws/install/vrpn/include/vrpn_raw_sgibox.h
[10.402s] -- Up-to-date: /home/praktikum4/praktikum_ws/install/vrpn/include/vrpn_Retrolink.h
[10.402s] -- Up-to-date: /home/praktikum4/praktikum_ws/install/vrpn/include/vrpn_Saitek_Controller_Raw.h
[10.402s] -- Up-to-date: /home/praktikum4/praktikum_ws/install/vrpn/include/vrpn_sgibox.h
[10.403s] -- Up-to-date: /home/praktikum4/praktikum_ws/install/vrpn/include/vrpn_Spaceball.h
[10.403s] -- Up-to-date: /home/praktikum4/praktikum_ws/install/vrpn/include/vrpn_Streaming_Arduino.h
[10.403s] -- Up-to-date: /home/praktikum4/praktikum_ws/install/vrpn/include/vrpn_Tng3.h
[10.403s] -- Up-to-date: /home/praktikum4/praktikum_ws/install/vrpn/include/vrpn_Tracker_3DMouse.h
[10.403s] -- Up-to-date: /home/praktikum4/praktikum_ws/install/vrpn/include/vrpn_Tracker_AnalogFly.h
[10.403s] -- Up-to-date: /home/praktikum4/praktikum_ws/install/vrpn/include/vrpn_Tracker_ButtonFly.h
[10.403s] -- Up-to-date: /home/praktikum4/praktikum_ws/install/vrpn/include/vrpn_Tracker_Crossbow.h
[10.403s] -- Up-to-date: /home/praktikum4/praktikum_ws/install/vrpn/include/vrpn_Tracker_DTrack.h
[10.403s] -- Up-to-date: /home/praktikum4/praktikum_ws/install/vrpn/include/vrpn_Tracker_Fastrak.h
[10.403s] -- Up-to-date: /home/praktikum4/praktikum_ws/install/vrpn/include/vrpn_Tracker_Filter.h
[10.403s] -- Up-to-date: /home/praktikum4/praktikum_ws/install/vrpn/include/vrpn_Tracker_GameTrak.h
[10.403s] -- Up-to-date: /home/praktikum4/praktikum_ws/install/vrpn/include/vrpn_Tracker_GPS.h
[10.403s] -- Up-to-date: /home/praktikum4/praktikum_ws/install/vrpn/include/vrpn_Tracker_IMU.h
[10.403s] -- Up-to-date: /home/praktikum4/praktikum_ws/install/vrpn/include/vrpn_Tracker_isense.h
[10.403s] -- Up-to-date: /home/praktikum4/praktikum_ws/install/vrpn/include/vrpn_Tracker_Isotrak.h
[10.403s] -- Up-to-date: /home/praktikum4/praktikum_ws/install/vrpn/include/vrpn_Tracker_JsonNet.h
[10.403s] -- Up-to-date: /home/praktikum4/praktikum_ws/install/vrpn/include/vrpn_Tracker_Liberty.h
[10.403s] -- Up-to-date: /home/praktikum4/praktikum_ws/install/vrpn/include/vrpn_Tracker_MotionNode.h
[10.403s] -- Up-to-date: /home/praktikum4/praktikum_ws/install/vrpn/include/vrpn_Tracker_NDI_Polaris.h
[10.403s] -- Up-to-date: /home/praktikum4/praktikum_ws/install/vrpn/include/vrpn_Tracker_NovintFalcon.h
[10.403s] -- Up-to-date: /home/praktikum4/praktikum_ws/install/vrpn/include/vrpn_Tracker_OSVRHackerDevKit.h
[10.403s] -- Up-to-date: /home/praktikum4/praktikum_ws/install/vrpn/include/vrpn_Tracker_PDI.h
[10.403s] -- Up-to-date: /home/praktikum4/praktikum_ws/install/vrpn/include/vrpn_Tracker_PhaseSpace.h
[10.403s] -- Up-to-date: /home/praktikum4/praktikum_ws/install/vrpn/include/vrpn_Tracker_RazerHydra.h
[10.403s] -- Up-to-date: /home/praktikum4/praktikum_ws/install/vrpn/include/vrpn_Tracker_ThalmicLabsMyo.h
[10.403s] -- Up-to-date: /home/praktikum4/praktikum_ws/install/vrpn/include/vrpn_Tracker_SpacePoint.h
[10.403s] -- Up-to-date: /home/praktikum4/praktikum_ws/install/vrpn/include/vrpn_Tracker_Wintracker.h
[10.403s] -- Up-to-date: /home/praktikum4/praktikum_ws/install/vrpn/include/vrpn_Tracker_Colibri.h
[10.403s] -- Up-to-date: /home/praktikum4/praktikum_ws/install/vrpn/include/vrpn_Tracker_TrivisioColibri.h
[10.403s] -- Up-to-date: /home/praktikum4/praktikum_ws/install/vrpn/include/vrpn_Tracker_WiimoteHead.h
[10.403s] -- Up-to-date: /home/praktikum4/praktikum_ws/install/vrpn/include/vrpn_Tracker_zSight.h
[10.403s] -- Up-to-date: /home/praktikum4/praktikum_ws/install/vrpn/include/vrpn_Tracker_ViewPoint.h
[10.403s] -- Up-to-date: /home/praktikum4/praktikum_ws/install/vrpn/include/vrpn_UNC_Joystick.h
[10.403s] -- Up-to-date: /home/praktikum4/praktikum_ws/install/vrpn/include/vrpn_VPJoystick.h
[10.403s] -- Up-to-date: /home/praktikum4/praktikum_ws/install/vrpn/include/vrpn_Wanda.h
[10.403s] -- Up-to-date: /home/praktikum4/praktikum_ws/install/vrpn/include/vrpn_WiiMote.h
[10.403s] -- Up-to-date: /home/praktikum4/praktikum_ws/install/vrpn/include/vrpn_XInputGamepad.h
[10.403s] -- Up-to-date: /home/praktikum4/praktikum_ws/install/vrpn/include/vrpn_Xkeys.h
[10.403s] -- Up-to-date: /home/praktikum4/praktikum_ws/install/vrpn/include/vrpn_Tracker_LibertyHS.h
[10.404s] -- Up-to-date: /home/praktikum4/praktikum_ws/install/vrpn/include/vrpn_YEI_3Space.h
[10.404s] -- Up-to-date: /home/praktikum4/praktikum_ws/install/vrpn/include/vrpn_Zaber.h
[10.404s] -- Up-to-date: /home/praktikum4/praktikum_ws/install/vrpn/include/vrpn_Generic_server_object.h
[10.404s] -- Up-to-date: /home/praktikum4/praktikum_ws/install/vrpn/share/vrpn/package.xml
[10.404s] -- Up-to-date: /home/praktikum4/praktikum_ws/install/vrpn/share/vrpn/cmake/VRPNConfig.cmake
[10.404s] -- Up-to-date: /home/praktikum4/praktikum_ws/install/vrpn/share/quatlib/cmake/quatlibConfig.cmake
[10.404s] -- Installing: /home/praktikum4/praktikum_ws/install/vrpn/lib/libvrpn.a
[10.404s] -- Up-to-date: /home/praktikum4/praktikum_ws/install/vrpn/include/vrpn_Configure.h
[10.404s] -- Up-to-date: /home/praktikum4/praktikum_ws/install/vrpn/include/vrpn_Analog.h
[10.404s] -- Up-to-date: /home/praktikum4/praktikum_ws/install/vrpn/include/vrpn_Analog_Output.h
[10.404s] -- Up-to-date: /home/praktikum4/praktikum_ws/install/vrpn/include/vrpn_Assert.h
[10.404s] -- Up-to-date: /home/praktikum4/praktikum_ws/install/vrpn/include/vrpn_Auxiliary_Logger.h
[10.404s] -- Up-to-date: /home/praktikum4/praktikum_ws/install/vrpn/include/vrpn_BaseClass.h
[10.404s] -- Up-to-date: /home/praktikum4/praktikum_ws/install/vrpn/include/vrpn_Button.h
[10.404s] -- Up-to-date: /home/praktikum4/praktikum_ws/install/vrpn/include/vrpn_Connection.h
[10.405s] -- Up-to-date: /home/praktikum4/praktikum_ws/install/vrpn/include/vrpn_ConnectionPtr.h
[10.405s] -- Up-to-date: /home/praktikum4/praktikum_ws/install/vrpn/include/vrpn_Dial.h
[10.405s] -- Up-to-date: /home/praktikum4/praktikum_ws/install/vrpn/include/vrpn_EndpointContainer.h
[10.405s] -- Up-to-date: /home/praktikum4/praktikum_ws/install/vrpn/include/vrpn_FileConnection.h
[10.405s] -- Up-to-date: /home/praktikum4/praktikum_ws/install/vrpn/include/vrpn_FileController.h
[10.405s] -- Up-to-date: /home/praktikum4/praktikum_ws/install/vrpn/include/vrpn_ForceDevice.h
[10.405s] -- Up-to-date: /home/praktikum4/praktikum_ws/install/vrpn/include/vrpn_ForwarderController.h
[10.405s] -- Up-to-date: /home/praktikum4/praktikum_ws/install/vrpn/include/vrpn_Forwarder.h
[10.405s] -- Up-to-date: /home/praktikum4/praktikum_ws/install/vrpn/include/vrpn_FunctionGenerator.h
[10.405s] -- Up-to-date: /home/praktikum4/praktikum_ws/install/vrpn/include/vrpn_Imager.h
[10.405s] -- Up-to-date: /home/praktikum4/praktikum_ws/install/vrpn/include/vrpn_LamportClock.h
[10.405s] -- Up-to-date: /home/praktikum4/praktikum_ws/install/vrpn/include/vrpn_Log.h
[10.405s] -- Up-to-date: /home/praktikum4/praktikum_ws/install/vrpn/include/vrpn_MainloopContainer.h
[10.405s] -- Up-to-date: /home/praktikum4/praktikum_ws/install/vrpn/include/vrpn_MainloopObject.h
[10.405s] -- Up-to-date: /home/praktikum4/praktikum_ws/install/vrpn/include/vrpn_Mutex.h
[10.405s] -- Up-to-date: /home/praktikum4/praktikum_ws/install/vrpn/include/vrpn_OwningPtr.h
[10.405s] -- Up-to-date: /home/praktikum4/praktikum_ws/install/vrpn/include/vrpn_RedundantTransmission.h
[10.405s] -- Up-to-date: /home/praktikum4/praktikum_ws/install/vrpn/include/vrpn_SendTextMessageStreamProxy.h
[10.405s] -- Up-to-date: /home/praktikum4/praktikum_ws/install/vrpn/include/vrpn_Serial.h
[10.405s] -- Up-to-date: /home/praktikum4/praktikum_ws/install/vrpn/include/vrpn_SerialPort.h
[10.405s] -- Up-to-date: /home/praktikum4/praktikum_ws/install/vrpn/include/vrpn_Shared.h
[10.405s] -- Up-to-date: /home/praktikum4/praktikum_ws/install/vrpn/include/vrpn_SharedObject.h
[10.405s] -- Up-to-date: /home/praktikum4/praktikum_ws/install/vrpn/include/vrpn_Sound.h
[10.405s] -- Up-to-date: /home/praktikum4/praktikum_ws/install/vrpn/include/vrpn_Text.h
[10.405s] -- Up-to-date: /home/praktikum4/praktikum_ws/install/vrpn/include/vrpn_Thread.h
[10.405s] -- Up-to-date: /home/praktikum4/praktikum_ws/install/vrpn/include/vrpn_Tracker.h
[10.405s] -- Up-to-date: /home/praktikum4/praktikum_ws/install/vrpn/include/vrpn_Types.h
[10.405s] -- Up-to-date: /home/praktikum4/praktikum_ws/install/vrpn/include/vrpn_WindowsH.h
[10.405s] -- Installing: /home/praktikum4/praktikum_ws/install/vrpn/lib/libquat.a
[10.405s] -- Up-to-date: /home/praktikum4/praktikum_ws/install/vrpn/include/quat.h
[10.405s] -- Up-to-date: /home/praktikum4/praktikum_ws/install/vrpn/lib/libquat.a
[10.405s] -- Up-to-date: /home/praktikum4/praktikum_ws/install/vrpn/include/quat.h
[10.405s] -- Installing: /home/praktikum4/praktikum_ws/install/vrpn/lib/libvrpn_atmel.a
[10.405s] -- Up-to-date: /home/praktikum4/praktikum_ws/install/vrpn/include/vrpn_atmellib_errno.h
[10.405s] -- Up-to-date: /home/praktikum4/praktikum_ws/install/vrpn/include/vrpn_atmellib.h
[10.406s] -- Installing: /home/praktikum4/praktikum_ws/install/vrpn/lib/libgpsnmea.a
[10.406s] -- Up-to-date: /home/praktikum4/praktikum_ws/install/vrpn/include/nmeaParser.h
[10.406s] -- Up-to-date: /home/praktikum4/praktikum_ws/install/vrpn/include/utmCoord.h
[10.406s] -- Up-to-date: /home/praktikum4/praktikum_ws/install/vrpn/include/latLonCoord.h
[10.406s] -- Installing: /home/praktikum4/praktikum_ws/install/vrpn/bin/c_interface_example
[10.406s] -- Installing: /home/praktikum4/praktikum_ws/install/vrpn/bin/vrpn_average_analogs
[10.407s] -- Installing: /home/praktikum4/praktikum_ws/install/vrpn/bin/vrpn_print_devices
[10.408s] -- Installing: /home/praktikum4/praktikum_ws/install/vrpn/bin/vrpn_print_performance
[10.409s] -- Installing: /home/praktikum4/praktikum_ws/install/vrpn/bin/vrpn_print_messages
[10.409s] -- Installing: /home/praktikum4/praktikum_ws/install/vrpn/bin/run_auxiliary_logger
[10.410s] -- Installing: /home/praktikum4/praktikum_ws/install/vrpn/bin/vrpn_server
[10.416s] -- Installing: /home/praktikum4/praktikum_ws/install/vrpn/etc/vrpn.cfg
[10.416s] -- Installing: /home/praktikum4/praktikum_ws/install/vrpn/share/vrpn-07.34/vrpn.cfg.sample
[10.416s] -- Installing: /home/praktikum4/praktikum_ws/install/vrpn/lib/libvrpn_timecode_generator.a
[10.416s] -- Up-to-date: /home/praktikum4/praktikum_ws/install/vrpn/include/vrpn_timecode_generator.h
[10.417s] -- Installing: /home/praktikum4/praktikum_ws/install/vrpn/bin/vrpn_streamPrint
[10.417s] -- Installing: /home/praktikum4/praktikum_ws/install/vrpn/lib/python3.8/dist-packages/vrpn.so
[10.420s] Invoked command in '/home/praktikum4/praktikum_ws/build/vrpn' returned '0': CMAKE_PREFIX_PATH=${CMAKE_PREFIX_PATH}:/home/praktikum4/praktikum_ws/install/robprakt:/home/praktikum4/ws_moveit2/install/moveit_configs_utils:/home/praktikum4/ws_moveit2/install/launch_param_builder:/opt/ros/galactic /usr/bin/cmake --install /home/praktikum4/praktikum_ws/build/vrpn
