[0.026s] Invoking command in '/home/praktikum4/praktikum_ws/build/pymoveit2': CMAKE_PREFIX_PATH=${CMAKE_PREFIX_PATH}:/home/praktikum4/praktikum_ws/install/robprakt:/home/praktikum4/ws_moveit2/install/moveit_configs_utils:/home/praktikum4/ws_moveit2/install/launch_param_builder:/opt/ros/galactic /usr/bin/cmake /home/praktikum4/praktikum_ws/src/pymoveit2 -DAMENT_CMAKE_SYMLINK_INSTALL=1 -DCMAKE_INSTALL_PREFIX=/home/praktikum4/praktikum_ws/install/pymoveit2
[0.084s] -- The C compiler identification is GNU 9.4.0
[0.139s] -- The CXX compiler identification is GNU 9.4.0
[0.146s] -- Check for working C compiler: /usr/bin/cc
[0.193s] -- Check for working C compiler: /usr/bin/cc -- works
[0.194s] -- Detecting C compiler ABI info
[0.248s] -- Detecting C compiler ABI info - done
[0.256s] -- Detecting C compile features
[0.256s] -- Detecting C compile features - done
[0.258s] -- Check for working CXX compiler: /usr/bin/c++
[0.313s] -- Check for working CXX compiler: /usr/bin/c++ -- works
[0.314s] -- Detecting CXX compiler ABI info
[0.374s] -- Detecting CXX compiler ABI info - done
[0.385s] -- Detecting CXX compile features
[0.386s] -- Detecting CXX compile features - done
[0.391s] -- Found ament_cmake: 1.1.5 (/opt/ros/galactic/share/ament_cmake/cmake)
[0.412s] -- Found PythonInterp: /usr/bin/python3 (found suitable version "3.8.10", minimum required is "3") 
[0.412s] -- Using PYTHON_EXECUTABLE: /usr/bin/python3
[0.452s] -- Override CMake install command with custom implementation using symlinks instead of copying resources
[0.602s] -- Configuring done
[0.604s] -- Generating done
[0.604s] -- Build files have been written to: /home/praktikum4/praktikum_ws/build/pymoveit2
[0.609s] Invoked command in '/home/praktikum4/praktikum_ws/build/pymoveit2' returned '0': CMAKE_PREFIX_PATH=${CMAKE_PREFIX_PATH}:/home/praktikum4/praktikum_ws/install/robprakt:/home/praktikum4/ws_moveit2/install/moveit_configs_utils:/home/praktikum4/ws_moveit2/install/launch_param_builder:/opt/ros/galactic /usr/bin/cmake /home/praktikum4/praktikum_ws/src/pymoveit2 -DAMENT_CMAKE_SYMLINK_INSTALL=1 -DCMAKE_INSTALL_PREFIX=/home/praktikum4/praktikum_ws/install/pymoveit2
[0.611s] Invoking command in '/home/praktikum4/praktikum_ws/build/pymoveit2': CMAKE_PREFIX_PATH=${CMAKE_PREFIX_PATH}:/home/praktikum4/praktikum_ws/install/robprakt:/home/praktikum4/ws_moveit2/install/moveit_configs_utils:/home/praktikum4/ws_moveit2/install/launch_param_builder:/opt/ros/galactic /usr/bin/cmake --build /home/praktikum4/praktikum_ws/build/pymoveit2 -- -j12 -l12
[0.641s] [35m[1mScanning dependencies of target ament_cmake_python_symlink_pymoveit2[0m
[0.655s] Built target ament_cmake_python_symlink_pymoveit2
[0.663s] [35m[1mScanning dependencies of target ament_cmake_python_build_pymoveit2_egg[0m
[0.802s] running egg_info
[0.802s] creating pymoveit2.egg-info
[0.802s] writing pymoveit2.egg-info/PKG-INFO
[0.802s] writing dependency_links to pymoveit2.egg-info/dependency_links.txt
[0.802s] writing top-level names to pymoveit2.egg-info/top_level.txt
[0.804s] writing manifest file 'pymoveit2.egg-info/SOURCES.txt'
[0.829s] reading manifest file 'pymoveit2.egg-info/SOURCES.txt'
[0.829s] writing manifest file 'pymoveit2.egg-info/SOURCES.txt'
[0.846s] Built target ament_cmake_python_build_pymoveit2_egg
[0.854s] Invoked command in '/home/praktikum4/praktikum_ws/build/pymoveit2' returned '0': CMAKE_PREFIX_PATH=${CMAKE_PREFIX_PATH}:/home/praktikum4/praktikum_ws/install/robprakt:/home/praktikum4/ws_moveit2/install/moveit_configs_utils:/home/praktikum4/ws_moveit2/install/launch_param_builder:/opt/ros/galactic /usr/bin/cmake --build /home/praktikum4/praktikum_ws/build/pymoveit2 -- -j12 -l12
[0.872s] Invoking command in '/home/praktikum4/praktikum_ws/build/pymoveit2': CMAKE_PREFIX_PATH=${CMAKE_PREFIX_PATH}:/home/praktikum4/praktikum_ws/install/robprakt:/home/praktikum4/ws_moveit2/install/moveit_configs_utils:/home/praktikum4/ws_moveit2/install/launch_param_builder:/opt/ros/galactic /usr/bin/cmake --install /home/praktikum4/praktikum_ws/build/pymoveit2
[0.878s] -- Install configuration: ""
[0.878s] -- Execute custom install script
[0.878s] -- Symlinking: /home/praktikum4/praktikum_ws/install/pymoveit2/share/pymoveit2/environment/pythonpath.sh
[0.885s] -- Symlinking: /home/praktikum4/praktikum_ws/install/pymoveit2/share/pymoveit2/environment/pythonpath.dsv
[0.891s] -- Symlinking: /home/praktikum4/praktikum_ws/install/pymoveit2/lib/python3.8/site-packages//pymoveit2.egg-info/PKG-INFO
[0.897s] -- Symlinking: /home/praktikum4/praktikum_ws/install/pymoveit2/lib/python3.8/site-packages//pymoveit2.egg-info/SOURCES.txt
[0.903s] -- Symlinking: /home/praktikum4/praktikum_ws/install/pymoveit2/lib/python3.8/site-packages//pymoveit2.egg-info/dependency_links.txt
[0.909s] -- Symlinking: /home/praktikum4/praktikum_ws/install/pymoveit2/lib/python3.8/site-packages//pymoveit2.egg-info/top_level.txt
[0.915s] -- Symlinking: /home/praktikum4/praktikum_ws/install/pymoveit2/lib/python3.8/site-packages/pymoveit2/__init__.py
[0.921s] -- Symlinking: /home/praktikum4/praktikum_ws/install/pymoveit2/lib/python3.8/site-packages/pymoveit2/gripper_command.py
[0.928s] -- Symlinking: /home/praktikum4/praktikum_ws/install/pymoveit2/lib/python3.8/site-packages/pymoveit2/moveit2.py
[0.933s] -- Symlinking: /home/praktikum4/praktikum_ws/install/pymoveit2/lib/python3.8/site-packages/pymoveit2/moveit2_gripper.py
[0.939s] -- Symlinking: /home/praktikum4/praktikum_ws/install/pymoveit2/lib/python3.8/site-packages/pymoveit2/moveit2_servo.py
[0.945s] -- Symlinking: /home/praktikum4/praktikum_ws/install/pymoveit2/lib/python3.8/site-packages/pymoveit2/robots/__init__.py
[0.951s] -- Symlinking: /home/praktikum4/praktikum_ws/install/pymoveit2/lib/python3.8/site-packages/pymoveit2/robots/panda.py
[0.957s] -- Symlinking: /home/praktikum4/praktikum_ws/install/pymoveit2/lib/python3.8/site-packages/pymoveit2/robots/ur5e.py
[0.963s] -- Symlinking: /home/praktikum4/praktikum_ws/install/pymoveit2/lib/pymoveit2/ex_collision_object_ur.py
[0.969s] -- Symlinking: /home/praktikum4/praktikum_ws/install/pymoveit2/lib/pymoveit2/ex_joint_goal_ur.py
[0.976s] -- Symlinking: /home/praktikum4/praktikum_ws/install/pymoveit2/lib/pymoveit2/ex_pose_goal_ur.py
[0.982s] -- Symlinking: /home/praktikum4/praktikum_ws/install/pymoveit2/lib/pymoveit2/ex_servo_ur.py
[0.988s] -- Symlinking: /home/praktikum4/praktikum_ws/install/pymoveit2/lib/pymoveit2/spiral.py
[0.994s] -- Symlinking: /home/praktikum4/praktikum_ws/install/pymoveit2/share/ament_index/resource_index/package_run_dependencies/pymoveit2
[1.000s] -- Symlinking: /home/praktikum4/praktikum_ws/install/pymoveit2/share/ament_index/resource_index/parent_prefix_path/pymoveit2
[1.007s] -- Symlinking: /home/praktikum4/praktikum_ws/install/pymoveit2/share/pymoveit2/environment/ament_prefix_path.sh
[1.013s] -- Symlinking: /home/praktikum4/praktikum_ws/install/pymoveit2/share/pymoveit2/environment/ament_prefix_path.dsv
[1.020s] -- Symlinking: /home/praktikum4/praktikum_ws/install/pymoveit2/share/pymoveit2/environment/path.sh
[1.026s] -- Symlinking: /home/praktikum4/praktikum_ws/install/pymoveit2/share/pymoveit2/environment/path.dsv
[1.033s] -- Symlinking: /home/praktikum4/praktikum_ws/install/pymoveit2/share/pymoveit2/local_setup.bash
[1.039s] -- Symlinking: /home/praktikum4/praktikum_ws/install/pymoveit2/share/pymoveit2/local_setup.sh
[1.046s] -- Symlinking: /home/praktikum4/praktikum_ws/install/pymoveit2/share/pymoveit2/local_setup.zsh
[1.053s] -- Symlinking: /home/praktikum4/praktikum_ws/install/pymoveit2/share/pymoveit2/local_setup.dsv
[1.059s] -- Symlinking: /home/praktikum4/praktikum_ws/install/pymoveit2/share/pymoveit2/package.dsv
[1.066s] -- Symlinking: /home/praktikum4/praktikum_ws/install/pymoveit2/share/ament_index/resource_index/packages/pymoveit2
[1.072s] -- Symlinking: /home/praktikum4/praktikum_ws/install/pymoveit2/share/pymoveit2/cmake/pymoveit2Config.cmake
[1.079s] -- Symlinking: /home/praktikum4/praktikum_ws/install/pymoveit2/share/pymoveit2/cmake/pymoveit2Config-version.cmake
[1.085s] -- Symlinking: /home/praktikum4/praktikum_ws/install/pymoveit2/share/pymoveit2/package.xml
[1.112s] Listing '/home/praktikum4/praktikum_ws/install/pymoveit2/lib/python3.8/site-packages/pymoveit2'...
[1.112s] Listing '/home/praktikum4/praktikum_ws/install/pymoveit2/lib/python3.8/site-packages/pymoveit2/robots'...
[1.117s] Invoked command in '/home/praktikum4/praktikum_ws/build/pymoveit2' returned '0': CMAKE_PREFIX_PATH=${CMAKE_PREFIX_PATH}:/home/praktikum4/praktikum_ws/install/robprakt:/home/praktikum4/ws_moveit2/install/moveit_configs_utils:/home/praktikum4/ws_moveit2/install/launch_param_builder:/opt/ros/galactic /usr/bin/cmake --install /home/praktikum4/praktikum_ws/build/pymoveit2
