[0.985s] Invoking command in '/home/rob/praktikum_ws/src/robprakt': PYTHONPATH=/home/rob/praktikum_ws/install/robprakt/lib/python3.8/site-packages:${PYTHONPATH} /usr/bin/python3 setup.py egg_info --egg-base ../../build/robprakt build --build-base /home/rob/praktikum_ws/build/robprakt/build install --prefix /home/rob/praktikum_ws/install/robprakt --record /home/rob/praktikum_ws/build/robprakt/install.log --single-version-externally-managed
[1.318s] running egg_info
[1.319s] writing ../../build/robprakt/robprakt.egg-info/PKG-INFO
[1.320s] writing dependency_links to ../../build/robprakt/robprakt.egg-info/dependency_links.txt
[1.320s] writing entry points to ../../build/robprakt/robprakt.egg-info/entry_points.txt
[1.320s] writing requirements to ../../build/robprakt/robprakt.egg-info/requires.txt
[1.321s] writing top-level names to ../../build/robprakt/robprakt.egg-info/top_level.txt
[1.383s] reading manifest file '../../build/robprakt/robprakt.egg-info/SOURCES.txt'
[1.385s] writing manifest file '../../build/robprakt/robprakt.egg-info/SOURCES.txt'
[1.386s] running build
[1.386s] running build_py
[1.386s] copying robprakt/vacuum_control.py -> /home/rob/praktikum_ws/build/robprakt/build/lib/robprakt
[1.387s] running install
[1.388s] running install_lib
[1.389s] copying /home/rob/praktikum_ws/build/robprakt/build/lib/robprakt/vacuum_control.py -> /home/rob/praktikum_ws/install/robprakt/lib/python3.8/site-packages/robprakt
[1.390s] byte-compiling /home/rob/praktikum_ws/install/robprakt/lib/python3.8/site-packages/robprakt/vacuum_control.py to vacuum_control.cpython-38.pyc
[1.392s]   File "/home/rob/praktikum_ws/install/robprakt/lib/python3.8/site-packages/robprakt/vacuum_control.py", line 25
[1.392s]     self.get_logger().info('Incoming request\na: %d ip: %s' % (request.set) robot_ip)
[1.392s]                                                                             ^
[1.392s] SyntaxError: invalid syntax
[1.392s] 
[1.393s] running install_data
[1.394s] running install_egg_info
[1.396s] removing '/home/rob/praktikum_ws/install/robprakt/lib/python3.8/site-packages/robprakt-0.0.0-py3.8.egg-info' (and everything under it)
[1.396s] Copying ../../build/robprakt/robprakt.egg-info to /home/rob/praktikum_ws/install/robprakt/lib/python3.8/site-packages/robprakt-0.0.0-py3.8.egg-info
[1.397s] running install_scripts
[1.421s] Installing service script to /home/rob/praktikum_ws/install/robprakt/lib/robprakt
[1.422s] writing list of installed files to '/home/rob/praktikum_ws/build/robprakt/install.log'
[1.454s] Invoked command in '/home/rob/praktikum_ws/src/robprakt' returned '0': PYTHONPATH=/home/rob/praktikum_ws/install/robprakt/lib/python3.8/site-packages:${PYTHONPATH} /usr/bin/python3 setup.py egg_info --egg-base ../../build/robprakt build --build-base /home/rob/praktikum_ws/build/robprakt/build install --prefix /home/rob/praktikum_ws/install/robprakt --record /home/rob/praktikum_ws/build/robprakt/install.log --single-version-externally-managed
