[0.859s] Invoking command in '/home/rob/praktikum_ws/src/robprakt': PYTHONPATH=/home/rob/praktikum_ws/install/robprakt/lib/python3.8/site-packages:${PYTHONPATH} /usr/bin/python3 setup.py egg_info --egg-base ../../build/robprakt build --build-base /home/rob/praktikum_ws/build/robprakt/build install --prefix /home/rob/praktikum_ws/install/robprakt --record /home/rob/praktikum_ws/build/robprakt/install.log --single-version-externally-managed
[1.168s] running egg_info
[1.169s] writing ../../build/robprakt/robprakt.egg-info/PKG-INFO
[1.170s] writing dependency_links to ../../build/robprakt/robprakt.egg-info/dependency_links.txt
[1.170s] writing entry points to ../../build/robprakt/robprakt.egg-info/entry_points.txt
[1.171s] writing requirements to ../../build/robprakt/robprakt.egg-info/requires.txt
[1.171s] writing top-level names to ../../build/robprakt/robprakt.egg-info/top_level.txt
[1.230s] reading manifest file '../../build/robprakt/robprakt.egg-info/SOURCES.txt'
[1.232s] writing manifest file '../../build/robprakt/robprakt.egg-info/SOURCES.txt'
[1.232s] running build
[1.232s] running build_py
[1.233s] running install
[1.234s] running install_lib
[1.235s] running install_data
[1.236s] running install_egg_info
[1.238s] removing '/home/rob/praktikum_ws/install/robprakt/lib/python3.8/site-packages/robprakt-0.0.0-py3.8.egg-info' (and everything under it)
[1.238s] Copying ../../build/robprakt/robprakt.egg-info to /home/rob/praktikum_ws/install/robprakt/lib/python3.8/site-packages/robprakt-0.0.0-py3.8.egg-info
[1.239s] running install_scripts
[1.262s] Installing service script to /home/rob/praktikum_ws/install/robprakt/lib/robprakt
[1.264s] writing list of installed files to '/home/rob/praktikum_ws/build/robprakt/install.log'
[1.291s] Invoked command in '/home/rob/praktikum_ws/src/robprakt' returned '0': PYTHONPATH=/home/rob/praktikum_ws/install/robprakt/lib/python3.8/site-packages:${PYTHONPATH} /usr/bin/python3 setup.py egg_info --egg-base ../../build/robprakt build --build-base /home/rob/praktikum_ws/build/robprakt/build install --prefix /home/rob/praktikum_ws/install/robprakt --record /home/rob/praktikum_ws/build/robprakt/install.log --single-version-externally-managed
