[0.021s] Invoking command in '/home/praktikum4/praktikum_ws/build/vrpn_client_ros': CMAKE_PREFIX_PATH=${CMAKE_PREFIX_PATH}:/home/praktikum4/praktikum_ws/install/robprakt:/home/praktikum4/ws_moveit2/install/moveit_configs_utils:/home/praktikum4/ws_moveit2/install/launch_param_builder:/opt/ros/galactic /usr/bin/cmake /home/praktikum4/praktikum_ws/src/vrpn_client_ros2 -DCMAKE_INSTALL_PREFIX=/home/praktikum4/praktikum_ws/install/vrpn_client_ros
[0.031s] -- Found ament_cmake: 1.1.5 (/opt/ros/galactic/share/ament_cmake/cmake)
[0.049s] -- Using PYTHON_EXECUTABLE: /usr/bin/python3
[0.098s] -- Override CMake install command with custom implementation using symlinks instead of copying resources
[0.107s] -- Found rclcpp: 9.2.1 (/opt/ros/galactic/share/rclcpp/cmake)
[0.135s] -- Using all available rosidl_typesupport_c: rosidl_typesupport_fastrtps_c;rosidl_typesupport_introspection_c
[0.136s] -- Found rosidl_adapter: 2.2.2 (/opt/ros/galactic/share/rosidl_adapter/cmake)
[0.246s] -- Using all available rosidl_typesupport_cpp: rosidl_typesupport_fastrtps_cpp;rosidl_typesupport_introspection_cpp
[0.288s] -- Found rmw_implementation_cmake: 3.3.1 (/opt/ros/galactic/share/rmw_implementation_cmake/cmake)
[0.291s] -- Found rmw_cyclonedds_cpp: 0.22.5 (/opt/ros/galactic/share/rmw_cyclonedds_cpp/cmake)
[0.305s] -- Using RMW implementation 'rmw_cyclonedds_cpp' as default
[0.415s] -- Found geometry_msgs: 2.2.4 (/opt/ros/galactic/share/geometry_msgs/cmake)
[0.436s] -- Found ament_lint_auto: 0.10.7 (/opt/ros/galactic/share/ament_lint_auto/cmake)
[0.486s] -- Added test 'copyright' to check source files copyright and LICENSE
[0.487s] -- Added test 'cppcheck' to perform static code analysis on C / C++ code
[0.487s] -- Configured cppcheck include dirs: /home/praktikum4/praktikum_ws/src/vrpn_client_ros2/include
[0.487s] -- Configured cppcheck exclude dirs and/or files: 
[0.488s] -- Added test 'cpplint' to check C / C++ code against the Google style
[0.488s] -- Configured cpplint exclude dirs and/or files: 
[0.489s] -- Added test 'flake8' to check Python code syntax and style conventions
[0.489s] -- Added test 'lint_cmake' to check CMake code style
[0.490s] -- Added test 'pep257' to check Python code against some of the style conventions in PEP 257
[0.491s] -- Added test 'uncrustify' to check C / C++ code style
[0.491s] -- Configured uncrustify additional arguments: 
[0.491s] -- Added test 'xmllint' to check XML markup files
[0.493s] -- Configuring done
[0.501s] -- Generating done
[0.502s] -- Build files have been written to: /home/praktikum4/praktikum_ws/build/vrpn_client_ros
