-- Found ament_cmake: 1.1.5 (/opt/ros/galactic/share/ament_cmake/cmake)
-- Found PythonInterp: /usr/bin/python3 (found suitable version "3.8.10", minimum required is "3") 
-- Using PYTHON_EXECUTABLE: /usr/bin/python3
-- Found rosidl_default_generators: 1.1.1 (/opt/ros/galactic/share/rosidl_default_generators/cmake)
-- Using all available rosidl_typesupport_c: rosidl_typesupport_fastrtps_c;rosidl_typesupport_introspection_c
-- Found rosidl_adapter: 2.2.2 (/opt/ros/galactic/share/rosidl_adapter/cmake)
-- Using all available rosidl_typesupport_cpp: rosidl_typesupport_fastrtps_cpp;rosidl_typesupport_introspection_cpp
-- Found PythonInterp: /usr/bin/python3 (found version "3.8.10") 
-- Found ament_cmake_ros: 0.9.2 (/opt/ros/galactic/share/ament_cmake_ros/cmake)
-- Using all available rosidl_typesupport_c: rosidl_typesupport_fastrtps_c;rosidl_typesupport_introspection_c
-- Using all available rosidl_typesupport_cpp: rosidl_typesupport_fastrtps_cpp;rosidl_typesupport_introspection_cpp
-- Found PythonInterp: /usr/bin/python3 (found suitable version "3.8.10", minimum required is "3.5") 
-- Found python_cmake_module: 0.8.1 (/opt/ros/galactic/share/python_cmake_module/cmake)
-- Found PythonLibs: /usr/lib/x86_64-linux-gnu/libpython3.8.so (found suitable version "3.8.10", minimum required is "3.5") 
-- Using PYTHON_EXECUTABLE: /usr/bin/python3
-- Using PYTHON_INCLUDE_DIRS: /usr/include/python3.8
-- Using PYTHON_LIBRARIES: /usr/lib/x86_64-linux-gnu/libpython3.8.so
-- Found PythonExtra: .so  
-- Found ament_lint_auto: 0.10.7 (/opt/ros/galactic/share/ament_lint_auto/cmake)
-- Added test 'copyright' to check source files copyright and LICENSE
-- Added test 'lint_cmake' to check CMake code style
-- Added test 'xmllint' to check XML markup files
-- Configuring done
-- Generating done
-- Build files have been written to: /home/rob/praktikum_ws/build/robprakt_interfaces
[35m[1mScanning dependencies of target robprakt_interfaces__cpp[0m
[  3%] [34m[1mGenerating C++ code for ROS interfaces[0m
[  3%] Built target robprakt_interfaces__cpp
[  6%] [34m[1mGenerating C code for ROS interfaces[0m
[35m[1mScanning dependencies of target robprakt_interfaces__rosidl_generator_c[0m
[  9%] [32mBuilding C object CMakeFiles/robprakt_interfaces__rosidl_generator_c.dir/rosidl_generator_c/robprakt_interfaces/srv/detail/set_ur_io__functions.c.o[0m
[ 12%] [32m[1mLinking C shared library librobprakt_interfaces__rosidl_generator_c.so[0m
[ 12%] Built target robprakt_interfaces__rosidl_generator_c
[ 16%] [34m[1mGenerating C type support dispatch for ROS interfaces[0m
[35m[1mScanning dependencies of target robprakt_interfaces__rosidl_typesupport_c[0m
[ 19%] [32mBuilding CXX object CMakeFiles/robprakt_interfaces__rosidl_typesupport_c.dir/rosidl_typesupport_c/robprakt_interfaces/srv/set_ur_io__type_support.cpp.o[0m
[ 22%] [32m[1mLinking CXX shared library librobprakt_interfaces__rosidl_typesupport_c.so[0m
[ 22%] Built target robprakt_interfaces__rosidl_typesupport_c
[ 25%] [34m[1mGenerating C++ type support for eProsima Fast-RTPS[0m
[35m[1mScanning dependencies of target robprakt_interfaces__rosidl_typesupport_fastrtps_cpp[0m
[ 29%] [32mBuilding CXX object CMakeFiles/robprakt_interfaces__rosidl_typesupport_fastrtps_cpp.dir/rosidl_typesupport_fastrtps_cpp/robprakt_interfaces/srv/detail/dds_fastrtps/set_ur_io__type_support.cpp.o[0m
[ 32%] [32m[1mLinking CXX shared library librobprakt_interfaces__rosidl_typesupport_fastrtps_cpp.so[0m
[ 32%] Built target robprakt_interfaces__rosidl_typesupport_fastrtps_cpp
[ 35%] [34m[1mGenerating C type support for eProsima Fast-RTPS[0m
[35m[1mScanning dependencies of target robprakt_interfaces__rosidl_typesupport_fastrtps_c[0m
[ 38%] [32mBuilding CXX object CMakeFiles/robprakt_interfaces__rosidl_typesupport_fastrtps_c.dir/rosidl_typesupport_fastrtps_c/robprakt_interfaces/srv/detail/set_ur_io__type_support_c.cpp.o[0m
[ 41%] [32m[1mLinking CXX shared library librobprakt_interfaces__rosidl_typesupport_fastrtps_c.so[0m
[ 41%] Built target robprakt_interfaces__rosidl_typesupport_fastrtps_c
[ 45%] [34m[1mGenerating C++ introspection for ROS interfaces[0m
[35m[1mScanning dependencies of target robprakt_interfaces__rosidl_typesupport_introspection_cpp[0m
[ 48%] [32mBuilding CXX object CMakeFiles/robprakt_interfaces__rosidl_typesupport_introspection_cpp.dir/rosidl_typesupport_introspection_cpp/robprakt_interfaces/srv/detail/set_ur_io__type_support.cpp.o[0m
[ 51%] [32m[1mLinking CXX shared library librobprakt_interfaces__rosidl_typesupport_introspection_cpp.so[0m
[ 51%] Built target robprakt_interfaces__rosidl_typesupport_introspection_cpp
[ 54%] [34m[1mGenerating C introspection for ROS interfaces[0m
[35m[1mScanning dependencies of target robprakt_interfaces__rosidl_typesupport_introspection_c[0m
[ 58%] [32mBuilding C object CMakeFiles/robprakt_interfaces__rosidl_typesupport_introspection_c.dir/rosidl_typesupport_introspection_c/robprakt_interfaces/srv/detail/set_ur_io__type_support.c.o[0m
[ 61%] [32m[1mLinking C shared library librobprakt_interfaces__rosidl_typesupport_introspection_c.so[0m
[ 61%] Built target robprakt_interfaces__rosidl_typesupport_introspection_c
[ 64%] [34m[1mGenerating C++ type support dispatch for ROS interfaces[0m
[35m[1mScanning dependencies of target robprakt_interfaces__rosidl_typesupport_cpp[0m
[ 67%] [32mBuilding CXX object CMakeFiles/robprakt_interfaces__rosidl_typesupport_cpp.dir/rosidl_typesupport_cpp/robprakt_interfaces/srv/set_ur_io__type_support.cpp.o[0m
[ 70%] [32m[1mLinking CXX shared library librobprakt_interfaces__rosidl_typesupport_cpp.so[0m
[ 70%] Built target robprakt_interfaces__rosidl_typesupport_cpp
[35m[1mScanning dependencies of target robprakt_interfaces[0m
[ 70%] Built target robprakt_interfaces
[35m[1mScanning dependencies of target robprakt_interfaces__py[0m
[ 74%] [34m[1mGenerating Python code for ROS interfaces[0m
[ 74%] Built target robprakt_interfaces__py
[35m[1mScanning dependencies of target robprakt_interfaces__python[0m
[ 77%] [32mBuilding C object CMakeFiles/robprakt_interfaces__python.dir/rosidl_generator_py/robprakt_interfaces/srv/_set_ur_io_s.c.o[0m
[ 80%] [32m[1mLinking C shared library rosidl_generator_py/robprakt_interfaces/librobprakt_interfaces__python.so[0m
[ 80%] Built target robprakt_interfaces__python
[35m[1mScanning dependencies of target robprakt_interfaces__rosidl_typesupport_fastrtps_c__pyext[0m
[ 83%] [32mBuilding C object CMakeFiles/robprakt_interfaces__rosidl_typesupport_fastrtps_c__pyext.dir/rosidl_generator_py/robprakt_interfaces/_robprakt_interfaces_s.ep.rosidl_typesupport_fastrtps_c.c.o[0m
[ 87%] [32m[1mLinking CXX shared library rosidl_generator_py/robprakt_interfaces/robprakt_interfaces_s__rosidl_typesupport_fastrtps_c.cpython-38-x86_64-linux-gnu.so[0m
[ 87%] Built target robprakt_interfaces__rosidl_typesupport_fastrtps_c__pyext
[35m[1mScanning dependencies of target robprakt_interfaces__rosidl_typesupport_introspection_c__pyext[0m
[ 90%] [32mBuilding C object CMakeFiles/robprakt_interfaces__rosidl_typesupport_introspection_c__pyext.dir/rosidl_generator_py/robprakt_interfaces/_robprakt_interfaces_s.ep.rosidl_typesupport_introspection_c.c.o[0m
[ 93%] [32m[1mLinking C shared library rosidl_generator_py/robprakt_interfaces/robprakt_interfaces_s__rosidl_typesupport_introspection_c.cpython-38-x86_64-linux-gnu.so[0m
[ 93%] Built target robprakt_interfaces__rosidl_typesupport_introspection_c__pyext
[35m[1mScanning dependencies of target robprakt_interfaces__rosidl_typesupport_c__pyext[0m
[ 96%] [32mBuilding C object CMakeFiles/robprakt_interfaces__rosidl_typesupport_c__pyext.dir/rosidl_generator_py/robprakt_interfaces/_robprakt_interfaces_s.ep.rosidl_typesupport_c.c.o[0m
[100%] [32m[1mLinking C shared library rosidl_generator_py/robprakt_interfaces/robprakt_interfaces_s__rosidl_typesupport_c.cpython-38-x86_64-linux-gnu.so[0m
[100%] Built target robprakt_interfaces__rosidl_typesupport_c__pyext
-- Install configuration: ""
-- Installing: /home/rob/praktikum_ws/install/robprakt_interfaces/share/ament_index/resource_index/rosidl_interfaces/robprakt_interfaces
-- Installing: /home/rob/praktikum_ws/install/robprakt_interfaces/include/robprakt_interfaces
-- Installing: /home/rob/praktikum_ws/install/robprakt_interfaces/include/robprakt_interfaces/msg
-- Installing: /home/rob/praktikum_ws/install/robprakt_interfaces/include/robprakt_interfaces/msg/rosidl_generator_c__visibility_control.h
-- Installing: /home/rob/praktikum_ws/install/robprakt_interfaces/include/robprakt_interfaces/srv
-- Installing: /home/rob/praktikum_ws/install/robprakt_interfaces/include/robprakt_interfaces/srv/detail
-- Installing: /home/rob/praktikum_ws/install/robprakt_interfaces/include/robprakt_interfaces/srv/detail/set_ur_io__functions.c
-- Installing: /home/rob/praktikum_ws/install/robprakt_interfaces/include/robprakt_interfaces/srv/detail/set_ur_io__struct.h
-- Installing: /home/rob/praktikum_ws/install/robprakt_interfaces/include/robprakt_interfaces/srv/detail/set_ur_io__functions.h
-- Installing: /home/rob/praktikum_ws/install/robprakt_interfaces/include/robprakt_interfaces/srv/detail/set_ur_io__type_support.h
-- Installing: /home/rob/praktikum_ws/install/robprakt_interfaces/include/robprakt_interfaces/srv/set_ur_io.h
-- Installing: /home/rob/praktikum_ws/install/robprakt_interfaces/share/robprakt_interfaces/environment/library_path.sh
-- Installing: /home/rob/praktikum_ws/install/robprakt_interfaces/share/robprakt_interfaces/environment/library_path.dsv
-- Installing: /home/rob/praktikum_ws/install/robprakt_interfaces/lib/librobprakt_interfaces__rosidl_generator_c.so
-- Set runtime path of "/home/rob/praktikum_ws/install/robprakt_interfaces/lib/librobprakt_interfaces__rosidl_generator_c.so" to ""
-- Up-to-date: /home/rob/praktikum_ws/install/robprakt_interfaces/include/robprakt_interfaces
-- Up-to-date: /home/rob/praktikum_ws/install/robprakt_interfaces/include/robprakt_interfaces/msg
-- Installing: /home/rob/praktikum_ws/install/robprakt_interfaces/include/robprakt_interfaces/msg/rosidl_typesupport_fastrtps_c__visibility_control.h
-- Up-to-date: /home/rob/praktikum_ws/install/robprakt_interfaces/include/robprakt_interfaces/srv
-- Up-to-date: /home/rob/praktikum_ws/install/robprakt_interfaces/include/robprakt_interfaces/srv/detail
-- Installing: /home/rob/praktikum_ws/install/robprakt_interfaces/include/robprakt_interfaces/srv/detail/set_ur_io__rosidl_typesupport_fastrtps_c.h
-- Installing: /home/rob/praktikum_ws/install/robprakt_interfaces/lib/librobprakt_interfaces__rosidl_typesupport_fastrtps_c.so
-- Set runtime path of "/home/rob/praktikum_ws/install/robprakt_interfaces/lib/librobprakt_interfaces__rosidl_typesupport_fastrtps_c.so" to ""
-- Up-to-date: /home/rob/praktikum_ws/install/robprakt_interfaces/include/robprakt_interfaces
-- Up-to-date: /home/rob/praktikum_ws/install/robprakt_interfaces/include/robprakt_interfaces/msg
-- Installing: /home/rob/praktikum_ws/install/robprakt_interfaces/include/robprakt_interfaces/msg/rosidl_typesupport_fastrtps_cpp__visibility_control.h
-- Up-to-date: /home/rob/praktikum_ws/install/robprakt_interfaces/include/robprakt_interfaces/srv
-- Up-to-date: /home/rob/praktikum_ws/install/robprakt_interfaces/include/robprakt_interfaces/srv/detail
-- Installing: /home/rob/praktikum_ws/install/robprakt_interfaces/include/robprakt_interfaces/srv/detail/set_ur_io__rosidl_typesupport_fastrtps_cpp.hpp
-- Installing: /home/rob/praktikum_ws/install/robprakt_interfaces/include/robprakt_interfaces/srv/detail/dds_fastrtps
-- Installing: /home/rob/praktikum_ws/install/robprakt_interfaces/lib/librobprakt_interfaces__rosidl_typesupport_fastrtps_cpp.so
-- Set runtime path of "/home/rob/praktikum_ws/install/robprakt_interfaces/lib/librobprakt_interfaces__rosidl_typesupport_fastrtps_cpp.so" to ""
-- Up-to-date: /home/rob/praktikum_ws/install/robprakt_interfaces/include/robprakt_interfaces
-- Up-to-date: /home/rob/praktikum_ws/install/robprakt_interfaces/include/robprakt_interfaces/msg
-- Installing: /home/rob/praktikum_ws/install/robprakt_interfaces/include/robprakt_interfaces/msg/rosidl_typesupport_introspection_c__visibility_control.h
-- Up-to-date: /home/rob/praktikum_ws/install/robprakt_interfaces/include/robprakt_interfaces/srv
-- Up-to-date: /home/rob/praktikum_ws/install/robprakt_interfaces/include/robprakt_interfaces/srv/detail
-- Installing: /home/rob/praktikum_ws/install/robprakt_interfaces/include/robprakt_interfaces/srv/detail/set_ur_io__rosidl_typesupport_introspection_c.h
-- Installing: /home/rob/praktikum_ws/install/robprakt_interfaces/include/robprakt_interfaces/srv/detail/set_ur_io__type_support.c
-- Installing: /home/rob/praktikum_ws/install/robprakt_interfaces/lib/librobprakt_interfaces__rosidl_typesupport_introspection_c.so
-- Set runtime path of "/home/rob/praktikum_ws/install/robprakt_interfaces/lib/librobprakt_interfaces__rosidl_typesupport_introspection_c.so" to ""
-- Installing: /home/rob/praktikum_ws/install/robprakt_interfaces/lib/librobprakt_interfaces__rosidl_typesupport_c.so
-- Set runtime path of "/home/rob/praktikum_ws/install/robprakt_interfaces/lib/librobprakt_interfaces__rosidl_typesupport_c.so" to ""
-- Up-to-date: /home/rob/praktikum_ws/install/robprakt_interfaces/include/robprakt_interfaces
-- Up-to-date: /home/rob/praktikum_ws/install/robprakt_interfaces/include/robprakt_interfaces/srv
-- Installing: /home/rob/praktikum_ws/install/robprakt_interfaces/include/robprakt_interfaces/srv/set_ur_io.hpp
-- Up-to-date: /home/rob/praktikum_ws/install/robprakt_interfaces/include/robprakt_interfaces/srv/detail
-- Installing: /home/rob/praktikum_ws/install/robprakt_interfaces/include/robprakt_interfaces/srv/detail/set_ur_io__traits.hpp
-- Installing: /home/rob/praktikum_ws/install/robprakt_interfaces/include/robprakt_interfaces/srv/detail/set_ur_io__builder.hpp
-- Installing: /home/rob/praktikum_ws/install/robprakt_interfaces/include/robprakt_interfaces/srv/detail/set_ur_io__struct.hpp
-- Up-to-date: /home/rob/praktikum_ws/install/robprakt_interfaces/include/robprakt_interfaces
-- Up-to-date: /home/rob/praktikum_ws/install/robprakt_interfaces/include/robprakt_interfaces/srv
-- Up-to-date: /home/rob/praktikum_ws/install/robprakt_interfaces/include/robprakt_interfaces/srv/detail
-- Installing: /home/rob/praktikum_ws/install/robprakt_interfaces/include/robprakt_interfaces/srv/detail/set_ur_io__rosidl_typesupport_introspection_cpp.hpp
-- Installing: /home/rob/praktikum_ws/install/robprakt_interfaces/include/robprakt_interfaces/srv/detail/set_ur_io__type_support.cpp
-- Installing: /home/rob/praktikum_ws/install/robprakt_interfaces/lib/librobprakt_interfaces__rosidl_typesupport_introspection_cpp.so
-- Set runtime path of "/home/rob/praktikum_ws/install/robprakt_interfaces/lib/librobprakt_interfaces__rosidl_typesupport_introspection_cpp.so" to ""
-- Installing: /home/rob/praktikum_ws/install/robprakt_interfaces/lib/librobprakt_interfaces__rosidl_typesupport_cpp.so
-- Set runtime path of "/home/rob/praktikum_ws/install/robprakt_interfaces/lib/librobprakt_interfaces__rosidl_typesupport_cpp.so" to ""
-- Installing: /home/rob/praktikum_ws/install/robprakt_interfaces/share/robprakt_interfaces/environment/pythonpath.sh
-- Installing: /home/rob/praktikum_ws/install/robprakt_interfaces/share/robprakt_interfaces/environment/pythonpath.dsv
-- Installing: /home/rob/praktikum_ws/install/robprakt_interfaces/lib/python3.8/site-packages/robprakt_interfaces/__init__.py
Compiling '/home/rob/praktikum_ws/install/robprakt_interfaces/lib/python3.8/site-packages/robprakt_interfaces/__init__.py'...
-- Installing: /home/rob/praktikum_ws/install/robprakt_interfaces/lib/python3.8/site-packages/robprakt_interfaces/srv
-- Installing: /home/rob/praktikum_ws/install/robprakt_interfaces/lib/python3.8/site-packages/robprakt_interfaces/srv/_set_ur_io.py
-- Installing: /home/rob/praktikum_ws/install/robprakt_interfaces/lib/python3.8/site-packages/robprakt_interfaces/srv/__init__.py
-- Installing: /home/rob/praktikum_ws/install/robprakt_interfaces/lib/python3.8/site-packages/robprakt_interfaces/srv/_set_ur_io_s.c
-- Installing: /home/rob/praktikum_ws/install/robprakt_interfaces/lib/python3.8/site-packages/robprakt_interfaces/robprakt_interfaces_s__rosidl_typesupport_fastrtps_c.cpython-38-x86_64-linux-gnu.so
-- Set runtime path of "/home/rob/praktikum_ws/install/robprakt_interfaces/lib/python3.8/site-packages/robprakt_interfaces/robprakt_interfaces_s__rosidl_typesupport_fastrtps_c.cpython-38-x86_64-linux-gnu.so" to ""
-- Installing: /home/rob/praktikum_ws/install/robprakt_interfaces/lib/python3.8/site-packages/robprakt_interfaces/robprakt_interfaces_s__rosidl_typesupport_introspection_c.cpython-38-x86_64-linux-gnu.so
-- Set runtime path of "/home/rob/praktikum_ws/install/robprakt_interfaces/lib/python3.8/site-packages/robprakt_interfaces/robprakt_interfaces_s__rosidl_typesupport_introspection_c.cpython-38-x86_64-linux-gnu.so" to ""
-- Installing: /home/rob/praktikum_ws/install/robprakt_interfaces/lib/python3.8/site-packages/robprakt_interfaces/robprakt_interfaces_s__rosidl_typesupport_c.cpython-38-x86_64-linux-gnu.so
-- Set runtime path of "/home/rob/praktikum_ws/install/robprakt_interfaces/lib/python3.8/site-packages/robprakt_interfaces/robprakt_interfaces_s__rosidl_typesupport_c.cpython-38-x86_64-linux-gnu.so" to ""
-- Installing: /home/rob/praktikum_ws/install/robprakt_interfaces/lib/librobprakt_interfaces__python.so
-- Set runtime path of "/home/rob/praktikum_ws/install/robprakt_interfaces/lib/librobprakt_interfaces__python.so" to ""
-- Installing: /home/rob/praktikum_ws/install/robprakt_interfaces/share/robprakt_interfaces/srv/SetUrIo.idl
-- Installing: /home/rob/praktikum_ws/install/robprakt_interfaces/share/robprakt_interfaces/srv/SetUrIo.srv
-- Installing: /home/rob/praktikum_ws/install/robprakt_interfaces/share/robprakt_interfaces/srv/SetUrIo_Request.msg
-- Installing: /home/rob/praktikum_ws/install/robprakt_interfaces/share/robprakt_interfaces/srv/SetUrIo_Response.msg
-- Installing: /home/rob/praktikum_ws/install/robprakt_interfaces/share/ament_index/resource_index/package_run_dependencies/robprakt_interfaces
-- Installing: /home/rob/praktikum_ws/install/robprakt_interfaces/share/ament_index/resource_index/parent_prefix_path/robprakt_interfaces
-- Installing: /home/rob/praktikum_ws/install/robprakt_interfaces/share/robprakt_interfaces/environment/ament_prefix_path.sh
-- Installing: /home/rob/praktikum_ws/install/robprakt_interfaces/share/robprakt_interfaces/environment/ament_prefix_path.dsv
-- Installing: /home/rob/praktikum_ws/install/robprakt_interfaces/share/robprakt_interfaces/environment/path.sh
-- Installing: /home/rob/praktikum_ws/install/robprakt_interfaces/share/robprakt_interfaces/environment/path.dsv
-- Installing: /home/rob/praktikum_ws/install/robprakt_interfaces/share/robprakt_interfaces/local_setup.bash
-- Installing: /home/rob/praktikum_ws/install/robprakt_interfaces/share/robprakt_interfaces/local_setup.sh
-- Installing: /home/rob/praktikum_ws/install/robprakt_interfaces/share/robprakt_interfaces/local_setup.zsh
-- Installing: /home/rob/praktikum_ws/install/robprakt_interfaces/share/robprakt_interfaces/local_setup.dsv
-- Installing: /home/rob/praktikum_ws/install/robprakt_interfaces/share/robprakt_interfaces/package.dsv
-- Installing: /home/rob/praktikum_ws/install/robprakt_interfaces/share/ament_index/resource_index/packages/robprakt_interfaces
-- Installing: /home/rob/praktikum_ws/install/robprakt_interfaces/share/robprakt_interfaces/cmake/robprakt_interfaces__rosidl_generator_cExport.cmake
-- Installing: /home/rob/praktikum_ws/install/robprakt_interfaces/share/robprakt_interfaces/cmake/robprakt_interfaces__rosidl_generator_cExport-noconfig.cmake
-- Installing: /home/rob/praktikum_ws/install/robprakt_interfaces/share/robprakt_interfaces/cmake/robprakt_interfaces__rosidl_typesupport_introspection_cExport.cmake
-- Installing: /home/rob/praktikum_ws/install/robprakt_interfaces/share/robprakt_interfaces/cmake/robprakt_interfaces__rosidl_typesupport_introspection_cExport-noconfig.cmake
-- Installing: /home/rob/praktikum_ws/install/robprakt_interfaces/share/robprakt_interfaces/cmake/robprakt_interfaces__rosidl_typesupport_cExport.cmake
-- Installing: /home/rob/praktikum_ws/install/robprakt_interfaces/share/robprakt_interfaces/cmake/robprakt_interfaces__rosidl_typesupport_cExport-noconfig.cmake
-- Installing: /home/rob/praktikum_ws/install/robprakt_interfaces/share/robprakt_interfaces/cmake/robprakt_interfaces__rosidl_generator_cppExport.cmake
-- Installing: /home/rob/praktikum_ws/install/robprakt_interfaces/share/robprakt_interfaces/cmake/robprakt_interfaces__rosidl_typesupport_introspection_cppExport.cmake
-- Installing: /home/rob/praktikum_ws/install/robprakt_interfaces/share/robprakt_interfaces/cmake/robprakt_interfaces__rosidl_typesupport_introspection_cppExport-noconfig.cmake
-- Installing: /home/rob/praktikum_ws/install/robprakt_interfaces/share/robprakt_interfaces/cmake/robprakt_interfaces__rosidl_typesupport_cppExport.cmake
-- Installing: /home/rob/praktikum_ws/install/robprakt_interfaces/share/robprakt_interfaces/cmake/robprakt_interfaces__rosidl_typesupport_cppExport-noconfig.cmake
-- Installing: /home/rob/praktikum_ws/install/robprakt_interfaces/share/robprakt_interfaces/cmake/rosidl_cmake-extras.cmake
-- Installing: /home/rob/praktikum_ws/install/robprakt_interfaces/share/robprakt_interfaces/cmake/ament_cmake_export_dependencies-extras.cmake
-- Installing: /home/rob/praktikum_ws/install/robprakt_interfaces/share/robprakt_interfaces/cmake/ament_cmake_export_libraries-extras.cmake
-- Installing: /home/rob/praktikum_ws/install/robprakt_interfaces/share/robprakt_interfaces/cmake/ament_cmake_export_targets-extras.cmake
-- Installing: /home/rob/praktikum_ws/install/robprakt_interfaces/share/robprakt_interfaces/cmake/ament_cmake_export_include_directories-extras.cmake
-- Installing: /home/rob/praktikum_ws/install/robprakt_interfaces/share/robprakt_interfaces/cmake/rosidl_cmake_export_typesupport_libraries-extras.cmake
-- Installing: /home/rob/praktikum_ws/install/robprakt_interfaces/share/robprakt_interfaces/cmake/rosidl_cmake_export_typesupport_targets-extras.cmake
-- Installing: /home/rob/praktikum_ws/install/robprakt_interfaces/share/robprakt_interfaces/cmake/robprakt_interfacesConfig.cmake
-- Installing: /home/rob/praktikum_ws/install/robprakt_interfaces/share/robprakt_interfaces/cmake/robprakt_interfacesConfig-version.cmake
-- Installing: /home/rob/praktikum_ws/install/robprakt_interfaces/share/robprakt_interfaces/package.xml
