[0.006s] Invoking command in '/home/rob/praktikum_ws/build/robprakt_interfaces': CMAKE_PREFIX_PATH=${CMAKE_PREFIX_PATH}:/home/rob/praktikum_ws/install/robprakt:/opt/ros/galactic /usr/bin/cmake /home/rob/praktikum_ws/src/robprakt_interfaces -DCMAKE_INSTALL_PREFIX=/home/rob/praktikum_ws/install/robprakt_interfaces
[0.027s] -- Found ament_cmake: 1.1.5 (/opt/ros/galactic/share/ament_cmake/cmake)
[0.065s] -- Found PythonInterp: /usr/bin/python3 (found suitable version "3.8.10", minimum required is "3") 
[0.065s] -- Using PYTHON_EXECUTABLE: /usr/bin/python3
[0.154s] -- Found rosidl_default_generators: 1.1.1 (/opt/ros/galactic/share/rosidl_default_generators/cmake)
[0.158s] -- Using all available rosidl_typesupport_c: rosidl_typesupport_fastrtps_c;rosidl_typesupport_introspection_c
[0.164s] -- Found rosidl_adapter: 2.2.2 (/opt/ros/galactic/share/rosidl_adapter/cmake)
[0.379s] -- Using all available rosidl_typesupport_cpp: rosidl_typesupport_fastrtps_cpp;rosidl_typesupport_introspection_cpp
[0.448s] -- Found PythonInterp: /usr/bin/python3 (found version "3.8.10") 
[0.664s] -- Found ament_cmake_ros: 0.9.2 (/opt/ros/galactic/share/ament_cmake_ros/cmake)
[0.810s] -- Using all available rosidl_typesupport_c: rosidl_typesupport_fastrtps_c;rosidl_typesupport_introspection_c
[0.824s] -- Using all available rosidl_typesupport_cpp: rosidl_typesupport_fastrtps_cpp;rosidl_typesupport_introspection_cpp
[0.852s] -- Found PythonInterp: /usr/bin/python3 (found suitable version "3.8.10", minimum required is "3.5") 
[0.855s] -- Found python_cmake_module: 0.8.1 (/opt/ros/galactic/share/python_cmake_module/cmake)
[0.897s] -- Found PythonLibs: /usr/lib/x86_64-linux-gnu/libpython3.8.so (found suitable version "3.8.10", minimum required is "3.5") 
[0.897s] -- Using PYTHON_EXECUTABLE: /usr/bin/python3
[0.897s] -- Using PYTHON_INCLUDE_DIRS: /usr/include/python3.8
[0.897s] -- Using PYTHON_LIBRARIES: /usr/lib/x86_64-linux-gnu/libpython3.8.so
[0.924s] -- Found PythonExtra: .so  
[0.983s] -- Found ament_lint_auto: 0.10.7 (/opt/ros/galactic/share/ament_lint_auto/cmake)
[1.029s] -- Added test 'copyright' to check source files copyright and LICENSE
[1.032s] -- Added test 'lint_cmake' to check CMake code style
[1.035s] -- Added test 'xmllint' to check XML markup files
[1.042s] -- Configuring done
[1.098s] -- Generating done
[1.104s] -- Build files have been written to: /home/rob/praktikum_ws/build/robprakt_interfaces
[1.112s] Invoked command in '/home/rob/praktikum_ws/build/robprakt_interfaces' returned '0': CMAKE_PREFIX_PATH=${CMAKE_PREFIX_PATH}:/home/rob/praktikum_ws/install/robprakt:/opt/ros/galactic /usr/bin/cmake /home/rob/praktikum_ws/src/robprakt_interfaces -DCMAKE_INSTALL_PREFIX=/home/rob/praktikum_ws/install/robprakt_interfaces
[1.113s] Invoking command in '/home/rob/praktikum_ws/build/robprakt_interfaces': CMAKE_PREFIX_PATH=${CMAKE_PREFIX_PATH}:/home/rob/praktikum_ws/install/robprakt:/opt/ros/galactic /usr/bin/cmake --build /home/rob/praktikum_ws/build/robprakt_interfaces -- -j1 -l1
[1.158s] [35m[1mScanning dependencies of target robprakt_interfaces__cpp[0m
[1.170s] [  3%] [34m[1mGenerating C++ code for ROS interfaces[0m
[1.627s] [  3%] Built target robprakt_interfaces__cpp
[1.637s] [  6%] [34m[1mGenerating C code for ROS interfaces[0m
[2.113s] [35m[1mScanning dependencies of target robprakt_interfaces__rosidl_generator_c[0m
[2.124s] [  9%] [32mBuilding C object CMakeFiles/robprakt_interfaces__rosidl_generator_c.dir/rosidl_generator_c/robprakt_interfaces/srv/detail/set_ur_io__functions.c.o[0m
[2.206s] [ 12%] [32m[1mLinking C shared library librobprakt_interfaces__rosidl_generator_c.so[0m
[2.242s] [ 12%] Built target robprakt_interfaces__rosidl_generator_c
[2.253s] [ 16%] [34m[1mGenerating C type support dispatch for ROS interfaces[0m
[2.640s] [35m[1mScanning dependencies of target robprakt_interfaces__rosidl_typesupport_c[0m
[2.654s] [ 19%] [32mBuilding CXX object CMakeFiles/robprakt_interfaces__rosidl_typesupport_c.dir/rosidl_typesupport_c/robprakt_interfaces/srv/set_ur_io__type_support.cpp.o[0m
[2.702s] [ 22%] [32m[1mLinking CXX shared library librobprakt_interfaces__rosidl_typesupport_c.so[0m
[2.757s] [ 22%] Built target robprakt_interfaces__rosidl_typesupport_c
[2.768s] [ 25%] [34m[1mGenerating C++ type support for eProsima Fast-RTPS[0m
[3.233s] [35m[1mScanning dependencies of target robprakt_interfaces__rosidl_typesupport_fastrtps_cpp[0m
[3.269s] [ 29%] [32mBuilding CXX object CMakeFiles/robprakt_interfaces__rosidl_typesupport_fastrtps_cpp.dir/rosidl_typesupport_fastrtps_cpp/robprakt_interfaces/srv/detail/dds_fastrtps/set_ur_io__type_support.cpp.o[0m
[3.895s] [ 32%] [32m[1mLinking CXX shared library librobprakt_interfaces__rosidl_typesupport_fastrtps_cpp.so[0m
[4.001s] [ 32%] Built target robprakt_interfaces__rosidl_typesupport_fastrtps_cpp
[4.011s] [ 35%] [34m[1mGenerating C type support for eProsima Fast-RTPS[0m
[4.482s] [35m[1mScanning dependencies of target robprakt_interfaces__rosidl_typesupport_fastrtps_c[0m
[4.502s] [ 38%] [32mBuilding CXX object CMakeFiles/robprakt_interfaces__rosidl_typesupport_fastrtps_c.dir/rosidl_typesupport_fastrtps_c/robprakt_interfaces/srv/detail/set_ur_io__type_support_c.cpp.o[0m
[4.952s] [ 41%] [32m[1mLinking CXX shared library librobprakt_interfaces__rosidl_typesupport_fastrtps_c.so[0m
[5.076s] [ 41%] Built target robprakt_interfaces__rosidl_typesupport_fastrtps_c
[5.085s] [ 45%] [34m[1mGenerating C++ introspection for ROS interfaces[0m
[5.506s] [35m[1mScanning dependencies of target robprakt_interfaces__rosidl_typesupport_introspection_cpp[0m
[5.521s] [ 48%] [32mBuilding CXX object CMakeFiles/robprakt_interfaces__rosidl_typesupport_introspection_cpp.dir/rosidl_typesupport_introspection_cpp/robprakt_interfaces/srv/detail/set_ur_io__type_support.cpp.o[0m
[5.887s] [ 51%] [32m[1mLinking CXX shared library librobprakt_interfaces__rosidl_typesupport_introspection_cpp.so[0m
[5.934s] [ 51%] Built target robprakt_interfaces__rosidl_typesupport_introspection_cpp
[5.945s] [ 54%] [34m[1mGenerating C introspection for ROS interfaces[0m
[6.438s] [35m[1mScanning dependencies of target robprakt_interfaces__rosidl_typesupport_introspection_c[0m
[6.452s] [ 58%] [32mBuilding C object CMakeFiles/robprakt_interfaces__rosidl_typesupport_introspection_c.dir/rosidl_typesupport_introspection_c/robprakt_interfaces/srv/detail/set_ur_io__type_support.c.o[0m
[6.497s] [ 61%] [32m[1mLinking C shared library librobprakt_interfaces__rosidl_typesupport_introspection_c.so[0m
[6.531s] [ 61%] Built target robprakt_interfaces__rosidl_typesupport_introspection_c
[6.541s] [ 64%] [34m[1mGenerating C++ type support dispatch for ROS interfaces[0m
[6.936s] [35m[1mScanning dependencies of target robprakt_interfaces__rosidl_typesupport_cpp[0m
[6.950s] [ 67%] [32mBuilding CXX object CMakeFiles/robprakt_interfaces__rosidl_typesupport_cpp.dir/rosidl_typesupport_cpp/robprakt_interfaces/srv/set_ur_io__type_support.cpp.o[0m
[7.301s] [ 70%] [32m[1mLinking CXX shared library librobprakt_interfaces__rosidl_typesupport_cpp.so[0m
[7.345s] [ 70%] Built target robprakt_interfaces__rosidl_typesupport_cpp
[7.355s] [35m[1mScanning dependencies of target robprakt_interfaces[0m
[7.365s] [ 70%] Built target robprakt_interfaces
[7.375s] [35m[1mScanning dependencies of target robprakt_interfaces__py[0m
[7.385s] [ 74%] [34m[1mGenerating Python code for ROS interfaces[0m
[8.276s] [ 74%] Built target robprakt_interfaces__py
[8.286s] [35m[1mScanning dependencies of target robprakt_interfaces__python[0m
[8.331s] [ 77%] [32mBuilding C object CMakeFiles/robprakt_interfaces__python.dir/rosidl_generator_py/robprakt_interfaces/srv/_set_ur_io_s.c.o[0m
[8.471s] [ 80%] [32m[1mLinking C shared library rosidl_generator_py/robprakt_interfaces/librobprakt_interfaces__python.so[0m
[8.518s] [ 80%] Built target robprakt_interfaces__python
[8.530s] [35m[1mScanning dependencies of target robprakt_interfaces__rosidl_typesupport_fastrtps_c__pyext[0m
[8.553s] [ 83%] [32mBuilding C object CMakeFiles/robprakt_interfaces__rosidl_typesupport_fastrtps_c__pyext.dir/rosidl_generator_py/robprakt_interfaces/_robprakt_interfaces_s.ep.rosidl_typesupport_fastrtps_c.c.o[0m
[8.671s] [ 87%] [32m[1mLinking CXX shared library rosidl_generator_py/robprakt_interfaces/robprakt_interfaces_s__rosidl_typesupport_fastrtps_c.cpython-38-x86_64-linux-gnu.so[0m
[8.742s] [ 87%] Built target robprakt_interfaces__rosidl_typesupport_fastrtps_c__pyext
[8.751s] [35m[1mScanning dependencies of target robprakt_interfaces__rosidl_typesupport_introspection_c__pyext[0m
[8.771s] [ 90%] [32mBuilding C object CMakeFiles/robprakt_interfaces__rosidl_typesupport_introspection_c__pyext.dir/rosidl_generator_py/robprakt_interfaces/_robprakt_interfaces_s.ep.rosidl_typesupport_introspection_c.c.o[0m
[8.878s] [ 93%] [32m[1mLinking C shared library rosidl_generator_py/robprakt_interfaces/robprakt_interfaces_s__rosidl_typesupport_introspection_c.cpython-38-x86_64-linux-gnu.so[0m
[8.917s] [ 93%] Built target robprakt_interfaces__rosidl_typesupport_introspection_c__pyext
[8.931s] [35m[1mScanning dependencies of target robprakt_interfaces__rosidl_typesupport_c__pyext[0m
[8.957s] [ 96%] [32mBuilding C object CMakeFiles/robprakt_interfaces__rosidl_typesupport_c__pyext.dir/rosidl_generator_py/robprakt_interfaces/_robprakt_interfaces_s.ep.rosidl_typesupport_c.c.o[0m
[9.073s] [100%] [32m[1mLinking C shared library rosidl_generator_py/robprakt_interfaces/robprakt_interfaces_s__rosidl_typesupport_c.cpython-38-x86_64-linux-gnu.so[0m
[9.112s] [100%] Built target robprakt_interfaces__rosidl_typesupport_c__pyext
[9.125s] Invoked command in '/home/rob/praktikum_ws/build/robprakt_interfaces' returned '0': CMAKE_PREFIX_PATH=${CMAKE_PREFIX_PATH}:/home/rob/praktikum_ws/install/robprakt:/opt/ros/galactic /usr/bin/cmake --build /home/rob/praktikum_ws/build/robprakt_interfaces -- -j1 -l1
[9.188s] Invoking command in '/home/rob/praktikum_ws/build/robprakt_interfaces': CMAKE_PREFIX_PATH=${CMAKE_PREFIX_PATH}:/home/rob/praktikum_ws/install/robprakt:/opt/ros/galactic /usr/bin/cmake --install /home/rob/praktikum_ws/build/robprakt_interfaces
[9.199s] -- Install configuration: ""
[9.199s] -- Installing: /home/rob/praktikum_ws/install/robprakt_interfaces/share/ament_index/resource_index/rosidl_interfaces/robprakt_interfaces
[9.200s] -- Installing: /home/rob/praktikum_ws/install/robprakt_interfaces/include/robprakt_interfaces
[9.200s] -- Installing: /home/rob/praktikum_ws/install/robprakt_interfaces/include/robprakt_interfaces/msg
[9.200s] -- Installing: /home/rob/praktikum_ws/install/robprakt_interfaces/include/robprakt_interfaces/msg/rosidl_generator_c__visibility_control.h
[9.200s] -- Installing: /home/rob/praktikum_ws/install/robprakt_interfaces/include/robprakt_interfaces/srv
[9.201s] -- Installing: /home/rob/praktikum_ws/install/robprakt_interfaces/include/robprakt_interfaces/srv/detail
[9.201s] -- Installing: /home/rob/praktikum_ws/install/robprakt_interfaces/include/robprakt_interfaces/srv/detail/set_ur_io__functions.c
[9.201s] -- Installing: /home/rob/praktikum_ws/install/robprakt_interfaces/include/robprakt_interfaces/srv/detail/set_ur_io__struct.h
[9.201s] -- Installing: /home/rob/praktikum_ws/install/robprakt_interfaces/include/robprakt_interfaces/srv/detail/set_ur_io__functions.h
[9.201s] -- Installing: /home/rob/praktikum_ws/install/robprakt_interfaces/include/robprakt_interfaces/srv/detail/set_ur_io__type_support.h
[9.202s] -- Installing: /home/rob/praktikum_ws/install/robprakt_interfaces/include/robprakt_interfaces/srv/set_ur_io.h
[9.202s] -- Installing: /home/rob/praktikum_ws/install/robprakt_interfaces/share/robprakt_interfaces/environment/library_path.sh
[9.202s] -- Installing: /home/rob/praktikum_ws/install/robprakt_interfaces/share/robprakt_interfaces/environment/library_path.dsv
[9.203s] -- Installing: /home/rob/praktikum_ws/install/robprakt_interfaces/lib/librobprakt_interfaces__rosidl_generator_c.so
[9.203s] -- Set runtime path of "/home/rob/praktikum_ws/install/robprakt_interfaces/lib/librobprakt_interfaces__rosidl_generator_c.so" to ""
[9.203s] -- Up-to-date: /home/rob/praktikum_ws/install/robprakt_interfaces/include/robprakt_interfaces
[9.203s] -- Up-to-date: /home/rob/praktikum_ws/install/robprakt_interfaces/include/robprakt_interfaces/msg
[9.204s] -- Installing: /home/rob/praktikum_ws/install/robprakt_interfaces/include/robprakt_interfaces/msg/rosidl_typesupport_fastrtps_c__visibility_control.h
[9.204s] -- Up-to-date: /home/rob/praktikum_ws/install/robprakt_interfaces/include/robprakt_interfaces/srv
[9.204s] -- Up-to-date: /home/rob/praktikum_ws/install/robprakt_interfaces/include/robprakt_interfaces/srv/detail
[9.204s] -- Installing: /home/rob/praktikum_ws/install/robprakt_interfaces/include/robprakt_interfaces/srv/detail/set_ur_io__rosidl_typesupport_fastrtps_c.h
[9.205s] -- Installing: /home/rob/praktikum_ws/install/robprakt_interfaces/lib/librobprakt_interfaces__rosidl_typesupport_fastrtps_c.so
[9.205s] -- Set runtime path of "/home/rob/praktikum_ws/install/robprakt_interfaces/lib/librobprakt_interfaces__rosidl_typesupport_fastrtps_c.so" to ""
[9.205s] -- Up-to-date: /home/rob/praktikum_ws/install/robprakt_interfaces/include/robprakt_interfaces
[9.205s] -- Up-to-date: /home/rob/praktikum_ws/install/robprakt_interfaces/include/robprakt_interfaces/msg
[9.206s] -- Installing: /home/rob/praktikum_ws/install/robprakt_interfaces/include/robprakt_interfaces/msg/rosidl_typesupport_fastrtps_cpp__visibility_control.h
[9.206s] -- Up-to-date: /home/rob/praktikum_ws/install/robprakt_interfaces/include/robprakt_interfaces/srv
[9.206s] -- Up-to-date: /home/rob/praktikum_ws/install/robprakt_interfaces/include/robprakt_interfaces/srv/detail
[9.206s] -- Installing: /home/rob/praktikum_ws/install/robprakt_interfaces/include/robprakt_interfaces/srv/detail/set_ur_io__rosidl_typesupport_fastrtps_cpp.hpp
[9.206s] -- Installing: /home/rob/praktikum_ws/install/robprakt_interfaces/include/robprakt_interfaces/srv/detail/dds_fastrtps
[9.207s] -- Installing: /home/rob/praktikum_ws/install/robprakt_interfaces/lib/librobprakt_interfaces__rosidl_typesupport_fastrtps_cpp.so
[9.207s] -- Set runtime path of "/home/rob/praktikum_ws/install/robprakt_interfaces/lib/librobprakt_interfaces__rosidl_typesupport_fastrtps_cpp.so" to ""
[9.207s] -- Up-to-date: /home/rob/praktikum_ws/install/robprakt_interfaces/include/robprakt_interfaces
[9.208s] -- Up-to-date: /home/rob/praktikum_ws/install/robprakt_interfaces/include/robprakt_interfaces/msg
[9.208s] -- Installing: /home/rob/praktikum_ws/install/robprakt_interfaces/include/robprakt_interfaces/msg/rosidl_typesupport_introspection_c__visibility_control.h
[9.208s] -- Up-to-date: /home/rob/praktikum_ws/install/robprakt_interfaces/include/robprakt_interfaces/srv
[9.208s] -- Up-to-date: /home/rob/praktikum_ws/install/robprakt_interfaces/include/robprakt_interfaces/srv/detail
[9.208s] -- Installing: /home/rob/praktikum_ws/install/robprakt_interfaces/include/robprakt_interfaces/srv/detail/set_ur_io__rosidl_typesupport_introspection_c.h
[9.209s] -- Installing: /home/rob/praktikum_ws/install/robprakt_interfaces/include/robprakt_interfaces/srv/detail/set_ur_io__type_support.c
[9.209s] -- Installing: /home/rob/praktikum_ws/install/robprakt_interfaces/lib/librobprakt_interfaces__rosidl_typesupport_introspection_c.so
[9.209s] -- Set runtime path of "/home/rob/praktikum_ws/install/robprakt_interfaces/lib/librobprakt_interfaces__rosidl_typesupport_introspection_c.so" to ""
[9.210s] -- Installing: /home/rob/praktikum_ws/install/robprakt_interfaces/lib/librobprakt_interfaces__rosidl_typesupport_c.so
[9.210s] -- Set runtime path of "/home/rob/praktikum_ws/install/robprakt_interfaces/lib/librobprakt_interfaces__rosidl_typesupport_c.so" to ""
[9.210s] -- Up-to-date: /home/rob/praktikum_ws/install/robprakt_interfaces/include/robprakt_interfaces
[9.211s] -- Up-to-date: /home/rob/praktikum_ws/install/robprakt_interfaces/include/robprakt_interfaces/srv
[9.211s] -- Installing: /home/rob/praktikum_ws/install/robprakt_interfaces/include/robprakt_interfaces/srv/set_ur_io.hpp
[9.211s] -- Up-to-date: /home/rob/praktikum_ws/install/robprakt_interfaces/include/robprakt_interfaces/srv/detail
[9.211s] -- Installing: /home/rob/praktikum_ws/install/robprakt_interfaces/include/robprakt_interfaces/srv/detail/set_ur_io__traits.hpp
[9.211s] -- Installing: /home/rob/praktikum_ws/install/robprakt_interfaces/include/robprakt_interfaces/srv/detail/set_ur_io__builder.hpp
[9.212s] -- Installing: /home/rob/praktikum_ws/install/robprakt_interfaces/include/robprakt_interfaces/srv/detail/set_ur_io__struct.hpp
[9.212s] -- Up-to-date: /home/rob/praktikum_ws/install/robprakt_interfaces/include/robprakt_interfaces
[9.212s] -- Up-to-date: /home/rob/praktikum_ws/install/robprakt_interfaces/include/robprakt_interfaces/srv
[9.212s] -- Up-to-date: /home/rob/praktikum_ws/install/robprakt_interfaces/include/robprakt_interfaces/srv/detail
[9.212s] -- Installing: /home/rob/praktikum_ws/install/robprakt_interfaces/include/robprakt_interfaces/srv/detail/set_ur_io__rosidl_typesupport_introspection_cpp.hpp
[9.213s] -- Installing: /home/rob/praktikum_ws/install/robprakt_interfaces/include/robprakt_interfaces/srv/detail/set_ur_io__type_support.cpp
[9.213s] -- Installing: /home/rob/praktikum_ws/install/robprakt_interfaces/lib/librobprakt_interfaces__rosidl_typesupport_introspection_cpp.so
[9.214s] -- Set runtime path of "/home/rob/praktikum_ws/install/robprakt_interfaces/lib/librobprakt_interfaces__rosidl_typesupport_introspection_cpp.so" to ""
[9.215s] -- Installing: /home/rob/praktikum_ws/install/robprakt_interfaces/lib/librobprakt_interfaces__rosidl_typesupport_cpp.so
[9.215s] -- Set runtime path of "/home/rob/praktikum_ws/install/robprakt_interfaces/lib/librobprakt_interfaces__rosidl_typesupport_cpp.so" to ""
[9.215s] -- Installing: /home/rob/praktikum_ws/install/robprakt_interfaces/share/robprakt_interfaces/environment/pythonpath.sh
[9.215s] -- Installing: /home/rob/praktikum_ws/install/robprakt_interfaces/share/robprakt_interfaces/environment/pythonpath.dsv
[9.216s] -- Installing: /home/rob/praktikum_ws/install/robprakt_interfaces/lib/python3.8/site-packages/robprakt_interfaces/__init__.py
[9.281s] Compiling '/home/rob/praktikum_ws/install/robprakt_interfaces/lib/python3.8/site-packages/robprakt_interfaces/__init__.py'...
[9.286s] -- Installing: /home/rob/praktikum_ws/install/robprakt_interfaces/lib/python3.8/site-packages/robprakt_interfaces/srv
[9.286s] -- Installing: /home/rob/praktikum_ws/install/robprakt_interfaces/lib/python3.8/site-packages/robprakt_interfaces/srv/_set_ur_io.py
[9.287s] -- Installing: /home/rob/praktikum_ws/install/robprakt_interfaces/lib/python3.8/site-packages/robprakt_interfaces/srv/__init__.py
[9.287s] -- Installing: /home/rob/praktikum_ws/install/robprakt_interfaces/lib/python3.8/site-packages/robprakt_interfaces/srv/_set_ur_io_s.c
[9.287s] -- Installing: /home/rob/praktikum_ws/install/robprakt_interfaces/lib/python3.8/site-packages/robprakt_interfaces/robprakt_interfaces_s__rosidl_typesupport_fastrtps_c.cpython-38-x86_64-linux-gnu.so
[9.288s] -- Set runtime path of "/home/rob/praktikum_ws/install/robprakt_interfaces/lib/python3.8/site-packages/robprakt_interfaces/robprakt_interfaces_s__rosidl_typesupport_fastrtps_c.cpython-38-x86_64-linux-gnu.so" to ""
[9.288s] -- Installing: /home/rob/praktikum_ws/install/robprakt_interfaces/lib/python3.8/site-packages/robprakt_interfaces/robprakt_interfaces_s__rosidl_typesupport_introspection_c.cpython-38-x86_64-linux-gnu.so
[9.289s] -- Set runtime path of "/home/rob/praktikum_ws/install/robprakt_interfaces/lib/python3.8/site-packages/robprakt_interfaces/robprakt_interfaces_s__rosidl_typesupport_introspection_c.cpython-38-x86_64-linux-gnu.so" to ""
[9.289s] -- Installing: /home/rob/praktikum_ws/install/robprakt_interfaces/lib/python3.8/site-packages/robprakt_interfaces/robprakt_interfaces_s__rosidl_typesupport_c.cpython-38-x86_64-linux-gnu.so
[9.290s] -- Set runtime path of "/home/rob/praktikum_ws/install/robprakt_interfaces/lib/python3.8/site-packages/robprakt_interfaces/robprakt_interfaces_s__rosidl_typesupport_c.cpython-38-x86_64-linux-gnu.so" to ""
[9.290s] -- Installing: /home/rob/praktikum_ws/install/robprakt_interfaces/lib/librobprakt_interfaces__python.so
[9.291s] -- Set runtime path of "/home/rob/praktikum_ws/install/robprakt_interfaces/lib/librobprakt_interfaces__python.so" to ""
[9.291s] -- Installing: /home/rob/praktikum_ws/install/robprakt_interfaces/share/robprakt_interfaces/srv/SetUrIo.idl
[9.291s] -- Installing: /home/rob/praktikum_ws/install/robprakt_interfaces/share/robprakt_interfaces/srv/SetUrIo.srv
[9.292s] -- Installing: /home/rob/praktikum_ws/install/robprakt_interfaces/share/robprakt_interfaces/srv/SetUrIo_Request.msg
[9.292s] -- Installing: /home/rob/praktikum_ws/install/robprakt_interfaces/share/robprakt_interfaces/srv/SetUrIo_Response.msg
[9.292s] -- Installing: /home/rob/praktikum_ws/install/robprakt_interfaces/share/ament_index/resource_index/package_run_dependencies/robprakt_interfaces
[9.293s] -- Installing: /home/rob/praktikum_ws/install/robprakt_interfaces/share/ament_index/resource_index/parent_prefix_path/robprakt_interfaces
[9.293s] -- Installing: /home/rob/praktikum_ws/install/robprakt_interfaces/share/robprakt_interfaces/environment/ament_prefix_path.sh
[9.293s] -- Installing: /home/rob/praktikum_ws/install/robprakt_interfaces/share/robprakt_interfaces/environment/ament_prefix_path.dsv
[9.294s] -- Installing: /home/rob/praktikum_ws/install/robprakt_interfaces/share/robprakt_interfaces/environment/path.sh
[9.294s] -- Installing: /home/rob/praktikum_ws/install/robprakt_interfaces/share/robprakt_interfaces/environment/path.dsv
[9.294s] -- Installing: /home/rob/praktikum_ws/install/robprakt_interfaces/share/robprakt_interfaces/local_setup.bash
[9.295s] -- Installing: /home/rob/praktikum_ws/install/robprakt_interfaces/share/robprakt_interfaces/local_setup.sh
[9.295s] -- Installing: /home/rob/praktikum_ws/install/robprakt_interfaces/share/robprakt_interfaces/local_setup.zsh
[9.295s] -- Installing: /home/rob/praktikum_ws/install/robprakt_interfaces/share/robprakt_interfaces/local_setup.dsv
[9.295s] -- Installing: /home/rob/praktikum_ws/install/robprakt_interfaces/share/robprakt_interfaces/package.dsv
[9.296s] -- Installing: /home/rob/praktikum_ws/install/robprakt_interfaces/share/ament_index/resource_index/packages/robprakt_interfaces
[9.296s] -- Installing: /home/rob/praktikum_ws/install/robprakt_interfaces/share/robprakt_interfaces/cmake/robprakt_interfaces__rosidl_generator_cExport.cmake
[9.296s] -- Installing: /home/rob/praktikum_ws/install/robprakt_interfaces/share/robprakt_interfaces/cmake/robprakt_interfaces__rosidl_generator_cExport-noconfig.cmake
[9.297s] -- Installing: /home/rob/praktikum_ws/install/robprakt_interfaces/share/robprakt_interfaces/cmake/robprakt_interfaces__rosidl_typesupport_introspection_cExport.cmake
[9.297s] -- Installing: /home/rob/praktikum_ws/install/robprakt_interfaces/share/robprakt_interfaces/cmake/robprakt_interfaces__rosidl_typesupport_introspection_cExport-noconfig.cmake
[9.298s] -- Installing: /home/rob/praktikum_ws/install/robprakt_interfaces/share/robprakt_interfaces/cmake/robprakt_interfaces__rosidl_typesupport_cExport.cmake
[9.298s] -- Installing: /home/rob/praktikum_ws/install/robprakt_interfaces/share/robprakt_interfaces/cmake/robprakt_interfaces__rosidl_typesupport_cExport-noconfig.cmake
[9.298s] -- Installing: /home/rob/praktikum_ws/install/robprakt_interfaces/share/robprakt_interfaces/cmake/robprakt_interfaces__rosidl_generator_cppExport.cmake
[9.299s] -- Installing: /home/rob/praktikum_ws/install/robprakt_interfaces/share/robprakt_interfaces/cmake/robprakt_interfaces__rosidl_typesupport_introspection_cppExport.cmake
[9.299s] -- Installing: /home/rob/praktikum_ws/install/robprakt_interfaces/share/robprakt_interfaces/cmake/robprakt_interfaces__rosidl_typesupport_introspection_cppExport-noconfig.cmake
[9.300s] -- Installing: /home/rob/praktikum_ws/install/robprakt_interfaces/share/robprakt_interfaces/cmake/robprakt_interfaces__rosidl_typesupport_cppExport.cmake
[9.300s] -- Installing: /home/rob/praktikum_ws/install/robprakt_interfaces/share/robprakt_interfaces/cmake/robprakt_interfaces__rosidl_typesupport_cppExport-noconfig.cmake
[9.300s] -- Installing: /home/rob/praktikum_ws/install/robprakt_interfaces/share/robprakt_interfaces/cmake/rosidl_cmake-extras.cmake
[9.301s] -- Installing: /home/rob/praktikum_ws/install/robprakt_interfaces/share/robprakt_interfaces/cmake/ament_cmake_export_dependencies-extras.cmake
[9.301s] -- Installing: /home/rob/praktikum_ws/install/robprakt_interfaces/share/robprakt_interfaces/cmake/ament_cmake_export_libraries-extras.cmake
[9.301s] -- Installing: /home/rob/praktikum_ws/install/robprakt_interfaces/share/robprakt_interfaces/cmake/ament_cmake_export_targets-extras.cmake
[9.302s] -- Installing: /home/rob/praktikum_ws/install/robprakt_interfaces/share/robprakt_interfaces/cmake/ament_cmake_export_include_directories-extras.cmake
[9.302s] -- Installing: /home/rob/praktikum_ws/install/robprakt_interfaces/share/robprakt_interfaces/cmake/rosidl_cmake_export_typesupport_libraries-extras.cmake
[9.302s] -- Installing: /home/rob/praktikum_ws/install/robprakt_interfaces/share/robprakt_interfaces/cmake/rosidl_cmake_export_typesupport_targets-extras.cmake
[9.303s] -- Installing: /home/rob/praktikum_ws/install/robprakt_interfaces/share/robprakt_interfaces/cmake/robprakt_interfacesConfig.cmake
[9.303s] -- Installing: /home/rob/praktikum_ws/install/robprakt_interfaces/share/robprakt_interfaces/cmake/robprakt_interfacesConfig-version.cmake
[9.303s] -- Installing: /home/rob/praktikum_ws/install/robprakt_interfaces/share/robprakt_interfaces/package.xml
[9.317s] Invoked command in '/home/rob/praktikum_ws/build/robprakt_interfaces' returned '0': CMAKE_PREFIX_PATH=${CMAKE_PREFIX_PATH}:/home/rob/praktikum_ws/install/robprakt:/opt/ros/galactic /usr/bin/cmake --install /home/rob/praktikum_ws/build/robprakt_interfaces
