[0.018s] Invoking command in '/home/rob/praktikum_ws/build/pymoveit2': CMAKE_PREFIX_PATH=${CMAKE_PREFIX_PATH}:/opt/ros/galactic /usr/bin/cmake /home/rob/praktikum_ws/src/pymoveit2 -DCMAKE_INSTALL_PREFIX=/home/rob/praktikum_ws/install/pymoveit2
[0.110s] -- The C compiler identification is GNU 9.4.0
[0.187s] -- The CXX compiler identification is GNU 9.4.0
[0.194s] -- Check for working C compiler: /usr/bin/cc
[0.272s] -- Check for working C compiler: /usr/bin/cc -- works
[0.274s] -- Detecting C compiler ABI info
[0.353s] -- Detecting C compiler ABI info - done
[0.376s] -- Detecting C compile features
[0.377s] -- Detecting C compile features - done
[0.381s] -- Check for working CXX compiler: /usr/bin/c++
[0.492s] -- Check for working CXX compiler: /usr/bin/c++ -- works
[0.494s] -- Detecting CXX compiler ABI info
[0.586s] -- Detecting CXX compiler ABI info - done
[0.611s] -- Detecting CXX compile features
[0.612s] -- Detecting CXX compile features - done
[0.616s] -- Found ament_cmake: 1.1.5 (/opt/ros/galactic/share/ament_cmake/cmake)
[0.649s] -- Found PythonInterp: /usr/bin/python3 (found suitable version "3.8.10", minimum required is "3") 
[0.650s] -- Using PYTHON_EXECUTABLE: /usr/bin/python3
[0.965s] -- Configuring done
[0.969s] -- Generating done
[0.971s] -- Build files have been written to: /home/rob/praktikum_ws/build/pymoveit2
[0.977s] Invoked command in '/home/rob/praktikum_ws/build/pymoveit2' returned '0': CMAKE_PREFIX_PATH=${CMAKE_PREFIX_PATH}:/opt/ros/galactic /usr/bin/cmake /home/rob/praktikum_ws/src/pymoveit2 -DCMAKE_INSTALL_PREFIX=/home/rob/praktikum_ws/install/pymoveit2
[0.978s] Invoking command in '/home/rob/praktikum_ws/build/pymoveit2': CMAKE_PREFIX_PATH=${CMAKE_PREFIX_PATH}:/opt/ros/galactic /usr/bin/cmake --build /home/rob/praktikum_ws/build/pymoveit2 -- -j1 -l1
[1.017s] [35m[1mScanning dependencies of target ament_cmake_python_copy_pymoveit2[0m
[1.036s] Built target ament_cmake_python_copy_pymoveit2
[1.047s] [35m[1mScanning dependencies of target ament_cmake_python_build_pymoveit2_egg[0m
[1.387s] running egg_info
[1.390s] creating pymoveit2.egg-info
[1.391s] writing pymoveit2.egg-info/PKG-INFO
[1.391s] writing dependency_links to pymoveit2.egg-info/dependency_links.txt
[1.391s] writing top-level names to pymoveit2.egg-info/top_level.txt
[1.393s] writing manifest file 'pymoveit2.egg-info/SOURCES.txt'
[1.460s] reading manifest file 'pymoveit2.egg-info/SOURCES.txt'
[1.461s] writing manifest file 'pymoveit2.egg-info/SOURCES.txt'
[1.488s] Built target ament_cmake_python_build_pymoveit2_egg
[1.500s] Invoked command in '/home/rob/praktikum_ws/build/pymoveit2' returned '0': CMAKE_PREFIX_PATH=${CMAKE_PREFIX_PATH}:/opt/ros/galactic /usr/bin/cmake --build /home/rob/praktikum_ws/build/pymoveit2 -- -j1 -l1
[1.525s] Invoking command in '/home/rob/praktikum_ws/build/pymoveit2': CMAKE_PREFIX_PATH=${CMAKE_PREFIX_PATH}:/opt/ros/galactic /usr/bin/cmake --install /home/rob/praktikum_ws/build/pymoveit2
[1.536s] -- Install configuration: ""
[1.536s] -- Installing: /home/rob/praktikum_ws/install/pymoveit2/share/pymoveit2/environment/pythonpath.sh
[1.536s] -- Installing: /home/rob/praktikum_ws/install/pymoveit2/share/pymoveit2/environment/pythonpath.dsv
[1.537s] -- Installing: /home/rob/praktikum_ws/install/pymoveit2/lib/python3.8/site-packages//pymoveit2.egg-info
[1.537s] -- Installing: /home/rob/praktikum_ws/install/pymoveit2/lib/python3.8/site-packages//pymoveit2.egg-info/SOURCES.txt
[1.537s] -- Installing: /home/rob/praktikum_ws/install/pymoveit2/lib/python3.8/site-packages//pymoveit2.egg-info/dependency_links.txt
[1.537s] -- Installing: /home/rob/praktikum_ws/install/pymoveit2/lib/python3.8/site-packages//pymoveit2.egg-info/top_level.txt
[1.538s] -- Installing: /home/rob/praktikum_ws/install/pymoveit2/lib/python3.8/site-packages//pymoveit2.egg-info/PKG-INFO
[1.538s] -- Installing: /home/rob/praktikum_ws/install/pymoveit2/lib/python3.8/site-packages/pymoveit2
[1.538s] -- Installing: /home/rob/praktikum_ws/install/pymoveit2/lib/python3.8/site-packages/pymoveit2/__init__.py
[1.539s] -- Installing: /home/rob/praktikum_ws/install/pymoveit2/lib/python3.8/site-packages/pymoveit2/robots
[1.539s] -- Installing: /home/rob/praktikum_ws/install/pymoveit2/lib/python3.8/site-packages/pymoveit2/robots/ur5e.py
[1.539s] -- Installing: /home/rob/praktikum_ws/install/pymoveit2/lib/python3.8/site-packages/pymoveit2/robots/__init__.py
[1.539s] -- Installing: /home/rob/praktikum_ws/install/pymoveit2/lib/python3.8/site-packages/pymoveit2/robots/panda.py
[1.540s] -- Installing: /home/rob/praktikum_ws/install/pymoveit2/lib/python3.8/site-packages/pymoveit2/gripper_command.py
[1.540s] -- Installing: /home/rob/praktikum_ws/install/pymoveit2/lib/python3.8/site-packages/pymoveit2/moveit2_servo.py
[1.540s] -- Installing: /home/rob/praktikum_ws/install/pymoveit2/lib/python3.8/site-packages/pymoveit2/moveit2.py
[1.541s] -- Installing: /home/rob/praktikum_ws/install/pymoveit2/lib/python3.8/site-packages/pymoveit2/moveit2_gripper.py
[1.594s] Listing '/home/rob/praktikum_ws/install/pymoveit2/lib/python3.8/site-packages/pymoveit2'...
[1.595s] Compiling '/home/rob/praktikum_ws/install/pymoveit2/lib/python3.8/site-packages/pymoveit2/__init__.py'...
[1.595s] Compiling '/home/rob/praktikum_ws/install/pymoveit2/lib/python3.8/site-packages/pymoveit2/gripper_command.py'...
[1.595s] Compiling '/home/rob/praktikum_ws/install/pymoveit2/lib/python3.8/site-packages/pymoveit2/moveit2.py'...
[1.595s] Compiling '/home/rob/praktikum_ws/install/pymoveit2/lib/python3.8/site-packages/pymoveit2/moveit2_gripper.py'...
[1.595s] Compiling '/home/rob/praktikum_ws/install/pymoveit2/lib/python3.8/site-packages/pymoveit2/moveit2_servo.py'...
[1.595s] Listing '/home/rob/praktikum_ws/install/pymoveit2/lib/python3.8/site-packages/pymoveit2/robots'...
[1.595s] Compiling '/home/rob/praktikum_ws/install/pymoveit2/lib/python3.8/site-packages/pymoveit2/robots/__init__.py'...
[1.595s] Compiling '/home/rob/praktikum_ws/install/pymoveit2/lib/python3.8/site-packages/pymoveit2/robots/panda.py'...
[1.595s] Compiling '/home/rob/praktikum_ws/install/pymoveit2/lib/python3.8/site-packages/pymoveit2/robots/ur5e.py'...
[1.601s] -- Installing: /home/rob/praktikum_ws/install/pymoveit2/lib/pymoveit2/ex_collision_object_ur.py
[1.601s] -- Installing: /home/rob/praktikum_ws/install/pymoveit2/lib/pymoveit2/ex_joint_goal_ur.py
[1.602s] -- Installing: /home/rob/praktikum_ws/install/pymoveit2/lib/pymoveit2/ex_pose_goal_ur.py
[1.602s] -- Installing: /home/rob/praktikum_ws/install/pymoveit2/lib/pymoveit2/ex_servo_ur.py
[1.602s] -- Installing: /home/rob/praktikum_ws/install/pymoveit2/share/ament_index/resource_index/package_run_dependencies/pymoveit2
[1.603s] -- Installing: /home/rob/praktikum_ws/install/pymoveit2/share/ament_index/resource_index/parent_prefix_path/pymoveit2
[1.603s] -- Installing: /home/rob/praktikum_ws/install/pymoveit2/share/pymoveit2/environment/ament_prefix_path.sh
[1.603s] -- Installing: /home/rob/praktikum_ws/install/pymoveit2/share/pymoveit2/environment/ament_prefix_path.dsv
[1.604s] -- Installing: /home/rob/praktikum_ws/install/pymoveit2/share/pymoveit2/environment/path.sh
[1.604s] -- Installing: /home/rob/praktikum_ws/install/pymoveit2/share/pymoveit2/environment/path.dsv
[1.604s] -- Installing: /home/rob/praktikum_ws/install/pymoveit2/share/pymoveit2/local_setup.bash
[1.605s] -- Installing: /home/rob/praktikum_ws/install/pymoveit2/share/pymoveit2/local_setup.sh
[1.605s] -- Installing: /home/rob/praktikum_ws/install/pymoveit2/share/pymoveit2/local_setup.zsh
[1.605s] -- Installing: /home/rob/praktikum_ws/install/pymoveit2/share/pymoveit2/local_setup.dsv
[1.606s] -- Installing: /home/rob/praktikum_ws/install/pymoveit2/share/pymoveit2/package.dsv
[1.606s] -- Installing: /home/rob/praktikum_ws/install/pymoveit2/share/ament_index/resource_index/packages/pymoveit2
[1.607s] -- Installing: /home/rob/praktikum_ws/install/pymoveit2/share/pymoveit2/cmake/pymoveit2Config.cmake
[1.607s] -- Installing: /home/rob/praktikum_ws/install/pymoveit2/share/pymoveit2/cmake/pymoveit2Config-version.cmake
[1.607s] -- Installing: /home/rob/praktikum_ws/install/pymoveit2/share/pymoveit2/package.xml
[1.622s] Invoked command in '/home/rob/praktikum_ws/build/pymoveit2' returned '0': CMAKE_PREFIX_PATH=${CMAKE_PREFIX_PATH}:/opt/ros/galactic /usr/bin/cmake --install /home/rob/praktikum_ws/build/pymoveit2
