[0.008s] Invoking command in '/home/rob/praktikum_ws/build/robprakt_interfaces': CMAKE_PREFIX_PATH=${CMAKE_PREFIX_PATH}:/home/rob/praktikum_ws/install/robprakt:/opt/ros/galactic /usr/bin/cmake --build /home/rob/praktikum_ws/build/robprakt_interfaces -- -j1 -l1
[0.071s] [  3%] Built target robprakt_interfaces__cpp
[0.089s] [ 12%] Built target robprakt_interfaces__rosidl_generator_c
[0.118s] [ 22%] Built target robprakt_interfaces__rosidl_typesupport_c
[0.144s] [ 32%] Built target robprakt_interfaces__rosidl_typesupport_fastrtps_cpp
[0.171s] [ 41%] Built target robprakt_interfaces__rosidl_typesupport_fastrtps_c
[0.191s] [ 51%] Built target robprakt_interfaces__rosidl_typesupport_introspection_cpp
[0.213s] [ 61%] Built target robprakt_interfaces__rosidl_typesupport_introspection_c
[0.232s] [ 70%] Built target robprakt_interfaces__rosidl_typesupport_cpp
[0.250s] [ 70%] Built target robprakt_interfaces
[0.269s] [ 74%] Built target robprakt_interfaces__py
[0.293s] [ 80%] Built target robprakt_interfaces__python
[0.321s] [ 87%] Built target robprakt_interfaces__rosidl_typesupport_fastrtps_c__pyext
[0.354s] [ 93%] Built target robprakt_interfaces__rosidl_typesupport_introspection_c__pyext
[0.395s] [100%] Built target robprakt_interfaces__rosidl_typesupport_c__pyext
[0.414s] Invoked command in '/home/rob/praktikum_ws/build/robprakt_interfaces' returned '0': CMAKE_PREFIX_PATH=${CMAKE_PREFIX_PATH}:/home/rob/praktikum_ws/install/robprakt:/opt/ros/galactic /usr/bin/cmake --build /home/rob/praktikum_ws/build/robprakt_interfaces -- -j1 -l1
[0.482s] Invoking command in '/home/rob/praktikum_ws/build/robprakt_interfaces': CMAKE_PREFIX_PATH=${CMAKE_PREFIX_PATH}:/home/rob/praktikum_ws/install/robprakt:/opt/ros/galactic /usr/bin/cmake --install /home/rob/praktikum_ws/build/robprakt_interfaces
[0.492s] -- Install configuration: ""
[0.493s] -- Up-to-date: /home/rob/praktikum_ws/install/robprakt_interfaces/share/ament_index/resource_index/rosidl_interfaces/robprakt_interfaces
[0.493s] -- Up-to-date: /home/rob/praktikum_ws/install/robprakt_interfaces/include/robprakt_interfaces
[0.493s] -- Up-to-date: /home/rob/praktikum_ws/install/robprakt_interfaces/include/robprakt_interfaces/msg
[0.493s] -- Up-to-date: /home/rob/praktikum_ws/install/robprakt_interfaces/include/robprakt_interfaces/msg/rosidl_generator_c__visibility_control.h
[0.493s] -- Up-to-date: /home/rob/praktikum_ws/install/robprakt_interfaces/include/robprakt_interfaces/srv
[0.494s] -- Up-to-date: /home/rob/praktikum_ws/install/robprakt_interfaces/include/robprakt_interfaces/srv/detail
[0.494s] -- Up-to-date: /home/rob/praktikum_ws/install/robprakt_interfaces/include/robprakt_interfaces/srv/detail/set_ur_io__functions.c
[0.494s] -- Up-to-date: /home/rob/praktikum_ws/install/robprakt_interfaces/include/robprakt_interfaces/srv/detail/set_ur_io__struct.h
[0.494s] -- Up-to-date: /home/rob/praktikum_ws/install/robprakt_interfaces/include/robprakt_interfaces/srv/detail/set_ur_io__functions.h
[0.494s] -- Up-to-date: /home/rob/praktikum_ws/install/robprakt_interfaces/include/robprakt_interfaces/srv/detail/set_ur_io__type_support.h
[0.495s] -- Up-to-date: /home/rob/praktikum_ws/install/robprakt_interfaces/include/robprakt_interfaces/srv/set_ur_io.h
[0.495s] -- Up-to-date: /home/rob/praktikum_ws/install/robprakt_interfaces/share/robprakt_interfaces/environment/library_path.sh
[0.495s] -- Up-to-date: /home/rob/praktikum_ws/install/robprakt_interfaces/share/robprakt_interfaces/environment/library_path.dsv
[0.496s] -- Up-to-date: /home/rob/praktikum_ws/install/robprakt_interfaces/lib/librobprakt_interfaces__rosidl_generator_c.so
[0.496s] -- Up-to-date: /home/rob/praktikum_ws/install/robprakt_interfaces/include/robprakt_interfaces
[0.496s] -- Up-to-date: /home/rob/praktikum_ws/install/robprakt_interfaces/include/robprakt_interfaces/msg
[0.496s] -- Up-to-date: /home/rob/praktikum_ws/install/robprakt_interfaces/include/robprakt_interfaces/msg/rosidl_typesupport_fastrtps_c__visibility_control.h
[0.497s] -- Up-to-date: /home/rob/praktikum_ws/install/robprakt_interfaces/include/robprakt_interfaces/srv
[0.497s] -- Up-to-date: /home/rob/praktikum_ws/install/robprakt_interfaces/include/robprakt_interfaces/srv/detail
[0.497s] -- Up-to-date: /home/rob/praktikum_ws/install/robprakt_interfaces/include/robprakt_interfaces/srv/detail/set_ur_io__rosidl_typesupport_fastrtps_c.h
[0.497s] -- Up-to-date: /home/rob/praktikum_ws/install/robprakt_interfaces/lib/librobprakt_interfaces__rosidl_typesupport_fastrtps_c.so
[0.498s] -- Up-to-date: /home/rob/praktikum_ws/install/robprakt_interfaces/include/robprakt_interfaces
[0.498s] -- Up-to-date: /home/rob/praktikum_ws/install/robprakt_interfaces/include/robprakt_interfaces/msg
[0.498s] -- Up-to-date: /home/rob/praktikum_ws/install/robprakt_interfaces/include/robprakt_interfaces/msg/rosidl_typesupport_fastrtps_cpp__visibility_control.h
[0.498s] -- Up-to-date: /home/rob/praktikum_ws/install/robprakt_interfaces/include/robprakt_interfaces/srv
[0.499s] -- Up-to-date: /home/rob/praktikum_ws/install/robprakt_interfaces/include/robprakt_interfaces/srv/detail
[0.499s] -- Up-to-date: /home/rob/praktikum_ws/install/robprakt_interfaces/include/robprakt_interfaces/srv/detail/set_ur_io__rosidl_typesupport_fastrtps_cpp.hpp
[0.499s] -- Up-to-date: /home/rob/praktikum_ws/install/robprakt_interfaces/include/robprakt_interfaces/srv/detail/dds_fastrtps
[0.500s] -- Up-to-date: /home/rob/praktikum_ws/install/robprakt_interfaces/lib/librobprakt_interfaces__rosidl_typesupport_fastrtps_cpp.so
[0.500s] -- Up-to-date: /home/rob/praktikum_ws/install/robprakt_interfaces/include/robprakt_interfaces
[0.500s] -- Up-to-date: /home/rob/praktikum_ws/install/robprakt_interfaces/include/robprakt_interfaces/msg
[0.500s] -- Up-to-date: /home/rob/praktikum_ws/install/robprakt_interfaces/include/robprakt_interfaces/msg/rosidl_typesupport_introspection_c__visibility_control.h
[0.501s] -- Up-to-date: /home/rob/praktikum_ws/install/robprakt_interfaces/include/robprakt_interfaces/srv
[0.501s] -- Up-to-date: /home/rob/praktikum_ws/install/robprakt_interfaces/include/robprakt_interfaces/srv/detail
[0.501s] -- Up-to-date: /home/rob/praktikum_ws/install/robprakt_interfaces/include/robprakt_interfaces/srv/detail/set_ur_io__rosidl_typesupport_introspection_c.h
[0.501s] -- Up-to-date: /home/rob/praktikum_ws/install/robprakt_interfaces/include/robprakt_interfaces/srv/detail/set_ur_io__type_support.c
[0.501s] -- Up-to-date: /home/rob/praktikum_ws/install/robprakt_interfaces/lib/librobprakt_interfaces__rosidl_typesupport_introspection_c.so
[0.502s] -- Up-to-date: /home/rob/praktikum_ws/install/robprakt_interfaces/lib/librobprakt_interfaces__rosidl_typesupport_c.so
[0.502s] -- Up-to-date: /home/rob/praktikum_ws/install/robprakt_interfaces/include/robprakt_interfaces
[0.503s] -- Up-to-date: /home/rob/praktikum_ws/install/robprakt_interfaces/include/robprakt_interfaces/srv
[0.503s] -- Up-to-date: /home/rob/praktikum_ws/install/robprakt_interfaces/include/robprakt_interfaces/srv/set_ur_io.hpp
[0.503s] -- Up-to-date: /home/rob/praktikum_ws/install/robprakt_interfaces/include/robprakt_interfaces/srv/detail
[0.503s] -- Up-to-date: /home/rob/praktikum_ws/install/robprakt_interfaces/include/robprakt_interfaces/srv/detail/set_ur_io__traits.hpp
[0.503s] -- Up-to-date: /home/rob/praktikum_ws/install/robprakt_interfaces/include/robprakt_interfaces/srv/detail/set_ur_io__builder.hpp
[0.504s] -- Up-to-date: /home/rob/praktikum_ws/install/robprakt_interfaces/include/robprakt_interfaces/srv/detail/set_ur_io__struct.hpp
[0.504s] -- Up-to-date: /home/rob/praktikum_ws/install/robprakt_interfaces/include/robprakt_interfaces
[0.504s] -- Up-to-date: /home/rob/praktikum_ws/install/robprakt_interfaces/include/robprakt_interfaces/srv
[0.504s] -- Up-to-date: /home/rob/praktikum_ws/install/robprakt_interfaces/include/robprakt_interfaces/srv/detail
[0.504s] -- Up-to-date: /home/rob/praktikum_ws/install/robprakt_interfaces/include/robprakt_interfaces/srv/detail/set_ur_io__rosidl_typesupport_introspection_cpp.hpp
[0.505s] -- Up-to-date: /home/rob/praktikum_ws/install/robprakt_interfaces/include/robprakt_interfaces/srv/detail/set_ur_io__type_support.cpp
[0.505s] -- Up-to-date: /home/rob/praktikum_ws/install/robprakt_interfaces/lib/librobprakt_interfaces__rosidl_typesupport_introspection_cpp.so
[0.508s] -- Up-to-date: /home/rob/praktikum_ws/install/robprakt_interfaces/lib/librobprakt_interfaces__rosidl_typesupport_cpp.so
[0.509s] -- Up-to-date: /home/rob/praktikum_ws/install/robprakt_interfaces/share/robprakt_interfaces/environment/pythonpath.sh
[0.509s] -- Up-to-date: /home/rob/praktikum_ws/install/robprakt_interfaces/share/robprakt_interfaces/environment/pythonpath.dsv
[0.509s] -- Up-to-date: /home/rob/praktikum_ws/install/robprakt_interfaces/lib/python3.8/site-packages/robprakt_interfaces/__init__.py
[0.551s] -- Up-to-date: /home/rob/praktikum_ws/install/robprakt_interfaces/lib/python3.8/site-packages/robprakt_interfaces/srv
[0.551s] -- Up-to-date: /home/rob/praktikum_ws/install/robprakt_interfaces/lib/python3.8/site-packages/robprakt_interfaces/srv/_set_ur_io.py
[0.551s] -- Up-to-date: /home/rob/praktikum_ws/install/robprakt_interfaces/lib/python3.8/site-packages/robprakt_interfaces/srv/__init__.py
[0.552s] -- Up-to-date: /home/rob/praktikum_ws/install/robprakt_interfaces/lib/python3.8/site-packages/robprakt_interfaces/srv/_set_ur_io_s.c
[0.552s] -- Up-to-date: /home/rob/praktikum_ws/install/robprakt_interfaces/lib/python3.8/site-packages/robprakt_interfaces/robprakt_interfaces_s__rosidl_typesupport_fastrtps_c.cpython-38-x86_64-linux-gnu.so
[0.553s] -- Up-to-date: /home/rob/praktikum_ws/install/robprakt_interfaces/lib/python3.8/site-packages/robprakt_interfaces/robprakt_interfaces_s__rosidl_typesupport_introspection_c.cpython-38-x86_64-linux-gnu.so
[0.554s] -- Up-to-date: /home/rob/praktikum_ws/install/robprakt_interfaces/lib/python3.8/site-packages/robprakt_interfaces/robprakt_interfaces_s__rosidl_typesupport_c.cpython-38-x86_64-linux-gnu.so
[0.555s] -- Up-to-date: /home/rob/praktikum_ws/install/robprakt_interfaces/lib/librobprakt_interfaces__python.so
[0.555s] -- Up-to-date: /home/rob/praktikum_ws/install/robprakt_interfaces/share/robprakt_interfaces/srv/SetUrIo.idl
[0.555s] -- Up-to-date: /home/rob/praktikum_ws/install/robprakt_interfaces/share/robprakt_interfaces/srv/SetUrIo.srv
[0.556s] -- Up-to-date: /home/rob/praktikum_ws/install/robprakt_interfaces/share/robprakt_interfaces/srv/SetUrIo_Request.msg
[0.556s] -- Up-to-date: /home/rob/praktikum_ws/install/robprakt_interfaces/share/robprakt_interfaces/srv/SetUrIo_Response.msg
[0.556s] -- Up-to-date: /home/rob/praktikum_ws/install/robprakt_interfaces/share/ament_index/resource_index/package_run_dependencies/robprakt_interfaces
[0.556s] -- Up-to-date: /home/rob/praktikum_ws/install/robprakt_interfaces/share/ament_index/resource_index/parent_prefix_path/robprakt_interfaces
[0.557s] -- Up-to-date: /home/rob/praktikum_ws/install/robprakt_interfaces/share/robprakt_interfaces/environment/ament_prefix_path.sh
[0.557s] -- Up-to-date: /home/rob/praktikum_ws/install/robprakt_interfaces/share/robprakt_interfaces/environment/ament_prefix_path.dsv
[0.557s] -- Up-to-date: /home/rob/praktikum_ws/install/robprakt_interfaces/share/robprakt_interfaces/environment/path.sh
[0.557s] -- Up-to-date: /home/rob/praktikum_ws/install/robprakt_interfaces/share/robprakt_interfaces/environment/path.dsv
[0.557s] -- Up-to-date: /home/rob/praktikum_ws/install/robprakt_interfaces/share/robprakt_interfaces/local_setup.bash
[0.558s] -- Up-to-date: /home/rob/praktikum_ws/install/robprakt_interfaces/share/robprakt_interfaces/local_setup.sh
[0.558s] -- Up-to-date: /home/rob/praktikum_ws/install/robprakt_interfaces/share/robprakt_interfaces/local_setup.zsh
[0.558s] -- Up-to-date: /home/rob/praktikum_ws/install/robprakt_interfaces/share/robprakt_interfaces/local_setup.dsv
[0.558s] -- Installing: /home/rob/praktikum_ws/install/robprakt_interfaces/share/robprakt_interfaces/package.dsv
[0.559s] -- Up-to-date: /home/rob/praktikum_ws/install/robprakt_interfaces/share/ament_index/resource_index/packages/robprakt_interfaces
[0.559s] -- Up-to-date: /home/rob/praktikum_ws/install/robprakt_interfaces/share/robprakt_interfaces/cmake/robprakt_interfaces__rosidl_generator_cExport.cmake
[0.559s] -- Up-to-date: /home/rob/praktikum_ws/install/robprakt_interfaces/share/robprakt_interfaces/cmake/robprakt_interfaces__rosidl_generator_cExport-noconfig.cmake
[0.560s] -- Up-to-date: /home/rob/praktikum_ws/install/robprakt_interfaces/share/robprakt_interfaces/cmake/robprakt_interfaces__rosidl_typesupport_introspection_cExport.cmake
[0.560s] -- Up-to-date: /home/rob/praktikum_ws/install/robprakt_interfaces/share/robprakt_interfaces/cmake/robprakt_interfaces__rosidl_typesupport_introspection_cExport-noconfig.cmake
[0.560s] -- Up-to-date: /home/rob/praktikum_ws/install/robprakt_interfaces/share/robprakt_interfaces/cmake/robprakt_interfaces__rosidl_typesupport_cExport.cmake
[0.560s] -- Up-to-date: /home/rob/praktikum_ws/install/robprakt_interfaces/share/robprakt_interfaces/cmake/robprakt_interfaces__rosidl_typesupport_cExport-noconfig.cmake
[0.561s] -- Up-to-date: /home/rob/praktikum_ws/install/robprakt_interfaces/share/robprakt_interfaces/cmake/robprakt_interfaces__rosidl_generator_cppExport.cmake
[0.561s] -- Up-to-date: /home/rob/praktikum_ws/install/robprakt_interfaces/share/robprakt_interfaces/cmake/robprakt_interfaces__rosidl_typesupport_introspection_cppExport.cmake
[0.561s] -- Up-to-date: /home/rob/praktikum_ws/install/robprakt_interfaces/share/robprakt_interfaces/cmake/robprakt_interfaces__rosidl_typesupport_introspection_cppExport-noconfig.cmake
[0.562s] -- Up-to-date: /home/rob/praktikum_ws/install/robprakt_interfaces/share/robprakt_interfaces/cmake/robprakt_interfaces__rosidl_typesupport_cppExport.cmake
[0.562s] -- Up-to-date: /home/rob/praktikum_ws/install/robprakt_interfaces/share/robprakt_interfaces/cmake/robprakt_interfaces__rosidl_typesupport_cppExport-noconfig.cmake
[0.562s] -- Up-to-date: /home/rob/praktikum_ws/install/robprakt_interfaces/share/robprakt_interfaces/cmake/rosidl_cmake-extras.cmake
[0.562s] -- Up-to-date: /home/rob/praktikum_ws/install/robprakt_interfaces/share/robprakt_interfaces/cmake/ament_cmake_export_dependencies-extras.cmake
[0.563s] -- Up-to-date: /home/rob/praktikum_ws/install/robprakt_interfaces/share/robprakt_interfaces/cmake/ament_cmake_export_libraries-extras.cmake
[0.563s] -- Up-to-date: /home/rob/praktikum_ws/install/robprakt_interfaces/share/robprakt_interfaces/cmake/ament_cmake_export_targets-extras.cmake
[0.563s] -- Up-to-date: /home/rob/praktikum_ws/install/robprakt_interfaces/share/robprakt_interfaces/cmake/ament_cmake_export_include_directories-extras.cmake
[0.563s] -- Up-to-date: /home/rob/praktikum_ws/install/robprakt_interfaces/share/robprakt_interfaces/cmake/rosidl_cmake_export_typesupport_libraries-extras.cmake
[0.564s] -- Up-to-date: /home/rob/praktikum_ws/install/robprakt_interfaces/share/robprakt_interfaces/cmake/rosidl_cmake_export_typesupport_targets-extras.cmake
[0.564s] -- Up-to-date: /home/rob/praktikum_ws/install/robprakt_interfaces/share/robprakt_interfaces/cmake/robprakt_interfacesConfig.cmake
[0.564s] -- Up-to-date: /home/rob/praktikum_ws/install/robprakt_interfaces/share/robprakt_interfaces/cmake/robprakt_interfacesConfig-version.cmake
[0.564s] -- Up-to-date: /home/rob/praktikum_ws/install/robprakt_interfaces/share/robprakt_interfaces/package.xml
[0.570s] Invoked command in '/home/rob/praktikum_ws/build/robprakt_interfaces' returned '0': CMAKE_PREFIX_PATH=${CMAKE_PREFIX_PATH}:/home/rob/praktikum_ws/install/robprakt:/opt/ros/galactic /usr/bin/cmake --install /home/rob/praktikum_ws/build/robprakt_interfaces
