[0.024s] Invoking command in '/home/praktikum4/praktikum_ws/build/vrpn_client_ros': CMAKE_PREFIX_PATH=${CMAKE_PREFIX_PATH}:/home/praktikum4/praktikum_ws/install/robprakt:/home/praktikum4/ws_moveit2/install/moveit_configs_utils:/home/praktikum4/ws_moveit2/install/launch_param_builder:/opt/ros/galactic /usr/bin/cmake --build /home/praktikum4/praktikum_ws/build/vrpn_client_ros -- -j12 -l12
[0.092s] [ 42%] Built target vrpn_client_ros
[0.122s] [ 71%] Built target vrpn_client_node
[0.123s] [100%] Built target vrpn_tracker_node
[0.133s] Invoked command in '/home/praktikum4/praktikum_ws/build/vrpn_client_ros' returned '0': CMAKE_PREFIX_PATH=${CMAKE_PREFIX_PATH}:/home/praktikum4/praktikum_ws/install/robprakt:/home/praktikum4/ws_moveit2/install/moveit_configs_utils:/home/praktikum4/ws_moveit2/install/launch_param_builder:/opt/ros/galactic /usr/bin/cmake --build /home/praktikum4/praktikum_ws/build/vrpn_client_ros -- -j12 -l12
[0.165s] Invoking command in '/home/praktikum4/praktikum_ws/build/vrpn_client_ros': CMAKE_PREFIX_PATH=${CMAKE_PREFIX_PATH}:/home/praktikum4/praktikum_ws/install/robprakt:/home/praktikum4/ws_moveit2/install/moveit_configs_utils:/home/praktikum4/ws_moveit2/install/launch_param_builder:/opt/ros/galactic /usr/bin/cmake --install /home/praktikum4/praktikum_ws/build/vrpn_client_ros
[0.173s] -- Install configuration: ""
[0.173s] -- Up-to-date: /home/praktikum4/praktikum_ws/install/vrpn_client_ros/share/vrpn_client_ros//launch
[0.173s] -- Up-to-date: /home/praktikum4/praktikum_ws/install/vrpn_client_ros/share/vrpn_client_ros//launch/sample.launch.py
[0.173s] -- Up-to-date: /home/praktikum4/praktikum_ws/install/vrpn_client_ros/share/vrpn_client_ros//config
[0.173s] -- Up-to-date: /home/praktikum4/praktikum_ws/install/vrpn_client_ros/share/vrpn_client_ros//config/sample.params.yaml~
[0.173s] -- Up-to-date: /home/praktikum4/praktikum_ws/install/vrpn_client_ros/share/vrpn_client_ros//config/rob_optitrack.params.yaml
[0.173s] -- Up-to-date: /home/praktikum4/praktikum_ws/install/vrpn_client_ros/share/vrpn_client_ros//config/sample.params.yaml
[0.173s] -- Up-to-date: /home/praktikum4/praktikum_ws/install/vrpn_client_ros/lib/libvrpn_client_ros.a
[0.174s] -- Up-to-date: /home/praktikum4/praktikum_ws/install/vrpn_client_ros/lib/vrpn_client_ros/vrpn_tracker_node
[0.174s] -- Up-to-date: /home/praktikum4/praktikum_ws/install/vrpn_client_ros/lib/vrpn_client_ros/vrpn_client_node
[0.174s] -- Up-to-date: /home/praktikum4/praktikum_ws/install/vrpn_client_ros/share/ament_index/resource_index/package_run_dependencies/vrpn_client_ros
[0.175s] -- Up-to-date: /home/praktikum4/praktikum_ws/install/vrpn_client_ros/share/ament_index/resource_index/parent_prefix_path/vrpn_client_ros
[0.175s] -- Up-to-date: /home/praktikum4/praktikum_ws/install/vrpn_client_ros/share/vrpn_client_ros/environment/ament_prefix_path.sh
[0.175s] -- Up-to-date: /home/praktikum4/praktikum_ws/install/vrpn_client_ros/share/vrpn_client_ros/environment/ament_prefix_path.dsv
[0.175s] -- Up-to-date: /home/praktikum4/praktikum_ws/install/vrpn_client_ros/share/vrpn_client_ros/environment/path.sh
[0.175s] -- Up-to-date: /home/praktikum4/praktikum_ws/install/vrpn_client_ros/share/vrpn_client_ros/environment/path.dsv
[0.175s] -- Up-to-date: /home/praktikum4/praktikum_ws/install/vrpn_client_ros/share/vrpn_client_ros/local_setup.bash
[0.175s] -- Up-to-date: /home/praktikum4/praktikum_ws/install/vrpn_client_ros/share/vrpn_client_ros/local_setup.sh
[0.175s] -- Up-to-date: /home/praktikum4/praktikum_ws/install/vrpn_client_ros/share/vrpn_client_ros/local_setup.zsh
[0.175s] -- Up-to-date: /home/praktikum4/praktikum_ws/install/vrpn_client_ros/share/vrpn_client_ros/local_setup.dsv
[0.175s] -- Installing: /home/praktikum4/praktikum_ws/install/vrpn_client_ros/share/vrpn_client_ros/package.dsv
[0.175s] -- Up-to-date: /home/praktikum4/praktikum_ws/install/vrpn_client_ros/share/ament_index/resource_index/packages/vrpn_client_ros
[0.175s] -- Up-to-date: /home/praktikum4/praktikum_ws/install/vrpn_client_ros/share/vrpn_client_ros/cmake/vrpn_client_rosConfig.cmake
[0.175s] -- Up-to-date: /home/praktikum4/praktikum_ws/install/vrpn_client_ros/share/vrpn_client_ros/cmake/vrpn_client_rosConfig-version.cmake
[0.175s] -- Up-to-date: /home/praktikum4/praktikum_ws/install/vrpn_client_ros/share/vrpn_client_ros/package.xml
[0.177s] Invoked command in '/home/praktikum4/praktikum_ws/build/vrpn_client_ros' returned '0': CMAKE_PREFIX_PATH=${CMAKE_PREFIX_PATH}:/home/praktikum4/praktikum_ws/install/robprakt:/home/praktikum4/ws_moveit2/install/moveit_configs_utils:/home/praktikum4/ws_moveit2/install/launch_param_builder:/opt/ros/galactic /usr/bin/cmake --install /home/praktikum4/praktikum_ws/build/vrpn_client_ros
