[0.096s] DEBUG:colcon:Command line arguments: ['/usr/bin/colcon', 'build']
[0.096s] DEBUG:colcon:Parsed command line arguments: Namespace(allow_overriding=[], ament_cmake_args=None, base_paths=['.'], build_base='build', catkin_cmake_args=None, catkin_skip_building_tests=False, cmake_args=None, cmake_clean_cache=False, cmake_clean_first=False, cmake_force_configure=False, cmake_target=None, cmake_target_skip_unavailable=False, continue_on_error=False, event_handlers=None, executor='parallel', ignore_user_meta=False, install_base='install', log_base=None, log_level=None, main=<bound method BuildVerb.main of <colcon_core.verb.build.BuildVerb object at 0x7fa848beac10>>, merge_install=False, metas=['./colcon.meta'], mixin=None, mixin_files=None, mixin_verb=('build',), packages_above=None, packages_above_and_dependencies=None, packages_above_depth=None, packages_end=None, packages_ignore=None, packages_ignore_regex=None, packages_select=None, packages_select_build_failed=False, packages_select_by_dep=None, packages_select_regex=None, packages_select_test_failures=False, packages_skip=None, packages_skip_build_finished=False, packages_skip_by_dep=None, packages_skip_regex=None, packages_skip_test_passed=False, packages_skip_up_to=None, packages_start=None, packages_up_to=None, packages_up_to_regex=None, parallel_workers=12, paths=None, symlink_install=False, test_result_base=None, verb_extension=<colcon_core.verb.build.BuildVerb object at 0x7fa848beac10>, verb_name='build', verb_parser=<colcon_mixin.mixin.mixin_argument.MixinArgumentDecorator object at 0x7fa848b75220>)
[0.108s] Level 1:colcon.colcon_core.package_discovery:discover_packages(colcon_meta) check parameters
[0.108s] Level 1:colcon.colcon_core.package_discovery:discover_packages(recursive) check parameters
[0.108s] Level 1:colcon.colcon_core.package_discovery:discover_packages(ignore) check parameters
[0.109s] Level 1:colcon.colcon_core.package_discovery:discover_packages(path) check parameters
[0.109s] Level 1:colcon.colcon_core.package_discovery:discover_packages(colcon_meta) discover
[0.109s] Level 1:colcon.colcon_core.package_discovery:discover_packages(recursive) discover
[0.109s] INFO:colcon.colcon_core.package_discovery:Crawling recursively for packages in '/home/praktikum4/praktikum_ws'
[0.109s] Level 1:colcon.colcon_core.package_identification:_identify(.) by extensions ['ignore', 'ignore_ament_install']
[0.109s] Level 1:colcon.colcon_core.package_identification:_identify(.) by extension 'ignore'
[0.109s] Level 1:colcon.colcon_core.package_identification:_identify(.) by extension 'ignore_ament_install'
[0.109s] Level 1:colcon.colcon_core.package_identification:_identify(.) by extensions ['colcon_pkg']
[0.109s] Level 1:colcon.colcon_core.package_identification:_identify(.) by extension 'colcon_pkg'
[0.109s] Level 1:colcon.colcon_core.package_identification:_identify(.) by extensions ['colcon_meta']
[0.109s] Level 1:colcon.colcon_core.package_identification:_identify(.) by extension 'colcon_meta'
[0.109s] Level 1:colcon.colcon_core.package_identification:_identify(.) by extensions ['ros']
[0.109s] Level 1:colcon.colcon_core.package_identification:_identify(.) by extension 'ros'
[0.119s] Level 1:colcon.colcon_core.package_identification:_identify(.) by extensions ['cmake', 'python']
[0.119s] Level 1:colcon.colcon_core.package_identification:_identify(.) by extension 'cmake'
[0.119s] Level 1:colcon.colcon_core.package_identification:_identify(.) by extension 'python'
[0.119s] Level 1:colcon.colcon_core.package_identification:_identify(.) by extensions ['python_setup_py']
[0.119s] Level 1:colcon.colcon_core.package_identification:_identify(.) by extension 'python_setup_py'
[0.119s] Level 1:colcon.colcon_core.package_identification:_identify(build) by extensions ['ignore', 'ignore_ament_install']
[0.119s] Level 1:colcon.colcon_core.package_identification:_identify(build) by extension 'ignore'
[0.119s] Level 1:colcon.colcon_core.package_identification:_identify(build) ignored
[0.120s] Level 1:colcon.colcon_core.package_identification:_identify(install) by extensions ['ignore', 'ignore_ament_install']
[0.120s] Level 1:colcon.colcon_core.package_identification:_identify(install) by extension 'ignore'
[0.120s] Level 1:colcon.colcon_core.package_identification:_identify(install) ignored
[0.120s] Level 1:colcon.colcon_core.package_identification:_identify(log) by extensions ['ignore', 'ignore_ament_install']
[0.120s] Level 1:colcon.colcon_core.package_identification:_identify(log) by extension 'ignore'
[0.120s] Level 1:colcon.colcon_core.package_identification:_identify(log) ignored
[0.120s] Level 1:colcon.colcon_core.package_identification:_identify(src) by extensions ['ignore', 'ignore_ament_install']
[0.120s] Level 1:colcon.colcon_core.package_identification:_identify(src) by extension 'ignore'
[0.120s] Level 1:colcon.colcon_core.package_identification:_identify(src) by extension 'ignore_ament_install'
[0.120s] Level 1:colcon.colcon_core.package_identification:_identify(src) by extensions ['colcon_pkg']
[0.120s] Level 1:colcon.colcon_core.package_identification:_identify(src) by extension 'colcon_pkg'
[0.120s] Level 1:colcon.colcon_core.package_identification:_identify(src) by extensions ['colcon_meta']
[0.120s] Level 1:colcon.colcon_core.package_identification:_identify(src) by extension 'colcon_meta'
[0.120s] Level 1:colcon.colcon_core.package_identification:_identify(src) by extensions ['ros']
[0.120s] Level 1:colcon.colcon_core.package_identification:_identify(src) by extension 'ros'
[0.120s] Level 1:colcon.colcon_core.package_identification:_identify(src) by extensions ['cmake', 'python']
[0.120s] Level 1:colcon.colcon_core.package_identification:_identify(src) by extension 'cmake'
[0.120s] Level 1:colcon.colcon_core.package_identification:_identify(src) by extension 'python'
[0.120s] Level 1:colcon.colcon_core.package_identification:_identify(src) by extensions ['python_setup_py']
[0.120s] Level 1:colcon.colcon_core.package_identification:_identify(src) by extension 'python_setup_py'
[0.120s] Level 1:colcon.colcon_core.package_identification:_identify(src/pymoveit2) by extensions ['ignore', 'ignore_ament_install']
[0.120s] Level 1:colcon.colcon_core.package_identification:_identify(src/pymoveit2) by extension 'ignore'
[0.120s] Level 1:colcon.colcon_core.package_identification:_identify(src/pymoveit2) by extension 'ignore_ament_install'
[0.120s] Level 1:colcon.colcon_core.package_identification:_identify(src/pymoveit2) by extensions ['colcon_pkg']
[0.120s] Level 1:colcon.colcon_core.package_identification:_identify(src/pymoveit2) by extension 'colcon_pkg'
[0.120s] Level 1:colcon.colcon_core.package_identification:_identify(src/pymoveit2) by extensions ['colcon_meta']
[0.120s] Level 1:colcon.colcon_core.package_identification:_identify(src/pymoveit2) by extension 'colcon_meta'
[0.120s] Level 1:colcon.colcon_core.package_identification:_identify(src/pymoveit2) by extensions ['ros']
[0.120s] Level 1:colcon.colcon_core.package_identification:_identify(src/pymoveit2) by extension 'ros'
[0.122s] DEBUG:colcon.colcon_core.package_identification:Package 'src/pymoveit2' with type 'ros.ament_cmake' and name 'pymoveit2'
[0.122s] Level 1:colcon.colcon_core.package_identification:_identify(src/robprakt) by extensions ['ignore', 'ignore_ament_install']
[0.122s] Level 1:colcon.colcon_core.package_identification:_identify(src/robprakt) by extension 'ignore'
[0.122s] Level 1:colcon.colcon_core.package_identification:_identify(src/robprakt) by extension 'ignore_ament_install'
[0.122s] Level 1:colcon.colcon_core.package_identification:_identify(src/robprakt) by extensions ['colcon_pkg']
[0.122s] Level 1:colcon.colcon_core.package_identification:_identify(src/robprakt) by extension 'colcon_pkg'
[0.122s] Level 1:colcon.colcon_core.package_identification:_identify(src/robprakt) by extensions ['colcon_meta']
[0.122s] Level 1:colcon.colcon_core.package_identification:_identify(src/robprakt) by extension 'colcon_meta'
[0.122s] Level 1:colcon.colcon_core.package_identification:_identify(src/robprakt) by extensions ['ros']
[0.122s] Level 1:colcon.colcon_core.package_identification:_identify(src/robprakt) by extension 'ros'
[0.122s] DEBUG:colcon.colcon_core.package_identification:Package 'src/robprakt' with type 'ros.ament_python' and name 'robprakt'
[0.122s] Level 1:colcon.colcon_core.package_identification:_identify(src/robprakt_interfaces) by extensions ['ignore', 'ignore_ament_install']
[0.122s] Level 1:colcon.colcon_core.package_identification:_identify(src/robprakt_interfaces) by extension 'ignore'
[0.122s] Level 1:colcon.colcon_core.package_identification:_identify(src/robprakt_interfaces) by extension 'ignore_ament_install'
[0.122s] Level 1:colcon.colcon_core.package_identification:_identify(src/robprakt_interfaces) by extensions ['colcon_pkg']
[0.122s] Level 1:colcon.colcon_core.package_identification:_identify(src/robprakt_interfaces) by extension 'colcon_pkg'
[0.122s] Level 1:colcon.colcon_core.package_identification:_identify(src/robprakt_interfaces) by extensions ['colcon_meta']
[0.122s] Level 1:colcon.colcon_core.package_identification:_identify(src/robprakt_interfaces) by extension 'colcon_meta'
[0.122s] Level 1:colcon.colcon_core.package_identification:_identify(src/robprakt_interfaces) by extensions ['ros']
[0.122s] Level 1:colcon.colcon_core.package_identification:_identify(src/robprakt_interfaces) by extension 'ros'
[0.123s] DEBUG:colcon.colcon_core.package_identification:Package 'src/robprakt_interfaces' with type 'ros.ament_cmake' and name 'robprakt_interfaces'
[0.123s] Level 1:colcon.colcon_core.package_identification:_identify(src/vrpn-release) by extensions ['ignore', 'ignore_ament_install']
[0.123s] Level 1:colcon.colcon_core.package_identification:_identify(src/vrpn-release) by extension 'ignore'
[0.123s] Level 1:colcon.colcon_core.package_identification:_identify(src/vrpn-release) by extension 'ignore_ament_install'
[0.123s] Level 1:colcon.colcon_core.package_identification:_identify(src/vrpn-release) by extensions ['colcon_pkg']
[0.123s] Level 1:colcon.colcon_core.package_identification:_identify(src/vrpn-release) by extension 'colcon_pkg'
[0.123s] Level 1:colcon.colcon_core.package_identification:_identify(src/vrpn-release) by extensions ['colcon_meta']
[0.123s] Level 1:colcon.colcon_core.package_identification:_identify(src/vrpn-release) by extension 'colcon_meta'
[0.123s] Level 1:colcon.colcon_core.package_identification:_identify(src/vrpn-release) by extensions ['ros']
[0.123s] Level 1:colcon.colcon_core.package_identification:_identify(src/vrpn-release) by extension 'ros'
[0.123s] DEBUG:colcon.colcon_core.package_identification:Package 'src/vrpn-release' with type 'ros.cmake' and name 'vrpn'
[0.123s] Level 1:colcon.colcon_core.package_identification:_identify(src/vrpn_client_ros2) by extensions ['ignore', 'ignore_ament_install']
[0.123s] Level 1:colcon.colcon_core.package_identification:_identify(src/vrpn_client_ros2) by extension 'ignore'
[0.123s] Level 1:colcon.colcon_core.package_identification:_identify(src/vrpn_client_ros2) by extension 'ignore_ament_install'
[0.124s] Level 1:colcon.colcon_core.package_identification:_identify(src/vrpn_client_ros2) by extensions ['colcon_pkg']
[0.124s] Level 1:colcon.colcon_core.package_identification:_identify(src/vrpn_client_ros2) by extension 'colcon_pkg'
[0.124s] Level 1:colcon.colcon_core.package_identification:_identify(src/vrpn_client_ros2) by extensions ['colcon_meta']
[0.124s] Level 1:colcon.colcon_core.package_identification:_identify(src/vrpn_client_ros2) by extension 'colcon_meta'
[0.124s] Level 1:colcon.colcon_core.package_identification:_identify(src/vrpn_client_ros2) by extensions ['ros']
[0.124s] Level 1:colcon.colcon_core.package_identification:_identify(src/vrpn_client_ros2) by extension 'ros'
[0.124s] DEBUG:colcon.colcon_core.package_identification:Package 'src/vrpn_client_ros2' with type 'ros.ament_cmake' and name 'vrpn_client_ros'
[0.124s] Level 1:colcon.colcon_core.package_discovery:discover_packages(recursive) using defaults
[0.124s] Level 1:colcon.colcon_core.package_discovery:discover_packages(ignore) discover
[0.124s] Level 1:colcon.colcon_core.package_discovery:discover_packages(ignore) using defaults
[0.124s] Level 1:colcon.colcon_core.package_discovery:discover_packages(path) discover
[0.124s] Level 1:colcon.colcon_core.package_discovery:discover_packages(path) using defaults
[0.135s] Level 1:colcon.colcon_core.package_discovery:discover_packages(prefix_path) check parameters
[0.135s] Level 1:colcon.colcon_core.package_discovery:discover_packages(prefix_path) discover
[0.137s] DEBUG:colcon.colcon_installed_package_information.package_discovery:Found 5 installed packages in /home/praktikum4/praktikum_ws/install
[0.138s] DEBUG:colcon.colcon_installed_package_information.package_discovery:Found 45 installed packages in /home/praktikum4/ws_moveit2/install
[0.140s] DEBUG:colcon.colcon_installed_package_information.package_discovery:Found 353 installed packages in /opt/ros/galactic
[0.141s] Level 1:colcon.colcon_core.package_discovery:discover_packages(prefix_path) using defaults
[0.184s] Level 5:colcon.colcon_core.verb:set package 'pymoveit2' build argument 'cmake_args' from command line to 'None'
[0.184s] Level 5:colcon.colcon_core.verb:set package 'pymoveit2' build argument 'cmake_target' from command line to 'None'
[0.184s] Level 5:colcon.colcon_core.verb:set package 'pymoveit2' build argument 'cmake_target_skip_unavailable' from command line to 'False'
[0.184s] Level 5:colcon.colcon_core.verb:set package 'pymoveit2' build argument 'cmake_clean_cache' from command line to 'False'
[0.184s] Level 5:colcon.colcon_core.verb:set package 'pymoveit2' build argument 'cmake_clean_first' from command line to 'False'
[0.184s] Level 5:colcon.colcon_core.verb:set package 'pymoveit2' build argument 'cmake_force_configure' from command line to 'False'
[0.184s] Level 5:colcon.colcon_core.verb:set package 'pymoveit2' build argument 'ament_cmake_args' from command line to 'None'
[0.184s] Level 5:colcon.colcon_core.verb:set package 'pymoveit2' build argument 'catkin_cmake_args' from command line to 'None'
[0.184s] Level 5:colcon.colcon_core.verb:set package 'pymoveit2' build argument 'catkin_skip_building_tests' from command line to 'False'
[0.184s] DEBUG:colcon.colcon_core.verb:Building package 'pymoveit2' with the following arguments: {'ament_cmake_args': None, 'build_base': '/home/praktikum4/praktikum_ws/build/pymoveit2', 'catkin_cmake_args': None, 'catkin_skip_building_tests': False, 'cmake_args': None, 'cmake_clean_cache': False, 'cmake_clean_first': False, 'cmake_force_configure': False, 'cmake_target': None, 'cmake_target_skip_unavailable': False, 'install_base': '/home/praktikum4/praktikum_ws/install/pymoveit2', 'merge_install': False, 'path': '/home/praktikum4/praktikum_ws/src/pymoveit2', 'symlink_install': False, 'test_result_base': None}
[0.185s] Level 5:colcon.colcon_core.verb:set package 'robprakt_interfaces' build argument 'cmake_args' from command line to 'None'
[0.185s] Level 5:colcon.colcon_core.verb:set package 'robprakt_interfaces' build argument 'cmake_target' from command line to 'None'
[0.185s] Level 5:colcon.colcon_core.verb:set package 'robprakt_interfaces' build argument 'cmake_target_skip_unavailable' from command line to 'False'
[0.185s] Level 5:colcon.colcon_core.verb:set package 'robprakt_interfaces' build argument 'cmake_clean_cache' from command line to 'False'
[0.185s] Level 5:colcon.colcon_core.verb:set package 'robprakt_interfaces' build argument 'cmake_clean_first' from command line to 'False'
[0.185s] Level 5:colcon.colcon_core.verb:set package 'robprakt_interfaces' build argument 'cmake_force_configure' from command line to 'False'
[0.185s] Level 5:colcon.colcon_core.verb:set package 'robprakt_interfaces' build argument 'ament_cmake_args' from command line to 'None'
[0.185s] Level 5:colcon.colcon_core.verb:set package 'robprakt_interfaces' build argument 'catkin_cmake_args' from command line to 'None'
[0.185s] Level 5:colcon.colcon_core.verb:set package 'robprakt_interfaces' build argument 'catkin_skip_building_tests' from command line to 'False'
[0.185s] DEBUG:colcon.colcon_core.verb:Building package 'robprakt_interfaces' with the following arguments: {'ament_cmake_args': None, 'build_base': '/home/praktikum4/praktikum_ws/build/robprakt_interfaces', 'catkin_cmake_args': None, 'catkin_skip_building_tests': False, 'cmake_args': None, 'cmake_clean_cache': False, 'cmake_clean_first': False, 'cmake_force_configure': False, 'cmake_target': None, 'cmake_target_skip_unavailable': False, 'install_base': '/home/praktikum4/praktikum_ws/install/robprakt_interfaces', 'merge_install': False, 'path': '/home/praktikum4/praktikum_ws/src/robprakt_interfaces', 'symlink_install': False, 'test_result_base': None}
[0.185s] Level 5:colcon.colcon_core.verb:set package 'vrpn' build argument 'cmake_args' from command line to 'None'
[0.185s] Level 5:colcon.colcon_core.verb:set package 'vrpn' build argument 'cmake_target' from command line to 'None'
[0.185s] Level 5:colcon.colcon_core.verb:set package 'vrpn' build argument 'cmake_target_skip_unavailable' from command line to 'False'
[0.185s] Level 5:colcon.colcon_core.verb:set package 'vrpn' build argument 'cmake_clean_cache' from command line to 'False'
[0.185s] Level 5:colcon.colcon_core.verb:set package 'vrpn' build argument 'cmake_clean_first' from command line to 'False'
[0.185s] Level 5:colcon.colcon_core.verb:set package 'vrpn' build argument 'cmake_force_configure' from command line to 'False'
[0.185s] Level 5:colcon.colcon_core.verb:set package 'vrpn' build argument 'ament_cmake_args' from command line to 'None'
[0.185s] Level 5:colcon.colcon_core.verb:set package 'vrpn' build argument 'catkin_cmake_args' from command line to 'None'
[0.185s] Level 5:colcon.colcon_core.verb:set package 'vrpn' build argument 'catkin_skip_building_tests' from command line to 'False'
[0.185s] DEBUG:colcon.colcon_core.verb:Building package 'vrpn' with the following arguments: {'ament_cmake_args': None, 'build_base': '/home/praktikum4/praktikum_ws/build/vrpn', 'catkin_cmake_args': None, 'catkin_skip_building_tests': False, 'cmake_args': None, 'cmake_clean_cache': False, 'cmake_clean_first': False, 'cmake_force_configure': False, 'cmake_target': None, 'cmake_target_skip_unavailable': False, 'install_base': '/home/praktikum4/praktikum_ws/install/vrpn', 'merge_install': False, 'path': '/home/praktikum4/praktikum_ws/src/vrpn-release', 'symlink_install': False, 'test_result_base': None}
[0.186s] Level 5:colcon.colcon_core.verb:set package 'vrpn_client_ros' build argument 'cmake_args' from command line to 'None'
[0.186s] Level 5:colcon.colcon_core.verb:set package 'vrpn_client_ros' build argument 'cmake_target' from command line to 'None'
[0.186s] Level 5:colcon.colcon_core.verb:set package 'vrpn_client_ros' build argument 'cmake_target_skip_unavailable' from command line to 'False'
[0.186s] Level 5:colcon.colcon_core.verb:set package 'vrpn_client_ros' build argument 'cmake_clean_cache' from command line to 'False'
[0.186s] Level 5:colcon.colcon_core.verb:set package 'vrpn_client_ros' build argument 'cmake_clean_first' from command line to 'False'
[0.186s] Level 5:colcon.colcon_core.verb:set package 'vrpn_client_ros' build argument 'cmake_force_configure' from command line to 'False'
[0.186s] Level 5:colcon.colcon_core.verb:set package 'vrpn_client_ros' build argument 'ament_cmake_args' from command line to 'None'
[0.186s] Level 5:colcon.colcon_core.verb:set package 'vrpn_client_ros' build argument 'catkin_cmake_args' from command line to 'None'
[0.186s] Level 5:colcon.colcon_core.verb:set package 'vrpn_client_ros' build argument 'catkin_skip_building_tests' from command line to 'False'
[0.186s] DEBUG:colcon.colcon_core.verb:Building package 'vrpn_client_ros' with the following arguments: {'ament_cmake_args': None, 'build_base': '/home/praktikum4/praktikum_ws/build/vrpn_client_ros', 'catkin_cmake_args': None, 'catkin_skip_building_tests': False, 'cmake_args': None, 'cmake_clean_cache': False, 'cmake_clean_first': False, 'cmake_force_configure': False, 'cmake_target': None, 'cmake_target_skip_unavailable': False, 'install_base': '/home/praktikum4/praktikum_ws/install/vrpn_client_ros', 'merge_install': False, 'path': '/home/praktikum4/praktikum_ws/src/vrpn_client_ros2', 'symlink_install': False, 'test_result_base': None}
[0.186s] Level 5:colcon.colcon_core.verb:set package 'robprakt' build argument 'cmake_args' from command line to 'None'
[0.186s] Level 5:colcon.colcon_core.verb:set package 'robprakt' build argument 'cmake_target' from command line to 'None'
[0.186s] Level 5:colcon.colcon_core.verb:set package 'robprakt' build argument 'cmake_target_skip_unavailable' from command line to 'False'
[0.186s] Level 5:colcon.colcon_core.verb:set package 'robprakt' build argument 'cmake_clean_cache' from command line to 'False'
[0.186s] Level 5:colcon.colcon_core.verb:set package 'robprakt' build argument 'cmake_clean_first' from command line to 'False'
[0.186s] Level 5:colcon.colcon_core.verb:set package 'robprakt' build argument 'cmake_force_configure' from command line to 'False'
[0.186s] Level 5:colcon.colcon_core.verb:set package 'robprakt' build argument 'ament_cmake_args' from command line to 'None'
[0.186s] Level 5:colcon.colcon_core.verb:set package 'robprakt' build argument 'catkin_cmake_args' from command line to 'None'
[0.186s] Level 5:colcon.colcon_core.verb:set package 'robprakt' build argument 'catkin_skip_building_tests' from command line to 'False'
[0.186s] DEBUG:colcon.colcon_core.verb:Building package 'robprakt' with the following arguments: {'ament_cmake_args': None, 'build_base': '/home/praktikum4/praktikum_ws/build/robprakt', 'catkin_cmake_args': None, 'catkin_skip_building_tests': False, 'cmake_args': None, 'cmake_clean_cache': False, 'cmake_clean_first': False, 'cmake_force_configure': False, 'cmake_target': None, 'cmake_target_skip_unavailable': False, 'install_base': '/home/praktikum4/praktikum_ws/install/robprakt', 'merge_install': False, 'path': '/home/praktikum4/praktikum_ws/src/robprakt', 'symlink_install': False, 'test_result_base': None}
[0.187s] INFO:colcon.colcon_core.executor:Executing jobs using 'parallel' executor
[0.189s] DEBUG:colcon.colcon_parallel_executor.executor.parallel:run_until_complete
[0.189s] INFO:colcon.colcon_ros.task.ament_cmake.build:Building ROS package in '/home/praktikum4/praktikum_ws/src/robprakt_interfaces' with build type 'ament_cmake'
[0.189s] INFO:colcon.colcon_cmake.task.cmake.build:Building CMake package in '/home/praktikum4/praktikum_ws/src/robprakt_interfaces'
[0.191s] INFO:colcon.colcon_core.plugin_system:Skipping extension 'colcon_core.shell.bat': Not used on non-Windows systems
[0.191s] INFO:colcon.colcon_core.shell:Skip shell extension 'powershell' for command environment: Not usable outside of PowerShell
[0.191s] DEBUG:colcon.colcon_core.shell:Skip shell extension 'dsv' for command environment
[0.196s] INFO:colcon.colcon_ros.task.ament_cmake.build:Building ROS package in '/home/praktikum4/praktikum_ws/src/pymoveit2' with build type 'ament_cmake'
[0.196s] INFO:colcon.colcon_cmake.task.cmake.build:Building CMake package in '/home/praktikum4/praktikum_ws/src/pymoveit2'
[0.197s] INFO:colcon.colcon_core.shell:Skip shell extension 'powershell' for command environment: Not usable outside of PowerShell
[0.197s] DEBUG:colcon.colcon_core.shell:Skip shell extension 'dsv' for command environment
[0.202s] INFO:colcon.colcon_ros.task.cmake.build:Building ROS package in '/home/praktikum4/praktikum_ws/src/vrpn-release' with build type 'cmake'
[0.202s] INFO:colcon.colcon_cmake.task.cmake.build:Building CMake package in '/home/praktikum4/praktikum_ws/src/vrpn-release'
[0.203s] INFO:colcon.colcon_core.shell:Skip shell extension 'powershell' for command environment: Not usable outside of PowerShell
[0.203s] DEBUG:colcon.colcon_core.shell:Skip shell extension 'dsv' for command environment
[0.208s] INFO:colcon.colcon_ros.task.ament_cmake.build:Building ROS package in '/home/praktikum4/praktikum_ws/src/vrpn_client_ros2' with build type 'ament_cmake'
[0.208s] INFO:colcon.colcon_cmake.task.cmake.build:Building CMake package in '/home/praktikum4/praktikum_ws/src/vrpn_client_ros2'
[0.209s] INFO:colcon.colcon_core.shell:Skip shell extension 'powershell' for command environment: Not usable outside of PowerShell
[0.209s] DEBUG:colcon.colcon_core.shell:Skip shell extension 'dsv' for command environment
[0.218s] DEBUG:colcon.colcon_core.event_handler.log_command:Invoking command in '/home/praktikum4/praktikum_ws/build/robprakt_interfaces': CMAKE_PREFIX_PATH=${CMAKE_PREFIX_PATH}:/home/praktikum4/praktikum_ws/install/robprakt:/home/praktikum4/ws_moveit2/install/moveit_configs_utils:/home/praktikum4/ws_moveit2/install/launch_param_builder:/opt/ros/galactic /usr/bin/cmake --build /home/praktikum4/praktikum_ws/build/robprakt_interfaces -- -j12 -l12
[0.220s] DEBUG:colcon.colcon_core.event_handler.log_command:Invoking command in '/home/praktikum4/praktikum_ws/build/pymoveit2': CMAKE_PREFIX_PATH=${CMAKE_PREFIX_PATH}:/home/praktikum4/praktikum_ws/install/robprakt:/home/praktikum4/ws_moveit2/install/moveit_configs_utils:/home/praktikum4/ws_moveit2/install/launch_param_builder:/opt/ros/galactic /usr/bin/cmake --build /home/praktikum4/praktikum_ws/build/pymoveit2 -- -j12 -l12
[0.223s] DEBUG:colcon.colcon_core.event_handler.log_command:Invoking command in '/home/praktikum4/praktikum_ws/build/vrpn': CMAKE_PREFIX_PATH=${CMAKE_PREFIX_PATH}:/home/praktikum4/praktikum_ws/install/robprakt:/home/praktikum4/ws_moveit2/install/moveit_configs_utils:/home/praktikum4/ws_moveit2/install/launch_param_builder:/opt/ros/galactic /usr/bin/cmake --build /home/praktikum4/praktikum_ws/build/vrpn -- -j12 -l12
[0.227s] DEBUG:colcon.colcon_core.event_handler.log_command:Invoking command in '/home/praktikum4/praktikum_ws/build/vrpn_client_ros': CMAKE_PREFIX_PATH=${CMAKE_PREFIX_PATH}:/home/praktikum4/praktikum_ws/install/robprakt:/home/praktikum4/ws_moveit2/install/moveit_configs_utils:/home/praktikum4/ws_moveit2/install/launch_param_builder:/opt/ros/galactic /usr/bin/cmake /home/praktikum4/praktikum_ws/src/vrpn_client_ros2 -DCMAKE_INSTALL_PREFIX=/home/praktikum4/praktikum_ws/install/vrpn_client_ros
[0.571s] DEBUG:colcon.colcon_core.event_handler.log_command:Invoked command in '/home/praktikum4/praktikum_ws/build/pymoveit2' returned '0': CMAKE_PREFIX_PATH=${CMAKE_PREFIX_PATH}:/home/praktikum4/praktikum_ws/install/robprakt:/home/praktikum4/ws_moveit2/install/moveit_configs_utils:/home/praktikum4/ws_moveit2/install/launch_param_builder:/opt/ros/galactic /usr/bin/cmake --build /home/praktikum4/praktikum_ws/build/pymoveit2 -- -j12 -l12
[0.805s] DEBUG:colcon.colcon_core.event_handler.log_command:Invoking command in '/home/praktikum4/praktikum_ws/build/pymoveit2': CMAKE_PREFIX_PATH=${CMAKE_PREFIX_PATH}:/home/praktikum4/praktikum_ws/install/robprakt:/home/praktikum4/ws_moveit2/install/moveit_configs_utils:/home/praktikum4/ws_moveit2/install/launch_param_builder:/opt/ros/galactic /usr/bin/cmake --install /home/praktikum4/praktikum_ws/build/pymoveit2
[0.884s] Level 1:colcon.colcon_core.environment:create_environment_scripts_only(pymoveit2)
[0.885s] DEBUG:colcon.colcon_core.event_handler.log_command:Invoked command in '/home/praktikum4/praktikum_ws/build/pymoveit2' returned '0': CMAKE_PREFIX_PATH=${CMAKE_PREFIX_PATH}:/home/praktikum4/praktikum_ws/install/robprakt:/home/praktikum4/ws_moveit2/install/moveit_configs_utils:/home/praktikum4/ws_moveit2/install/launch_param_builder:/opt/ros/galactic /usr/bin/cmake --install /home/praktikum4/praktikum_ws/build/pymoveit2
[0.889s] Level 1:colcon.colcon_core.environment:checking '/home/praktikum4/praktikum_ws/install/pymoveit2' for CMake module files
[0.890s] Level 1:colcon.colcon_core.environment:checking '/home/praktikum4/praktikum_ws/install/pymoveit2' for CMake config files
[0.890s] Level 1:colcon.colcon_core.shell:create_environment_hook('pymoveit2', 'cmake_prefix_path')
[0.891s] INFO:colcon.colcon_core.shell:Creating environment hook '/home/praktikum4/praktikum_ws/install/pymoveit2/share/pymoveit2/hook/cmake_prefix_path.ps1'
[0.892s] INFO:colcon.colcon_core.shell:Creating environment descriptor '/home/praktikum4/praktikum_ws/install/pymoveit2/share/pymoveit2/hook/cmake_prefix_path.dsv'
[0.892s] INFO:colcon.colcon_core.shell:Creating environment hook '/home/praktikum4/praktikum_ws/install/pymoveit2/share/pymoveit2/hook/cmake_prefix_path.sh'
[0.893s] Level 1:colcon.colcon_core.environment:checking '/home/praktikum4/praktikum_ws/install/pymoveit2/lib'
[0.893s] Level 1:colcon.colcon_core.environment:checking '/home/praktikum4/praktikum_ws/install/pymoveit2/bin'
[0.893s] Level 1:colcon.colcon_core.environment:checking '/home/praktikum4/praktikum_ws/install/pymoveit2/lib/pkgconfig/pymoveit2.pc'
[0.893s] Level 1:colcon.colcon_core.environment:checking '/home/praktikum4/praktikum_ws/install/pymoveit2/lib/python3.8/site-packages'
[0.894s] Level 1:colcon.colcon_core.shell:create_environment_hook('pymoveit2', 'pythonpath')
[0.895s] INFO:colcon.colcon_core.shell:Creating environment hook '/home/praktikum4/praktikum_ws/install/pymoveit2/share/pymoveit2/hook/pythonpath.ps1'
[0.895s] INFO:colcon.colcon_core.shell:Creating environment descriptor '/home/praktikum4/praktikum_ws/install/pymoveit2/share/pymoveit2/hook/pythonpath.dsv'
[0.895s] INFO:colcon.colcon_core.shell:Creating environment hook '/home/praktikum4/praktikum_ws/install/pymoveit2/share/pymoveit2/hook/pythonpath.sh'
[0.896s] Level 1:colcon.colcon_core.environment:checking '/home/praktikum4/praktikum_ws/install/pymoveit2/bin'
[0.897s] INFO:colcon.colcon_core.shell:Creating package script '/home/praktikum4/praktikum_ws/install/pymoveit2/share/pymoveit2/package.ps1'
[0.898s] INFO:colcon.colcon_core.shell:Creating package descriptor '/home/praktikum4/praktikum_ws/install/pymoveit2/share/pymoveit2/package.dsv'
[0.899s] INFO:colcon.colcon_core.shell:Creating package script '/home/praktikum4/praktikum_ws/install/pymoveit2/share/pymoveit2/package.sh'
[0.900s] INFO:colcon.colcon_core.shell:Creating package script '/home/praktikum4/praktikum_ws/install/pymoveit2/share/pymoveit2/package.bash'
[0.900s] INFO:colcon.colcon_core.shell:Creating package script '/home/praktikum4/praktikum_ws/install/pymoveit2/share/pymoveit2/package.zsh'
[0.901s] Level 1:colcon.colcon_core.environment:create_file_with_runtime_dependencies(/home/praktikum4/praktikum_ws/install/pymoveit2/share/colcon-core/packages/pymoveit2)
[1.055s] Level 1:colcon.colcon_core.environment:create_environment_scripts_only(pymoveit2)
[1.057s] Level 1:colcon.colcon_core.environment:checking '/home/praktikum4/praktikum_ws/install/pymoveit2' for CMake module files
[1.057s] Level 1:colcon.colcon_core.environment:checking '/home/praktikum4/praktikum_ws/install/pymoveit2' for CMake config files
[1.057s] Level 1:colcon.colcon_core.shell:create_environment_hook('pymoveit2', 'cmake_prefix_path')
[1.058s] INFO:colcon.colcon_core.shell:Creating environment hook '/home/praktikum4/praktikum_ws/install/pymoveit2/share/pymoveit2/hook/cmake_prefix_path.ps1'
[1.059s] INFO:colcon.colcon_core.shell:Creating environment descriptor '/home/praktikum4/praktikum_ws/install/pymoveit2/share/pymoveit2/hook/cmake_prefix_path.dsv'
[1.059s] INFO:colcon.colcon_core.shell:Creating environment hook '/home/praktikum4/praktikum_ws/install/pymoveit2/share/pymoveit2/hook/cmake_prefix_path.sh'
[1.060s] Level 1:colcon.colcon_core.environment:checking '/home/praktikum4/praktikum_ws/install/pymoveit2/lib'
[1.060s] Level 1:colcon.colcon_core.environment:checking '/home/praktikum4/praktikum_ws/install/pymoveit2/bin'
[1.060s] Level 1:colcon.colcon_core.environment:checking '/home/praktikum4/praktikum_ws/install/pymoveit2/lib/pkgconfig/pymoveit2.pc'
[1.060s] Level 1:colcon.colcon_core.environment:checking '/home/praktikum4/praktikum_ws/install/pymoveit2/lib/python3.8/site-packages'
[1.060s] Level 1:colcon.colcon_core.shell:create_environment_hook('pymoveit2', 'pythonpath')
[1.061s] INFO:colcon.colcon_core.shell:Creating environment hook '/home/praktikum4/praktikum_ws/install/pymoveit2/share/pymoveit2/hook/pythonpath.ps1'
[1.062s] INFO:colcon.colcon_core.shell:Creating environment descriptor '/home/praktikum4/praktikum_ws/install/pymoveit2/share/pymoveit2/hook/pythonpath.dsv'
[1.062s] INFO:colcon.colcon_core.shell:Creating environment hook '/home/praktikum4/praktikum_ws/install/pymoveit2/share/pymoveit2/hook/pythonpath.sh'
[1.068s] Level 1:colcon.colcon_core.environment:checking '/home/praktikum4/praktikum_ws/install/pymoveit2/bin'
[1.070s] INFO:colcon.colcon_core.shell:Creating package script '/home/praktikum4/praktikum_ws/install/pymoveit2/share/pymoveit2/package.ps1'
[1.070s] INFO:colcon.colcon_core.shell:Creating package descriptor '/home/praktikum4/praktikum_ws/install/pymoveit2/share/pymoveit2/package.dsv'
[1.071s] INFO:colcon.colcon_core.shell:Creating package script '/home/praktikum4/praktikum_ws/install/pymoveit2/share/pymoveit2/package.sh'
[1.071s] INFO:colcon.colcon_core.shell:Creating package script '/home/praktikum4/praktikum_ws/install/pymoveit2/share/pymoveit2/package.bash'
[1.071s] INFO:colcon.colcon_core.shell:Creating package script '/home/praktikum4/praktikum_ws/install/pymoveit2/share/pymoveit2/package.zsh'
[1.072s] Level 1:colcon.colcon_core.environment:create_file_with_runtime_dependencies(/home/praktikum4/praktikum_ws/install/pymoveit2/share/colcon-core/packages/pymoveit2)
[2.108s] DEBUG:colcon.colcon_core.event_handler.log_command:Invoked command in '/home/praktikum4/praktikum_ws/build/vrpn_client_ros' returned '0': CMAKE_PREFIX_PATH=${CMAKE_PREFIX_PATH}:/home/praktikum4/praktikum_ws/install/robprakt:/home/praktikum4/ws_moveit2/install/moveit_configs_utils:/home/praktikum4/ws_moveit2/install/launch_param_builder:/opt/ros/galactic /usr/bin/cmake /home/praktikum4/praktikum_ws/src/vrpn_client_ros2 -DCMAKE_INSTALL_PREFIX=/home/praktikum4/praktikum_ws/install/vrpn_client_ros
[2.111s] DEBUG:colcon.colcon_core.event_handler.log_command:Invoking command in '/home/praktikum4/praktikum_ws/build/vrpn_client_ros': CMAKE_PREFIX_PATH=${CMAKE_PREFIX_PATH}:/home/praktikum4/praktikum_ws/install/robprakt:/home/praktikum4/ws_moveit2/install/moveit_configs_utils:/home/praktikum4/ws_moveit2/install/launch_param_builder:/opt/ros/galactic /usr/bin/cmake --build /home/praktikum4/praktikum_ws/build/vrpn_client_ros -- -j12 -l12
[3.885s] DEBUG:colcon.colcon_core.event_handler.log_command:Invoked command in '/home/praktikum4/praktikum_ws/build/robprakt_interfaces' returned '0': CMAKE_PREFIX_PATH=${CMAKE_PREFIX_PATH}:/home/praktikum4/praktikum_ws/install/robprakt:/home/praktikum4/ws_moveit2/install/moveit_configs_utils:/home/praktikum4/ws_moveit2/install/launch_param_builder:/opt/ros/galactic /usr/bin/cmake --build /home/praktikum4/praktikum_ws/build/robprakt_interfaces -- -j12 -l12
[4.229s] DEBUG:colcon.colcon_core.event_handler.log_command:Invoking command in '/home/praktikum4/praktikum_ws/build/robprakt_interfaces': CMAKE_PREFIX_PATH=${CMAKE_PREFIX_PATH}:/home/praktikum4/praktikum_ws/install/robprakt:/home/praktikum4/ws_moveit2/install/moveit_configs_utils:/home/praktikum4/ws_moveit2/install/launch_param_builder:/opt/ros/galactic /usr/bin/cmake --install /home/praktikum4/praktikum_ws/build/robprakt_interfaces
[4.299s] Level 1:colcon.colcon_core.environment:create_environment_scripts_only(robprakt_interfaces)
[4.301s] Level 1:colcon.colcon_core.environment:checking '/home/praktikum4/praktikum_ws/install/robprakt_interfaces' for CMake module files
[4.301s] Level 1:colcon.colcon_core.environment:checking '/home/praktikum4/praktikum_ws/install/robprakt_interfaces' for CMake config files
[4.301s] Level 1:colcon.colcon_core.shell:create_environment_hook('robprakt_interfaces', 'cmake_prefix_path')
[4.303s] INFO:colcon.colcon_core.shell:Creating environment hook '/home/praktikum4/praktikum_ws/install/robprakt_interfaces/share/robprakt_interfaces/hook/cmake_prefix_path.ps1'
[4.303s] INFO:colcon.colcon_core.shell:Creating environment descriptor '/home/praktikum4/praktikum_ws/install/robprakt_interfaces/share/robprakt_interfaces/hook/cmake_prefix_path.dsv'
[4.304s] DEBUG:colcon.colcon_core.event_handler.log_command:Invoked command in '/home/praktikum4/praktikum_ws/build/robprakt_interfaces' returned '0': CMAKE_PREFIX_PATH=${CMAKE_PREFIX_PATH}:/home/praktikum4/praktikum_ws/install/robprakt:/home/praktikum4/ws_moveit2/install/moveit_configs_utils:/home/praktikum4/ws_moveit2/install/launch_param_builder:/opt/ros/galactic /usr/bin/cmake --install /home/praktikum4/praktikum_ws/build/robprakt_interfaces
[4.304s] INFO:colcon.colcon_core.shell:Creating environment hook '/home/praktikum4/praktikum_ws/install/robprakt_interfaces/share/robprakt_interfaces/hook/cmake_prefix_path.sh'
[4.304s] Level 1:colcon.colcon_core.environment:checking '/home/praktikum4/praktikum_ws/install/robprakt_interfaces/lib'
[4.304s] Level 1:colcon.colcon_core.shell:create_environment_hook('robprakt_interfaces', 'ld_library_path_lib')
[4.306s] INFO:colcon.colcon_core.shell:Creating environment hook '/home/praktikum4/praktikum_ws/install/robprakt_interfaces/share/robprakt_interfaces/hook/ld_library_path_lib.ps1'
[4.306s] INFO:colcon.colcon_core.shell:Creating environment descriptor '/home/praktikum4/praktikum_ws/install/robprakt_interfaces/share/robprakt_interfaces/hook/ld_library_path_lib.dsv'
[4.306s] INFO:colcon.colcon_core.shell:Creating environment hook '/home/praktikum4/praktikum_ws/install/robprakt_interfaces/share/robprakt_interfaces/hook/ld_library_path_lib.sh'
[4.306s] Level 1:colcon.colcon_core.environment:checking '/home/praktikum4/praktikum_ws/install/robprakt_interfaces/bin'
[4.307s] Level 1:colcon.colcon_core.environment:checking '/home/praktikum4/praktikum_ws/install/robprakt_interfaces/lib/pkgconfig/robprakt_interfaces.pc'
[4.307s] Level 1:colcon.colcon_core.environment:checking '/home/praktikum4/praktikum_ws/install/robprakt_interfaces/lib/python3.8/site-packages'
[4.307s] Level 1:colcon.colcon_core.shell:create_environment_hook('robprakt_interfaces', 'pythonpath')
[4.308s] INFO:colcon.colcon_core.shell:Creating environment hook '/home/praktikum4/praktikum_ws/install/robprakt_interfaces/share/robprakt_interfaces/hook/pythonpath.ps1'
[4.309s] INFO:colcon.colcon_core.shell:Creating environment descriptor '/home/praktikum4/praktikum_ws/install/robprakt_interfaces/share/robprakt_interfaces/hook/pythonpath.dsv'
[4.309s] INFO:colcon.colcon_core.shell:Creating environment hook '/home/praktikum4/praktikum_ws/install/robprakt_interfaces/share/robprakt_interfaces/hook/pythonpath.sh'
[4.309s] Level 1:colcon.colcon_core.environment:checking '/home/praktikum4/praktikum_ws/install/robprakt_interfaces/bin'
[4.311s] INFO:colcon.colcon_core.shell:Creating package script '/home/praktikum4/praktikum_ws/install/robprakt_interfaces/share/robprakt_interfaces/package.ps1'
[4.312s] INFO:colcon.colcon_core.shell:Creating package descriptor '/home/praktikum4/praktikum_ws/install/robprakt_interfaces/share/robprakt_interfaces/package.dsv'
[4.312s] INFO:colcon.colcon_core.shell:Creating package script '/home/praktikum4/praktikum_ws/install/robprakt_interfaces/share/robprakt_interfaces/package.sh'
[4.312s] INFO:colcon.colcon_core.shell:Creating package script '/home/praktikum4/praktikum_ws/install/robprakt_interfaces/share/robprakt_interfaces/package.bash'
[4.313s] INFO:colcon.colcon_core.shell:Creating package script '/home/praktikum4/praktikum_ws/install/robprakt_interfaces/share/robprakt_interfaces/package.zsh'
[4.313s] Level 1:colcon.colcon_core.environment:create_file_with_runtime_dependencies(/home/praktikum4/praktikum_ws/install/robprakt_interfaces/share/colcon-core/packages/robprakt_interfaces)
[4.904s] Level 1:colcon.colcon_core.environment:create_environment_scripts_only(robprakt_interfaces)
[4.906s] Level 1:colcon.colcon_core.environment:checking '/home/praktikum4/praktikum_ws/install/robprakt_interfaces' for CMake module files
[4.906s] Level 1:colcon.colcon_core.environment:checking '/home/praktikum4/praktikum_ws/install/robprakt_interfaces' for CMake config files
[4.907s] Level 1:colcon.colcon_core.shell:create_environment_hook('robprakt_interfaces', 'cmake_prefix_path')
[4.908s] INFO:colcon.colcon_core.shell:Creating environment hook '/home/praktikum4/praktikum_ws/install/robprakt_interfaces/share/robprakt_interfaces/hook/cmake_prefix_path.ps1'
[4.908s] INFO:colcon.colcon_core.shell:Creating environment descriptor '/home/praktikum4/praktikum_ws/install/robprakt_interfaces/share/robprakt_interfaces/hook/cmake_prefix_path.dsv'
[4.909s] INFO:colcon.colcon_core.shell:Creating environment hook '/home/praktikum4/praktikum_ws/install/robprakt_interfaces/share/robprakt_interfaces/hook/cmake_prefix_path.sh'
[4.909s] Level 1:colcon.colcon_core.environment:checking '/home/praktikum4/praktikum_ws/install/robprakt_interfaces/lib'
[4.909s] Level 1:colcon.colcon_core.shell:create_environment_hook('robprakt_interfaces', 'ld_library_path_lib')
[4.911s] INFO:colcon.colcon_core.shell:Creating environment hook '/home/praktikum4/praktikum_ws/install/robprakt_interfaces/share/robprakt_interfaces/hook/ld_library_path_lib.ps1'
[4.911s] INFO:colcon.colcon_core.shell:Creating environment descriptor '/home/praktikum4/praktikum_ws/install/robprakt_interfaces/share/robprakt_interfaces/hook/ld_library_path_lib.dsv'
[4.911s] INFO:colcon.colcon_core.shell:Creating environment hook '/home/praktikum4/praktikum_ws/install/robprakt_interfaces/share/robprakt_interfaces/hook/ld_library_path_lib.sh'
[4.912s] Level 1:colcon.colcon_core.environment:checking '/home/praktikum4/praktikum_ws/install/robprakt_interfaces/bin'
[4.912s] Level 1:colcon.colcon_core.environment:checking '/home/praktikum4/praktikum_ws/install/robprakt_interfaces/lib/pkgconfig/robprakt_interfaces.pc'
[4.912s] Level 1:colcon.colcon_core.environment:checking '/home/praktikum4/praktikum_ws/install/robprakt_interfaces/lib/python3.8/site-packages'
[4.912s] Level 1:colcon.colcon_core.shell:create_environment_hook('robprakt_interfaces', 'pythonpath')
[4.913s] INFO:colcon.colcon_core.shell:Creating environment hook '/home/praktikum4/praktikum_ws/install/robprakt_interfaces/share/robprakt_interfaces/hook/pythonpath.ps1'
[4.913s] INFO:colcon.colcon_core.shell:Creating environment descriptor '/home/praktikum4/praktikum_ws/install/robprakt_interfaces/share/robprakt_interfaces/hook/pythonpath.dsv'
[4.914s] INFO:colcon.colcon_core.shell:Creating environment hook '/home/praktikum4/praktikum_ws/install/robprakt_interfaces/share/robprakt_interfaces/hook/pythonpath.sh'
[4.914s] Level 1:colcon.colcon_core.environment:checking '/home/praktikum4/praktikum_ws/install/robprakt_interfaces/bin'
[4.915s] INFO:colcon.colcon_core.shell:Creating package script '/home/praktikum4/praktikum_ws/install/robprakt_interfaces/share/robprakt_interfaces/package.ps1'
[4.916s] INFO:colcon.colcon_core.shell:Creating package descriptor '/home/praktikum4/praktikum_ws/install/robprakt_interfaces/share/robprakt_interfaces/package.dsv'
[4.916s] INFO:colcon.colcon_core.shell:Creating package script '/home/praktikum4/praktikum_ws/install/robprakt_interfaces/share/robprakt_interfaces/package.sh'
[4.917s] INFO:colcon.colcon_core.shell:Creating package script '/home/praktikum4/praktikum_ws/install/robprakt_interfaces/share/robprakt_interfaces/package.bash'
[4.917s] INFO:colcon.colcon_core.shell:Creating package script '/home/praktikum4/praktikum_ws/install/robprakt_interfaces/share/robprakt_interfaces/package.zsh'
[4.917s] Level 1:colcon.colcon_core.environment:create_file_with_runtime_dependencies(/home/praktikum4/praktikum_ws/install/robprakt_interfaces/share/colcon-core/packages/robprakt_interfaces)
[4.918s] INFO:colcon.colcon_ros.task.ament_python.build:Building ROS package in '/home/praktikum4/praktikum_ws/src/robprakt' with build type 'ament_python'
[4.918s] Level 1:colcon.colcon_core.shell:create_environment_hook('robprakt', 'ament_prefix_path')
[4.919s] INFO:colcon.colcon_core.shell:Creating environment hook '/home/praktikum4/praktikum_ws/install/robprakt/share/robprakt/hook/ament_prefix_path.ps1'
[4.921s] INFO:colcon.colcon_core.shell:Creating environment descriptor '/home/praktikum4/praktikum_ws/install/robprakt/share/robprakt/hook/ament_prefix_path.dsv'
[4.922s] INFO:colcon.colcon_core.shell:Creating environment hook '/home/praktikum4/praktikum_ws/install/robprakt/share/robprakt/hook/ament_prefix_path.sh'
[4.924s] INFO:colcon.colcon_core.shell:Skip shell extension 'powershell' for command environment: Not usable outside of PowerShell
[4.924s] DEBUG:colcon.colcon_core.shell:Skip shell extension 'dsv' for command environment
[5.259s] INFO:colcon.colcon_core.task.python.build:Building Python package in '/home/praktikum4/praktikum_ws/src/robprakt'
[5.261s] INFO:colcon.colcon_core.shell:Skip shell extension 'powershell' for command environment: Not usable outside of PowerShell
[5.261s] DEBUG:colcon.colcon_core.shell:Skip shell extension 'dsv' for command environment
[5.872s] DEBUG:colcon.colcon_core.event_handler.log_command:Invoking command in '/home/praktikum4/praktikum_ws/src/robprakt': CMAKE_PREFIX_PATH=/home/praktikum4/praktikum_ws/install/robprakt_interfaces:/home/praktikum4/praktikum_ws/install/vrpn_client_ros:/home/praktikum4/praktikum_ws/install/vrpn:/home/praktikum4/praktikum_ws/install/pymoveit2:/home/praktikum4/ws_moveit2/install/moveit2_tutorials:/home/praktikum4/ws_moveit2/install/moveit_visual_tools:/home/praktikum4/ws_moveit2/install/rviz_visual_tools:/home/praktikum4/ws_moveit2/install/pilz_industrial_motion_planner_testutils:/home/praktikum4/ws_moveit2/install/moveit_runtime:/home/praktikum4/ws_moveit2/install/moveit:/home/praktikum4/ws_moveit2/install/moveit_planners:/home/praktikum4/ws_moveit2/install/pilz_industrial_motion_planner:/home/praktikum4/ws_moveit2/install/moveit_ros_control_interface:/home/praktikum4/ws_moveit2/install/moveit_plugins:/home/praktikum4/ws_moveit2/install/moveit_simple_controller_manager:/home/praktikum4/ws_moveit2/install/moveit_setup_assistant:/home/praktikum4/ws_moveit2/install/moveit_servo:/home/praktikum4/ws_moveit2/install/moveit_ros:/home/praktikum4/ws_moveit2/install/moveit_ros_visualization:/home/praktikum4/ws_moveit2/install/moveit_hybrid_planning:/home/praktikum4/ws_moveit2/install/moveit_ros_planning_interface:/home/praktikum4/ws_moveit2/install/moveit_ros_benchmarks:/home/praktikum4/ws_moveit2/install/moveit_ros_warehouse:/home/praktikum4/ws_moveit2/install/moveit_ros_robot_interaction:/home/praktikum4/ws_moveit2/install/moveit_ros_perception:/home/praktikum4/ws_moveit2/install/moveit_resources_prbt_pg70_support:/home/praktikum4/ws_moveit2/install/moveit_resources_prbt_moveit_config:/home/praktikum4/ws_moveit2/install/moveit_ros_move_group:/home/praktikum4/ws_moveit2/install/moveit_planners_ompl:/home/praktikum4/ws_moveit2/install/moveit_ros_planning:/home/praktikum4/ws_moveit2/install/moveit_ros_occupancy_map_monitor:/home/praktikum4/ws_moveit2/install/moveit_resources_prbt_support:/home/praktikum4/ws_moveit2/install/moveit_resources_prbt_ikfast_manipulator_plugin:/home/praktikum4/ws_moveit2/install/moveit_resources:/home/praktikum4/ws_moveit2/install/moveit_resources_pr2_description:/home/praktikum4/ws_moveit2/install/moveit_resources_panda_moveit_config:/home/praktikum4/ws_moveit2/install/moveit_resources_panda_description:/home/praktikum4/ws_moveit2/install/moveit_resources_fanuc_moveit_config:/home/praktikum4/ws_moveit2/install/moveit_resources_fanuc_description:/home/praktikum4/ws_moveit2/install/moveit_planners_chomp:/home/praktikum4/ws_moveit2/install/moveit_kinematics:/home/praktikum4/ws_moveit2/install/moveit_chomp_optimizer_adapter:/home/praktikum4/ws_moveit2/install/chomp_motion_planner:/home/praktikum4/ws_moveit2/install/moveit_core:/home/praktikum4/ws_moveit2/install/moveit_msgs:/home/praktikum4/ws_moveit2/install/moveit_common:/home/praktikum4/ws_moveit2/install/geometric_shapes PYTHONPATH=/home/praktikum4/praktikum_ws/build/robprakt/prefix_override:/home/praktikum4/praktikum_ws/install/robprakt/lib/python3.8/site-packages:/home/praktikum4/praktikum_ws/install/robprakt_interfaces/lib/python3.8/site-packages:/home/praktikum4/praktikum_ws/install/robprakt/lib/python3.8/site-packages:/home/praktikum4/praktikum_ws/install/pymoveit2/lib/python3.8/site-packages:/home/praktikum4/ws_moveit2/install/moveit_msgs/lib/python3.8/site-packages:/home/praktikum4/ws_moveit2/install/moveit_configs_utils/lib/python3.8/site-packages:/home/praktikum4/ws_moveit2/install/launch_param_builder/lib/python3.8/site-packages:/opt/ros/galactic/lib/python3.8/site-packages /usr/bin/python3 setup.py egg_info --egg-base ../../build/robprakt build --build-base /home/praktikum4/praktikum_ws/build/robprakt/build install --record /home/praktikum4/praktikum_ws/build/robprakt/install.log --single-version-externally-managed
[6.155s] Level 1:colcon.colcon_core.environment:checking '/home/praktikum4/praktikum_ws/install/robprakt' for CMake module files
[6.155s] DEBUG:colcon.colcon_core.event_handler.log_command:Invoked command in '/home/praktikum4/praktikum_ws/src/robprakt' returned '0': CMAKE_PREFIX_PATH=/home/praktikum4/praktikum_ws/install/robprakt_interfaces:/home/praktikum4/praktikum_ws/install/vrpn_client_ros:/home/praktikum4/praktikum_ws/install/vrpn:/home/praktikum4/praktikum_ws/install/pymoveit2:/home/praktikum4/ws_moveit2/install/moveit2_tutorials:/home/praktikum4/ws_moveit2/install/moveit_visual_tools:/home/praktikum4/ws_moveit2/install/rviz_visual_tools:/home/praktikum4/ws_moveit2/install/pilz_industrial_motion_planner_testutils:/home/praktikum4/ws_moveit2/install/moveit_runtime:/home/praktikum4/ws_moveit2/install/moveit:/home/praktikum4/ws_moveit2/install/moveit_planners:/home/praktikum4/ws_moveit2/install/pilz_industrial_motion_planner:/home/praktikum4/ws_moveit2/install/moveit_ros_control_interface:/home/praktikum4/ws_moveit2/install/moveit_plugins:/home/praktikum4/ws_moveit2/install/moveit_simple_controller_manager:/home/praktikum4/ws_moveit2/install/moveit_setup_assistant:/home/praktikum4/ws_moveit2/install/moveit_servo:/home/praktikum4/ws_moveit2/install/moveit_ros:/home/praktikum4/ws_moveit2/install/moveit_ros_visualization:/home/praktikum4/ws_moveit2/install/moveit_hybrid_planning:/home/praktikum4/ws_moveit2/install/moveit_ros_planning_interface:/home/praktikum4/ws_moveit2/install/moveit_ros_benchmarks:/home/praktikum4/ws_moveit2/install/moveit_ros_warehouse:/home/praktikum4/ws_moveit2/install/moveit_ros_robot_interaction:/home/praktikum4/ws_moveit2/install/moveit_ros_perception:/home/praktikum4/ws_moveit2/install/moveit_resources_prbt_pg70_support:/home/praktikum4/ws_moveit2/install/moveit_resources_prbt_moveit_config:/home/praktikum4/ws_moveit2/install/moveit_ros_move_group:/home/praktikum4/ws_moveit2/install/moveit_planners_ompl:/home/praktikum4/ws_moveit2/install/moveit_ros_planning:/home/praktikum4/ws_moveit2/install/moveit_ros_occupancy_map_monitor:/home/praktikum4/ws_moveit2/install/moveit_resources_prbt_support:/home/praktikum4/ws_moveit2/install/moveit_resources_prbt_ikfast_manipulator_plugin:/home/praktikum4/ws_moveit2/install/moveit_resources:/home/praktikum4/ws_moveit2/install/moveit_resources_pr2_description:/home/praktikum4/ws_moveit2/install/moveit_resources_panda_moveit_config:/home/praktikum4/ws_moveit2/install/moveit_resources_panda_description:/home/praktikum4/ws_moveit2/install/moveit_resources_fanuc_moveit_config:/home/praktikum4/ws_moveit2/install/moveit_resources_fanuc_description:/home/praktikum4/ws_moveit2/install/moveit_planners_chomp:/home/praktikum4/ws_moveit2/install/moveit_kinematics:/home/praktikum4/ws_moveit2/install/moveit_chomp_optimizer_adapter:/home/praktikum4/ws_moveit2/install/chomp_motion_planner:/home/praktikum4/ws_moveit2/install/moveit_core:/home/praktikum4/ws_moveit2/install/moveit_msgs:/home/praktikum4/ws_moveit2/install/moveit_common:/home/praktikum4/ws_moveit2/install/geometric_shapes PYTHONPATH=/home/praktikum4/praktikum_ws/build/robprakt/prefix_override:/home/praktikum4/praktikum_ws/install/robprakt/lib/python3.8/site-packages:/home/praktikum4/praktikum_ws/install/robprakt_interfaces/lib/python3.8/site-packages:/home/praktikum4/praktikum_ws/install/robprakt/lib/python3.8/site-packages:/home/praktikum4/praktikum_ws/install/pymoveit2/lib/python3.8/site-packages:/home/praktikum4/ws_moveit2/install/moveit_msgs/lib/python3.8/site-packages:/home/praktikum4/ws_moveit2/install/moveit_configs_utils/lib/python3.8/site-packages:/home/praktikum4/ws_moveit2/install/launch_param_builder/lib/python3.8/site-packages:/opt/ros/galactic/lib/python3.8/site-packages /usr/bin/python3 setup.py egg_info --egg-base ../../build/robprakt build --build-base /home/praktikum4/praktikum_ws/build/robprakt/build install --record /home/praktikum4/praktikum_ws/build/robprakt/install.log --single-version-externally-managed
[6.156s] Level 1:colcon.colcon_core.environment:checking '/home/praktikum4/praktikum_ws/install/robprakt' for CMake config files
[6.156s] Level 1:colcon.colcon_core.environment:checking '/home/praktikum4/praktikum_ws/install/robprakt/lib'
[6.156s] Level 1:colcon.colcon_core.environment:checking '/home/praktikum4/praktikum_ws/install/robprakt/bin'
[6.156s] Level 1:colcon.colcon_core.environment:checking '/home/praktikum4/praktikum_ws/install/robprakt/lib/pkgconfig/robprakt.pc'
[6.156s] Level 1:colcon.colcon_core.environment:checking '/home/praktikum4/praktikum_ws/install/robprakt/lib/python3.8/site-packages'
[6.157s] Level 1:colcon.colcon_core.shell:create_environment_hook('robprakt', 'pythonpath')
[6.158s] INFO:colcon.colcon_core.shell:Creating environment hook '/home/praktikum4/praktikum_ws/install/robprakt/share/robprakt/hook/pythonpath.ps1'
[6.158s] INFO:colcon.colcon_core.shell:Creating environment descriptor '/home/praktikum4/praktikum_ws/install/robprakt/share/robprakt/hook/pythonpath.dsv'
[6.159s] INFO:colcon.colcon_core.shell:Creating environment hook '/home/praktikum4/praktikum_ws/install/robprakt/share/robprakt/hook/pythonpath.sh'
[6.159s] Level 1:colcon.colcon_core.environment:checking '/home/praktikum4/praktikum_ws/install/robprakt/bin'
[6.159s] Level 1:colcon.colcon_core.environment:create_environment_scripts_only(robprakt)
[6.160s] INFO:colcon.colcon_core.shell:Creating package script '/home/praktikum4/praktikum_ws/install/robprakt/share/robprakt/package.ps1'
[6.161s] INFO:colcon.colcon_core.shell:Creating package descriptor '/home/praktikum4/praktikum_ws/install/robprakt/share/robprakt/package.dsv'
[6.161s] INFO:colcon.colcon_core.shell:Creating package script '/home/praktikum4/praktikum_ws/install/robprakt/share/robprakt/package.sh'
[6.162s] INFO:colcon.colcon_core.shell:Creating package script '/home/praktikum4/praktikum_ws/install/robprakt/share/robprakt/package.bash'
[6.162s] INFO:colcon.colcon_core.shell:Creating package script '/home/praktikum4/praktikum_ws/install/robprakt/share/robprakt/package.zsh'
[6.162s] Level 1:colcon.colcon_core.environment:create_file_with_runtime_dependencies(/home/praktikum4/praktikum_ws/install/robprakt/share/colcon-core/packages/robprakt)
[8.095s] DEBUG:colcon.colcon_core.event_handler.log_command:Invoked command in '/home/praktikum4/praktikum_ws/build/vrpn_client_ros' returned '0': CMAKE_PREFIX_PATH=${CMAKE_PREFIX_PATH}:/home/praktikum4/praktikum_ws/install/robprakt:/home/praktikum4/ws_moveit2/install/moveit_configs_utils:/home/praktikum4/ws_moveit2/install/launch_param_builder:/opt/ros/galactic /usr/bin/cmake --build /home/praktikum4/praktikum_ws/build/vrpn_client_ros -- -j12 -l12
[8.118s] DEBUG:colcon.colcon_core.event_handler.log_command:Invoking command in '/home/praktikum4/praktikum_ws/build/vrpn_client_ros': CMAKE_PREFIX_PATH=${CMAKE_PREFIX_PATH}:/home/praktikum4/praktikum_ws/install/robprakt:/home/praktikum4/ws_moveit2/install/moveit_configs_utils:/home/praktikum4/ws_moveit2/install/launch_param_builder:/opt/ros/galactic /usr/bin/cmake --install /home/praktikum4/praktikum_ws/build/vrpn_client_ros
[8.129s] Level 1:colcon.colcon_core.environment:create_environment_scripts_only(vrpn_client_ros)
[8.130s] Level 1:colcon.colcon_core.environment:checking '/home/praktikum4/praktikum_ws/install/vrpn_client_ros' for CMake module files
[8.131s] DEBUG:colcon.colcon_core.event_handler.log_command:Invoked command in '/home/praktikum4/praktikum_ws/build/vrpn_client_ros' returned '0': CMAKE_PREFIX_PATH=${CMAKE_PREFIX_PATH}:/home/praktikum4/praktikum_ws/install/robprakt:/home/praktikum4/ws_moveit2/install/moveit_configs_utils:/home/praktikum4/ws_moveit2/install/launch_param_builder:/opt/ros/galactic /usr/bin/cmake --install /home/praktikum4/praktikum_ws/build/vrpn_client_ros
[8.131s] Level 1:colcon.colcon_core.environment:checking '/home/praktikum4/praktikum_ws/install/vrpn_client_ros' for CMake config files
[8.131s] Level 1:colcon.colcon_core.shell:create_environment_hook('vrpn_client_ros', 'cmake_prefix_path')
[8.132s] INFO:colcon.colcon_core.shell:Creating environment hook '/home/praktikum4/praktikum_ws/install/vrpn_client_ros/share/vrpn_client_ros/hook/cmake_prefix_path.ps1'
[8.132s] INFO:colcon.colcon_core.shell:Creating environment descriptor '/home/praktikum4/praktikum_ws/install/vrpn_client_ros/share/vrpn_client_ros/hook/cmake_prefix_path.dsv'
[8.132s] INFO:colcon.colcon_core.shell:Creating environment hook '/home/praktikum4/praktikum_ws/install/vrpn_client_ros/share/vrpn_client_ros/hook/cmake_prefix_path.sh'
[8.133s] Level 1:colcon.colcon_core.environment:checking '/home/praktikum4/praktikum_ws/install/vrpn_client_ros/lib'
[8.133s] Level 1:colcon.colcon_core.environment:checking '/home/praktikum4/praktikum_ws/install/vrpn_client_ros/bin'
[8.133s] Level 1:colcon.colcon_core.environment:checking '/home/praktikum4/praktikum_ws/install/vrpn_client_ros/lib/pkgconfig/vrpn_client_ros.pc'
[8.133s] Level 1:colcon.colcon_core.environment:checking '/home/praktikum4/praktikum_ws/install/vrpn_client_ros/lib/python3.8/site-packages'
[8.133s] Level 1:colcon.colcon_core.environment:checking '/home/praktikum4/praktikum_ws/install/vrpn_client_ros/bin'
[8.134s] INFO:colcon.colcon_core.shell:Creating package script '/home/praktikum4/praktikum_ws/install/vrpn_client_ros/share/vrpn_client_ros/package.ps1'
[8.134s] INFO:colcon.colcon_core.shell:Creating package descriptor '/home/praktikum4/praktikum_ws/install/vrpn_client_ros/share/vrpn_client_ros/package.dsv'
[8.134s] INFO:colcon.colcon_core.shell:Creating package script '/home/praktikum4/praktikum_ws/install/vrpn_client_ros/share/vrpn_client_ros/package.sh'
[8.134s] INFO:colcon.colcon_core.shell:Creating package script '/home/praktikum4/praktikum_ws/install/vrpn_client_ros/share/vrpn_client_ros/package.bash'
[8.134s] INFO:colcon.colcon_core.shell:Creating package script '/home/praktikum4/praktikum_ws/install/vrpn_client_ros/share/vrpn_client_ros/package.zsh'
[8.135s] Level 1:colcon.colcon_core.environment:create_file_with_runtime_dependencies(/home/praktikum4/praktikum_ws/install/vrpn_client_ros/share/colcon-core/packages/vrpn_client_ros)
[8.157s] Level 1:colcon.colcon_core.environment:create_environment_scripts_only(vrpn_client_ros)
[8.158s] Level 1:colcon.colcon_core.environment:checking '/home/praktikum4/praktikum_ws/install/vrpn_client_ros' for CMake module files
[8.158s] Level 1:colcon.colcon_core.environment:checking '/home/praktikum4/praktikum_ws/install/vrpn_client_ros' for CMake config files
[8.158s] Level 1:colcon.colcon_core.shell:create_environment_hook('vrpn_client_ros', 'cmake_prefix_path')
[8.159s] INFO:colcon.colcon_core.shell:Creating environment hook '/home/praktikum4/praktikum_ws/install/vrpn_client_ros/share/vrpn_client_ros/hook/cmake_prefix_path.ps1'
[8.159s] INFO:colcon.colcon_core.shell:Creating environment descriptor '/home/praktikum4/praktikum_ws/install/vrpn_client_ros/share/vrpn_client_ros/hook/cmake_prefix_path.dsv'
[8.159s] INFO:colcon.colcon_core.shell:Creating environment hook '/home/praktikum4/praktikum_ws/install/vrpn_client_ros/share/vrpn_client_ros/hook/cmake_prefix_path.sh'
[8.160s] Level 1:colcon.colcon_core.environment:checking '/home/praktikum4/praktikum_ws/install/vrpn_client_ros/lib'
[8.160s] Level 1:colcon.colcon_core.environment:checking '/home/praktikum4/praktikum_ws/install/vrpn_client_ros/bin'
[8.160s] Level 1:colcon.colcon_core.environment:checking '/home/praktikum4/praktikum_ws/install/vrpn_client_ros/lib/pkgconfig/vrpn_client_ros.pc'
[8.160s] Level 1:colcon.colcon_core.environment:checking '/home/praktikum4/praktikum_ws/install/vrpn_client_ros/lib/python3.8/site-packages'
[8.160s] Level 1:colcon.colcon_core.environment:checking '/home/praktikum4/praktikum_ws/install/vrpn_client_ros/bin'
[8.161s] INFO:colcon.colcon_core.shell:Creating package script '/home/praktikum4/praktikum_ws/install/vrpn_client_ros/share/vrpn_client_ros/package.ps1'
[8.161s] INFO:colcon.colcon_core.shell:Creating package descriptor '/home/praktikum4/praktikum_ws/install/vrpn_client_ros/share/vrpn_client_ros/package.dsv'
[8.162s] INFO:colcon.colcon_core.shell:Creating package script '/home/praktikum4/praktikum_ws/install/vrpn_client_ros/share/vrpn_client_ros/package.sh'
[8.162s] INFO:colcon.colcon_core.shell:Creating package script '/home/praktikum4/praktikum_ws/install/vrpn_client_ros/share/vrpn_client_ros/package.bash'
[8.162s] INFO:colcon.colcon_core.shell:Creating package script '/home/praktikum4/praktikum_ws/install/vrpn_client_ros/share/vrpn_client_ros/package.zsh'
[8.162s] Level 1:colcon.colcon_core.environment:create_file_with_runtime_dependencies(/home/praktikum4/praktikum_ws/install/vrpn_client_ros/share/colcon-core/packages/vrpn_client_ros)
[10.369s] DEBUG:colcon.colcon_core.event_handler.log_command:Invoked command in '/home/praktikum4/praktikum_ws/build/vrpn' returned '0': CMAKE_PREFIX_PATH=${CMAKE_PREFIX_PATH}:/home/praktikum4/praktikum_ws/install/robprakt:/home/praktikum4/ws_moveit2/install/moveit_configs_utils:/home/praktikum4/ws_moveit2/install/launch_param_builder:/opt/ros/galactic /usr/bin/cmake --build /home/praktikum4/praktikum_ws/build/vrpn -- -j12 -l12
[10.580s] DEBUG:colcon.colcon_core.event_handler.log_command:Invoking command in '/home/praktikum4/praktikum_ws/build/vrpn': CMAKE_PREFIX_PATH=${CMAKE_PREFIX_PATH}:/home/praktikum4/praktikum_ws/install/robprakt:/home/praktikum4/ws_moveit2/install/moveit_configs_utils:/home/praktikum4/ws_moveit2/install/launch_param_builder:/opt/ros/galactic /usr/bin/cmake --install /home/praktikum4/praktikum_ws/build/vrpn
[10.624s] DEBUG:colcon.colcon_core.event_handler.log_command:Invoked command in '/home/praktikum4/praktikum_ws/build/vrpn' returned '0': CMAKE_PREFIX_PATH=${CMAKE_PREFIX_PATH}:/home/praktikum4/praktikum_ws/install/robprakt:/home/praktikum4/ws_moveit2/install/moveit_configs_utils:/home/praktikum4/ws_moveit2/install/launch_param_builder:/opt/ros/galactic /usr/bin/cmake --install /home/praktikum4/praktikum_ws/build/vrpn
[10.831s] Level 1:colcon.colcon_core.shell:create_environment_hook('vrpn', 'pkg_config_path')
[10.832s] INFO:colcon.colcon_core.shell:Creating environment hook '/home/praktikum4/praktikum_ws/install/vrpn/share/vrpn/hook/pkg_config_path.ps1'
[10.832s] INFO:colcon.colcon_core.shell:Creating environment descriptor '/home/praktikum4/praktikum_ws/install/vrpn/share/vrpn/hook/pkg_config_path.dsv'
[10.833s] INFO:colcon.colcon_core.shell:Creating environment hook '/home/praktikum4/praktikum_ws/install/vrpn/share/vrpn/hook/pkg_config_path.sh'
[10.834s] Level 1:colcon.colcon_core.shell:create_environment_hook('vrpn', 'pkg_config_path_multiarch')
[10.835s] INFO:colcon.colcon_core.shell:Creating environment hook '/home/praktikum4/praktikum_ws/install/vrpn/share/vrpn/hook/pkg_config_path_multiarch.ps1'
[10.836s] INFO:colcon.colcon_core.shell:Creating environment descriptor '/home/praktikum4/praktikum_ws/install/vrpn/share/vrpn/hook/pkg_config_path_multiarch.dsv'
[10.836s] INFO:colcon.colcon_core.shell:Creating environment hook '/home/praktikum4/praktikum_ws/install/vrpn/share/vrpn/hook/pkg_config_path_multiarch.sh'
[10.836s] Level 1:colcon.colcon_core.environment:create_environment_scripts_only(vrpn)
[10.837s] Level 1:colcon.colcon_core.environment:checking '/home/praktikum4/praktikum_ws/install/vrpn' for CMake module files
[10.837s] Level 1:colcon.colcon_core.environment:checking '/home/praktikum4/praktikum_ws/install/vrpn' for CMake config files
[10.837s] Level 1:colcon.colcon_core.shell:create_environment_hook('vrpn', 'cmake_prefix_path')
[10.838s] INFO:colcon.colcon_core.shell:Creating environment hook '/home/praktikum4/praktikum_ws/install/vrpn/share/vrpn/hook/cmake_prefix_path.ps1'
[10.838s] INFO:colcon.colcon_core.shell:Creating environment descriptor '/home/praktikum4/praktikum_ws/install/vrpn/share/vrpn/hook/cmake_prefix_path.dsv'
[10.838s] INFO:colcon.colcon_core.shell:Creating environment hook '/home/praktikum4/praktikum_ws/install/vrpn/share/vrpn/hook/cmake_prefix_path.sh'
[10.839s] Level 1:colcon.colcon_core.environment:checking '/home/praktikum4/praktikum_ws/install/vrpn/lib'
[10.839s] Level 1:colcon.colcon_core.environment:checking '/home/praktikum4/praktikum_ws/install/vrpn/bin'
[10.839s] Level 1:colcon.colcon_core.shell:create_environment_hook('vrpn', 'path')
[10.840s] INFO:colcon.colcon_core.shell:Creating environment hook '/home/praktikum4/praktikum_ws/install/vrpn/share/vrpn/hook/path.ps1'
[10.840s] INFO:colcon.colcon_core.shell:Creating environment descriptor '/home/praktikum4/praktikum_ws/install/vrpn/share/vrpn/hook/path.dsv'
[10.840s] INFO:colcon.colcon_core.shell:Creating environment hook '/home/praktikum4/praktikum_ws/install/vrpn/share/vrpn/hook/path.sh'
[10.840s] Level 1:colcon.colcon_core.environment:checking '/home/praktikum4/praktikum_ws/install/vrpn/lib/pkgconfig/vrpn.pc'
[10.840s] Level 1:colcon.colcon_core.environment:checking '/home/praktikum4/praktikum_ws/install/vrpn/lib/python3.8/site-packages'
[10.840s] Level 1:colcon.colcon_core.environment:checking '/home/praktikum4/praktikum_ws/install/vrpn/bin'
[10.840s] Level 1:colcon.colcon_core.shell:create_environment_hook('vrpn', 'pythonscriptspath')
[10.841s] INFO:colcon.colcon_core.shell:Creating environment hook '/home/praktikum4/praktikum_ws/install/vrpn/share/vrpn/hook/pythonscriptspath.ps1'
[10.841s] INFO:colcon.colcon_core.shell:Creating environment descriptor '/home/praktikum4/praktikum_ws/install/vrpn/share/vrpn/hook/pythonscriptspath.dsv'
[10.841s] INFO:colcon.colcon_core.shell:Creating environment hook '/home/praktikum4/praktikum_ws/install/vrpn/share/vrpn/hook/pythonscriptspath.sh'
[10.842s] INFO:colcon.colcon_core.shell:Creating package script '/home/praktikum4/praktikum_ws/install/vrpn/share/vrpn/package.ps1'
[10.843s] INFO:colcon.colcon_core.shell:Creating package descriptor '/home/praktikum4/praktikum_ws/install/vrpn/share/vrpn/package.dsv'
[10.843s] INFO:colcon.colcon_core.shell:Creating package script '/home/praktikum4/praktikum_ws/install/vrpn/share/vrpn/package.sh'
[10.843s] INFO:colcon.colcon_core.shell:Creating package script '/home/praktikum4/praktikum_ws/install/vrpn/share/vrpn/package.bash'
[10.843s] INFO:colcon.colcon_core.shell:Creating package script '/home/praktikum4/praktikum_ws/install/vrpn/share/vrpn/package.zsh'
[10.844s] Level 1:colcon.colcon_core.environment:create_file_with_runtime_dependencies(/home/praktikum4/praktikum_ws/install/vrpn/share/colcon-core/packages/vrpn)
[10.844s] DEBUG:colcon.colcon_parallel_executor.executor.parallel:closing loop
[10.844s] DEBUG:colcon.colcon_parallel_executor.executor.parallel:loop closed
[10.844s] DEBUG:colcon.colcon_parallel_executor.executor.parallel:run_until_complete finished with '0'
[10.844s] DEBUG:colcon.colcon_core.event_reactor:joining thread
[10.849s] INFO:colcon.colcon_core.plugin_system:Skipping extension 'colcon_notification.desktop_notification.terminal_notifier': Not used on non-Darwin systems
[10.849s] INFO:colcon.colcon_core.plugin_system:Skipping extension 'colcon_notification.desktop_notification.win32': Not used on non-Windows systems
[10.849s] INFO:colcon.colcon_notification.desktop_notification:Sending desktop notification using 'notify2'
[10.860s] DEBUG:colcon.colcon_core.event_reactor:joined thread
[10.860s] INFO:colcon.colcon_core.shell:Creating prefix script '/home/praktikum4/praktikum_ws/install/local_setup.ps1'
[10.861s] INFO:colcon.colcon_core.shell:Creating prefix util module '/home/praktikum4/praktikum_ws/install/_local_setup_util_ps1.py'
[10.862s] INFO:colcon.colcon_core.shell:Creating prefix chain script '/home/praktikum4/praktikum_ws/install/setup.ps1'
[10.863s] INFO:colcon.colcon_core.shell:Creating prefix script '/home/praktikum4/praktikum_ws/install/local_setup.sh'
[10.863s] INFO:colcon.colcon_core.shell:Creating prefix util module '/home/praktikum4/praktikum_ws/install/_local_setup_util_sh.py'
[10.864s] INFO:colcon.colcon_core.shell:Creating prefix chain script '/home/praktikum4/praktikum_ws/install/setup.sh'
[10.865s] INFO:colcon.colcon_core.shell:Creating prefix script '/home/praktikum4/praktikum_ws/install/local_setup.bash'
[10.865s] INFO:colcon.colcon_core.shell:Creating prefix chain script '/home/praktikum4/praktikum_ws/install/setup.bash'
[10.867s] INFO:colcon.colcon_core.shell:Creating prefix script '/home/praktikum4/praktikum_ws/install/local_setup.zsh'
[10.867s] INFO:colcon.colcon_core.shell:Creating prefix chain script '/home/praktikum4/praktikum_ws/install/setup.zsh'
