[0.136s] DEBUG:colcon:Command line arguments: ['/usr/bin/colcon', 'build']
[0.136s] DEBUG:colcon:Parsed command line arguments: Namespace(allow_overriding=[], ament_cmake_args=None, base_paths=['.'], build_base='build', catkin_cmake_args=None, catkin_skip_building_tests=False, cmake_args=None, cmake_clean_cache=False, cmake_clean_first=False, cmake_force_configure=False, cmake_target=None, cmake_target_skip_unavailable=False, continue_on_error=False, event_handlers=None, executor='parallel', ignore_user_meta=False, install_base='install', log_base=None, log_level=None, main=<bound method BuildVerb.main of <colcon_core.verb.build.BuildVerb object at 0x7fa814ec3400>>, merge_install=False, metas=['./colcon.meta'], mixin=None, mixin_files=None, mixin_verb=('build',), packages_above=None, packages_above_and_dependencies=None, packages_above_depth=None, packages_end=None, packages_ignore=None, packages_ignore_regex=None, packages_select=None, packages_select_build_failed=False, packages_select_by_dep=None, packages_select_regex=None, packages_select_test_failures=False, packages_skip=None, packages_skip_build_finished=False, packages_skip_by_dep=None, packages_skip_regex=None, packages_skip_test_passed=False, packages_skip_up_to=None, packages_start=None, packages_up_to=None, packages_up_to_regex=None, parallel_workers=12, paths=None, symlink_install=False, test_result_base=None, verb_extension=<colcon_core.verb.build.BuildVerb object at 0x7fa814ec3400>, verb_name='build', verb_parser=<colcon_mixin.mixin.mixin_argument.MixinArgumentDecorator object at 0x7fa814ec3a60>)
[0.155s] Level 1:colcon.colcon_core.package_discovery:discover_packages(colcon_meta) check parameters
[0.155s] Level 1:colcon.colcon_core.package_discovery:discover_packages(recursive) check parameters
[0.155s] Level 1:colcon.colcon_core.package_discovery:discover_packages(ignore) check parameters
[0.155s] Level 1:colcon.colcon_core.package_discovery:discover_packages(path) check parameters
[0.155s] Level 1:colcon.colcon_core.package_discovery:discover_packages(colcon_meta) discover
[0.155s] Level 1:colcon.colcon_core.package_discovery:discover_packages(recursive) discover
[0.155s] INFO:colcon.colcon_core.package_discovery:Crawling recursively for packages in '/home/praktikum4/praktikum_ws'
[0.155s] Level 1:colcon.colcon_core.package_identification:_identify(.) by extensions ['ignore', 'ignore_ament_install']
[0.156s] Level 1:colcon.colcon_core.package_identification:_identify(.) by extension 'ignore'
[0.156s] Level 1:colcon.colcon_core.package_identification:_identify(.) by extension 'ignore_ament_install'
[0.156s] Level 1:colcon.colcon_core.package_identification:_identify(.) by extensions ['colcon_pkg']
[0.156s] Level 1:colcon.colcon_core.package_identification:_identify(.) by extension 'colcon_pkg'
[0.156s] Level 1:colcon.colcon_core.package_identification:_identify(.) by extensions ['colcon_meta']
[0.156s] Level 1:colcon.colcon_core.package_identification:_identify(.) by extension 'colcon_meta'
[0.156s] Level 1:colcon.colcon_core.package_identification:_identify(.) by extensions ['ros']
[0.156s] Level 1:colcon.colcon_core.package_identification:_identify(.) by extension 'ros'
[0.167s] Level 1:colcon.colcon_core.package_identification:_identify(.) by extensions ['cmake', 'python']
[0.167s] Level 1:colcon.colcon_core.package_identification:_identify(.) by extension 'cmake'
[0.167s] Level 1:colcon.colcon_core.package_identification:_identify(.) by extension 'python'
[0.167s] Level 1:colcon.colcon_core.package_identification:_identify(.) by extensions ['python_setup_py']
[0.167s] Level 1:colcon.colcon_core.package_identification:_identify(.) by extension 'python_setup_py'
[0.167s] Level 1:colcon.colcon_core.package_identification:_identify(build) by extensions ['ignore', 'ignore_ament_install']
[0.168s] Level 1:colcon.colcon_core.package_identification:_identify(build) by extension 'ignore'
[0.168s] Level 1:colcon.colcon_core.package_identification:_identify(build) ignored
[0.168s] Level 1:colcon.colcon_core.package_identification:_identify(install) by extensions ['ignore', 'ignore_ament_install']
[0.168s] Level 1:colcon.colcon_core.package_identification:_identify(install) by extension 'ignore'
[0.168s] Level 1:colcon.colcon_core.package_identification:_identify(install) ignored
[0.168s] Level 1:colcon.colcon_core.package_identification:_identify(log) by extensions ['ignore', 'ignore_ament_install']
[0.168s] Level 1:colcon.colcon_core.package_identification:_identify(log) by extension 'ignore'
[0.168s] Level 1:colcon.colcon_core.package_identification:_identify(log) ignored
[0.168s] Level 1:colcon.colcon_core.package_identification:_identify(src) by extensions ['ignore', 'ignore_ament_install']
[0.168s] Level 1:colcon.colcon_core.package_identification:_identify(src) by extension 'ignore'
[0.168s] Level 1:colcon.colcon_core.package_identification:_identify(src) by extension 'ignore_ament_install'
[0.168s] Level 1:colcon.colcon_core.package_identification:_identify(src) by extensions ['colcon_pkg']
[0.168s] Level 1:colcon.colcon_core.package_identification:_identify(src) by extension 'colcon_pkg'
[0.168s] Level 1:colcon.colcon_core.package_identification:_identify(src) by extensions ['colcon_meta']
[0.168s] Level 1:colcon.colcon_core.package_identification:_identify(src) by extension 'colcon_meta'
[0.168s] Level 1:colcon.colcon_core.package_identification:_identify(src) by extensions ['ros']
[0.168s] Level 1:colcon.colcon_core.package_identification:_identify(src) by extension 'ros'
[0.168s] Level 1:colcon.colcon_core.package_identification:_identify(src) by extensions ['cmake', 'python']
[0.168s] Level 1:colcon.colcon_core.package_identification:_identify(src) by extension 'cmake'
[0.168s] Level 1:colcon.colcon_core.package_identification:_identify(src) by extension 'python'
[0.168s] Level 1:colcon.colcon_core.package_identification:_identify(src) by extensions ['python_setup_py']
[0.168s] Level 1:colcon.colcon_core.package_identification:_identify(src) by extension 'python_setup_py'
[0.168s] Level 1:colcon.colcon_core.package_identification:_identify(src/pymoveit2) by extensions ['ignore', 'ignore_ament_install']
[0.168s] Level 1:colcon.colcon_core.package_identification:_identify(src/pymoveit2) by extension 'ignore'
[0.168s] Level 1:colcon.colcon_core.package_identification:_identify(src/pymoveit2) by extension 'ignore_ament_install'
[0.168s] Level 1:colcon.colcon_core.package_identification:_identify(src/pymoveit2) by extensions ['colcon_pkg']
[0.168s] Level 1:colcon.colcon_core.package_identification:_identify(src/pymoveit2) by extension 'colcon_pkg'
[0.168s] Level 1:colcon.colcon_core.package_identification:_identify(src/pymoveit2) by extensions ['colcon_meta']
[0.168s] Level 1:colcon.colcon_core.package_identification:_identify(src/pymoveit2) by extension 'colcon_meta'
[0.168s] Level 1:colcon.colcon_core.package_identification:_identify(src/pymoveit2) by extensions ['ros']
[0.168s] Level 1:colcon.colcon_core.package_identification:_identify(src/pymoveit2) by extension 'ros'
[0.170s] DEBUG:colcon.colcon_core.package_identification:Package 'src/pymoveit2' with type 'ros.ament_cmake' and name 'pymoveit2'
[0.170s] Level 1:colcon.colcon_core.package_identification:_identify(src/robprakt) by extensions ['ignore', 'ignore_ament_install']
[0.170s] Level 1:colcon.colcon_core.package_identification:_identify(src/robprakt) by extension 'ignore'
[0.170s] Level 1:colcon.colcon_core.package_identification:_identify(src/robprakt) by extension 'ignore_ament_install'
[0.170s] Level 1:colcon.colcon_core.package_identification:_identify(src/robprakt) by extensions ['colcon_pkg']
[0.170s] Level 1:colcon.colcon_core.package_identification:_identify(src/robprakt) by extension 'colcon_pkg'
[0.171s] Level 1:colcon.colcon_core.package_identification:_identify(src/robprakt) by extensions ['colcon_meta']
[0.171s] Level 1:colcon.colcon_core.package_identification:_identify(src/robprakt) by extension 'colcon_meta'
[0.171s] Level 1:colcon.colcon_core.package_identification:_identify(src/robprakt) by extensions ['ros']
[0.171s] Level 1:colcon.colcon_core.package_identification:_identify(src/robprakt) by extension 'ros'
[0.171s] DEBUG:colcon.colcon_core.package_identification:Package 'src/robprakt' with type 'ros.ament_python' and name 'robprakt'
[0.171s] Level 1:colcon.colcon_core.package_identification:_identify(src/robprakt_interfaces) by extensions ['ignore', 'ignore_ament_install']
[0.171s] Level 1:colcon.colcon_core.package_identification:_identify(src/robprakt_interfaces) by extension 'ignore'
[0.171s] Level 1:colcon.colcon_core.package_identification:_identify(src/robprakt_interfaces) by extension 'ignore_ament_install'
[0.171s] Level 1:colcon.colcon_core.package_identification:_identify(src/robprakt_interfaces) by extensions ['colcon_pkg']
[0.171s] Level 1:colcon.colcon_core.package_identification:_identify(src/robprakt_interfaces) by extension 'colcon_pkg'
[0.171s] Level 1:colcon.colcon_core.package_identification:_identify(src/robprakt_interfaces) by extensions ['colcon_meta']
[0.171s] Level 1:colcon.colcon_core.package_identification:_identify(src/robprakt_interfaces) by extension 'colcon_meta'
[0.171s] Level 1:colcon.colcon_core.package_identification:_identify(src/robprakt_interfaces) by extensions ['ros']
[0.171s] Level 1:colcon.colcon_core.package_identification:_identify(src/robprakt_interfaces) by extension 'ros'
[0.172s] DEBUG:colcon.colcon_core.package_identification:Package 'src/robprakt_interfaces' with type 'ros.ament_cmake' and name 'robprakt_interfaces'
[0.172s] Level 1:colcon.colcon_core.package_identification:_identify(src/vrpn-release) by extensions ['ignore', 'ignore_ament_install']
[0.173s] Level 1:colcon.colcon_core.package_identification:_identify(src/vrpn-release) by extension 'ignore'
[0.173s] Level 1:colcon.colcon_core.package_identification:_identify(src/vrpn-release) by extension 'ignore_ament_install'
[0.173s] Level 1:colcon.colcon_core.package_identification:_identify(src/vrpn-release) by extensions ['colcon_pkg']
[0.173s] Level 1:colcon.colcon_core.package_identification:_identify(src/vrpn-release) by extension 'colcon_pkg'
[0.173s] Level 1:colcon.colcon_core.package_identification:_identify(src/vrpn-release) by extensions ['colcon_meta']
[0.173s] Level 1:colcon.colcon_core.package_identification:_identify(src/vrpn-release) by extension 'colcon_meta'
[0.173s] Level 1:colcon.colcon_core.package_identification:_identify(src/vrpn-release) by extensions ['ros']
[0.173s] Level 1:colcon.colcon_core.package_identification:_identify(src/vrpn-release) by extension 'ros'
[0.173s] DEBUG:colcon.colcon_core.package_identification:Package 'src/vrpn-release' with type 'ros.cmake' and name 'vrpn'
[0.173s] Level 1:colcon.colcon_core.package_identification:_identify(src/vrpn_client_ros2) by extensions ['ignore', 'ignore_ament_install']
[0.173s] Level 1:colcon.colcon_core.package_identification:_identify(src/vrpn_client_ros2) by extension 'ignore'
[0.173s] Level 1:colcon.colcon_core.package_identification:_identify(src/vrpn_client_ros2) by extension 'ignore_ament_install'
[0.173s] Level 1:colcon.colcon_core.package_identification:_identify(src/vrpn_client_ros2) by extensions ['colcon_pkg']
[0.173s] Level 1:colcon.colcon_core.package_identification:_identify(src/vrpn_client_ros2) by extension 'colcon_pkg'
[0.173s] Level 1:colcon.colcon_core.package_identification:_identify(src/vrpn_client_ros2) by extensions ['colcon_meta']
[0.173s] Level 1:colcon.colcon_core.package_identification:_identify(src/vrpn_client_ros2) by extension 'colcon_meta'
[0.173s] Level 1:colcon.colcon_core.package_identification:_identify(src/vrpn_client_ros2) by extensions ['ros']
[0.173s] Level 1:colcon.colcon_core.package_identification:_identify(src/vrpn_client_ros2) by extension 'ros'
[0.174s] DEBUG:colcon.colcon_core.package_identification:Package 'src/vrpn_client_ros2' with type 'ros.ament_cmake' and name 'vrpn_client_ros'
[0.174s] Level 1:colcon.colcon_core.package_discovery:discover_packages(recursive) using defaults
[0.174s] Level 1:colcon.colcon_core.package_discovery:discover_packages(ignore) discover
[0.174s] Level 1:colcon.colcon_core.package_discovery:discover_packages(ignore) using defaults
[0.174s] Level 1:colcon.colcon_core.package_discovery:discover_packages(path) discover
[0.174s] Level 1:colcon.colcon_core.package_discovery:discover_packages(path) using defaults
[0.190s] Level 1:colcon.colcon_core.package_discovery:discover_packages(prefix_path) check parameters
[0.190s] Level 1:colcon.colcon_core.package_discovery:discover_packages(prefix_path) discover
[0.193s] DEBUG:colcon.colcon_installed_package_information.package_discovery:Found 5 installed packages in /home/praktikum4/praktikum_ws/install
[0.194s] DEBUG:colcon.colcon_installed_package_information.package_discovery:Found 45 installed packages in /home/praktikum4/ws_moveit2/install
[0.195s] DEBUG:colcon.colcon_installed_package_information.package_discovery:Found 353 installed packages in /opt/ros/galactic
[0.197s] Level 1:colcon.colcon_core.package_discovery:discover_packages(prefix_path) using defaults
[0.260s] Level 5:colcon.colcon_core.verb:set package 'pymoveit2' build argument 'cmake_args' from command line to 'None'
[0.260s] Level 5:colcon.colcon_core.verb:set package 'pymoveit2' build argument 'cmake_target' from command line to 'None'
[0.260s] Level 5:colcon.colcon_core.verb:set package 'pymoveit2' build argument 'cmake_target_skip_unavailable' from command line to 'False'
[0.260s] Level 5:colcon.colcon_core.verb:set package 'pymoveit2' build argument 'cmake_clean_cache' from command line to 'False'
[0.260s] Level 5:colcon.colcon_core.verb:set package 'pymoveit2' build argument 'cmake_clean_first' from command line to 'False'
[0.260s] Level 5:colcon.colcon_core.verb:set package 'pymoveit2' build argument 'cmake_force_configure' from command line to 'False'
[0.260s] Level 5:colcon.colcon_core.verb:set package 'pymoveit2' build argument 'ament_cmake_args' from command line to 'None'
[0.260s] Level 5:colcon.colcon_core.verb:set package 'pymoveit2' build argument 'catkin_cmake_args' from command line to 'None'
[0.260s] Level 5:colcon.colcon_core.verb:set package 'pymoveit2' build argument 'catkin_skip_building_tests' from command line to 'False'
[0.260s] DEBUG:colcon.colcon_core.verb:Building package 'pymoveit2' with the following arguments: {'ament_cmake_args': None, 'build_base': '/home/praktikum4/praktikum_ws/build/pymoveit2', 'catkin_cmake_args': None, 'catkin_skip_building_tests': False, 'cmake_args': None, 'cmake_clean_cache': False, 'cmake_clean_first': False, 'cmake_force_configure': False, 'cmake_target': None, 'cmake_target_skip_unavailable': False, 'install_base': '/home/praktikum4/praktikum_ws/install/pymoveit2', 'merge_install': False, 'path': '/home/praktikum4/praktikum_ws/src/pymoveit2', 'symlink_install': False, 'test_result_base': None}
[0.261s] Level 5:colcon.colcon_core.verb:set package 'robprakt_interfaces' build argument 'cmake_args' from command line to 'None'
[0.261s] Level 5:colcon.colcon_core.verb:set package 'robprakt_interfaces' build argument 'cmake_target' from command line to 'None'
[0.261s] Level 5:colcon.colcon_core.verb:set package 'robprakt_interfaces' build argument 'cmake_target_skip_unavailable' from command line to 'False'
[0.261s] Level 5:colcon.colcon_core.verb:set package 'robprakt_interfaces' build argument 'cmake_clean_cache' from command line to 'False'
[0.261s] Level 5:colcon.colcon_core.verb:set package 'robprakt_interfaces' build argument 'cmake_clean_first' from command line to 'False'
[0.261s] Level 5:colcon.colcon_core.verb:set package 'robprakt_interfaces' build argument 'cmake_force_configure' from command line to 'False'
[0.261s] Level 5:colcon.colcon_core.verb:set package 'robprakt_interfaces' build argument 'ament_cmake_args' from command line to 'None'
[0.261s] Level 5:colcon.colcon_core.verb:set package 'robprakt_interfaces' build argument 'catkin_cmake_args' from command line to 'None'
[0.261s] Level 5:colcon.colcon_core.verb:set package 'robprakt_interfaces' build argument 'catkin_skip_building_tests' from command line to 'False'
[0.261s] DEBUG:colcon.colcon_core.verb:Building package 'robprakt_interfaces' with the following arguments: {'ament_cmake_args': None, 'build_base': '/home/praktikum4/praktikum_ws/build/robprakt_interfaces', 'catkin_cmake_args': None, 'catkin_skip_building_tests': False, 'cmake_args': None, 'cmake_clean_cache': False, 'cmake_clean_first': False, 'cmake_force_configure': False, 'cmake_target': None, 'cmake_target_skip_unavailable': False, 'install_base': '/home/praktikum4/praktikum_ws/install/robprakt_interfaces', 'merge_install': False, 'path': '/home/praktikum4/praktikum_ws/src/robprakt_interfaces', 'symlink_install': False, 'test_result_base': None}
[0.262s] Level 5:colcon.colcon_core.verb:set package 'vrpn' build argument 'cmake_args' from command line to 'None'
[0.262s] Level 5:colcon.colcon_core.verb:set package 'vrpn' build argument 'cmake_target' from command line to 'None'
[0.262s] Level 5:colcon.colcon_core.verb:set package 'vrpn' build argument 'cmake_target_skip_unavailable' from command line to 'False'
[0.262s] Level 5:colcon.colcon_core.verb:set package 'vrpn' build argument 'cmake_clean_cache' from command line to 'False'
[0.262s] Level 5:colcon.colcon_core.verb:set package 'vrpn' build argument 'cmake_clean_first' from command line to 'False'
[0.262s] Level 5:colcon.colcon_core.verb:set package 'vrpn' build argument 'cmake_force_configure' from command line to 'False'
[0.262s] Level 5:colcon.colcon_core.verb:set package 'vrpn' build argument 'ament_cmake_args' from command line to 'None'
[0.262s] Level 5:colcon.colcon_core.verb:set package 'vrpn' build argument 'catkin_cmake_args' from command line to 'None'
[0.262s] Level 5:colcon.colcon_core.verb:set package 'vrpn' build argument 'catkin_skip_building_tests' from command line to 'False'
[0.262s] DEBUG:colcon.colcon_core.verb:Building package 'vrpn' with the following arguments: {'ament_cmake_args': None, 'build_base': '/home/praktikum4/praktikum_ws/build/vrpn', 'catkin_cmake_args': None, 'catkin_skip_building_tests': False, 'cmake_args': None, 'cmake_clean_cache': False, 'cmake_clean_first': False, 'cmake_force_configure': False, 'cmake_target': None, 'cmake_target_skip_unavailable': False, 'install_base': '/home/praktikum4/praktikum_ws/install/vrpn', 'merge_install': False, 'path': '/home/praktikum4/praktikum_ws/src/vrpn-release', 'symlink_install': False, 'test_result_base': None}
[0.262s] Level 5:colcon.colcon_core.verb:set package 'vrpn_client_ros' build argument 'cmake_args' from command line to 'None'
[0.262s] Level 5:colcon.colcon_core.verb:set package 'vrpn_client_ros' build argument 'cmake_target' from command line to 'None'
[0.262s] Level 5:colcon.colcon_core.verb:set package 'vrpn_client_ros' build argument 'cmake_target_skip_unavailable' from command line to 'False'
[0.262s] Level 5:colcon.colcon_core.verb:set package 'vrpn_client_ros' build argument 'cmake_clean_cache' from command line to 'False'
[0.262s] Level 5:colcon.colcon_core.verb:set package 'vrpn_client_ros' build argument 'cmake_clean_first' from command line to 'False'
[0.262s] Level 5:colcon.colcon_core.verb:set package 'vrpn_client_ros' build argument 'cmake_force_configure' from command line to 'False'
[0.262s] Level 5:colcon.colcon_core.verb:set package 'vrpn_client_ros' build argument 'ament_cmake_args' from command line to 'None'
[0.262s] Level 5:colcon.colcon_core.verb:set package 'vrpn_client_ros' build argument 'catkin_cmake_args' from command line to 'None'
[0.262s] Level 5:colcon.colcon_core.verb:set package 'vrpn_client_ros' build argument 'catkin_skip_building_tests' from command line to 'False'
[0.262s] DEBUG:colcon.colcon_core.verb:Building package 'vrpn_client_ros' with the following arguments: {'ament_cmake_args': None, 'build_base': '/home/praktikum4/praktikum_ws/build/vrpn_client_ros', 'catkin_cmake_args': None, 'catkin_skip_building_tests': False, 'cmake_args': None, 'cmake_clean_cache': False, 'cmake_clean_first': False, 'cmake_force_configure': False, 'cmake_target': None, 'cmake_target_skip_unavailable': False, 'install_base': '/home/praktikum4/praktikum_ws/install/vrpn_client_ros', 'merge_install': False, 'path': '/home/praktikum4/praktikum_ws/src/vrpn_client_ros2', 'symlink_install': False, 'test_result_base': None}
[0.263s] Level 5:colcon.colcon_core.verb:set package 'robprakt' build argument 'cmake_args' from command line to 'None'
[0.263s] Level 5:colcon.colcon_core.verb:set package 'robprakt' build argument 'cmake_target' from command line to 'None'
[0.263s] Level 5:colcon.colcon_core.verb:set package 'robprakt' build argument 'cmake_target_skip_unavailable' from command line to 'False'
[0.263s] Level 5:colcon.colcon_core.verb:set package 'robprakt' build argument 'cmake_clean_cache' from command line to 'False'
[0.263s] Level 5:colcon.colcon_core.verb:set package 'robprakt' build argument 'cmake_clean_first' from command line to 'False'
[0.263s] Level 5:colcon.colcon_core.verb:set package 'robprakt' build argument 'cmake_force_configure' from command line to 'False'
[0.263s] Level 5:colcon.colcon_core.verb:set package 'robprakt' build argument 'ament_cmake_args' from command line to 'None'
[0.263s] Level 5:colcon.colcon_core.verb:set package 'robprakt' build argument 'catkin_cmake_args' from command line to 'None'
[0.263s] Level 5:colcon.colcon_core.verb:set package 'robprakt' build argument 'catkin_skip_building_tests' from command line to 'False'
[0.263s] DEBUG:colcon.colcon_core.verb:Building package 'robprakt' with the following arguments: {'ament_cmake_args': None, 'build_base': '/home/praktikum4/praktikum_ws/build/robprakt', 'catkin_cmake_args': None, 'catkin_skip_building_tests': False, 'cmake_args': None, 'cmake_clean_cache': False, 'cmake_clean_first': False, 'cmake_force_configure': False, 'cmake_target': None, 'cmake_target_skip_unavailable': False, 'install_base': '/home/praktikum4/praktikum_ws/install/robprakt', 'merge_install': False, 'path': '/home/praktikum4/praktikum_ws/src/robprakt', 'symlink_install': False, 'test_result_base': None}
[0.263s] INFO:colcon.colcon_core.executor:Executing jobs using 'parallel' executor
[0.266s] DEBUG:colcon.colcon_parallel_executor.executor.parallel:run_until_complete
[0.266s] INFO:colcon.colcon_ros.task.ament_cmake.build:Building ROS package in '/home/praktikum4/praktikum_ws/src/robprakt_interfaces' with build type 'ament_cmake'
[0.266s] INFO:colcon.colcon_cmake.task.cmake.build:Building CMake package in '/home/praktikum4/praktikum_ws/src/robprakt_interfaces'
[0.270s] INFO:colcon.colcon_core.plugin_system:Skipping extension 'colcon_core.shell.bat': Not used on non-Windows systems
[0.270s] INFO:colcon.colcon_core.shell:Skip shell extension 'powershell' for command environment: Not usable outside of PowerShell
[0.270s] DEBUG:colcon.colcon_core.shell:Skip shell extension 'dsv' for command environment
[0.276s] INFO:colcon.colcon_ros.task.ament_cmake.build:Building ROS package in '/home/praktikum4/praktikum_ws/src/pymoveit2' with build type 'ament_cmake'
[0.276s] INFO:colcon.colcon_cmake.task.cmake.build:Building CMake package in '/home/praktikum4/praktikum_ws/src/pymoveit2'
[0.277s] INFO:colcon.colcon_core.shell:Skip shell extension 'powershell' for command environment: Not usable outside of PowerShell
[0.277s] DEBUG:colcon.colcon_core.shell:Skip shell extension 'dsv' for command environment
[0.284s] INFO:colcon.colcon_ros.task.cmake.build:Building ROS package in '/home/praktikum4/praktikum_ws/src/vrpn-release' with build type 'cmake'
[0.284s] INFO:colcon.colcon_cmake.task.cmake.build:Building CMake package in '/home/praktikum4/praktikum_ws/src/vrpn-release'
[0.285s] INFO:colcon.colcon_core.shell:Skip shell extension 'powershell' for command environment: Not usable outside of PowerShell
[0.285s] DEBUG:colcon.colcon_core.shell:Skip shell extension 'dsv' for command environment
[0.290s] INFO:colcon.colcon_ros.task.ament_cmake.build:Building ROS package in '/home/praktikum4/praktikum_ws/src/vrpn_client_ros2' with build type 'ament_cmake'
[0.291s] INFO:colcon.colcon_cmake.task.cmake.build:Building CMake package in '/home/praktikum4/praktikum_ws/src/vrpn_client_ros2'
[0.291s] INFO:colcon.colcon_core.shell:Skip shell extension 'powershell' for command environment: Not usable outside of PowerShell
[0.292s] DEBUG:colcon.colcon_core.shell:Skip shell extension 'dsv' for command environment
[0.302s] DEBUG:colcon.colcon_core.event_handler.log_command:Invoking command in '/home/praktikum4/praktikum_ws/build/robprakt_interfaces': CMAKE_PREFIX_PATH=${CMAKE_PREFIX_PATH}:/home/praktikum4/praktikum_ws/install/robprakt:/home/praktikum4/ws_moveit2/install/moveit_configs_utils:/home/praktikum4/ws_moveit2/install/launch_param_builder:/opt/ros/galactic /usr/bin/cmake /home/praktikum4/praktikum_ws/src/robprakt_interfaces -DCMAKE_INSTALL_PREFIX=/home/praktikum4/praktikum_ws/install/robprakt_interfaces
[0.305s] DEBUG:colcon.colcon_core.event_handler.log_command:Invoking command in '/home/praktikum4/praktikum_ws/build/pymoveit2': CMAKE_PREFIX_PATH=${CMAKE_PREFIX_PATH}:/home/praktikum4/praktikum_ws/install/robprakt:/home/praktikum4/ws_moveit2/install/moveit_configs_utils:/home/praktikum4/ws_moveit2/install/launch_param_builder:/opt/ros/galactic /usr/bin/cmake /home/praktikum4/praktikum_ws/src/pymoveit2 -DCMAKE_INSTALL_PREFIX=/home/praktikum4/praktikum_ws/install/pymoveit2
[0.308s] DEBUG:colcon.colcon_core.event_handler.log_command:Invoking command in '/home/praktikum4/praktikum_ws/build/vrpn': CMAKE_PREFIX_PATH=${CMAKE_PREFIX_PATH}:/home/praktikum4/praktikum_ws/install/robprakt:/home/praktikum4/ws_moveit2/install/moveit_configs_utils:/home/praktikum4/ws_moveit2/install/launch_param_builder:/opt/ros/galactic /usr/bin/cmake --build /home/praktikum4/praktikum_ws/build/vrpn -- -j12 -l12
[0.313s] DEBUG:colcon.colcon_core.event_handler.log_command:Invoking command in '/home/praktikum4/praktikum_ws/build/vrpn_client_ros': CMAKE_PREFIX_PATH=${CMAKE_PREFIX_PATH}:/home/praktikum4/praktikum_ws/install/robprakt:/home/praktikum4/ws_moveit2/install/moveit_configs_utils:/home/praktikum4/ws_moveit2/install/launch_param_builder:/opt/ros/galactic /usr/bin/cmake /home/praktikum4/praktikum_ws/src/vrpn_client_ros2 -DCMAKE_INSTALL_PREFIX=/home/praktikum4/praktikum_ws/install/vrpn_client_ros
[0.443s] DEBUG:colcon.colcon_core.event_handler.log_command:Invoked command in '/home/praktikum4/praktikum_ws/build/vrpn' returned '0': CMAKE_PREFIX_PATH=${CMAKE_PREFIX_PATH}:/home/praktikum4/praktikum_ws/install/robprakt:/home/praktikum4/ws_moveit2/install/moveit_configs_utils:/home/praktikum4/ws_moveit2/install/launch_param_builder:/opt/ros/galactic /usr/bin/cmake --build /home/praktikum4/praktikum_ws/build/vrpn -- -j12 -l12
[0.506s] DEBUG:colcon.colcon_core.event_handler.log_command:Invoked command in '/home/praktikum4/praktikum_ws/build/pymoveit2' returned '0': CMAKE_PREFIX_PATH=${CMAKE_PREFIX_PATH}:/home/praktikum4/praktikum_ws/install/robprakt:/home/praktikum4/ws_moveit2/install/moveit_configs_utils:/home/praktikum4/ws_moveit2/install/launch_param_builder:/opt/ros/galactic /usr/bin/cmake /home/praktikum4/praktikum_ws/src/pymoveit2 -DCMAKE_INSTALL_PREFIX=/home/praktikum4/praktikum_ws/install/pymoveit2
[0.508s] DEBUG:colcon.colcon_core.event_handler.log_command:Invoking command in '/home/praktikum4/praktikum_ws/build/pymoveit2': CMAKE_PREFIX_PATH=${CMAKE_PREFIX_PATH}:/home/praktikum4/praktikum_ws/install/robprakt:/home/praktikum4/ws_moveit2/install/moveit_configs_utils:/home/praktikum4/ws_moveit2/install/launch_param_builder:/opt/ros/galactic /usr/bin/cmake --build /home/praktikum4/praktikum_ws/build/pymoveit2 -- -j12 -l12
[0.680s] DEBUG:colcon.colcon_core.event_handler.log_command:Invoking command in '/home/praktikum4/praktikum_ws/build/vrpn': CMAKE_PREFIX_PATH=${CMAKE_PREFIX_PATH}:/home/praktikum4/praktikum_ws/install/robprakt:/home/praktikum4/ws_moveit2/install/moveit_configs_utils:/home/praktikum4/ws_moveit2/install/launch_param_builder:/opt/ros/galactic /usr/bin/cmake --install /home/praktikum4/praktikum_ws/build/vrpn
[0.697s] DEBUG:colcon.colcon_core.event_handler.log_command:Invoked command in '/home/praktikum4/praktikum_ws/build/vrpn' returned '0': CMAKE_PREFIX_PATH=${CMAKE_PREFIX_PATH}:/home/praktikum4/praktikum_ws/install/robprakt:/home/praktikum4/ws_moveit2/install/moveit_configs_utils:/home/praktikum4/ws_moveit2/install/launch_param_builder:/opt/ros/galactic /usr/bin/cmake --install /home/praktikum4/praktikum_ws/build/vrpn
[0.744s] DEBUG:colcon.colcon_core.event_handler.log_command:Invoked command in '/home/praktikum4/praktikum_ws/build/pymoveit2' returned '0': CMAKE_PREFIX_PATH=${CMAKE_PREFIX_PATH}:/home/praktikum4/praktikum_ws/install/robprakt:/home/praktikum4/ws_moveit2/install/moveit_configs_utils:/home/praktikum4/ws_moveit2/install/launch_param_builder:/opt/ros/galactic /usr/bin/cmake --build /home/praktikum4/praktikum_ws/build/pymoveit2 -- -j12 -l12
[0.762s] DEBUG:colcon.colcon_core.event_handler.log_command:Invoking command in '/home/praktikum4/praktikum_ws/build/pymoveit2': CMAKE_PREFIX_PATH=${CMAKE_PREFIX_PATH}:/home/praktikum4/praktikum_ws/install/robprakt:/home/praktikum4/ws_moveit2/install/moveit_configs_utils:/home/praktikum4/ws_moveit2/install/launch_param_builder:/opt/ros/galactic /usr/bin/cmake --install /home/praktikum4/praktikum_ws/build/pymoveit2
[0.811s] Level 1:colcon.colcon_core.environment:create_environment_scripts_only(pymoveit2)
[0.812s] DEBUG:colcon.colcon_core.event_handler.log_command:Invoked command in '/home/praktikum4/praktikum_ws/build/pymoveit2' returned '0': CMAKE_PREFIX_PATH=${CMAKE_PREFIX_PATH}:/home/praktikum4/praktikum_ws/install/robprakt:/home/praktikum4/ws_moveit2/install/moveit_configs_utils:/home/praktikum4/ws_moveit2/install/launch_param_builder:/opt/ros/galactic /usr/bin/cmake --install /home/praktikum4/praktikum_ws/build/pymoveit2
[0.817s] Level 1:colcon.colcon_core.environment:checking '/home/praktikum4/praktikum_ws/install/pymoveit2' for CMake module files
[0.818s] Level 1:colcon.colcon_core.environment:checking '/home/praktikum4/praktikum_ws/install/pymoveit2' for CMake config files
[0.818s] Level 1:colcon.colcon_core.shell:create_environment_hook('pymoveit2', 'cmake_prefix_path')
[0.819s] INFO:colcon.colcon_core.shell:Creating environment hook '/home/praktikum4/praktikum_ws/install/pymoveit2/share/pymoveit2/hook/cmake_prefix_path.ps1'
[0.819s] INFO:colcon.colcon_core.shell:Creating environment descriptor '/home/praktikum4/praktikum_ws/install/pymoveit2/share/pymoveit2/hook/cmake_prefix_path.dsv'
[0.820s] INFO:colcon.colcon_core.shell:Creating environment hook '/home/praktikum4/praktikum_ws/install/pymoveit2/share/pymoveit2/hook/cmake_prefix_path.sh'
[0.821s] Level 1:colcon.colcon_core.environment:checking '/home/praktikum4/praktikum_ws/install/pymoveit2/lib'
[0.821s] Level 1:colcon.colcon_core.environment:checking '/home/praktikum4/praktikum_ws/install/pymoveit2/bin'
[0.821s] Level 1:colcon.colcon_core.environment:checking '/home/praktikum4/praktikum_ws/install/pymoveit2/lib/pkgconfig/pymoveit2.pc'
[0.821s] Level 1:colcon.colcon_core.environment:checking '/home/praktikum4/praktikum_ws/install/pymoveit2/lib/python3.8/site-packages'
[0.821s] Level 1:colcon.colcon_core.shell:create_environment_hook('pymoveit2', 'pythonpath')
[0.822s] INFO:colcon.colcon_core.shell:Creating environment hook '/home/praktikum4/praktikum_ws/install/pymoveit2/share/pymoveit2/hook/pythonpath.ps1'
[0.822s] INFO:colcon.colcon_core.shell:Creating environment descriptor '/home/praktikum4/praktikum_ws/install/pymoveit2/share/pymoveit2/hook/pythonpath.dsv'
[0.822s] INFO:colcon.colcon_core.shell:Creating environment hook '/home/praktikum4/praktikum_ws/install/pymoveit2/share/pymoveit2/hook/pythonpath.sh'
[0.823s] Level 1:colcon.colcon_core.environment:checking '/home/praktikum4/praktikum_ws/install/pymoveit2/bin'
[0.823s] INFO:colcon.colcon_core.shell:Creating package script '/home/praktikum4/praktikum_ws/install/pymoveit2/share/pymoveit2/package.ps1'
[0.824s] INFO:colcon.colcon_core.shell:Creating package descriptor '/home/praktikum4/praktikum_ws/install/pymoveit2/share/pymoveit2/package.dsv'
[0.825s] INFO:colcon.colcon_core.shell:Creating package script '/home/praktikum4/praktikum_ws/install/pymoveit2/share/pymoveit2/package.sh'
[0.825s] INFO:colcon.colcon_core.shell:Creating package script '/home/praktikum4/praktikum_ws/install/pymoveit2/share/pymoveit2/package.bash'
[0.826s] INFO:colcon.colcon_core.shell:Creating package script '/home/praktikum4/praktikum_ws/install/pymoveit2/share/pymoveit2/package.zsh'
[0.826s] Level 1:colcon.colcon_core.environment:create_file_with_runtime_dependencies(/home/praktikum4/praktikum_ws/install/pymoveit2/share/colcon-core/packages/pymoveit2)
[0.829s] DEBUG:colcon.colcon_core.event_handler.log_command:Invoked command in '/home/praktikum4/praktikum_ws/build/vrpn_client_ros' returned '0': CMAKE_PREFIX_PATH=${CMAKE_PREFIX_PATH}:/home/praktikum4/praktikum_ws/install/robprakt:/home/praktikum4/ws_moveit2/install/moveit_configs_utils:/home/praktikum4/ws_moveit2/install/launch_param_builder:/opt/ros/galactic /usr/bin/cmake /home/praktikum4/praktikum_ws/src/vrpn_client_ros2 -DCMAKE_INSTALL_PREFIX=/home/praktikum4/praktikum_ws/install/vrpn_client_ros
[0.831s] DEBUG:colcon.colcon_core.event_handler.log_command:Invoking command in '/home/praktikum4/praktikum_ws/build/vrpn_client_ros': CMAKE_PREFIX_PATH=${CMAKE_PREFIX_PATH}:/home/praktikum4/praktikum_ws/install/robprakt:/home/praktikum4/ws_moveit2/install/moveit_configs_utils:/home/praktikum4/ws_moveit2/install/launch_param_builder:/opt/ros/galactic /usr/bin/cmake --build /home/praktikum4/praktikum_ws/build/vrpn_client_ros -- -j12 -l12
[0.844s] Level 1:colcon.colcon_core.environment:create_environment_scripts_only(pymoveit2)
[0.845s] Level 1:colcon.colcon_core.environment:checking '/home/praktikum4/praktikum_ws/install/pymoveit2' for CMake module files
[0.846s] Level 1:colcon.colcon_core.environment:checking '/home/praktikum4/praktikum_ws/install/pymoveit2' for CMake config files
[0.846s] Level 1:colcon.colcon_core.shell:create_environment_hook('pymoveit2', 'cmake_prefix_path')
[0.846s] INFO:colcon.colcon_core.shell:Creating environment hook '/home/praktikum4/praktikum_ws/install/pymoveit2/share/pymoveit2/hook/cmake_prefix_path.ps1'
[0.847s] INFO:colcon.colcon_core.shell:Creating environment descriptor '/home/praktikum4/praktikum_ws/install/pymoveit2/share/pymoveit2/hook/cmake_prefix_path.dsv'
[0.847s] INFO:colcon.colcon_core.shell:Creating environment hook '/home/praktikum4/praktikum_ws/install/pymoveit2/share/pymoveit2/hook/cmake_prefix_path.sh'
[0.847s] Level 1:colcon.colcon_core.environment:checking '/home/praktikum4/praktikum_ws/install/pymoveit2/lib'
[0.847s] Level 1:colcon.colcon_core.environment:checking '/home/praktikum4/praktikum_ws/install/pymoveit2/bin'
[0.847s] Level 1:colcon.colcon_core.environment:checking '/home/praktikum4/praktikum_ws/install/pymoveit2/lib/pkgconfig/pymoveit2.pc'
[0.847s] Level 1:colcon.colcon_core.environment:checking '/home/praktikum4/praktikum_ws/install/pymoveit2/lib/python3.8/site-packages'
[0.847s] Level 1:colcon.colcon_core.shell:create_environment_hook('pymoveit2', 'pythonpath')
[0.848s] INFO:colcon.colcon_core.shell:Creating environment hook '/home/praktikum4/praktikum_ws/install/pymoveit2/share/pymoveit2/hook/pythonpath.ps1'
[0.848s] INFO:colcon.colcon_core.shell:Creating environment descriptor '/home/praktikum4/praktikum_ws/install/pymoveit2/share/pymoveit2/hook/pythonpath.dsv'
[0.849s] INFO:colcon.colcon_core.shell:Creating environment hook '/home/praktikum4/praktikum_ws/install/pymoveit2/share/pymoveit2/hook/pythonpath.sh'
[0.849s] Level 1:colcon.colcon_core.environment:checking '/home/praktikum4/praktikum_ws/install/pymoveit2/bin'
[0.850s] INFO:colcon.colcon_core.shell:Creating package script '/home/praktikum4/praktikum_ws/install/pymoveit2/share/pymoveit2/package.ps1'
[0.850s] INFO:colcon.colcon_core.shell:Creating package descriptor '/home/praktikum4/praktikum_ws/install/pymoveit2/share/pymoveit2/package.dsv'
[0.850s] INFO:colcon.colcon_core.shell:Creating package script '/home/praktikum4/praktikum_ws/install/pymoveit2/share/pymoveit2/package.sh'
[0.850s] INFO:colcon.colcon_core.shell:Creating package script '/home/praktikum4/praktikum_ws/install/pymoveit2/share/pymoveit2/package.bash'
[0.851s] INFO:colcon.colcon_core.shell:Creating package script '/home/praktikum4/praktikum_ws/install/pymoveit2/share/pymoveit2/package.zsh'
[0.851s] Level 1:colcon.colcon_core.environment:create_file_with_runtime_dependencies(/home/praktikum4/praktikum_ws/install/pymoveit2/share/colcon-core/packages/pymoveit2)
[0.868s] DEBUG:colcon.colcon_core.event_handler.log_command:Invoked command in '/home/praktikum4/praktikum_ws/build/robprakt_interfaces' returned '0': CMAKE_PREFIX_PATH=${CMAKE_PREFIX_PATH}:/home/praktikum4/praktikum_ws/install/robprakt:/home/praktikum4/ws_moveit2/install/moveit_configs_utils:/home/praktikum4/ws_moveit2/install/launch_param_builder:/opt/ros/galactic /usr/bin/cmake /home/praktikum4/praktikum_ws/src/robprakt_interfaces -DCMAKE_INSTALL_PREFIX=/home/praktikum4/praktikum_ws/install/robprakt_interfaces
[0.870s] DEBUG:colcon.colcon_core.event_handler.log_command:Invoking command in '/home/praktikum4/praktikum_ws/build/robprakt_interfaces': CMAKE_PREFIX_PATH=${CMAKE_PREFIX_PATH}:/home/praktikum4/praktikum_ws/install/robprakt:/home/praktikum4/ws_moveit2/install/moveit_configs_utils:/home/praktikum4/ws_moveit2/install/launch_param_builder:/opt/ros/galactic /usr/bin/cmake --build /home/praktikum4/praktikum_ws/build/robprakt_interfaces -- -j12 -l12
[0.908s] DEBUG:colcon.colcon_core.event_handler.log_command:Invoked command in '/home/praktikum4/praktikum_ws/build/vrpn_client_ros' returned '0': CMAKE_PREFIX_PATH=${CMAKE_PREFIX_PATH}:/home/praktikum4/praktikum_ws/install/robprakt:/home/praktikum4/ws_moveit2/install/moveit_configs_utils:/home/praktikum4/ws_moveit2/install/launch_param_builder:/opt/ros/galactic /usr/bin/cmake --build /home/praktikum4/praktikum_ws/build/vrpn_client_ros -- -j12 -l12
[0.930s] Level 1:colcon.colcon_core.shell:create_environment_hook('vrpn', 'pkg_config_path')
[0.931s] INFO:colcon.colcon_core.shell:Creating environment hook '/home/praktikum4/praktikum_ws/install/vrpn/share/vrpn/hook/pkg_config_path.ps1'
[0.932s] INFO:colcon.colcon_core.shell:Creating environment descriptor '/home/praktikum4/praktikum_ws/install/vrpn/share/vrpn/hook/pkg_config_path.dsv'
[0.932s] INFO:colcon.colcon_core.shell:Creating environment hook '/home/praktikum4/praktikum_ws/install/vrpn/share/vrpn/hook/pkg_config_path.sh'
[0.934s] Level 1:colcon.colcon_core.shell:create_environment_hook('vrpn', 'pkg_config_path_multiarch')
[0.935s] INFO:colcon.colcon_core.shell:Creating environment hook '/home/praktikum4/praktikum_ws/install/vrpn/share/vrpn/hook/pkg_config_path_multiarch.ps1'
[0.936s] INFO:colcon.colcon_core.shell:Creating environment descriptor '/home/praktikum4/praktikum_ws/install/vrpn/share/vrpn/hook/pkg_config_path_multiarch.dsv'
[0.936s] INFO:colcon.colcon_core.shell:Creating environment hook '/home/praktikum4/praktikum_ws/install/vrpn/share/vrpn/hook/pkg_config_path_multiarch.sh'
[0.936s] Level 1:colcon.colcon_core.environment:create_environment_scripts_only(vrpn)
[0.937s] Level 1:colcon.colcon_core.environment:checking '/home/praktikum4/praktikum_ws/install/vrpn' for CMake module files
[0.937s] Level 1:colcon.colcon_core.environment:checking '/home/praktikum4/praktikum_ws/install/vrpn' for CMake config files
[0.938s] Level 1:colcon.colcon_core.shell:create_environment_hook('vrpn', 'cmake_prefix_path')
[0.938s] INFO:colcon.colcon_core.shell:Creating environment hook '/home/praktikum4/praktikum_ws/install/vrpn/share/vrpn/hook/cmake_prefix_path.ps1'
[0.938s] INFO:colcon.colcon_core.shell:Creating environment descriptor '/home/praktikum4/praktikum_ws/install/vrpn/share/vrpn/hook/cmake_prefix_path.dsv'
[0.939s] INFO:colcon.colcon_core.shell:Creating environment hook '/home/praktikum4/praktikum_ws/install/vrpn/share/vrpn/hook/cmake_prefix_path.sh'
[0.939s] Level 1:colcon.colcon_core.environment:checking '/home/praktikum4/praktikum_ws/install/vrpn/lib'
[0.939s] Level 1:colcon.colcon_core.environment:checking '/home/praktikum4/praktikum_ws/install/vrpn/bin'
[0.939s] Level 1:colcon.colcon_core.shell:create_environment_hook('vrpn', 'path')
[0.940s] INFO:colcon.colcon_core.shell:Creating environment hook '/home/praktikum4/praktikum_ws/install/vrpn/share/vrpn/hook/path.ps1'
[0.940s] INFO:colcon.colcon_core.shell:Creating environment descriptor '/home/praktikum4/praktikum_ws/install/vrpn/share/vrpn/hook/path.dsv'
[0.940s] INFO:colcon.colcon_core.shell:Creating environment hook '/home/praktikum4/praktikum_ws/install/vrpn/share/vrpn/hook/path.sh'
[0.941s] Level 1:colcon.colcon_core.environment:checking '/home/praktikum4/praktikum_ws/install/vrpn/lib/pkgconfig/vrpn.pc'
[0.941s] Level 1:colcon.colcon_core.environment:checking '/home/praktikum4/praktikum_ws/install/vrpn/lib/python3.8/site-packages'
[0.941s] Level 1:colcon.colcon_core.environment:checking '/home/praktikum4/praktikum_ws/install/vrpn/bin'
[0.941s] Level 1:colcon.colcon_core.shell:create_environment_hook('vrpn', 'pythonscriptspath')
[0.942s] INFO:colcon.colcon_core.shell:Creating environment hook '/home/praktikum4/praktikum_ws/install/vrpn/share/vrpn/hook/pythonscriptspath.ps1'
[0.942s] INFO:colcon.colcon_core.shell:Creating environment descriptor '/home/praktikum4/praktikum_ws/install/vrpn/share/vrpn/hook/pythonscriptspath.dsv'
[0.942s] INFO:colcon.colcon_core.shell:Creating environment hook '/home/praktikum4/praktikum_ws/install/vrpn/share/vrpn/hook/pythonscriptspath.sh'
[0.943s] INFO:colcon.colcon_core.shell:Creating package script '/home/praktikum4/praktikum_ws/install/vrpn/share/vrpn/package.ps1'
[0.944s] INFO:colcon.colcon_core.shell:Creating package descriptor '/home/praktikum4/praktikum_ws/install/vrpn/share/vrpn/package.dsv'
[0.944s] INFO:colcon.colcon_core.shell:Creating package script '/home/praktikum4/praktikum_ws/install/vrpn/share/vrpn/package.sh'
[0.945s] INFO:colcon.colcon_core.shell:Creating package script '/home/praktikum4/praktikum_ws/install/vrpn/share/vrpn/package.bash'
[0.945s] INFO:colcon.colcon_core.shell:Creating package script '/home/praktikum4/praktikum_ws/install/vrpn/share/vrpn/package.zsh'
[0.945s] Level 1:colcon.colcon_core.environment:create_file_with_runtime_dependencies(/home/praktikum4/praktikum_ws/install/vrpn/share/colcon-core/packages/vrpn)
[0.947s] DEBUG:colcon.colcon_core.event_handler.log_command:Invoking command in '/home/praktikum4/praktikum_ws/build/vrpn_client_ros': CMAKE_PREFIX_PATH=${CMAKE_PREFIX_PATH}:/home/praktikum4/praktikum_ws/install/robprakt:/home/praktikum4/ws_moveit2/install/moveit_configs_utils:/home/praktikum4/ws_moveit2/install/launch_param_builder:/opt/ros/galactic /usr/bin/cmake --install /home/praktikum4/praktikum_ws/build/vrpn_client_ros
[0.966s] Level 1:colcon.colcon_core.environment:create_environment_scripts_only(vrpn_client_ros)
[0.968s] Level 1:colcon.colcon_core.environment:checking '/home/praktikum4/praktikum_ws/install/vrpn_client_ros' for CMake module files
[0.968s] DEBUG:colcon.colcon_core.event_handler.log_command:Invoked command in '/home/praktikum4/praktikum_ws/build/vrpn_client_ros' returned '0': CMAKE_PREFIX_PATH=${CMAKE_PREFIX_PATH}:/home/praktikum4/praktikum_ws/install/robprakt:/home/praktikum4/ws_moveit2/install/moveit_configs_utils:/home/praktikum4/ws_moveit2/install/launch_param_builder:/opt/ros/galactic /usr/bin/cmake --install /home/praktikum4/praktikum_ws/build/vrpn_client_ros
[0.968s] Level 1:colcon.colcon_core.environment:checking '/home/praktikum4/praktikum_ws/install/vrpn_client_ros' for CMake config files
[0.968s] Level 1:colcon.colcon_core.shell:create_environment_hook('vrpn_client_ros', 'cmake_prefix_path')
[0.969s] INFO:colcon.colcon_core.shell:Creating environment hook '/home/praktikum4/praktikum_ws/install/vrpn_client_ros/share/vrpn_client_ros/hook/cmake_prefix_path.ps1'
[0.969s] INFO:colcon.colcon_core.shell:Creating environment descriptor '/home/praktikum4/praktikum_ws/install/vrpn_client_ros/share/vrpn_client_ros/hook/cmake_prefix_path.dsv'
[0.970s] INFO:colcon.colcon_core.shell:Creating environment hook '/home/praktikum4/praktikum_ws/install/vrpn_client_ros/share/vrpn_client_ros/hook/cmake_prefix_path.sh'
[0.970s] Level 1:colcon.colcon_core.environment:checking '/home/praktikum4/praktikum_ws/install/vrpn_client_ros/lib'
[0.970s] Level 1:colcon.colcon_core.environment:checking '/home/praktikum4/praktikum_ws/install/vrpn_client_ros/bin'
[0.970s] Level 1:colcon.colcon_core.environment:checking '/home/praktikum4/praktikum_ws/install/vrpn_client_ros/lib/pkgconfig/vrpn_client_ros.pc'
[0.970s] Level 1:colcon.colcon_core.environment:checking '/home/praktikum4/praktikum_ws/install/vrpn_client_ros/lib/python3.8/site-packages'
[0.970s] Level 1:colcon.colcon_core.environment:checking '/home/praktikum4/praktikum_ws/install/vrpn_client_ros/bin'
[0.971s] INFO:colcon.colcon_core.shell:Creating package script '/home/praktikum4/praktikum_ws/install/vrpn_client_ros/share/vrpn_client_ros/package.ps1'
[0.971s] INFO:colcon.colcon_core.shell:Creating package descriptor '/home/praktikum4/praktikum_ws/install/vrpn_client_ros/share/vrpn_client_ros/package.dsv'
[0.972s] INFO:colcon.colcon_core.shell:Creating package script '/home/praktikum4/praktikum_ws/install/vrpn_client_ros/share/vrpn_client_ros/package.sh'
[0.972s] INFO:colcon.colcon_core.shell:Creating package script '/home/praktikum4/praktikum_ws/install/vrpn_client_ros/share/vrpn_client_ros/package.bash'
[0.972s] INFO:colcon.colcon_core.shell:Creating package script '/home/praktikum4/praktikum_ws/install/vrpn_client_ros/share/vrpn_client_ros/package.zsh'
[0.972s] Level 1:colcon.colcon_core.environment:create_file_with_runtime_dependencies(/home/praktikum4/praktikum_ws/install/vrpn_client_ros/share/colcon-core/packages/vrpn_client_ros)
[0.996s] Level 1:colcon.colcon_core.environment:create_environment_scripts_only(vrpn_client_ros)
[0.998s] Level 1:colcon.colcon_core.environment:checking '/home/praktikum4/praktikum_ws/install/vrpn_client_ros' for CMake module files
[0.999s] Level 1:colcon.colcon_core.environment:checking '/home/praktikum4/praktikum_ws/install/vrpn_client_ros' for CMake config files
[0.999s] Level 1:colcon.colcon_core.shell:create_environment_hook('vrpn_client_ros', 'cmake_prefix_path')
[1.001s] INFO:colcon.colcon_core.shell:Creating environment hook '/home/praktikum4/praktikum_ws/install/vrpn_client_ros/share/vrpn_client_ros/hook/cmake_prefix_path.ps1'
[1.002s] INFO:colcon.colcon_core.shell:Creating environment descriptor '/home/praktikum4/praktikum_ws/install/vrpn_client_ros/share/vrpn_client_ros/hook/cmake_prefix_path.dsv'
[1.002s] INFO:colcon.colcon_core.shell:Creating environment hook '/home/praktikum4/praktikum_ws/install/vrpn_client_ros/share/vrpn_client_ros/hook/cmake_prefix_path.sh'
[1.003s] Level 1:colcon.colcon_core.environment:checking '/home/praktikum4/praktikum_ws/install/vrpn_client_ros/lib'
[1.003s] Level 1:colcon.colcon_core.environment:checking '/home/praktikum4/praktikum_ws/install/vrpn_client_ros/bin'
[1.003s] Level 1:colcon.colcon_core.environment:checking '/home/praktikum4/praktikum_ws/install/vrpn_client_ros/lib/pkgconfig/vrpn_client_ros.pc'
[1.004s] Level 1:colcon.colcon_core.environment:checking '/home/praktikum4/praktikum_ws/install/vrpn_client_ros/lib/python3.8/site-packages'
[1.004s] Level 1:colcon.colcon_core.environment:checking '/home/praktikum4/praktikum_ws/install/vrpn_client_ros/bin'
[1.006s] INFO:colcon.colcon_core.shell:Creating package script '/home/praktikum4/praktikum_ws/install/vrpn_client_ros/share/vrpn_client_ros/package.ps1'
[1.007s] INFO:colcon.colcon_core.shell:Creating package descriptor '/home/praktikum4/praktikum_ws/install/vrpn_client_ros/share/vrpn_client_ros/package.dsv'
[1.007s] INFO:colcon.colcon_core.shell:Creating package script '/home/praktikum4/praktikum_ws/install/vrpn_client_ros/share/vrpn_client_ros/package.sh'
[1.008s] INFO:colcon.colcon_core.shell:Creating package script '/home/praktikum4/praktikum_ws/install/vrpn_client_ros/share/vrpn_client_ros/package.bash'
[1.008s] INFO:colcon.colcon_core.shell:Creating package script '/home/praktikum4/praktikum_ws/install/vrpn_client_ros/share/vrpn_client_ros/package.zsh'
[1.009s] Level 1:colcon.colcon_core.environment:create_file_with_runtime_dependencies(/home/praktikum4/praktikum_ws/install/vrpn_client_ros/share/colcon-core/packages/vrpn_client_ros)
[1.032s] DEBUG:colcon.colcon_core.event_handler.log_command:Invoked command in '/home/praktikum4/praktikum_ws/build/robprakt_interfaces' returned '0': CMAKE_PREFIX_PATH=${CMAKE_PREFIX_PATH}:/home/praktikum4/praktikum_ws/install/robprakt:/home/praktikum4/ws_moveit2/install/moveit_configs_utils:/home/praktikum4/ws_moveit2/install/launch_param_builder:/opt/ros/galactic /usr/bin/cmake --build /home/praktikum4/praktikum_ws/build/robprakt_interfaces -- -j12 -l12
[1.069s] DEBUG:colcon.colcon_core.event_handler.log_command:Invoking command in '/home/praktikum4/praktikum_ws/build/robprakt_interfaces': CMAKE_PREFIX_PATH=${CMAKE_PREFIX_PATH}:/home/praktikum4/praktikum_ws/install/robprakt:/home/praktikum4/ws_moveit2/install/moveit_configs_utils:/home/praktikum4/ws_moveit2/install/launch_param_builder:/opt/ros/galactic /usr/bin/cmake --install /home/praktikum4/praktikum_ws/build/robprakt_interfaces
[1.126s] Level 1:colcon.colcon_core.environment:create_environment_scripts_only(robprakt_interfaces)
[1.128s] Level 1:colcon.colcon_core.environment:checking '/home/praktikum4/praktikum_ws/install/robprakt_interfaces' for CMake module files
[1.128s] DEBUG:colcon.colcon_core.event_handler.log_command:Invoked command in '/home/praktikum4/praktikum_ws/build/robprakt_interfaces' returned '0': CMAKE_PREFIX_PATH=${CMAKE_PREFIX_PATH}:/home/praktikum4/praktikum_ws/install/robprakt:/home/praktikum4/ws_moveit2/install/moveit_configs_utils:/home/praktikum4/ws_moveit2/install/launch_param_builder:/opt/ros/galactic /usr/bin/cmake --install /home/praktikum4/praktikum_ws/build/robprakt_interfaces
[1.128s] Level 1:colcon.colcon_core.environment:checking '/home/praktikum4/praktikum_ws/install/robprakt_interfaces' for CMake config files
[1.128s] Level 1:colcon.colcon_core.shell:create_environment_hook('robprakt_interfaces', 'cmake_prefix_path')
[1.129s] INFO:colcon.colcon_core.shell:Creating environment hook '/home/praktikum4/praktikum_ws/install/robprakt_interfaces/share/robprakt_interfaces/hook/cmake_prefix_path.ps1'
[1.130s] INFO:colcon.colcon_core.shell:Creating environment descriptor '/home/praktikum4/praktikum_ws/install/robprakt_interfaces/share/robprakt_interfaces/hook/cmake_prefix_path.dsv'
[1.130s] INFO:colcon.colcon_core.shell:Creating environment hook '/home/praktikum4/praktikum_ws/install/robprakt_interfaces/share/robprakt_interfaces/hook/cmake_prefix_path.sh'
[1.130s] Level 1:colcon.colcon_core.environment:checking '/home/praktikum4/praktikum_ws/install/robprakt_interfaces/lib'
[1.130s] Level 1:colcon.colcon_core.shell:create_environment_hook('robprakt_interfaces', 'ld_library_path_lib')
[1.131s] INFO:colcon.colcon_core.shell:Creating environment hook '/home/praktikum4/praktikum_ws/install/robprakt_interfaces/share/robprakt_interfaces/hook/ld_library_path_lib.ps1'
[1.131s] INFO:colcon.colcon_core.shell:Creating environment descriptor '/home/praktikum4/praktikum_ws/install/robprakt_interfaces/share/robprakt_interfaces/hook/ld_library_path_lib.dsv'
[1.131s] INFO:colcon.colcon_core.shell:Creating environment hook '/home/praktikum4/praktikum_ws/install/robprakt_interfaces/share/robprakt_interfaces/hook/ld_library_path_lib.sh'
[1.131s] Level 1:colcon.colcon_core.environment:checking '/home/praktikum4/praktikum_ws/install/robprakt_interfaces/bin'
[1.131s] Level 1:colcon.colcon_core.environment:checking '/home/praktikum4/praktikum_ws/install/robprakt_interfaces/lib/pkgconfig/robprakt_interfaces.pc'
[1.131s] Level 1:colcon.colcon_core.environment:checking '/home/praktikum4/praktikum_ws/install/robprakt_interfaces/lib/python3.8/site-packages'
[1.131s] Level 1:colcon.colcon_core.shell:create_environment_hook('robprakt_interfaces', 'pythonpath')
[1.132s] INFO:colcon.colcon_core.shell:Creating environment hook '/home/praktikum4/praktikum_ws/install/robprakt_interfaces/share/robprakt_interfaces/hook/pythonpath.ps1'
[1.132s] INFO:colcon.colcon_core.shell:Creating environment descriptor '/home/praktikum4/praktikum_ws/install/robprakt_interfaces/share/robprakt_interfaces/hook/pythonpath.dsv'
[1.132s] INFO:colcon.colcon_core.shell:Creating environment hook '/home/praktikum4/praktikum_ws/install/robprakt_interfaces/share/robprakt_interfaces/hook/pythonpath.sh'
[1.133s] Level 1:colcon.colcon_core.environment:checking '/home/praktikum4/praktikum_ws/install/robprakt_interfaces/bin'
[1.133s] INFO:colcon.colcon_core.shell:Creating package script '/home/praktikum4/praktikum_ws/install/robprakt_interfaces/share/robprakt_interfaces/package.ps1'
[1.134s] INFO:colcon.colcon_core.shell:Creating package descriptor '/home/praktikum4/praktikum_ws/install/robprakt_interfaces/share/robprakt_interfaces/package.dsv'
[1.134s] INFO:colcon.colcon_core.shell:Creating package script '/home/praktikum4/praktikum_ws/install/robprakt_interfaces/share/robprakt_interfaces/package.sh'
[1.134s] INFO:colcon.colcon_core.shell:Creating package script '/home/praktikum4/praktikum_ws/install/robprakt_interfaces/share/robprakt_interfaces/package.bash'
[1.134s] INFO:colcon.colcon_core.shell:Creating package script '/home/praktikum4/praktikum_ws/install/robprakt_interfaces/share/robprakt_interfaces/package.zsh'
[1.134s] Level 1:colcon.colcon_core.environment:create_file_with_runtime_dependencies(/home/praktikum4/praktikum_ws/install/robprakt_interfaces/share/colcon-core/packages/robprakt_interfaces)
[1.172s] Level 1:colcon.colcon_core.environment:create_environment_scripts_only(robprakt_interfaces)
[1.173s] Level 1:colcon.colcon_core.environment:checking '/home/praktikum4/praktikum_ws/install/robprakt_interfaces' for CMake module files
[1.173s] Level 1:colcon.colcon_core.environment:checking '/home/praktikum4/praktikum_ws/install/robprakt_interfaces' for CMake config files
[1.173s] Level 1:colcon.colcon_core.shell:create_environment_hook('robprakt_interfaces', 'cmake_prefix_path')
[1.174s] INFO:colcon.colcon_core.shell:Creating environment hook '/home/praktikum4/praktikum_ws/install/robprakt_interfaces/share/robprakt_interfaces/hook/cmake_prefix_path.ps1'
[1.175s] INFO:colcon.colcon_core.shell:Creating environment descriptor '/home/praktikum4/praktikum_ws/install/robprakt_interfaces/share/robprakt_interfaces/hook/cmake_prefix_path.dsv'
[1.175s] INFO:colcon.colcon_core.shell:Creating environment hook '/home/praktikum4/praktikum_ws/install/robprakt_interfaces/share/robprakt_interfaces/hook/cmake_prefix_path.sh'
[1.175s] Level 1:colcon.colcon_core.environment:checking '/home/praktikum4/praktikum_ws/install/robprakt_interfaces/lib'
[1.175s] Level 1:colcon.colcon_core.shell:create_environment_hook('robprakt_interfaces', 'ld_library_path_lib')
[1.176s] INFO:colcon.colcon_core.shell:Creating environment hook '/home/praktikum4/praktikum_ws/install/robprakt_interfaces/share/robprakt_interfaces/hook/ld_library_path_lib.ps1'
[1.176s] INFO:colcon.colcon_core.shell:Creating environment descriptor '/home/praktikum4/praktikum_ws/install/robprakt_interfaces/share/robprakt_interfaces/hook/ld_library_path_lib.dsv'
[1.176s] INFO:colcon.colcon_core.shell:Creating environment hook '/home/praktikum4/praktikum_ws/install/robprakt_interfaces/share/robprakt_interfaces/hook/ld_library_path_lib.sh'
[1.177s] Level 1:colcon.colcon_core.environment:checking '/home/praktikum4/praktikum_ws/install/robprakt_interfaces/bin'
[1.177s] Level 1:colcon.colcon_core.environment:checking '/home/praktikum4/praktikum_ws/install/robprakt_interfaces/lib/pkgconfig/robprakt_interfaces.pc'
[1.177s] Level 1:colcon.colcon_core.environment:checking '/home/praktikum4/praktikum_ws/install/robprakt_interfaces/lib/python3.8/site-packages'
[1.177s] Level 1:colcon.colcon_core.shell:create_environment_hook('robprakt_interfaces', 'pythonpath')
[1.178s] INFO:colcon.colcon_core.shell:Creating environment hook '/home/praktikum4/praktikum_ws/install/robprakt_interfaces/share/robprakt_interfaces/hook/pythonpath.ps1'
[1.178s] INFO:colcon.colcon_core.shell:Creating environment descriptor '/home/praktikum4/praktikum_ws/install/robprakt_interfaces/share/robprakt_interfaces/hook/pythonpath.dsv'
[1.178s] INFO:colcon.colcon_core.shell:Creating environment hook '/home/praktikum4/praktikum_ws/install/robprakt_interfaces/share/robprakt_interfaces/hook/pythonpath.sh'
[1.178s] Level 1:colcon.colcon_core.environment:checking '/home/praktikum4/praktikum_ws/install/robprakt_interfaces/bin'
[1.179s] INFO:colcon.colcon_core.shell:Creating package script '/home/praktikum4/praktikum_ws/install/robprakt_interfaces/share/robprakt_interfaces/package.ps1'
[1.179s] INFO:colcon.colcon_core.shell:Creating package descriptor '/home/praktikum4/praktikum_ws/install/robprakt_interfaces/share/robprakt_interfaces/package.dsv'
[1.179s] INFO:colcon.colcon_core.shell:Creating package script '/home/praktikum4/praktikum_ws/install/robprakt_interfaces/share/robprakt_interfaces/package.sh'
[1.180s] INFO:colcon.colcon_core.shell:Creating package script '/home/praktikum4/praktikum_ws/install/robprakt_interfaces/share/robprakt_interfaces/package.bash'
[1.180s] INFO:colcon.colcon_core.shell:Creating package script '/home/praktikum4/praktikum_ws/install/robprakt_interfaces/share/robprakt_interfaces/package.zsh'
[1.180s] Level 1:colcon.colcon_core.environment:create_file_with_runtime_dependencies(/home/praktikum4/praktikum_ws/install/robprakt_interfaces/share/colcon-core/packages/robprakt_interfaces)
[1.180s] INFO:colcon.colcon_ros.task.ament_python.build:Building ROS package in '/home/praktikum4/praktikum_ws/src/robprakt' with build type 'ament_python'
[1.180s] Level 1:colcon.colcon_core.shell:create_environment_hook('robprakt', 'ament_prefix_path')
[1.181s] INFO:colcon.colcon_core.shell:Creating environment hook '/home/praktikum4/praktikum_ws/install/robprakt/share/robprakt/hook/ament_prefix_path.ps1'
[1.181s] INFO:colcon.colcon_core.shell:Creating environment descriptor '/home/praktikum4/praktikum_ws/install/robprakt/share/robprakt/hook/ament_prefix_path.dsv'
[1.182s] INFO:colcon.colcon_core.shell:Creating environment hook '/home/praktikum4/praktikum_ws/install/robprakt/share/robprakt/hook/ament_prefix_path.sh'
[1.183s] INFO:colcon.colcon_core.shell:Skip shell extension 'powershell' for command environment: Not usable outside of PowerShell
[1.183s] DEBUG:colcon.colcon_core.shell:Skip shell extension 'dsv' for command environment
[1.325s] INFO:colcon.colcon_core.task.python.build:Building Python package in '/home/praktikum4/praktikum_ws/src/robprakt'
[1.326s] INFO:colcon.colcon_core.shell:Skip shell extension 'powershell' for command environment: Not usable outside of PowerShell
[1.326s] DEBUG:colcon.colcon_core.shell:Skip shell extension 'dsv' for command environment
[1.572s] DEBUG:colcon.colcon_core.event_handler.log_command:Invoking command in '/home/praktikum4/praktikum_ws/build/robprakt': CMAKE_PREFIX_PATH=/home/praktikum4/praktikum_ws/install/robprakt_interfaces:/home/praktikum4/praktikum_ws/install/vrpn_client_ros:/home/praktikum4/praktikum_ws/install/vrpn:/home/praktikum4/praktikum_ws/install/pymoveit2:/home/praktikum4/ws_moveit2/install/moveit2_tutorials:/home/praktikum4/ws_moveit2/install/moveit_visual_tools:/home/praktikum4/ws_moveit2/install/rviz_visual_tools:/home/praktikum4/ws_moveit2/install/pilz_industrial_motion_planner_testutils:/home/praktikum4/ws_moveit2/install/moveit_runtime:/home/praktikum4/ws_moveit2/install/moveit:/home/praktikum4/ws_moveit2/install/moveit_planners:/home/praktikum4/ws_moveit2/install/pilz_industrial_motion_planner:/home/praktikum4/ws_moveit2/install/moveit_ros_control_interface:/home/praktikum4/ws_moveit2/install/moveit_plugins:/home/praktikum4/ws_moveit2/install/moveit_simple_controller_manager:/home/praktikum4/ws_moveit2/install/moveit_setup_assistant:/home/praktikum4/ws_moveit2/install/moveit_servo:/home/praktikum4/ws_moveit2/install/moveit_ros:/home/praktikum4/ws_moveit2/install/moveit_ros_visualization:/home/praktikum4/ws_moveit2/install/moveit_hybrid_planning:/home/praktikum4/ws_moveit2/install/moveit_ros_planning_interface:/home/praktikum4/ws_moveit2/install/moveit_ros_benchmarks:/home/praktikum4/ws_moveit2/install/moveit_ros_warehouse:/home/praktikum4/ws_moveit2/install/moveit_ros_robot_interaction:/home/praktikum4/ws_moveit2/install/moveit_ros_perception:/home/praktikum4/ws_moveit2/install/moveit_resources_prbt_pg70_support:/home/praktikum4/ws_moveit2/install/moveit_resources_prbt_moveit_config:/home/praktikum4/ws_moveit2/install/moveit_ros_move_group:/home/praktikum4/ws_moveit2/install/moveit_planners_ompl:/home/praktikum4/ws_moveit2/install/moveit_ros_planning:/home/praktikum4/ws_moveit2/install/moveit_ros_occupancy_map_monitor:/home/praktikum4/ws_moveit2/install/moveit_resources_prbt_support:/home/praktikum4/ws_moveit2/install/moveit_resources_prbt_ikfast_manipulator_plugin:/home/praktikum4/ws_moveit2/install/moveit_resources:/home/praktikum4/ws_moveit2/install/moveit_resources_pr2_description:/home/praktikum4/ws_moveit2/install/moveit_resources_panda_moveit_config:/home/praktikum4/ws_moveit2/install/moveit_resources_panda_description:/home/praktikum4/ws_moveit2/install/moveit_resources_fanuc_moveit_config:/home/praktikum4/ws_moveit2/install/moveit_resources_fanuc_description:/home/praktikum4/ws_moveit2/install/moveit_planners_chomp:/home/praktikum4/ws_moveit2/install/moveit_kinematics:/home/praktikum4/ws_moveit2/install/moveit_chomp_optimizer_adapter:/home/praktikum4/ws_moveit2/install/chomp_motion_planner:/home/praktikum4/ws_moveit2/install/moveit_core:/home/praktikum4/ws_moveit2/install/moveit_msgs:/home/praktikum4/ws_moveit2/install/moveit_common:/home/praktikum4/ws_moveit2/install/geometric_shapes PYTHONPATH=/home/praktikum4/praktikum_ws/build/robprakt/prefix_override:/home/praktikum4/praktikum_ws/install/robprakt/lib/python3.8/site-packages:/home/praktikum4/praktikum_ws/install/robprakt_interfaces/lib/python3.8/site-packages:/home/praktikum4/praktikum_ws/build/robprakt:/home/praktikum4/praktikum_ws/install/robprakt/lib/python3.8/site-packages:/home/praktikum4/praktikum_ws/install/pymoveit2/lib/python3.8/site-packages:/home/praktikum4/ws_moveit2/install/moveit_msgs/lib/python3.8/site-packages:/home/praktikum4/ws_moveit2/install/moveit_configs_utils/lib/python3.8/site-packages:/home/praktikum4/ws_moveit2/install/launch_param_builder/lib/python3.8/site-packages:/opt/ros/galactic/lib/python3.8/site-packages /usr/bin/python3 setup.py develop --uninstall --editable --build-directory /home/praktikum4/praktikum_ws/build/robprakt/build
[1.805s] DEBUG:colcon.colcon_core.event_handler.log_command:Invoked command in '/home/praktikum4/praktikum_ws/build/robprakt' returned '0': CMAKE_PREFIX_PATH=/home/praktikum4/praktikum_ws/install/robprakt_interfaces:/home/praktikum4/praktikum_ws/install/vrpn_client_ros:/home/praktikum4/praktikum_ws/install/vrpn:/home/praktikum4/praktikum_ws/install/pymoveit2:/home/praktikum4/ws_moveit2/install/moveit2_tutorials:/home/praktikum4/ws_moveit2/install/moveit_visual_tools:/home/praktikum4/ws_moveit2/install/rviz_visual_tools:/home/praktikum4/ws_moveit2/install/pilz_industrial_motion_planner_testutils:/home/praktikum4/ws_moveit2/install/moveit_runtime:/home/praktikum4/ws_moveit2/install/moveit:/home/praktikum4/ws_moveit2/install/moveit_planners:/home/praktikum4/ws_moveit2/install/pilz_industrial_motion_planner:/home/praktikum4/ws_moveit2/install/moveit_ros_control_interface:/home/praktikum4/ws_moveit2/install/moveit_plugins:/home/praktikum4/ws_moveit2/install/moveit_simple_controller_manager:/home/praktikum4/ws_moveit2/install/moveit_setup_assistant:/home/praktikum4/ws_moveit2/install/moveit_servo:/home/praktikum4/ws_moveit2/install/moveit_ros:/home/praktikum4/ws_moveit2/install/moveit_ros_visualization:/home/praktikum4/ws_moveit2/install/moveit_hybrid_planning:/home/praktikum4/ws_moveit2/install/moveit_ros_planning_interface:/home/praktikum4/ws_moveit2/install/moveit_ros_benchmarks:/home/praktikum4/ws_moveit2/install/moveit_ros_warehouse:/home/praktikum4/ws_moveit2/install/moveit_ros_robot_interaction:/home/praktikum4/ws_moveit2/install/moveit_ros_perception:/home/praktikum4/ws_moveit2/install/moveit_resources_prbt_pg70_support:/home/praktikum4/ws_moveit2/install/moveit_resources_prbt_moveit_config:/home/praktikum4/ws_moveit2/install/moveit_ros_move_group:/home/praktikum4/ws_moveit2/install/moveit_planners_ompl:/home/praktikum4/ws_moveit2/install/moveit_ros_planning:/home/praktikum4/ws_moveit2/install/moveit_ros_occupancy_map_monitor:/home/praktikum4/ws_moveit2/install/moveit_resources_prbt_support:/home/praktikum4/ws_moveit2/install/moveit_resources_prbt_ikfast_manipulator_plugin:/home/praktikum4/ws_moveit2/install/moveit_resources:/home/praktikum4/ws_moveit2/install/moveit_resources_pr2_description:/home/praktikum4/ws_moveit2/install/moveit_resources_panda_moveit_config:/home/praktikum4/ws_moveit2/install/moveit_resources_panda_description:/home/praktikum4/ws_moveit2/install/moveit_resources_fanuc_moveit_config:/home/praktikum4/ws_moveit2/install/moveit_resources_fanuc_description:/home/praktikum4/ws_moveit2/install/moveit_planners_chomp:/home/praktikum4/ws_moveit2/install/moveit_kinematics:/home/praktikum4/ws_moveit2/install/moveit_chomp_optimizer_adapter:/home/praktikum4/ws_moveit2/install/chomp_motion_planner:/home/praktikum4/ws_moveit2/install/moveit_core:/home/praktikum4/ws_moveit2/install/moveit_msgs:/home/praktikum4/ws_moveit2/install/moveit_common:/home/praktikum4/ws_moveit2/install/geometric_shapes PYTHONPATH=/home/praktikum4/praktikum_ws/build/robprakt/prefix_override:/home/praktikum4/praktikum_ws/install/robprakt/lib/python3.8/site-packages:/home/praktikum4/praktikum_ws/install/robprakt_interfaces/lib/python3.8/site-packages:/home/praktikum4/praktikum_ws/build/robprakt:/home/praktikum4/praktikum_ws/install/robprakt/lib/python3.8/site-packages:/home/praktikum4/praktikum_ws/install/pymoveit2/lib/python3.8/site-packages:/home/praktikum4/ws_moveit2/install/moveit_msgs/lib/python3.8/site-packages:/home/praktikum4/ws_moveit2/install/moveit_configs_utils/lib/python3.8/site-packages:/home/praktikum4/ws_moveit2/install/launch_param_builder/lib/python3.8/site-packages:/opt/ros/galactic/lib/python3.8/site-packages /usr/bin/python3 setup.py develop --uninstall --editable --build-directory /home/praktikum4/praktikum_ws/build/robprakt/build
[1.806s] DEBUG:colcon.colcon_core.event_handler.log_command:Invoking command in '/home/praktikum4/praktikum_ws/src/robprakt': CMAKE_PREFIX_PATH=/home/praktikum4/praktikum_ws/install/robprakt_interfaces:/home/praktikum4/praktikum_ws/install/vrpn_client_ros:/home/praktikum4/praktikum_ws/install/vrpn:/home/praktikum4/praktikum_ws/install/pymoveit2:/home/praktikum4/ws_moveit2/install/moveit2_tutorials:/home/praktikum4/ws_moveit2/install/moveit_visual_tools:/home/praktikum4/ws_moveit2/install/rviz_visual_tools:/home/praktikum4/ws_moveit2/install/pilz_industrial_motion_planner_testutils:/home/praktikum4/ws_moveit2/install/moveit_runtime:/home/praktikum4/ws_moveit2/install/moveit:/home/praktikum4/ws_moveit2/install/moveit_planners:/home/praktikum4/ws_moveit2/install/pilz_industrial_motion_planner:/home/praktikum4/ws_moveit2/install/moveit_ros_control_interface:/home/praktikum4/ws_moveit2/install/moveit_plugins:/home/praktikum4/ws_moveit2/install/moveit_simple_controller_manager:/home/praktikum4/ws_moveit2/install/moveit_setup_assistant:/home/praktikum4/ws_moveit2/install/moveit_servo:/home/praktikum4/ws_moveit2/install/moveit_ros:/home/praktikum4/ws_moveit2/install/moveit_ros_visualization:/home/praktikum4/ws_moveit2/install/moveit_hybrid_planning:/home/praktikum4/ws_moveit2/install/moveit_ros_planning_interface:/home/praktikum4/ws_moveit2/install/moveit_ros_benchmarks:/home/praktikum4/ws_moveit2/install/moveit_ros_warehouse:/home/praktikum4/ws_moveit2/install/moveit_ros_robot_interaction:/home/praktikum4/ws_moveit2/install/moveit_ros_perception:/home/praktikum4/ws_moveit2/install/moveit_resources_prbt_pg70_support:/home/praktikum4/ws_moveit2/install/moveit_resources_prbt_moveit_config:/home/praktikum4/ws_moveit2/install/moveit_ros_move_group:/home/praktikum4/ws_moveit2/install/moveit_planners_ompl:/home/praktikum4/ws_moveit2/install/moveit_ros_planning:/home/praktikum4/ws_moveit2/install/moveit_ros_occupancy_map_monitor:/home/praktikum4/ws_moveit2/install/moveit_resources_prbt_support:/home/praktikum4/ws_moveit2/install/moveit_resources_prbt_ikfast_manipulator_plugin:/home/praktikum4/ws_moveit2/install/moveit_resources:/home/praktikum4/ws_moveit2/install/moveit_resources_pr2_description:/home/praktikum4/ws_moveit2/install/moveit_resources_panda_moveit_config:/home/praktikum4/ws_moveit2/install/moveit_resources_panda_description:/home/praktikum4/ws_moveit2/install/moveit_resources_fanuc_moveit_config:/home/praktikum4/ws_moveit2/install/moveit_resources_fanuc_description:/home/praktikum4/ws_moveit2/install/moveit_planners_chomp:/home/praktikum4/ws_moveit2/install/moveit_kinematics:/home/praktikum4/ws_moveit2/install/moveit_chomp_optimizer_adapter:/home/praktikum4/ws_moveit2/install/chomp_motion_planner:/home/praktikum4/ws_moveit2/install/moveit_core:/home/praktikum4/ws_moveit2/install/moveit_msgs:/home/praktikum4/ws_moveit2/install/moveit_common:/home/praktikum4/ws_moveit2/install/geometric_shapes PYTHONPATH=/home/praktikum4/praktikum_ws/build/robprakt/prefix_override:/home/praktikum4/praktikum_ws/install/robprakt/lib/python3.8/site-packages:/home/praktikum4/praktikum_ws/install/robprakt_interfaces/lib/python3.8/site-packages:/home/praktikum4/praktikum_ws/build/robprakt:/home/praktikum4/praktikum_ws/install/robprakt/lib/python3.8/site-packages:/home/praktikum4/praktikum_ws/install/pymoveit2/lib/python3.8/site-packages:/home/praktikum4/ws_moveit2/install/moveit_msgs/lib/python3.8/site-packages:/home/praktikum4/ws_moveit2/install/moveit_configs_utils/lib/python3.8/site-packages:/home/praktikum4/ws_moveit2/install/launch_param_builder/lib/python3.8/site-packages:/opt/ros/galactic/lib/python3.8/site-packages /usr/bin/python3 setup.py egg_info --egg-base ../../build/robprakt build --build-base /home/praktikum4/praktikum_ws/build/robprakt/build install --record /home/praktikum4/praktikum_ws/build/robprakt/install.log --single-version-externally-managed
[1.978s] Level 1:colcon.colcon_core.environment:checking '/home/praktikum4/praktikum_ws/install/robprakt' for CMake module files
[1.978s] DEBUG:colcon.colcon_core.event_handler.log_command:Invoked command in '/home/praktikum4/praktikum_ws/src/robprakt' returned '0': CMAKE_PREFIX_PATH=/home/praktikum4/praktikum_ws/install/robprakt_interfaces:/home/praktikum4/praktikum_ws/install/vrpn_client_ros:/home/praktikum4/praktikum_ws/install/vrpn:/home/praktikum4/praktikum_ws/install/pymoveit2:/home/praktikum4/ws_moveit2/install/moveit2_tutorials:/home/praktikum4/ws_moveit2/install/moveit_visual_tools:/home/praktikum4/ws_moveit2/install/rviz_visual_tools:/home/praktikum4/ws_moveit2/install/pilz_industrial_motion_planner_testutils:/home/praktikum4/ws_moveit2/install/moveit_runtime:/home/praktikum4/ws_moveit2/install/moveit:/home/praktikum4/ws_moveit2/install/moveit_planners:/home/praktikum4/ws_moveit2/install/pilz_industrial_motion_planner:/home/praktikum4/ws_moveit2/install/moveit_ros_control_interface:/home/praktikum4/ws_moveit2/install/moveit_plugins:/home/praktikum4/ws_moveit2/install/moveit_simple_controller_manager:/home/praktikum4/ws_moveit2/install/moveit_setup_assistant:/home/praktikum4/ws_moveit2/install/moveit_servo:/home/praktikum4/ws_moveit2/install/moveit_ros:/home/praktikum4/ws_moveit2/install/moveit_ros_visualization:/home/praktikum4/ws_moveit2/install/moveit_hybrid_planning:/home/praktikum4/ws_moveit2/install/moveit_ros_planning_interface:/home/praktikum4/ws_moveit2/install/moveit_ros_benchmarks:/home/praktikum4/ws_moveit2/install/moveit_ros_warehouse:/home/praktikum4/ws_moveit2/install/moveit_ros_robot_interaction:/home/praktikum4/ws_moveit2/install/moveit_ros_perception:/home/praktikum4/ws_moveit2/install/moveit_resources_prbt_pg70_support:/home/praktikum4/ws_moveit2/install/moveit_resources_prbt_moveit_config:/home/praktikum4/ws_moveit2/install/moveit_ros_move_group:/home/praktikum4/ws_moveit2/install/moveit_planners_ompl:/home/praktikum4/ws_moveit2/install/moveit_ros_planning:/home/praktikum4/ws_moveit2/install/moveit_ros_occupancy_map_monitor:/home/praktikum4/ws_moveit2/install/moveit_resources_prbt_support:/home/praktikum4/ws_moveit2/install/moveit_resources_prbt_ikfast_manipulator_plugin:/home/praktikum4/ws_moveit2/install/moveit_resources:/home/praktikum4/ws_moveit2/install/moveit_resources_pr2_description:/home/praktikum4/ws_moveit2/install/moveit_resources_panda_moveit_config:/home/praktikum4/ws_moveit2/install/moveit_resources_panda_description:/home/praktikum4/ws_moveit2/install/moveit_resources_fanuc_moveit_config:/home/praktikum4/ws_moveit2/install/moveit_resources_fanuc_description:/home/praktikum4/ws_moveit2/install/moveit_planners_chomp:/home/praktikum4/ws_moveit2/install/moveit_kinematics:/home/praktikum4/ws_moveit2/install/moveit_chomp_optimizer_adapter:/home/praktikum4/ws_moveit2/install/chomp_motion_planner:/home/praktikum4/ws_moveit2/install/moveit_core:/home/praktikum4/ws_moveit2/install/moveit_msgs:/home/praktikum4/ws_moveit2/install/moveit_common:/home/praktikum4/ws_moveit2/install/geometric_shapes PYTHONPATH=/home/praktikum4/praktikum_ws/build/robprakt/prefix_override:/home/praktikum4/praktikum_ws/install/robprakt/lib/python3.8/site-packages:/home/praktikum4/praktikum_ws/install/robprakt_interfaces/lib/python3.8/site-packages:/home/praktikum4/praktikum_ws/build/robprakt:/home/praktikum4/praktikum_ws/install/robprakt/lib/python3.8/site-packages:/home/praktikum4/praktikum_ws/install/pymoveit2/lib/python3.8/site-packages:/home/praktikum4/ws_moveit2/install/moveit_msgs/lib/python3.8/site-packages:/home/praktikum4/ws_moveit2/install/moveit_configs_utils/lib/python3.8/site-packages:/home/praktikum4/ws_moveit2/install/launch_param_builder/lib/python3.8/site-packages:/opt/ros/galactic/lib/python3.8/site-packages /usr/bin/python3 setup.py egg_info --egg-base ../../build/robprakt build --build-base /home/praktikum4/praktikum_ws/build/robprakt/build install --record /home/praktikum4/praktikum_ws/build/robprakt/install.log --single-version-externally-managed
[1.978s] Level 1:colcon.colcon_core.environment:checking '/home/praktikum4/praktikum_ws/install/robprakt' for CMake config files
[1.979s] Level 1:colcon.colcon_core.environment:checking '/home/praktikum4/praktikum_ws/install/robprakt/lib'
[1.979s] Level 1:colcon.colcon_core.environment:checking '/home/praktikum4/praktikum_ws/install/robprakt/bin'
[1.979s] Level 1:colcon.colcon_core.environment:checking '/home/praktikum4/praktikum_ws/install/robprakt/lib/pkgconfig/robprakt.pc'
[1.979s] Level 1:colcon.colcon_core.environment:checking '/home/praktikum4/praktikum_ws/install/robprakt/lib/python3.8/site-packages'
[1.979s] Level 1:colcon.colcon_core.shell:create_environment_hook('robprakt', 'pythonpath')
[1.980s] INFO:colcon.colcon_core.shell:Creating environment hook '/home/praktikum4/praktikum_ws/install/robprakt/share/robprakt/hook/pythonpath.ps1'
[1.980s] INFO:colcon.colcon_core.shell:Creating environment descriptor '/home/praktikum4/praktikum_ws/install/robprakt/share/robprakt/hook/pythonpath.dsv'
[1.980s] INFO:colcon.colcon_core.shell:Creating environment hook '/home/praktikum4/praktikum_ws/install/robprakt/share/robprakt/hook/pythonpath.sh'
[1.980s] Level 1:colcon.colcon_core.environment:checking '/home/praktikum4/praktikum_ws/install/robprakt/bin'
[1.980s] Level 1:colcon.colcon_core.environment:create_environment_scripts_only(robprakt)
[1.981s] INFO:colcon.colcon_core.shell:Creating package script '/home/praktikum4/praktikum_ws/install/robprakt/share/robprakt/package.ps1'
[1.981s] INFO:colcon.colcon_core.shell:Creating package descriptor '/home/praktikum4/praktikum_ws/install/robprakt/share/robprakt/package.dsv'
[1.982s] INFO:colcon.colcon_core.shell:Creating package script '/home/praktikum4/praktikum_ws/install/robprakt/share/robprakt/package.sh'
[1.982s] INFO:colcon.colcon_core.shell:Creating package script '/home/praktikum4/praktikum_ws/install/robprakt/share/robprakt/package.bash'
[1.982s] INFO:colcon.colcon_core.shell:Creating package script '/home/praktikum4/praktikum_ws/install/robprakt/share/robprakt/package.zsh'
[1.982s] Level 1:colcon.colcon_core.environment:create_file_with_runtime_dependencies(/home/praktikum4/praktikum_ws/install/robprakt/share/colcon-core/packages/robprakt)
[1.982s] DEBUG:colcon.colcon_parallel_executor.executor.parallel:closing loop
[1.982s] DEBUG:colcon.colcon_parallel_executor.executor.parallel:loop closed
[1.982s] DEBUG:colcon.colcon_parallel_executor.executor.parallel:run_until_complete finished with '0'
[1.982s] DEBUG:colcon.colcon_core.event_reactor:joining thread
[1.988s] INFO:colcon.colcon_core.plugin_system:Skipping extension 'colcon_notification.desktop_notification.terminal_notifier': Not used on non-Darwin systems
[1.988s] INFO:colcon.colcon_core.plugin_system:Skipping extension 'colcon_notification.desktop_notification.win32': Not used on non-Windows systems
[1.988s] INFO:colcon.colcon_notification.desktop_notification:Sending desktop notification using 'notify2'
[1.997s] DEBUG:colcon.colcon_core.event_reactor:joined thread
[1.998s] INFO:colcon.colcon_core.shell:Creating prefix script '/home/praktikum4/praktikum_ws/install/local_setup.ps1'
[1.999s] INFO:colcon.colcon_core.shell:Creating prefix util module '/home/praktikum4/praktikum_ws/install/_local_setup_util_ps1.py'
[2.000s] INFO:colcon.colcon_core.shell:Creating prefix chain script '/home/praktikum4/praktikum_ws/install/setup.ps1'
[2.002s] INFO:colcon.colcon_core.shell:Creating prefix script '/home/praktikum4/praktikum_ws/install/local_setup.sh'
[2.002s] INFO:colcon.colcon_core.shell:Creating prefix util module '/home/praktikum4/praktikum_ws/install/_local_setup_util_sh.py'
[2.003s] INFO:colcon.colcon_core.shell:Creating prefix chain script '/home/praktikum4/praktikum_ws/install/setup.sh'
[2.004s] INFO:colcon.colcon_core.shell:Creating prefix script '/home/praktikum4/praktikum_ws/install/local_setup.bash'
[2.005s] INFO:colcon.colcon_core.shell:Creating prefix chain script '/home/praktikum4/praktikum_ws/install/setup.bash'
[2.006s] INFO:colcon.colcon_core.shell:Creating prefix script '/home/praktikum4/praktikum_ws/install/local_setup.zsh'
[2.007s] INFO:colcon.colcon_core.shell:Creating prefix chain script '/home/praktikum4/praktikum_ws/install/setup.zsh'
