[0.036s] Invoking command in '/home/praktikum4/praktikum_ws/build/robprakt_interfaces': CMAKE_PREFIX_PATH=${CMAKE_PREFIX_PATH}:/home/praktikum4/praktikum_ws/install/robprakt:/home/praktikum4/ws_moveit2/install/moveit_configs_utils:/home/praktikum4/ws_moveit2/install/launch_param_builder:/opt/ros/galactic /usr/bin/cmake /home/praktikum4/praktikum_ws/src/robprakt_interfaces -DCMAKE_INSTALL_PREFIX=/home/praktikum4/praktikum_ws/install/robprakt_interfaces
[0.059s] -- Found ament_cmake: 1.1.5 (/opt/ros/galactic/share/ament_cmake/cmake)
[0.086s] -- Found PythonInterp: /usr/bin/python3 (found suitable version "3.8.10", minimum required is "3") 
[0.086s] -- Using PYTHON_EXECUTABLE: /usr/bin/python3
[0.146s] -- Override CMake install command with custom implementation using symlinks instead of copying resources
[0.152s] -- Found rosidl_default_generators: 1.1.1 (/opt/ros/galactic/share/rosidl_default_generators/cmake)
[0.160s] -- Using all available rosidl_typesupport_c: rosidl_typesupport_fastrtps_c;rosidl_typesupport_introspection_c
[0.163s] -- Found rosidl_adapter: 2.2.2 (/opt/ros/galactic/share/rosidl_adapter/cmake)
[0.272s] -- Using all available rosidl_typesupport_cpp: rosidl_typesupport_fastrtps_cpp;rosidl_typesupport_introspection_cpp
[0.309s] -- Found PythonInterp: /usr/bin/python3 (found version "3.8.10") 
[0.394s] -- Found ament_cmake_ros: 0.9.2 (/opt/ros/galactic/share/ament_cmake_ros/cmake)
[0.474s] -- Using all available rosidl_typesupport_c: rosidl_typesupport_fastrtps_c;rosidl_typesupport_introspection_c
[0.484s] -- Using all available rosidl_typesupport_cpp: rosidl_typesupport_fastrtps_cpp;rosidl_typesupport_introspection_cpp
[0.506s] -- Found PythonInterp: /usr/bin/python3 (found suitable version "3.8.10", minimum required is "3.5") 
[0.506s] -- Found python_cmake_module: 0.8.1 (/opt/ros/galactic/share/python_cmake_module/cmake)
[0.526s] -- Using PYTHON_EXECUTABLE: /usr/bin/python3
[0.526s] -- Using PYTHON_INCLUDE_DIRS: /usr/include/python3.8
[0.526s] -- Using PYTHON_LIBRARIES: /usr/lib/x86_64-linux-gnu/libpython3.8.so
[0.548s] -- Found ament_lint_auto: 0.10.7 (/opt/ros/galactic/share/ament_lint_auto/cmake)
[0.558s] -- Added test 'copyright' to check source files copyright and LICENSE
[0.559s] -- Added test 'lint_cmake' to check CMake code style
[0.559s] -- Added test 'xmllint' to check XML markup files
[0.563s] -- Configuring done
[0.596s] -- Generating done
[0.598s] -- Build files have been written to: /home/praktikum4/praktikum_ws/build/robprakt_interfaces
[0.602s] Invoked command in '/home/praktikum4/praktikum_ws/build/robprakt_interfaces' returned '0': CMAKE_PREFIX_PATH=${CMAKE_PREFIX_PATH}:/home/praktikum4/praktikum_ws/install/robprakt:/home/praktikum4/ws_moveit2/install/moveit_configs_utils:/home/praktikum4/ws_moveit2/install/launch_param_builder:/opt/ros/galactic /usr/bin/cmake /home/praktikum4/praktikum_ws/src/robprakt_interfaces -DCMAKE_INSTALL_PREFIX=/home/praktikum4/praktikum_ws/install/robprakt_interfaces
[0.604s] Invoking command in '/home/praktikum4/praktikum_ws/build/robprakt_interfaces': CMAKE_PREFIX_PATH=${CMAKE_PREFIX_PATH}:/home/praktikum4/praktikum_ws/install/robprakt:/home/praktikum4/ws_moveit2/install/moveit_configs_utils:/home/praktikum4/ws_moveit2/install/launch_param_builder:/opt/ros/galactic /usr/bin/cmake --build /home/praktikum4/praktikum_ws/build/robprakt_interfaces -- -j12 -l12
[0.641s] [  3%] Built target robprakt_interfaces__cpp
[0.641s] [ 12%] Built target robprakt_interfaces__rosidl_generator_c
[0.658s] [ 38%] Built target robprakt_interfaces__rosidl_typesupport_introspection_cpp
[0.658s] [ 41%] Built target robprakt_interfaces__rosidl_typesupport_cpp
[0.658s] [ 41%] Built target robprakt_interfaces__rosidl_typesupport_introspection_c
[0.662s] [ 51%] Built target robprakt_interfaces__rosidl_typesupport_fastrtps_cpp
[0.674s] [ 61%] Built target robprakt_interfaces__rosidl_typesupport_c
[0.682s] [ 70%] Built target robprakt_interfaces__rosidl_typesupport_fastrtps_c
[0.696s] [ 70%] Built target robprakt_interfaces
[0.711s] [ 74%] Built target robprakt_interfaces__py
[0.733s] [ 80%] Built target robprakt_interfaces__python
[0.758s] [100%] Built target robprakt_interfaces__rosidl_typesupport_c__pyext
[0.759s] [100%] Built target robprakt_interfaces__rosidl_typesupport_fastrtps_c__pyext
[0.759s] [100%] Built target robprakt_interfaces__rosidl_typesupport_introspection_c__pyext
[0.766s] Invoked command in '/home/praktikum4/praktikum_ws/build/robprakt_interfaces' returned '0': CMAKE_PREFIX_PATH=${CMAKE_PREFIX_PATH}:/home/praktikum4/praktikum_ws/install/robprakt:/home/praktikum4/ws_moveit2/install/moveit_configs_utils:/home/praktikum4/ws_moveit2/install/launch_param_builder:/opt/ros/galactic /usr/bin/cmake --build /home/praktikum4/praktikum_ws/build/robprakt_interfaces -- -j12 -l12
[0.803s] Invoking command in '/home/praktikum4/praktikum_ws/build/robprakt_interfaces': CMAKE_PREFIX_PATH=${CMAKE_PREFIX_PATH}:/home/praktikum4/praktikum_ws/install/robprakt:/home/praktikum4/ws_moveit2/install/moveit_configs_utils:/home/praktikum4/ws_moveit2/install/launch_param_builder:/opt/ros/galactic /usr/bin/cmake --install /home/praktikum4/praktikum_ws/build/robprakt_interfaces
[0.811s] -- Install configuration: ""
[0.812s] -- Execute custom install script
[0.812s] -- Up-to-date symlink: /home/praktikum4/praktikum_ws/install/robprakt_interfaces/share/ament_index/resource_index/rosidl_interfaces/robprakt_interfaces
[0.813s] -- Up-to-date symlink: /home/praktikum4/praktikum_ws/install/robprakt_interfaces/include/robprakt_interfaces/msg/rosidl_generator_c__visibility_control.h
[0.813s] -- Up-to-date symlink: /home/praktikum4/praktikum_ws/install/robprakt_interfaces/include/robprakt_interfaces/srv/detail/set_ur_io__functions.h
[0.813s] -- Up-to-date symlink: /home/praktikum4/praktikum_ws/install/robprakt_interfaces/include/robprakt_interfaces/srv/detail/set_ur_io__struct.h
[0.813s] -- Up-to-date symlink: /home/praktikum4/praktikum_ws/install/robprakt_interfaces/include/robprakt_interfaces/srv/detail/set_ur_io__type_support.h
[0.814s] -- Up-to-date symlink: /home/praktikum4/praktikum_ws/install/robprakt_interfaces/include/robprakt_interfaces/srv/set_ur_io.h
[0.814s] -- Up-to-date symlink: /home/praktikum4/praktikum_ws/install/robprakt_interfaces/share/robprakt_interfaces/environment/library_path.sh
[0.814s] -- Up-to-date symlink: /home/praktikum4/praktikum_ws/install/robprakt_interfaces/share/robprakt_interfaces/environment/library_path.dsv
[0.814s] -- Up-to-date symlink: /home/praktikum4/praktikum_ws/install/robprakt_interfaces/include/robprakt_interfaces/msg/rosidl_typesupport_fastrtps_c__visibility_control.h
[0.814s] -- Up-to-date symlink: /home/praktikum4/praktikum_ws/install/robprakt_interfaces/include/robprakt_interfaces/srv/detail/set_ur_io__rosidl_typesupport_fastrtps_c.h
[0.815s] -- Up-to-date symlink: /home/praktikum4/praktikum_ws/install/robprakt_interfaces/lib/librobprakt_interfaces__rosidl_typesupport_fastrtps_c.so
[0.815s] -- Up-to-date symlink: /home/praktikum4/praktikum_ws/install/robprakt_interfaces/include/robprakt_interfaces/msg/rosidl_typesupport_fastrtps_cpp__visibility_control.h
[0.815s] -- Up-to-date symlink: /home/praktikum4/praktikum_ws/install/robprakt_interfaces/include/robprakt_interfaces/srv/detail/set_ur_io__rosidl_typesupport_fastrtps_cpp.hpp
[0.816s] -- Up-to-date symlink: /home/praktikum4/praktikum_ws/install/robprakt_interfaces/lib/librobprakt_interfaces__rosidl_typesupport_fastrtps_cpp.so
[0.816s] -- Up-to-date symlink: /home/praktikum4/praktikum_ws/install/robprakt_interfaces/include/robprakt_interfaces/msg/rosidl_typesupport_introspection_c__visibility_control.h
[0.816s] -- Up-to-date symlink: /home/praktikum4/praktikum_ws/install/robprakt_interfaces/include/robprakt_interfaces/srv/detail/set_ur_io__rosidl_typesupport_introspection_c.h
[0.816s] -- Up-to-date symlink: /home/praktikum4/praktikum_ws/install/robprakt_interfaces/include/robprakt_interfaces/srv/detail/set_ur_io__builder.hpp
[0.817s] -- Up-to-date symlink: /home/praktikum4/praktikum_ws/install/robprakt_interfaces/include/robprakt_interfaces/srv/detail/set_ur_io__struct.hpp
[0.817s] -- Up-to-date symlink: /home/praktikum4/praktikum_ws/install/robprakt_interfaces/include/robprakt_interfaces/srv/detail/set_ur_io__traits.hpp
[0.817s] -- Up-to-date symlink: /home/praktikum4/praktikum_ws/install/robprakt_interfaces/include/robprakt_interfaces/srv/set_ur_io.hpp
[0.817s] -- Up-to-date symlink: /home/praktikum4/praktikum_ws/install/robprakt_interfaces/include/robprakt_interfaces/srv/detail/set_ur_io__rosidl_typesupport_introspection_cpp.hpp
[0.817s] -- Up-to-date symlink: /home/praktikum4/praktikum_ws/install/robprakt_interfaces/share/robprakt_interfaces/environment/pythonpath.sh
[0.818s] -- Up-to-date symlink: /home/praktikum4/praktikum_ws/install/robprakt_interfaces/share/robprakt_interfaces/environment/pythonpath.dsv
[0.818s] -- Up-to-date symlink: /home/praktikum4/praktikum_ws/install/robprakt_interfaces/lib/python3.8/site-packages/robprakt_interfaces/__init__.py
[0.818s] -- Up-to-date symlink: /home/praktikum4/praktikum_ws/install/robprakt_interfaces/lib/python3.8/site-packages/robprakt_interfaces/srv/__init__.py
[0.818s] -- Up-to-date symlink: /home/praktikum4/praktikum_ws/install/robprakt_interfaces/lib/python3.8/site-packages/robprakt_interfaces/srv/_set_ur_io.py
[0.819s] -- Up-to-date symlink: /home/praktikum4/praktikum_ws/install/robprakt_interfaces/lib/python3.8/site-packages/robprakt_interfaces/robprakt_interfaces_s__rosidl_typesupport_fastrtps_c.cpython-38-x86_64-linux-gnu.so
[0.819s] -- Up-to-date symlink: /home/praktikum4/praktikum_ws/install/robprakt_interfaces/lib/python3.8/site-packages/robprakt_interfaces/robprakt_interfaces_s__rosidl_typesupport_introspection_c.cpython-38-x86_64-linux-gnu.so
[0.819s] -- Up-to-date symlink: /home/praktikum4/praktikum_ws/install/robprakt_interfaces/lib/python3.8/site-packages/robprakt_interfaces/robprakt_interfaces_s__rosidl_typesupport_c.cpython-38-x86_64-linux-gnu.so
[0.820s] -- Up-to-date symlink: /home/praktikum4/praktikum_ws/install/robprakt_interfaces/lib/librobprakt_interfaces__python.so
[0.820s] -- Up-to-date symlink: /home/praktikum4/praktikum_ws/install/robprakt_interfaces/share/robprakt_interfaces/srv/SetUrIo.idl
[0.820s] -- Up-to-date symlink: /home/praktikum4/praktikum_ws/install/robprakt_interfaces/share/robprakt_interfaces/srv/SetUrIo.srv
[0.821s] -- Up-to-date symlink: /home/praktikum4/praktikum_ws/install/robprakt_interfaces/share/robprakt_interfaces/srv/SetUrIo_Request.msg
[0.821s] -- Up-to-date symlink: /home/praktikum4/praktikum_ws/install/robprakt_interfaces/share/robprakt_interfaces/srv/SetUrIo_Response.msg
[0.821s] -- Up-to-date symlink: /home/praktikum4/praktikum_ws/install/robprakt_interfaces/share/ament_index/resource_index/package_run_dependencies/robprakt_interfaces
[0.821s] -- Up-to-date symlink: /home/praktikum4/praktikum_ws/install/robprakt_interfaces/share/ament_index/resource_index/parent_prefix_path/robprakt_interfaces
[0.822s] -- Up-to-date symlink: /home/praktikum4/praktikum_ws/install/robprakt_interfaces/share/robprakt_interfaces/environment/ament_prefix_path.sh
[0.822s] -- Up-to-date symlink: /home/praktikum4/praktikum_ws/install/robprakt_interfaces/share/robprakt_interfaces/environment/ament_prefix_path.dsv
[0.822s] -- Up-to-date symlink: /home/praktikum4/praktikum_ws/install/robprakt_interfaces/share/robprakt_interfaces/environment/path.sh
[0.822s] -- Up-to-date symlink: /home/praktikum4/praktikum_ws/install/robprakt_interfaces/share/robprakt_interfaces/environment/path.dsv
[0.822s] -- Up-to-date symlink: /home/praktikum4/praktikum_ws/install/robprakt_interfaces/share/robprakt_interfaces/local_setup.bash
[0.823s] -- Up-to-date symlink: /home/praktikum4/praktikum_ws/install/robprakt_interfaces/share/robprakt_interfaces/local_setup.sh
[0.823s] -- Up-to-date symlink: /home/praktikum4/praktikum_ws/install/robprakt_interfaces/share/robprakt_interfaces/local_setup.zsh
[0.823s] -- Up-to-date symlink: /home/praktikum4/praktikum_ws/install/robprakt_interfaces/share/robprakt_interfaces/local_setup.dsv
[0.823s] -- Symlinking: /home/praktikum4/praktikum_ws/install/robprakt_interfaces/share/robprakt_interfaces/package.dsv
[0.831s] -- Up-to-date symlink: /home/praktikum4/praktikum_ws/install/robprakt_interfaces/share/ament_index/resource_index/packages/robprakt_interfaces
[0.831s] -- Up-to-date symlink: /home/praktikum4/praktikum_ws/install/robprakt_interfaces/share/robprakt_interfaces/cmake/rosidl_cmake-extras.cmake
[0.831s] -- Up-to-date symlink: /home/praktikum4/praktikum_ws/install/robprakt_interfaces/share/robprakt_interfaces/cmake/ament_cmake_export_dependencies-extras.cmake
[0.831s] -- Up-to-date symlink: /home/praktikum4/praktikum_ws/install/robprakt_interfaces/share/robprakt_interfaces/cmake/ament_cmake_export_libraries-extras.cmake
[0.832s] -- Up-to-date symlink: /home/praktikum4/praktikum_ws/install/robprakt_interfaces/share/robprakt_interfaces/cmake/ament_cmake_export_targets-extras.cmake
[0.832s] -- Up-to-date symlink: /home/praktikum4/praktikum_ws/install/robprakt_interfaces/share/robprakt_interfaces/cmake/ament_cmake_export_include_directories-extras.cmake
[0.832s] -- Up-to-date symlink: /home/praktikum4/praktikum_ws/install/robprakt_interfaces/share/robprakt_interfaces/cmake/rosidl_cmake_export_typesupport_libraries-extras.cmake
[0.832s] -- Up-to-date symlink: /home/praktikum4/praktikum_ws/install/robprakt_interfaces/share/robprakt_interfaces/cmake/rosidl_cmake_export_typesupport_targets-extras.cmake
[0.832s] -- Up-to-date symlink: /home/praktikum4/praktikum_ws/install/robprakt_interfaces/share/robprakt_interfaces/cmake/robprakt_interfacesConfig.cmake
[0.833s] -- Up-to-date symlink: /home/praktikum4/praktikum_ws/install/robprakt_interfaces/share/robprakt_interfaces/cmake/robprakt_interfacesConfig-version.cmake
[0.833s] -- Up-to-date symlink: /home/praktikum4/praktikum_ws/install/robprakt_interfaces/share/robprakt_interfaces/package.xml
[0.833s] -- Up-to-date: /home/praktikum4/praktikum_ws/install/robprakt_interfaces/lib/librobprakt_interfaces__rosidl_generator_c.so
[0.833s] -- Up-to-date: /home/praktikum4/praktikum_ws/install/robprakt_interfaces/lib/librobprakt_interfaces__rosidl_typesupport_introspection_c.so
[0.834s] -- Up-to-date: /home/praktikum4/praktikum_ws/install/robprakt_interfaces/lib/librobprakt_interfaces__rosidl_typesupport_c.so
[0.834s] -- Up-to-date: /home/praktikum4/praktikum_ws/install/robprakt_interfaces/lib/librobprakt_interfaces__rosidl_typesupport_introspection_cpp.so
[0.834s] -- Up-to-date: /home/praktikum4/praktikum_ws/install/robprakt_interfaces/lib/librobprakt_interfaces__rosidl_typesupport_cpp.so
[0.856s] Compiling '/home/praktikum4/praktikum_ws/install/robprakt_interfaces/lib/python3.8/site-packages/robprakt_interfaces/__init__.py'...
[0.858s] -- Up-to-date: /home/praktikum4/praktikum_ws/install/robprakt_interfaces/share/robprakt_interfaces/cmake/robprakt_interfaces__rosidl_generator_cExport.cmake
[0.858s] -- Installing: /home/praktikum4/praktikum_ws/install/robprakt_interfaces/share/robprakt_interfaces/cmake/robprakt_interfaces__rosidl_generator_cExport-noconfig.cmake
[0.858s] -- Up-to-date: /home/praktikum4/praktikum_ws/install/robprakt_interfaces/share/robprakt_interfaces/cmake/robprakt_interfaces__rosidl_typesupport_introspection_cExport.cmake
[0.858s] -- Installing: /home/praktikum4/praktikum_ws/install/robprakt_interfaces/share/robprakt_interfaces/cmake/robprakt_interfaces__rosidl_typesupport_introspection_cExport-noconfig.cmake
[0.859s] -- Up-to-date: /home/praktikum4/praktikum_ws/install/robprakt_interfaces/share/robprakt_interfaces/cmake/robprakt_interfaces__rosidl_typesupport_cExport.cmake
[0.859s] -- Installing: /home/praktikum4/praktikum_ws/install/robprakt_interfaces/share/robprakt_interfaces/cmake/robprakt_interfaces__rosidl_typesupport_cExport-noconfig.cmake
[0.859s] -- Up-to-date: /home/praktikum4/praktikum_ws/install/robprakt_interfaces/share/robprakt_interfaces/cmake/robprakt_interfaces__rosidl_generator_cppExport.cmake
[0.859s] -- Up-to-date: /home/praktikum4/praktikum_ws/install/robprakt_interfaces/share/robprakt_interfaces/cmake/robprakt_interfaces__rosidl_typesupport_introspection_cppExport.cmake
[0.859s] -- Installing: /home/praktikum4/praktikum_ws/install/robprakt_interfaces/share/robprakt_interfaces/cmake/robprakt_interfaces__rosidl_typesupport_introspection_cppExport-noconfig.cmake
[0.859s] -- Up-to-date: /home/praktikum4/praktikum_ws/install/robprakt_interfaces/share/robprakt_interfaces/cmake/robprakt_interfaces__rosidl_typesupport_cppExport.cmake
[0.859s] -- Installing: /home/praktikum4/praktikum_ws/install/robprakt_interfaces/share/robprakt_interfaces/cmake/robprakt_interfaces__rosidl_typesupport_cppExport-noconfig.cmake
[0.862s] Invoked command in '/home/praktikum4/praktikum_ws/build/robprakt_interfaces' returned '0': CMAKE_PREFIX_PATH=${CMAKE_PREFIX_PATH}:/home/praktikum4/praktikum_ws/install/robprakt:/home/praktikum4/ws_moveit2/install/moveit_configs_utils:/home/praktikum4/ws_moveit2/install/launch_param_builder:/opt/ros/galactic /usr/bin/cmake --install /home/praktikum4/praktikum_ws/build/robprakt_interfaces
