-- Found ament_cmake: 1.1.5 (/opt/ros/galactic/share/ament_cmake/cmake)
-- Using PYTHON_EXECUTABLE: /usr/bin/python3
-- Override CMake install command with custom implementation using symlinks instead of copying resources
-- Configuring done
-- Generating done
-- Build files have been written to: /home/praktikum4/praktikum_ws/build/pymoveit2
Built target ament_cmake_python_symlink_pymoveit2
running egg_info
writing pymoveit2.egg-info/PKG-INFO
writing dependency_links to pymoveit2.egg-info/dependency_links.txt
writing top-level names to pymoveit2.egg-info/top_level.txt
reading manifest file 'pymoveit2.egg-info/SOURCES.txt'
writing manifest file 'pymoveit2.egg-info/SOURCES.txt'
Built target ament_cmake_python_build_pymoveit2_egg
-- Install configuration: ""
-- Execute custom install script
-- Up-to-date symlink: /home/praktikum4/praktikum_ws/install/pymoveit2/share/pymoveit2/environment/pythonpath.sh
-- Up-to-date symlink: /home/praktikum4/praktikum_ws/install/pymoveit2/share/pymoveit2/environment/pythonpath.dsv
-- Up-to-date symlink: /home/praktikum4/praktikum_ws/install/pymoveit2/lib/python3.8/site-packages//pymoveit2.egg-info/PKG-INFO
-- Up-to-date symlink: /home/praktikum4/praktikum_ws/install/pymoveit2/lib/python3.8/site-packages//pymoveit2.egg-info/SOURCES.txt
-- Up-to-date symlink: /home/praktikum4/praktikum_ws/install/pymoveit2/lib/python3.8/site-packages//pymoveit2.egg-info/dependency_links.txt
-- Up-to-date symlink: /home/praktikum4/praktikum_ws/install/pymoveit2/lib/python3.8/site-packages//pymoveit2.egg-info/top_level.txt
-- Up-to-date symlink: /home/praktikum4/praktikum_ws/install/pymoveit2/lib/python3.8/site-packages/pymoveit2/__init__.py
-- Up-to-date symlink: /home/praktikum4/praktikum_ws/install/pymoveit2/lib/python3.8/site-packages/pymoveit2/gripper_command.py
-- Up-to-date symlink: /home/praktikum4/praktikum_ws/install/pymoveit2/lib/python3.8/site-packages/pymoveit2/moveit2.py
-- Up-to-date symlink: /home/praktikum4/praktikum_ws/install/pymoveit2/lib/python3.8/site-packages/pymoveit2/moveit2_gripper.py
-- Up-to-date symlink: /home/praktikum4/praktikum_ws/install/pymoveit2/lib/python3.8/site-packages/pymoveit2/moveit2_servo.py
-- Up-to-date symlink: /home/praktikum4/praktikum_ws/install/pymoveit2/lib/python3.8/site-packages/pymoveit2/robots/__init__.py
-- Up-to-date symlink: /home/praktikum4/praktikum_ws/install/pymoveit2/lib/python3.8/site-packages/pymoveit2/robots/panda.py
-- Up-to-date symlink: /home/praktikum4/praktikum_ws/install/pymoveit2/lib/python3.8/site-packages/pymoveit2/robots/ur5e.py
-- Up-to-date symlink: /home/praktikum4/praktikum_ws/install/pymoveit2/lib/pymoveit2/ex_collision_object_ur.py
-- Up-to-date symlink: /home/praktikum4/praktikum_ws/install/pymoveit2/lib/pymoveit2/ex_joint_goal_ur.py
-- Up-to-date symlink: /home/praktikum4/praktikum_ws/install/pymoveit2/lib/pymoveit2/ex_pose_goal_ur.py
-- Up-to-date symlink: /home/praktikum4/praktikum_ws/install/pymoveit2/lib/pymoveit2/ex_servo_ur.py
-- Up-to-date symlink: /home/praktikum4/praktikum_ws/install/pymoveit2/lib/pymoveit2/spiral.py
-- Up-to-date symlink: /home/praktikum4/praktikum_ws/install/pymoveit2/share/ament_index/resource_index/package_run_dependencies/pymoveit2
-- Up-to-date symlink: /home/praktikum4/praktikum_ws/install/pymoveit2/share/ament_index/resource_index/parent_prefix_path/pymoveit2
-- Up-to-date symlink: /home/praktikum4/praktikum_ws/install/pymoveit2/share/pymoveit2/environment/ament_prefix_path.sh
-- Up-to-date symlink: /home/praktikum4/praktikum_ws/install/pymoveit2/share/pymoveit2/environment/ament_prefix_path.dsv
-- Up-to-date symlink: /home/praktikum4/praktikum_ws/install/pymoveit2/share/pymoveit2/environment/path.sh
-- Up-to-date symlink: /home/praktikum4/praktikum_ws/install/pymoveit2/share/pymoveit2/environment/path.dsv
-- Up-to-date symlink: /home/praktikum4/praktikum_ws/install/pymoveit2/share/pymoveit2/local_setup.bash
-- Up-to-date symlink: /home/praktikum4/praktikum_ws/install/pymoveit2/share/pymoveit2/local_setup.sh
-- Up-to-date symlink: /home/praktikum4/praktikum_ws/install/pymoveit2/share/pymoveit2/local_setup.zsh
-- Up-to-date symlink: /home/praktikum4/praktikum_ws/install/pymoveit2/share/pymoveit2/local_setup.dsv
-- Symlinking: /home/praktikum4/praktikum_ws/install/pymoveit2/share/pymoveit2/package.dsv
-- Up-to-date symlink: /home/praktikum4/praktikum_ws/install/pymoveit2/share/ament_index/resource_index/packages/pymoveit2
-- Up-to-date symlink: /home/praktikum4/praktikum_ws/install/pymoveit2/share/pymoveit2/cmake/pymoveit2Config.cmake
-- Up-to-date symlink: /home/praktikum4/praktikum_ws/install/pymoveit2/share/pymoveit2/cmake/pymoveit2Config-version.cmake
-- Up-to-date symlink: /home/praktikum4/praktikum_ws/install/pymoveit2/share/pymoveit2/package.xml
Listing '/home/praktikum4/praktikum_ws/install/pymoveit2/lib/python3.8/site-packages/pymoveit2'...
Listing '/home/praktikum4/praktikum_ws/install/pymoveit2/lib/python3.8/site-packages/pymoveit2/robots'...
