[0.029s] Invoking command in '/home/praktikum4/praktikum_ws/build/pymoveit2': CMAKE_PREFIX_PATH=${CMAKE_PREFIX_PATH}:/home/praktikum4/praktikum_ws/install/robprakt:/home/praktikum4/ws_moveit2/install/moveit_configs_utils:/home/praktikum4/ws_moveit2/install/launch_param_builder:/opt/ros/galactic /usr/bin/cmake /home/praktikum4/praktikum_ws/src/pymoveit2 -DCMAKE_INSTALL_PREFIX=/home/praktikum4/praktikum_ws/install/pymoveit2
[0.049s] -- Found ament_cmake: 1.1.5 (/opt/ros/galactic/share/ament_cmake/cmake)
[0.077s] -- Using PYTHON_EXECUTABLE: /usr/bin/python3
[0.136s] -- Override CMake install command with custom implementation using symlinks instead of copying resources
[0.224s] -- Configuring done
[0.228s] -- Generating done
[0.229s] -- Build files have been written to: /home/praktikum4/praktikum_ws/build/pymoveit2
[0.230s] Invoked command in '/home/praktikum4/praktikum_ws/build/pymoveit2' returned '0': CMAKE_PREFIX_PATH=${CMAKE_PREFIX_PATH}:/home/praktikum4/praktikum_ws/install/robprakt:/home/praktikum4/ws_moveit2/install/moveit_configs_utils:/home/praktikum4/ws_moveit2/install/launch_param_builder:/opt/ros/galactic /usr/bin/cmake /home/praktikum4/praktikum_ws/src/pymoveit2 -DCMAKE_INSTALL_PREFIX=/home/praktikum4/praktikum_ws/install/pymoveit2
[0.232s] Invoking command in '/home/praktikum4/praktikum_ws/build/pymoveit2': CMAKE_PREFIX_PATH=${CMAKE_PREFIX_PATH}:/home/praktikum4/praktikum_ws/install/robprakt:/home/praktikum4/ws_moveit2/install/moveit_configs_utils:/home/praktikum4/ws_moveit2/install/launch_param_builder:/opt/ros/galactic /usr/bin/cmake --build /home/praktikum4/praktikum_ws/build/pymoveit2 -- -j12 -l12
[0.273s] Built target ament_cmake_python_symlink_pymoveit2
[0.414s] running egg_info
[0.416s] writing pymoveit2.egg-info/PKG-INFO
[0.416s] writing dependency_links to pymoveit2.egg-info/dependency_links.txt
[0.416s] writing top-level names to pymoveit2.egg-info/top_level.txt
[0.441s] reading manifest file 'pymoveit2.egg-info/SOURCES.txt'
[0.442s] writing manifest file 'pymoveit2.egg-info/SOURCES.txt'
[0.460s] Built target ament_cmake_python_build_pymoveit2_egg
[0.468s] Invoked command in '/home/praktikum4/praktikum_ws/build/pymoveit2' returned '0': CMAKE_PREFIX_PATH=${CMAKE_PREFIX_PATH}:/home/praktikum4/praktikum_ws/install/robprakt:/home/praktikum4/ws_moveit2/install/moveit_configs_utils:/home/praktikum4/ws_moveit2/install/launch_param_builder:/opt/ros/galactic /usr/bin/cmake --build /home/praktikum4/praktikum_ws/build/pymoveit2 -- -j12 -l12
[0.485s] Invoking command in '/home/praktikum4/praktikum_ws/build/pymoveit2': CMAKE_PREFIX_PATH=${CMAKE_PREFIX_PATH}:/home/praktikum4/praktikum_ws/install/robprakt:/home/praktikum4/ws_moveit2/install/moveit_configs_utils:/home/praktikum4/ws_moveit2/install/launch_param_builder:/opt/ros/galactic /usr/bin/cmake --install /home/praktikum4/praktikum_ws/build/pymoveit2
[0.493s] -- Install configuration: ""
[0.493s] -- Execute custom install script
[0.494s] -- Up-to-date symlink: /home/praktikum4/praktikum_ws/install/pymoveit2/share/pymoveit2/environment/pythonpath.sh
[0.494s] -- Up-to-date symlink: /home/praktikum4/praktikum_ws/install/pymoveit2/share/pymoveit2/environment/pythonpath.dsv
[0.494s] -- Up-to-date symlink: /home/praktikum4/praktikum_ws/install/pymoveit2/lib/python3.8/site-packages//pymoveit2.egg-info/PKG-INFO
[0.494s] -- Up-to-date symlink: /home/praktikum4/praktikum_ws/install/pymoveit2/lib/python3.8/site-packages//pymoveit2.egg-info/SOURCES.txt
[0.494s] -- Up-to-date symlink: /home/praktikum4/praktikum_ws/install/pymoveit2/lib/python3.8/site-packages//pymoveit2.egg-info/dependency_links.txt
[0.495s] -- Up-to-date symlink: /home/praktikum4/praktikum_ws/install/pymoveit2/lib/python3.8/site-packages//pymoveit2.egg-info/top_level.txt
[0.495s] -- Up-to-date symlink: /home/praktikum4/praktikum_ws/install/pymoveit2/lib/python3.8/site-packages/pymoveit2/__init__.py
[0.495s] -- Up-to-date symlink: /home/praktikum4/praktikum_ws/install/pymoveit2/lib/python3.8/site-packages/pymoveit2/gripper_command.py
[0.495s] -- Up-to-date symlink: /home/praktikum4/praktikum_ws/install/pymoveit2/lib/python3.8/site-packages/pymoveit2/moveit2.py
[0.495s] -- Up-to-date symlink: /home/praktikum4/praktikum_ws/install/pymoveit2/lib/python3.8/site-packages/pymoveit2/moveit2_gripper.py
[0.496s] -- Up-to-date symlink: /home/praktikum4/praktikum_ws/install/pymoveit2/lib/python3.8/site-packages/pymoveit2/moveit2_servo.py
[0.496s] -- Up-to-date symlink: /home/praktikum4/praktikum_ws/install/pymoveit2/lib/python3.8/site-packages/pymoveit2/robots/__init__.py
[0.496s] -- Up-to-date symlink: /home/praktikum4/praktikum_ws/install/pymoveit2/lib/python3.8/site-packages/pymoveit2/robots/panda.py
[0.496s] -- Up-to-date symlink: /home/praktikum4/praktikum_ws/install/pymoveit2/lib/python3.8/site-packages/pymoveit2/robots/ur5e.py
[0.496s] -- Up-to-date symlink: /home/praktikum4/praktikum_ws/install/pymoveit2/lib/pymoveit2/ex_collision_object_ur.py
[0.496s] -- Up-to-date symlink: /home/praktikum4/praktikum_ws/install/pymoveit2/lib/pymoveit2/ex_joint_goal_ur.py
[0.497s] -- Up-to-date symlink: /home/praktikum4/praktikum_ws/install/pymoveit2/lib/pymoveit2/ex_pose_goal_ur.py
[0.497s] -- Up-to-date symlink: /home/praktikum4/praktikum_ws/install/pymoveit2/lib/pymoveit2/ex_servo_ur.py
[0.497s] -- Up-to-date symlink: /home/praktikum4/praktikum_ws/install/pymoveit2/lib/pymoveit2/spiral.py
[0.497s] -- Up-to-date symlink: /home/praktikum4/praktikum_ws/install/pymoveit2/share/ament_index/resource_index/package_run_dependencies/pymoveit2
[0.498s] -- Up-to-date symlink: /home/praktikum4/praktikum_ws/install/pymoveit2/share/ament_index/resource_index/parent_prefix_path/pymoveit2
[0.498s] -- Up-to-date symlink: /home/praktikum4/praktikum_ws/install/pymoveit2/share/pymoveit2/environment/ament_prefix_path.sh
[0.498s] -- Up-to-date symlink: /home/praktikum4/praktikum_ws/install/pymoveit2/share/pymoveit2/environment/ament_prefix_path.dsv
[0.498s] -- Up-to-date symlink: /home/praktikum4/praktikum_ws/install/pymoveit2/share/pymoveit2/environment/path.sh
[0.498s] -- Up-to-date symlink: /home/praktikum4/praktikum_ws/install/pymoveit2/share/pymoveit2/environment/path.dsv
[0.499s] -- Up-to-date symlink: /home/praktikum4/praktikum_ws/install/pymoveit2/share/pymoveit2/local_setup.bash
[0.499s] -- Up-to-date symlink: /home/praktikum4/praktikum_ws/install/pymoveit2/share/pymoveit2/local_setup.sh
[0.499s] -- Up-to-date symlink: /home/praktikum4/praktikum_ws/install/pymoveit2/share/pymoveit2/local_setup.zsh
[0.499s] -- Up-to-date symlink: /home/praktikum4/praktikum_ws/install/pymoveit2/share/pymoveit2/local_setup.dsv
[0.499s] -- Symlinking: /home/praktikum4/praktikum_ws/install/pymoveit2/share/pymoveit2/package.dsv
[0.509s] -- Up-to-date symlink: /home/praktikum4/praktikum_ws/install/pymoveit2/share/ament_index/resource_index/packages/pymoveit2
[0.509s] -- Up-to-date symlink: /home/praktikum4/praktikum_ws/install/pymoveit2/share/pymoveit2/cmake/pymoveit2Config.cmake
[0.509s] -- Up-to-date symlink: /home/praktikum4/praktikum_ws/install/pymoveit2/share/pymoveit2/cmake/pymoveit2Config-version.cmake
[0.510s] -- Up-to-date symlink: /home/praktikum4/praktikum_ws/install/pymoveit2/share/pymoveit2/package.xml
[0.532s] Listing '/home/praktikum4/praktikum_ws/install/pymoveit2/lib/python3.8/site-packages/pymoveit2'...
[0.532s] Listing '/home/praktikum4/praktikum_ws/install/pymoveit2/lib/python3.8/site-packages/pymoveit2/robots'...
[0.536s] Invoked command in '/home/praktikum4/praktikum_ws/build/pymoveit2' returned '0': CMAKE_PREFIX_PATH=${CMAKE_PREFIX_PATH}:/home/praktikum4/praktikum_ws/install/robprakt:/home/praktikum4/ws_moveit2/install/moveit_configs_utils:/home/praktikum4/ws_moveit2/install/launch_param_builder:/opt/ros/galactic /usr/bin/cmake --install /home/praktikum4/praktikum_ws/build/pymoveit2
