[0.017s] Invoking command in '/home/rob/praktikum_ws/build/vrpn_client_ros': CMAKE_PREFIX_PATH=${CMAKE_PREFIX_PATH}:/home/rob/praktikum_ws/install/robprakt:/opt/ros/galactic /usr/bin/cmake --build /home/rob/praktikum_ws/build/vrpn_client_ros -- -j1 -l1
[0.097s] [ 42%] Built target vrpn_client_ros
[0.129s] [ 71%] Built target vrpn_client_node
[0.157s] [100%] Built target vrpn_tracker_node
[0.170s] Invoked command in '/home/rob/praktikum_ws/build/vrpn_client_ros' returned '0': CMAKE_PREFIX_PATH=${CMAKE_PREFIX_PATH}:/home/rob/praktikum_ws/install/robprakt:/opt/ros/galactic /usr/bin/cmake --build /home/rob/praktikum_ws/build/vrpn_client_ros -- -j1 -l1
[0.202s] Invoking command in '/home/rob/praktikum_ws/build/vrpn_client_ros': CMAKE_PREFIX_PATH=${CMAKE_PREFIX_PATH}:/home/rob/praktikum_ws/install/robprakt:/opt/ros/galactic /usr/bin/cmake --install /home/rob/praktikum_ws/build/vrpn_client_ros
[0.213s] -- Install configuration: ""
[0.213s] -- Up-to-date: /home/rob/praktikum_ws/install/vrpn_client_ros/share/vrpn_client_ros//launch
[0.213s] -- Up-to-date: /home/rob/praktikum_ws/install/vrpn_client_ros/share/vrpn_client_ros//launch/sample.launch.py
[0.214s] -- Up-to-date: /home/rob/praktikum_ws/install/vrpn_client_ros/share/vrpn_client_ros//config
[0.214s] -- Up-to-date: /home/rob/praktikum_ws/install/vrpn_client_ros/share/vrpn_client_ros//config/rob_optitrack.params.yaml
[0.214s] -- Up-to-date: /home/rob/praktikum_ws/install/vrpn_client_ros/share/vrpn_client_ros//config/sample.params.yaml~
[0.214s] -- Up-to-date: /home/rob/praktikum_ws/install/vrpn_client_ros/lib/libvrpn_client_ros.a
[0.215s] -- Up-to-date: /home/rob/praktikum_ws/install/vrpn_client_ros/lib/vrpn_client_ros/vrpn_tracker_node
[0.215s] -- Up-to-date: /home/rob/praktikum_ws/install/vrpn_client_ros/lib/vrpn_client_ros/vrpn_client_node
[0.216s] -- Up-to-date: /home/rob/praktikum_ws/install/vrpn_client_ros/share/ament_index/resource_index/package_run_dependencies/vrpn_client_ros
[0.216s] -- Up-to-date: /home/rob/praktikum_ws/install/vrpn_client_ros/share/ament_index/resource_index/parent_prefix_path/vrpn_client_ros
[0.216s] -- Up-to-date: /home/rob/praktikum_ws/install/vrpn_client_ros/share/vrpn_client_ros/environment/ament_prefix_path.sh
[0.216s] -- Up-to-date: /home/rob/praktikum_ws/install/vrpn_client_ros/share/vrpn_client_ros/environment/ament_prefix_path.dsv
[0.217s] -- Up-to-date: /home/rob/praktikum_ws/install/vrpn_client_ros/share/vrpn_client_ros/environment/path.sh
[0.217s] -- Up-to-date: /home/rob/praktikum_ws/install/vrpn_client_ros/share/vrpn_client_ros/environment/path.dsv
[0.217s] -- Up-to-date: /home/rob/praktikum_ws/install/vrpn_client_ros/share/vrpn_client_ros/local_setup.bash
[0.217s] -- Up-to-date: /home/rob/praktikum_ws/install/vrpn_client_ros/share/vrpn_client_ros/local_setup.sh
[0.218s] -- Up-to-date: /home/rob/praktikum_ws/install/vrpn_client_ros/share/vrpn_client_ros/local_setup.zsh
[0.218s] -- Up-to-date: /home/rob/praktikum_ws/install/vrpn_client_ros/share/vrpn_client_ros/local_setup.dsv
[0.218s] -- Installing: /home/rob/praktikum_ws/install/vrpn_client_ros/share/vrpn_client_ros/package.dsv
[0.218s] -- Up-to-date: /home/rob/praktikum_ws/install/vrpn_client_ros/share/ament_index/resource_index/packages/vrpn_client_ros
[0.219s] -- Up-to-date: /home/rob/praktikum_ws/install/vrpn_client_ros/share/vrpn_client_ros/cmake/vrpn_client_rosConfig.cmake
[0.219s] -- Up-to-date: /home/rob/praktikum_ws/install/vrpn_client_ros/share/vrpn_client_ros/cmake/vrpn_client_rosConfig-version.cmake
[0.219s] -- Up-to-date: /home/rob/praktikum_ws/install/vrpn_client_ros/share/vrpn_client_ros/package.xml
[0.226s] Invoked command in '/home/rob/praktikum_ws/build/vrpn_client_ros' returned '0': CMAKE_PREFIX_PATH=${CMAKE_PREFIX_PATH}:/home/rob/praktikum_ws/install/robprakt:/opt/ros/galactic /usr/bin/cmake --install /home/rob/praktikum_ws/build/vrpn_client_ros
