-- Found ament_cmake: 1.1.5 (/opt/ros/galactic/share/ament_cmake/cmake)
-- Using PYTHON_EXECUTABLE: /usr/bin/python3
-- Override CMake install command with custom implementation using symlinks instead of copying resources
-- Found rclcpp: 9.2.1 (/opt/ros/galactic/share/rclcpp/cmake)
-- Using all available rosidl_typesupport_c: rosidl_typesupport_fastrtps_c;rosidl_typesupport_introspection_c
-- Found rosidl_adapter: 2.2.2 (/opt/ros/galactic/share/rosidl_adapter/cmake)
-- Using all available rosidl_typesupport_cpp: rosidl_typesupport_fastrtps_cpp;rosidl_typesupport_introspection_cpp
-- Found rmw_implementation_cmake: 3.3.1 (/opt/ros/galactic/share/rmw_implementation_cmake/cmake)
-- Found rmw_cyclonedds_cpp: 0.22.5 (/opt/ros/galactic/share/rmw_cyclonedds_cpp/cmake)
-- Using RMW implementation 'rmw_cyclonedds_cpp' as default
-- Found geometry_msgs: 2.2.4 (/opt/ros/galactic/share/geometry_msgs/cmake)
-- Found ament_lint_auto: 0.10.7 (/opt/ros/galactic/share/ament_lint_auto/cmake)
-- Added test 'copyright' to check source files copyright and LICENSE
-- Added test 'cppcheck' to perform static code analysis on C / C++ code
-- Configured cppcheck include dirs: /home/praktikum4/praktikum_ws/src/vrpn_client_ros2/include
-- Configured cppcheck exclude dirs and/or files: 
-- Added test 'cpplint' to check C / C++ code against the Google style
-- Configured cpplint exclude dirs and/or files: 
-- Added test 'flake8' to check Python code syntax and style conventions
-- Added test 'lint_cmake' to check CMake code style
-- Added test 'pep257' to check Python code against some of the style conventions in PEP 257
-- Added test 'uncrustify' to check C / C++ code style
-- Configured uncrustify additional arguments: 
-- Added test 'xmllint' to check XML markup files
-- Configuring done
-- Generating done
-- Build files have been written to: /home/praktikum4/praktikum_ws/build/vrpn_client_ros
[ 42%] Built target vrpn_client_ros
[100%] Built target vrpn_tracker_node
[100%] Built target vrpn_client_node
-- Install configuration: ""
-- Execute custom install script
-- Up-to-date symlink: /home/praktikum4/praktikum_ws/install/vrpn_client_ros/share/vrpn_client_ros//launch/sample.launch.py
-- Up-to-date symlink: /home/praktikum4/praktikum_ws/install/vrpn_client_ros/share/vrpn_client_ros//config/rob_optitrack.params.yaml
-- Up-to-date symlink: /home/praktikum4/praktikum_ws/install/vrpn_client_ros/share/vrpn_client_ros//config/sample.params.yaml
-- Up-to-date symlink: /home/praktikum4/praktikum_ws/install/vrpn_client_ros/share/vrpn_client_ros//config/sample.params.yaml~
-- Up-to-date symlink: /home/praktikum4/praktikum_ws/install/vrpn_client_ros/lib/libvrpn_client_ros.a
-- Up-to-date symlink: /home/praktikum4/praktikum_ws/install/vrpn_client_ros/lib/vrpn_client_ros/vrpn_tracker_node
-- Up-to-date symlink: /home/praktikum4/praktikum_ws/install/vrpn_client_ros/lib/vrpn_client_ros/vrpn_client_node
-- Up-to-date symlink: /home/praktikum4/praktikum_ws/install/vrpn_client_ros/share/ament_index/resource_index/package_run_dependencies/vrpn_client_ros
-- Up-to-date symlink: /home/praktikum4/praktikum_ws/install/vrpn_client_ros/share/ament_index/resource_index/parent_prefix_path/vrpn_client_ros
-- Up-to-date symlink: /home/praktikum4/praktikum_ws/install/vrpn_client_ros/share/vrpn_client_ros/environment/ament_prefix_path.sh
-- Up-to-date symlink: /home/praktikum4/praktikum_ws/install/vrpn_client_ros/share/vrpn_client_ros/environment/ament_prefix_path.dsv
-- Up-to-date symlink: /home/praktikum4/praktikum_ws/install/vrpn_client_ros/share/vrpn_client_ros/environment/path.sh
-- Up-to-date symlink: /home/praktikum4/praktikum_ws/install/vrpn_client_ros/share/vrpn_client_ros/environment/path.dsv
-- Up-to-date symlink: /home/praktikum4/praktikum_ws/install/vrpn_client_ros/share/vrpn_client_ros/local_setup.bash
-- Up-to-date symlink: /home/praktikum4/praktikum_ws/install/vrpn_client_ros/share/vrpn_client_ros/local_setup.sh
-- Up-to-date symlink: /home/praktikum4/praktikum_ws/install/vrpn_client_ros/share/vrpn_client_ros/local_setup.zsh
-- Up-to-date symlink: /home/praktikum4/praktikum_ws/install/vrpn_client_ros/share/vrpn_client_ros/local_setup.dsv
-- Symlinking: /home/praktikum4/praktikum_ws/install/vrpn_client_ros/share/vrpn_client_ros/package.dsv
-- Up-to-date symlink: /home/praktikum4/praktikum_ws/install/vrpn_client_ros/share/ament_index/resource_index/packages/vrpn_client_ros
-- Up-to-date symlink: /home/praktikum4/praktikum_ws/install/vrpn_client_ros/share/vrpn_client_ros/cmake/vrpn_client_rosConfig.cmake
-- Up-to-date symlink: /home/praktikum4/praktikum_ws/install/vrpn_client_ros/share/vrpn_client_ros/cmake/vrpn_client_rosConfig-version.cmake
-- Up-to-date symlink: /home/praktikum4/praktikum_ws/install/vrpn_client_ros/share/vrpn_client_ros/package.xml
