[0.928s] Invoking command in '/home/rob/praktikum_ws/src/robprakt': PYTHONPATH=/home/rob/praktikum_ws/install/robprakt/lib/python3.8/site-packages:${PYTHONPATH} /usr/bin/python3 setup.py egg_info --egg-base ../../build/robprakt build --build-base /home/rob/praktikum_ws/build/robprakt/build install --prefix /home/rob/praktikum_ws/install/robprakt --record /home/rob/praktikum_ws/build/robprakt/install.log --single-version-externally-managed
[1.231s] running egg_info
[1.232s] writing ../../build/robprakt/robprakt.egg-info/PKG-INFO
[1.232s] writing dependency_links to ../../build/robprakt/robprakt.egg-info/dependency_links.txt
[1.233s] writing entry points to ../../build/robprakt/robprakt.egg-info/entry_points.txt
[1.233s] writing requirements to ../../build/robprakt/robprakt.egg-info/requires.txt
[1.233s] writing top-level names to ../../build/robprakt/robprakt.egg-info/top_level.txt
[1.295s] reading manifest file '../../build/robprakt/robprakt.egg-info/SOURCES.txt'
[1.296s] writing manifest file '../../build/robprakt/robprakt.egg-info/SOURCES.txt'
[1.297s] running build
[1.297s] running build_py
[1.297s] running install
[1.298s] running install_lib
[1.300s] running install_data
[1.301s] copying package.xml -> /home/rob/praktikum_ws/install/robprakt/share/robprakt
[1.301s] running install_egg_info
[1.303s] removing '/home/rob/praktikum_ws/install/robprakt/lib/python3.8/site-packages/robprakt-0.0.0-py3.8.egg-info' (and everything under it)
[1.304s] Copying ../../build/robprakt/robprakt.egg-info to /home/rob/praktikum_ws/install/robprakt/lib/python3.8/site-packages/robprakt-0.0.0-py3.8.egg-info
[1.305s] running install_scripts
[1.327s] Installing service script to /home/rob/praktikum_ws/install/robprakt/lib/robprakt
[1.328s] writing list of installed files to '/home/rob/praktikum_ws/build/robprakt/install.log'
[1.356s] Invoked command in '/home/rob/praktikum_ws/src/robprakt' returned '0': PYTHONPATH=/home/rob/praktikum_ws/install/robprakt/lib/python3.8/site-packages:${PYTHONPATH} /usr/bin/python3 setup.py egg_info --egg-base ../../build/robprakt build --build-base /home/rob/praktikum_ws/build/robprakt/build install --prefix /home/rob/praktikum_ws/install/robprakt --record /home/rob/praktikum_ws/build/robprakt/install.log --single-version-externally-managed
