[  3%] Built target robprakt_interfaces__cpp
[ 12%] Built target robprakt_interfaces__rosidl_generator_c
[ 29%] Built target robprakt_interfaces__rosidl_typesupport_c
[ 32%] Built target robprakt_interfaces__rosidl_typesupport_cpp
[ 35%] [32m[1mLinking CXX shared library librobprakt_interfaces__rosidl_typesupport_fastrtps_cpp.so[0m
[ 45%] Built target robprakt_interfaces__rosidl_typesupport_introspection_c
[ 54%] Built target robprakt_interfaces__rosidl_typesupport_introspection_cpp
[ 61%] Built target robprakt_interfaces__rosidl_typesupport_fastrtps_cpp
[ 64%] [32m[1mLinking CXX shared library librobprakt_interfaces__rosidl_typesupport_fastrtps_c.so[0m
[ 70%] Built target robprakt_interfaces__rosidl_typesupport_fastrtps_c
[ 70%] Built target robprakt_interfaces
[ 74%] Built target robprakt_interfaces__py
[ 77%] [32m[1mLinking C shared library rosidl_generator_py/robprakt_interfaces/librobprakt_interfaces__python.so[0m
[ 80%] Built target robprakt_interfaces__python
[ 90%] [32m[1mLinking C shared library rosidl_generator_py/robprakt_interfaces/robprakt_interfaces_s__rosidl_typesupport_c.cpython-38-x86_64-linux-gnu.so[0m
[ 90%] [32m[1mLinking CXX shared library rosidl_generator_py/robprakt_interfaces/robprakt_interfaces_s__rosidl_typesupport_fastrtps_c.cpython-38-x86_64-linux-gnu.so[0m
[ 90%] [32m[1mLinking C shared library rosidl_generator_py/robprakt_interfaces/robprakt_interfaces_s__rosidl_typesupport_introspection_c.cpython-38-x86_64-linux-gnu.so[0m
[ 93%] Built target robprakt_interfaces__rosidl_typesupport_c__pyext
[ 96%] Built target robprakt_interfaces__rosidl_typesupport_introspection_c__pyext
[100%] Built target robprakt_interfaces__rosidl_typesupport_fastrtps_c__pyext
