[0.449s] DEBUG:colcon:Command line arguments: ['/usr/bin/colcon', 'build']
[0.449s] DEBUG:colcon:Parsed command line arguments: Namespace(allow_overriding=[], ament_cmake_args=None, base_paths=['.'], build_base='build', catkin_cmake_args=None, catkin_skip_building_tests=False, cmake_args=None, cmake_clean_cache=False, cmake_clean_first=False, cmake_force_configure=False, cmake_target=None, cmake_target_skip_unavailable=False, continue_on_error=False, event_handlers=None, executor='parallel', ignore_user_meta=False, install_base='install', log_base=None, log_level=None, main=<bound method BuildVerb.main of <colcon_core.verb.build.BuildVerb object at 0x7f9a4621f700>>, merge_install=False, metas=['./colcon.meta'], mixin=None, mixin_files=None, mixin_verb=('build',), packages_above=None, packages_above_and_dependencies=None, packages_above_depth=None, packages_end=None, packages_ignore=None, packages_ignore_regex=None, packages_select=None, packages_select_build_failed=False, packages_select_by_dep=None, packages_select_regex=None, packages_select_test_failures=False, packages_skip=None, packages_skip_build_finished=False, packages_skip_by_dep=None, packages_skip_regex=None, packages_skip_test_passed=False, packages_skip_up_to=None, packages_start=None, packages_up_to=None, packages_up_to_regex=None, parallel_workers=1, paths=None, symlink_install=False, test_result_base=None, verb_extension=<colcon_core.verb.build.BuildVerb object at 0x7f9a4621f700>, verb_name='build', verb_parser=<colcon_mixin.mixin.mixin_argument.MixinArgumentDecorator object at 0x7f9a4621fd60>)
[0.511s] Level 1:colcon.colcon_core.package_discovery:discover_packages(colcon_meta) check parameters
[0.511s] Level 1:colcon.colcon_core.package_discovery:discover_packages(recursive) check parameters
[0.511s] Level 1:colcon.colcon_core.package_discovery:discover_packages(ignore) check parameters
[0.511s] Level 1:colcon.colcon_core.package_discovery:discover_packages(path) check parameters
[0.512s] Level 1:colcon.colcon_core.package_discovery:discover_packages(colcon_meta) discover
[0.512s] Level 1:colcon.colcon_core.package_discovery:discover_packages(recursive) discover
[0.512s] INFO:colcon.colcon_core.package_discovery:Crawling recursively for packages in '/home/rob/praktikum_ws'
[0.512s] Level 1:colcon.colcon_core.package_identification:_identify(.) by extensions ['ignore', 'ignore_ament_install']
[0.512s] Level 1:colcon.colcon_core.package_identification:_identify(.) by extension 'ignore'
[0.512s] Level 1:colcon.colcon_core.package_identification:_identify(.) by extension 'ignore_ament_install'
[0.512s] Level 1:colcon.colcon_core.package_identification:_identify(.) by extensions ['colcon_pkg']
[0.512s] Level 1:colcon.colcon_core.package_identification:_identify(.) by extension 'colcon_pkg'
[0.512s] Level 1:colcon.colcon_core.package_identification:_identify(.) by extensions ['colcon_meta']
[0.512s] Level 1:colcon.colcon_core.package_identification:_identify(.) by extension 'colcon_meta'
[0.512s] Level 1:colcon.colcon_core.package_identification:_identify(.) by extensions ['ros']
[0.512s] Level 1:colcon.colcon_core.package_identification:_identify(.) by extension 'ros'
[0.539s] Level 1:colcon.colcon_core.package_identification:_identify(.) by extensions ['cmake', 'python']
[0.539s] Level 1:colcon.colcon_core.package_identification:_identify(.) by extension 'cmake'
[0.539s] Level 1:colcon.colcon_core.package_identification:_identify(.) by extension 'python'
[0.540s] Level 1:colcon.colcon_core.package_identification:_identify(.) by extensions ['python_setup_py']
[0.540s] Level 1:colcon.colcon_core.package_identification:_identify(.) by extension 'python_setup_py'
[0.540s] Level 1:colcon.colcon_core.package_identification:_identify(build) by extensions ['ignore', 'ignore_ament_install']
[0.540s] Level 1:colcon.colcon_core.package_identification:_identify(build) by extension 'ignore'
[0.540s] Level 1:colcon.colcon_core.package_identification:_identify(build) ignored
[0.540s] Level 1:colcon.colcon_core.package_identification:_identify(install) by extensions ['ignore', 'ignore_ament_install']
[0.540s] Level 1:colcon.colcon_core.package_identification:_identify(install) by extension 'ignore'
[0.540s] Level 1:colcon.colcon_core.package_identification:_identify(install) ignored
[0.540s] Level 1:colcon.colcon_core.package_identification:_identify(log) by extensions ['ignore', 'ignore_ament_install']
[0.541s] Level 1:colcon.colcon_core.package_identification:_identify(log) by extension 'ignore'
[0.541s] Level 1:colcon.colcon_core.package_identification:_identify(log) ignored
[0.541s] Level 1:colcon.colcon_core.package_identification:_identify(src) by extensions ['ignore', 'ignore_ament_install']
[0.541s] Level 1:colcon.colcon_core.package_identification:_identify(src) by extension 'ignore'
[0.541s] Level 1:colcon.colcon_core.package_identification:_identify(src) by extension 'ignore_ament_install'
[0.541s] Level 1:colcon.colcon_core.package_identification:_identify(src) by extensions ['colcon_pkg']
[0.541s] Level 1:colcon.colcon_core.package_identification:_identify(src) by extension 'colcon_pkg'
[0.541s] Level 1:colcon.colcon_core.package_identification:_identify(src) by extensions ['colcon_meta']
[0.541s] Level 1:colcon.colcon_core.package_identification:_identify(src) by extension 'colcon_meta'
[0.541s] Level 1:colcon.colcon_core.package_identification:_identify(src) by extensions ['ros']
[0.541s] Level 1:colcon.colcon_core.package_identification:_identify(src) by extension 'ros'
[0.541s] Level 1:colcon.colcon_core.package_identification:_identify(src) by extensions ['cmake', 'python']
[0.541s] Level 1:colcon.colcon_core.package_identification:_identify(src) by extension 'cmake'
[0.541s] Level 1:colcon.colcon_core.package_identification:_identify(src) by extension 'python'
[0.541s] Level 1:colcon.colcon_core.package_identification:_identify(src) by extensions ['python_setup_py']
[0.542s] Level 1:colcon.colcon_core.package_identification:_identify(src) by extension 'python_setup_py'
[0.544s] Level 1:colcon.colcon_core.package_identification:_identify(src/vrpn-release) by extensions ['ignore', 'ignore_ament_install']
[0.544s] Level 1:colcon.colcon_core.package_identification:_identify(src/vrpn-release) by extension 'ignore'
[0.544s] Level 1:colcon.colcon_core.package_identification:_identify(src/vrpn-release) by extension 'ignore_ament_install'
[0.544s] Level 1:colcon.colcon_core.package_identification:_identify(src/vrpn-release) by extensions ['colcon_pkg']
[0.544s] Level 1:colcon.colcon_core.package_identification:_identify(src/vrpn-release) by extension 'colcon_pkg'
[0.544s] Level 1:colcon.colcon_core.package_identification:_identify(src/vrpn-release) by extensions ['colcon_meta']
[0.544s] Level 1:colcon.colcon_core.package_identification:_identify(src/vrpn-release) by extension 'colcon_meta'
[0.544s] Level 1:colcon.colcon_core.package_identification:_identify(src/vrpn-release) by extensions ['ros']
[0.544s] Level 1:colcon.colcon_core.package_identification:_identify(src/vrpn-release) by extension 'ros'
[0.549s] DEBUG:colcon.colcon_core.package_identification:Package 'src/vrpn-release' with type 'ros.cmake' and name 'vrpn'
[0.549s] Level 1:colcon.colcon_core.package_identification:_identify(src/vrpn_client_ros2) by extensions ['ignore', 'ignore_ament_install']
[0.550s] Level 1:colcon.colcon_core.package_identification:_identify(src/vrpn_client_ros2) by extension 'ignore'
[0.550s] Level 1:colcon.colcon_core.package_identification:_identify(src/vrpn_client_ros2) by extension 'ignore_ament_install'
[0.550s] Level 1:colcon.colcon_core.package_identification:_identify(src/vrpn_client_ros2) by extensions ['colcon_pkg']
[0.550s] Level 1:colcon.colcon_core.package_identification:_identify(src/vrpn_client_ros2) by extension 'colcon_pkg'
[0.550s] Level 1:colcon.colcon_core.package_identification:_identify(src/vrpn_client_ros2) by extensions ['colcon_meta']
[0.550s] Level 1:colcon.colcon_core.package_identification:_identify(src/vrpn_client_ros2) by extension 'colcon_meta'
[0.550s] Level 1:colcon.colcon_core.package_identification:_identify(src/vrpn_client_ros2) by extensions ['ros']
[0.550s] Level 1:colcon.colcon_core.package_identification:_identify(src/vrpn_client_ros2) by extension 'ros'
[0.552s] DEBUG:colcon.colcon_core.package_identification:Package 'src/vrpn_client_ros2' with type 'ros.ament_cmake' and name 'vrpn_client_ros'
[0.552s] Level 1:colcon.colcon_core.package_discovery:discover_packages(recursive) using defaults
[0.552s] Level 1:colcon.colcon_core.package_discovery:discover_packages(ignore) discover
[0.552s] Level 1:colcon.colcon_core.package_discovery:discover_packages(ignore) using defaults
[0.552s] Level 1:colcon.colcon_core.package_discovery:discover_packages(path) discover
[0.552s] Level 1:colcon.colcon_core.package_discovery:discover_packages(path) using defaults
[0.591s] Level 1:colcon.colcon_core.package_discovery:discover_packages(prefix_path) check parameters
[0.591s] Level 1:colcon.colcon_core.package_discovery:discover_packages(prefix_path) discover
[0.598s] DEBUG:colcon.colcon_installed_package_information.package_discovery:Found 2 installed packages in /home/rob/praktikum_ws/install
[0.602s] DEBUG:colcon.colcon_installed_package_information.package_discovery:Found 329 installed packages in /opt/ros/galactic
[0.605s] Level 1:colcon.colcon_core.package_discovery:discover_packages(prefix_path) using defaults
[0.800s] Level 5:colcon.colcon_core.verb:set package 'vrpn' build argument 'cmake_args' from command line to 'None'
[0.800s] Level 5:colcon.colcon_core.verb:set package 'vrpn' build argument 'cmake_target' from command line to 'None'
[0.800s] Level 5:colcon.colcon_core.verb:set package 'vrpn' build argument 'cmake_target_skip_unavailable' from command line to 'False'
[0.800s] Level 5:colcon.colcon_core.verb:set package 'vrpn' build argument 'cmake_clean_cache' from command line to 'False'
[0.800s] Level 5:colcon.colcon_core.verb:set package 'vrpn' build argument 'cmake_clean_first' from command line to 'False'
[0.801s] Level 5:colcon.colcon_core.verb:set package 'vrpn' build argument 'cmake_force_configure' from command line to 'False'
[0.801s] Level 5:colcon.colcon_core.verb:set package 'vrpn' build argument 'ament_cmake_args' from command line to 'None'
[0.801s] Level 5:colcon.colcon_core.verb:set package 'vrpn' build argument 'catkin_cmake_args' from command line to 'None'
[0.801s] Level 5:colcon.colcon_core.verb:set package 'vrpn' build argument 'catkin_skip_building_tests' from command line to 'False'
[0.801s] DEBUG:colcon.colcon_core.verb:Building package 'vrpn' with the following arguments: {'ament_cmake_args': None, 'build_base': '/home/rob/praktikum_ws/build/vrpn', 'catkin_cmake_args': None, 'catkin_skip_building_tests': False, 'cmake_args': None, 'cmake_clean_cache': False, 'cmake_clean_first': False, 'cmake_force_configure': False, 'cmake_target': None, 'cmake_target_skip_unavailable': False, 'install_base': '/home/rob/praktikum_ws/install/vrpn', 'merge_install': False, 'path': '/home/rob/praktikum_ws/src/vrpn-release', 'symlink_install': False, 'test_result_base': None}
[0.802s] Level 5:colcon.colcon_core.verb:set package 'vrpn_client_ros' build argument 'cmake_args' from command line to 'None'
[0.803s] Level 5:colcon.colcon_core.verb:set package 'vrpn_client_ros' build argument 'cmake_target' from command line to 'None'
[0.803s] Level 5:colcon.colcon_core.verb:set package 'vrpn_client_ros' build argument 'cmake_target_skip_unavailable' from command line to 'False'
[0.803s] Level 5:colcon.colcon_core.verb:set package 'vrpn_client_ros' build argument 'cmake_clean_cache' from command line to 'False'
[0.803s] Level 5:colcon.colcon_core.verb:set package 'vrpn_client_ros' build argument 'cmake_clean_first' from command line to 'False'
[0.803s] Level 5:colcon.colcon_core.verb:set package 'vrpn_client_ros' build argument 'cmake_force_configure' from command line to 'False'
[0.803s] Level 5:colcon.colcon_core.verb:set package 'vrpn_client_ros' build argument 'ament_cmake_args' from command line to 'None'
[0.803s] Level 5:colcon.colcon_core.verb:set package 'vrpn_client_ros' build argument 'catkin_cmake_args' from command line to 'None'
[0.803s] Level 5:colcon.colcon_core.verb:set package 'vrpn_client_ros' build argument 'catkin_skip_building_tests' from command line to 'False'
[0.803s] DEBUG:colcon.colcon_core.verb:Building package 'vrpn_client_ros' with the following arguments: {'ament_cmake_args': None, 'build_base': '/home/rob/praktikum_ws/build/vrpn_client_ros', 'catkin_cmake_args': None, 'catkin_skip_building_tests': False, 'cmake_args': None, 'cmake_clean_cache': False, 'cmake_clean_first': False, 'cmake_force_configure': False, 'cmake_target': None, 'cmake_target_skip_unavailable': False, 'install_base': '/home/rob/praktikum_ws/install/vrpn_client_ros', 'merge_install': False, 'path': '/home/rob/praktikum_ws/src/vrpn_client_ros2', 'symlink_install': False, 'test_result_base': None}
[0.804s] INFO:colcon.colcon_core.executor:Executing jobs using 'parallel' executor
[0.811s] DEBUG:colcon.colcon_parallel_executor.executor.parallel:run_until_complete
[0.811s] INFO:colcon.colcon_ros.task.cmake.build:Building ROS package in '/home/rob/praktikum_ws/src/vrpn-release' with build type 'cmake'
[0.811s] INFO:colcon.colcon_cmake.task.cmake.build:Building CMake package in '/home/rob/praktikum_ws/src/vrpn-release'
[0.824s] INFO:colcon.colcon_core.plugin_system:Skipping extension 'colcon_core.shell.bat': Not used on non-Windows systems
[0.824s] INFO:colcon.colcon_core.shell:Skip shell extension 'powershell' for command environment: Not usable outside of PowerShell
[0.824s] DEBUG:colcon.colcon_core.shell:Skip shell extension 'dsv' for command environment
[0.846s] DEBUG:colcon.colcon_core.event_handler.log_command:Invoking command in '/home/rob/praktikum_ws/build/vrpn': CMAKE_PREFIX_PATH=${CMAKE_PREFIX_PATH}:/opt/ros/galactic /usr/bin/cmake --build /home/rob/praktikum_ws/build/vrpn -- -j1 -l1
[1.376s] DEBUG:colcon.colcon_core.event_handler.log_command:Invoked command in '/home/rob/praktikum_ws/build/vrpn' returned '0': CMAKE_PREFIX_PATH=${CMAKE_PREFIX_PATH}:/opt/ros/galactic /usr/bin/cmake --build /home/rob/praktikum_ws/build/vrpn -- -j1 -l1
[1.699s] DEBUG:colcon.colcon_core.event_handler.log_command:Invoking command in '/home/rob/praktikum_ws/build/vrpn': CMAKE_PREFIX_PATH=${CMAKE_PREFIX_PATH}:/opt/ros/galactic /usr/bin/cmake --install /home/rob/praktikum_ws/build/vrpn
[1.772s] DEBUG:colcon.colcon_core.event_handler.log_command:Invoked command in '/home/rob/praktikum_ws/build/vrpn' returned '0': CMAKE_PREFIX_PATH=${CMAKE_PREFIX_PATH}:/opt/ros/galactic /usr/bin/cmake --install /home/rob/praktikum_ws/build/vrpn
[2.079s] Level 1:colcon.colcon_core.shell:create_environment_hook('vrpn', 'pkg_config_path')
[2.081s] INFO:colcon.colcon_core.shell:Creating environment hook '/home/rob/praktikum_ws/install/vrpn/share/vrpn/hook/pkg_config_path.ps1'
[2.083s] INFO:colcon.colcon_core.shell:Creating environment descriptor '/home/rob/praktikum_ws/install/vrpn/share/vrpn/hook/pkg_config_path.dsv'
[2.084s] INFO:colcon.colcon_core.shell:Creating environment hook '/home/rob/praktikum_ws/install/vrpn/share/vrpn/hook/pkg_config_path.sh'
[2.094s] Level 1:colcon.colcon_core.shell:create_environment_hook('vrpn', 'pkg_config_path_multiarch')
[2.096s] INFO:colcon.colcon_core.shell:Creating environment hook '/home/rob/praktikum_ws/install/vrpn/share/vrpn/hook/pkg_config_path_multiarch.ps1'
[2.099s] INFO:colcon.colcon_core.shell:Creating environment descriptor '/home/rob/praktikum_ws/install/vrpn/share/vrpn/hook/pkg_config_path_multiarch.dsv'
[2.100s] INFO:colcon.colcon_core.shell:Creating environment hook '/home/rob/praktikum_ws/install/vrpn/share/vrpn/hook/pkg_config_path_multiarch.sh'
[2.101s] Level 1:colcon.colcon_core.environment:create_environment_scripts_only(vrpn)
[2.120s] Level 1:colcon.colcon_core.environment:checking '/home/rob/praktikum_ws/install/vrpn' for CMake module files
[2.121s] Level 1:colcon.colcon_core.environment:checking '/home/rob/praktikum_ws/install/vrpn' for CMake config files
[2.122s] Level 1:colcon.colcon_core.shell:create_environment_hook('vrpn', 'cmake_prefix_path')
[2.125s] INFO:colcon.colcon_core.shell:Creating environment hook '/home/rob/praktikum_ws/install/vrpn/share/vrpn/hook/cmake_prefix_path.ps1'
[2.126s] INFO:colcon.colcon_core.shell:Creating environment descriptor '/home/rob/praktikum_ws/install/vrpn/share/vrpn/hook/cmake_prefix_path.dsv'
[2.126s] INFO:colcon.colcon_core.shell:Creating environment hook '/home/rob/praktikum_ws/install/vrpn/share/vrpn/hook/cmake_prefix_path.sh'
[2.128s] Level 1:colcon.colcon_core.environment:checking '/home/rob/praktikum_ws/install/vrpn/lib'
[2.128s] Level 1:colcon.colcon_core.environment:checking '/home/rob/praktikum_ws/install/vrpn/bin'
[2.128s] Level 1:colcon.colcon_core.shell:create_environment_hook('vrpn', 'path')
[2.131s] INFO:colcon.colcon_core.shell:Creating environment hook '/home/rob/praktikum_ws/install/vrpn/share/vrpn/hook/path.ps1'
[2.132s] INFO:colcon.colcon_core.shell:Creating environment descriptor '/home/rob/praktikum_ws/install/vrpn/share/vrpn/hook/path.dsv'
[2.132s] INFO:colcon.colcon_core.shell:Creating environment hook '/home/rob/praktikum_ws/install/vrpn/share/vrpn/hook/path.sh'
[2.133s] Level 1:colcon.colcon_core.environment:checking '/home/rob/praktikum_ws/install/vrpn/lib/pkgconfig/vrpn.pc'
[2.134s] Level 1:colcon.colcon_core.environment:checking '/home/rob/praktikum_ws/install/vrpn/lib/python3.8/site-packages'
[2.134s] Level 1:colcon.colcon_core.environment:checking '/home/rob/praktikum_ws/install/vrpn/bin'
[2.134s] Level 1:colcon.colcon_core.shell:create_environment_hook('vrpn', 'pythonscriptspath')
[2.138s] INFO:colcon.colcon_core.shell:Creating environment hook '/home/rob/praktikum_ws/install/vrpn/share/vrpn/hook/pythonscriptspath.ps1'
[2.138s] INFO:colcon.colcon_core.shell:Creating environment descriptor '/home/rob/praktikum_ws/install/vrpn/share/vrpn/hook/pythonscriptspath.dsv'
[2.139s] INFO:colcon.colcon_core.shell:Creating environment hook '/home/rob/praktikum_ws/install/vrpn/share/vrpn/hook/pythonscriptspath.sh'
[2.143s] INFO:colcon.colcon_core.shell:Creating package script '/home/rob/praktikum_ws/install/vrpn/share/vrpn/package.ps1'
[2.146s] INFO:colcon.colcon_core.shell:Creating package descriptor '/home/rob/praktikum_ws/install/vrpn/share/vrpn/package.dsv'
[2.148s] INFO:colcon.colcon_core.shell:Creating package script '/home/rob/praktikum_ws/install/vrpn/share/vrpn/package.sh'
[2.150s] INFO:colcon.colcon_core.shell:Creating package script '/home/rob/praktikum_ws/install/vrpn/share/vrpn/package.bash'
[2.152s] INFO:colcon.colcon_core.shell:Creating package script '/home/rob/praktikum_ws/install/vrpn/share/vrpn/package.zsh'
[2.155s] Level 1:colcon.colcon_core.environment:create_file_with_runtime_dependencies(/home/rob/praktikum_ws/install/vrpn/share/colcon-core/packages/vrpn)
[2.157s] INFO:colcon.colcon_ros.task.ament_cmake.build:Building ROS package in '/home/rob/praktikum_ws/src/vrpn_client_ros2' with build type 'ament_cmake'
[2.157s] INFO:colcon.colcon_cmake.task.cmake.build:Building CMake package in '/home/rob/praktikum_ws/src/vrpn_client_ros2'
[2.160s] INFO:colcon.colcon_core.shell:Skip shell extension 'powershell' for command environment: Not usable outside of PowerShell
[2.160s] DEBUG:colcon.colcon_core.shell:Skip shell extension 'dsv' for command environment
[2.191s] DEBUG:colcon.colcon_core.event_handler.log_command:Invoking command in '/home/rob/praktikum_ws/build/vrpn_client_ros': CMAKE_PREFIX_PATH=${CMAKE_PREFIX_PATH}:/opt/ros/galactic /usr/bin/cmake --build /home/rob/praktikum_ws/build/vrpn_client_ros -- -j1 -l1
[2.407s] DEBUG:colcon.colcon_core.event_handler.log_command:Invoked command in '/home/rob/praktikum_ws/build/vrpn_client_ros' returned '0': CMAKE_PREFIX_PATH=${CMAKE_PREFIX_PATH}:/opt/ros/galactic /usr/bin/cmake --build /home/rob/praktikum_ws/build/vrpn_client_ros -- -j1 -l1
[2.443s] DEBUG:colcon.colcon_core.event_handler.log_command:Invoking command in '/home/rob/praktikum_ws/build/vrpn_client_ros': CMAKE_PREFIX_PATH=${CMAKE_PREFIX_PATH}:/opt/ros/galactic /usr/bin/cmake --install /home/rob/praktikum_ws/build/vrpn_client_ros
[2.467s] Level 1:colcon.colcon_core.environment:create_environment_scripts_only(vrpn_client_ros)
[2.472s] Level 1:colcon.colcon_core.environment:checking '/home/rob/praktikum_ws/install/vrpn_client_ros' for CMake module files
[2.472s] DEBUG:colcon.colcon_core.event_handler.log_command:Invoked command in '/home/rob/praktikum_ws/build/vrpn_client_ros' returned '0': CMAKE_PREFIX_PATH=${CMAKE_PREFIX_PATH}:/opt/ros/galactic /usr/bin/cmake --install /home/rob/praktikum_ws/build/vrpn_client_ros
[2.473s] Level 1:colcon.colcon_core.environment:checking '/home/rob/praktikum_ws/install/vrpn_client_ros' for CMake config files
[2.473s] Level 1:colcon.colcon_core.shell:create_environment_hook('vrpn_client_ros', 'cmake_prefix_path')
[2.476s] INFO:colcon.colcon_core.shell:Creating environment hook '/home/rob/praktikum_ws/install/vrpn_client_ros/share/vrpn_client_ros/hook/cmake_prefix_path.ps1'
[2.476s] INFO:colcon.colcon_core.shell:Creating environment descriptor '/home/rob/praktikum_ws/install/vrpn_client_ros/share/vrpn_client_ros/hook/cmake_prefix_path.dsv'
[2.477s] INFO:colcon.colcon_core.shell:Creating environment hook '/home/rob/praktikum_ws/install/vrpn_client_ros/share/vrpn_client_ros/hook/cmake_prefix_path.sh'
[2.477s] Level 1:colcon.colcon_core.environment:checking '/home/rob/praktikum_ws/install/vrpn_client_ros/lib'
[2.477s] Level 1:colcon.colcon_core.environment:checking '/home/rob/praktikum_ws/install/vrpn_client_ros/bin'
[2.478s] Level 1:colcon.colcon_core.environment:checking '/home/rob/praktikum_ws/install/vrpn_client_ros/lib/pkgconfig/vrpn_client_ros.pc'
[2.478s] Level 1:colcon.colcon_core.environment:checking '/home/rob/praktikum_ws/install/vrpn_client_ros/lib/python3.8/site-packages'
[2.478s] Level 1:colcon.colcon_core.environment:checking '/home/rob/praktikum_ws/install/vrpn_client_ros/bin'
[2.481s] INFO:colcon.colcon_core.shell:Creating package script '/home/rob/praktikum_ws/install/vrpn_client_ros/share/vrpn_client_ros/package.ps1'
[2.481s] INFO:colcon.colcon_core.shell:Creating package descriptor '/home/rob/praktikum_ws/install/vrpn_client_ros/share/vrpn_client_ros/package.dsv'
[2.482s] INFO:colcon.colcon_core.shell:Creating package script '/home/rob/praktikum_ws/install/vrpn_client_ros/share/vrpn_client_ros/package.sh'
[2.482s] INFO:colcon.colcon_core.shell:Creating package script '/home/rob/praktikum_ws/install/vrpn_client_ros/share/vrpn_client_ros/package.bash'
[2.483s] INFO:colcon.colcon_core.shell:Creating package script '/home/rob/praktikum_ws/install/vrpn_client_ros/share/vrpn_client_ros/package.zsh'
[2.483s] Level 1:colcon.colcon_core.environment:create_file_with_runtime_dependencies(/home/rob/praktikum_ws/install/vrpn_client_ros/share/colcon-core/packages/vrpn_client_ros)
[2.518s] Level 1:colcon.colcon_core.environment:create_environment_scripts_only(vrpn_client_ros)
[2.520s] Level 1:colcon.colcon_core.environment:checking '/home/rob/praktikum_ws/install/vrpn_client_ros' for CMake module files
[2.521s] Level 1:colcon.colcon_core.environment:checking '/home/rob/praktikum_ws/install/vrpn_client_ros' for CMake config files
[2.522s] Level 1:colcon.colcon_core.shell:create_environment_hook('vrpn_client_ros', 'cmake_prefix_path')
[2.523s] INFO:colcon.colcon_core.shell:Creating environment hook '/home/rob/praktikum_ws/install/vrpn_client_ros/share/vrpn_client_ros/hook/cmake_prefix_path.ps1'
[2.524s] INFO:colcon.colcon_core.shell:Creating environment descriptor '/home/rob/praktikum_ws/install/vrpn_client_ros/share/vrpn_client_ros/hook/cmake_prefix_path.dsv'
[2.525s] INFO:colcon.colcon_core.shell:Creating environment hook '/home/rob/praktikum_ws/install/vrpn_client_ros/share/vrpn_client_ros/hook/cmake_prefix_path.sh'
[2.526s] Level 1:colcon.colcon_core.environment:checking '/home/rob/praktikum_ws/install/vrpn_client_ros/lib'
[2.526s] Level 1:colcon.colcon_core.environment:checking '/home/rob/praktikum_ws/install/vrpn_client_ros/bin'
[2.526s] Level 1:colcon.colcon_core.environment:checking '/home/rob/praktikum_ws/install/vrpn_client_ros/lib/pkgconfig/vrpn_client_ros.pc'
[2.526s] Level 1:colcon.colcon_core.environment:checking '/home/rob/praktikum_ws/install/vrpn_client_ros/lib/python3.8/site-packages'
[2.526s] Level 1:colcon.colcon_core.environment:checking '/home/rob/praktikum_ws/install/vrpn_client_ros/bin'
[2.528s] INFO:colcon.colcon_core.shell:Creating package script '/home/rob/praktikum_ws/install/vrpn_client_ros/share/vrpn_client_ros/package.ps1'
[2.529s] INFO:colcon.colcon_core.shell:Creating package descriptor '/home/rob/praktikum_ws/install/vrpn_client_ros/share/vrpn_client_ros/package.dsv'
[2.531s] INFO:colcon.colcon_core.shell:Creating package script '/home/rob/praktikum_ws/install/vrpn_client_ros/share/vrpn_client_ros/package.sh'
[2.531s] INFO:colcon.colcon_core.shell:Creating package script '/home/rob/praktikum_ws/install/vrpn_client_ros/share/vrpn_client_ros/package.bash'
[2.532s] INFO:colcon.colcon_core.shell:Creating package script '/home/rob/praktikum_ws/install/vrpn_client_ros/share/vrpn_client_ros/package.zsh'
[2.532s] Level 1:colcon.colcon_core.environment:create_file_with_runtime_dependencies(/home/rob/praktikum_ws/install/vrpn_client_ros/share/colcon-core/packages/vrpn_client_ros)
[2.533s] DEBUG:colcon.colcon_parallel_executor.executor.parallel:closing loop
[2.533s] DEBUG:colcon.colcon_parallel_executor.executor.parallel:loop closed
[2.533s] DEBUG:colcon.colcon_parallel_executor.executor.parallel:run_until_complete finished with '0'
[2.533s] DEBUG:colcon.colcon_core.event_reactor:joining thread
[2.542s] INFO:colcon.colcon_core.plugin_system:Skipping extension 'colcon_notification.desktop_notification.terminal_notifier': Not used on non-Darwin systems
[2.542s] INFO:colcon.colcon_core.plugin_system:Skipping extension 'colcon_notification.desktop_notification.win32': Not used on non-Windows systems
[2.542s] INFO:colcon.colcon_notification.desktop_notification:Sending desktop notification using 'notify2'
[2.573s] DEBUG:colcon.colcon_core.event_reactor:joined thread
[2.576s] INFO:colcon.colcon_core.shell:Creating prefix script '/home/rob/praktikum_ws/install/local_setup.ps1'
[2.577s] INFO:colcon.colcon_core.shell:Creating prefix util module '/home/rob/praktikum_ws/install/_local_setup_util_ps1.py'
[2.586s] INFO:colcon.colcon_core.shell:Creating prefix chain script '/home/rob/praktikum_ws/install/setup.ps1'
[2.602s] INFO:colcon.colcon_core.shell:Creating prefix script '/home/rob/praktikum_ws/install/local_setup.sh'
[2.604s] INFO:colcon.colcon_core.shell:Creating prefix util module '/home/rob/praktikum_ws/install/_local_setup_util_sh.py'
[2.605s] INFO:colcon.colcon_core.shell:Creating prefix chain script '/home/rob/praktikum_ws/install/setup.sh'
[2.620s] INFO:colcon.colcon_core.shell:Creating prefix script '/home/rob/praktikum_ws/install/local_setup.bash'
[2.621s] INFO:colcon.colcon_core.shell:Creating prefix chain script '/home/rob/praktikum_ws/install/setup.bash'
[2.624s] INFO:colcon.colcon_core.shell:Creating prefix script '/home/rob/praktikum_ws/install/local_setup.zsh'
[2.625s] INFO:colcon.colcon_core.shell:Creating prefix chain script '/home/rob/praktikum_ws/install/setup.zsh'
