[0.014s] Invoking command in '/home/rob/praktikum_ws/build/robprakt_interfaces': CMAKE_PREFIX_PATH=${CMAKE_PREFIX_PATH}:/home/rob/praktikum_ws/install/robprakt:/opt/ros/galactic /usr/bin/cmake /home/rob/praktikum_ws/src/robprakt_interfaces -DCMAKE_INSTALL_PREFIX=/home/rob/praktikum_ws/install/robprakt_interfaces
[0.238s] -- The C compiler identification is GNU 9.4.0
[0.399s] -- The CXX compiler identification is GNU 9.4.0
[0.412s] -- Check for working C compiler: /usr/bin/cc
[0.489s] -- Check for working C compiler: /usr/bin/cc -- works
[0.492s] -- Detecting C compiler ABI info
[0.569s] -- Detecting C compiler ABI info - done
[0.593s] -- Detecting C compile features
[0.594s] -- Detecting C compile features - done
[0.600s] -- Check for working CXX compiler: /usr/bin/c++
[0.690s] -- Check for working CXX compiler: /usr/bin/c++ -- works
[0.692s] -- Detecting CXX compiler ABI info
[0.783s] -- Detecting CXX compiler ABI info - done
[0.804s] -- Detecting CXX compile features
[0.805s] -- Detecting CXX compile features - done
[0.810s] -- Found ament_cmake: 1.1.5 (/opt/ros/galactic/share/ament_cmake/cmake)
[0.845s] -- Found PythonInterp: /usr/bin/python3 (found suitable version "3.8.10", minimum required is "3") 
[0.845s] -- Using PYTHON_EXECUTABLE: /usr/bin/python3
[0.975s] -- Found rosidl_default_generators: 1.1.1 (/opt/ros/galactic/share/rosidl_default_generators/cmake)
[0.984s] -- Using all available rosidl_typesupport_c: rosidl_typesupport_fastrtps_c;rosidl_typesupport_introspection_c
[0.998s] -- Found rosidl_adapter: 2.2.2 (/opt/ros/galactic/share/rosidl_adapter/cmake)
[1.139s] -- Found OpenSSL: /usr/lib/x86_64-linux-gnu/libcrypto.so (found version "1.1.1f")  
[1.181s] -- Found FastRTPS: /opt/ros/galactic/include  
[1.323s] -- Using all available rosidl_typesupport_cpp: rosidl_typesupport_fastrtps_cpp;rosidl_typesupport_introspection_cpp
[1.402s] -- Found PythonInterp: /usr/bin/python3 (found version "3.8.10") 
[1.649s] CMake Error at /opt/ros/galactic/share/rosidl_adapter/cmake/rosidl_adapt_interfaces.cmake:60 (message):
[1.649s]   execute_process(/usr/bin/python3 -m rosidl_adapter --package-name
[1.649s]   robprakt_interfaces --arguments-file
[1.649s]   /home/rob/praktikum_ws/build/robprakt_interfaces/rosidl_adapter__arguments__robprakt_interfaces.json
[1.649s]   --output-dir
[1.649s]   /home/rob/praktikum_ws/build/robprakt_interfaces/rosidl_adapter/robprakt_interfaces
[1.652s]   --output-file
[1.652s]   /home/rob/praktikum_ws/build/robprakt_interfaces/rosidl_adapter/robprakt_interfaces.idls)
[1.652s]   returned error code 1:
[1.652s] 
[1.652s]   Traceback (most recent call last):
[1.652s] 
[1.653s]     File "/usr/lib/python3.8/runpy.py", line 194, in _run_module_as_main
[1.653s]       return _run_code(code, main_globals, None,
[1.653s]     File "/usr/lib/python3.8/runpy.py", line 87, in _run_code
[1.653s]       exec(code, run_globals)
[1.653s]     File "/opt/ros/galactic/lib/python3.8/site-packages/rosidl_adapter/__main__.py", line 19, in <module>
[1.653s]       sys.exit(main())
[1.653s]     File "/opt/ros/galactic/lib/python3.8/site-packages/rosidl_adapter/main.py", line 53, in main
[1.653s]       abs_idl_file = convert_to_idl(
[1.653s]     File "/opt/ros/galactic/lib/python3.8/site-packages/rosidl_adapter/__init__.py", line 24, in convert_to_idl
[1.653s]       return convert_srv_to_idl(
[1.662s]     File "/opt/ros/galactic/lib/python3.8/site-packages/rosidl_adapter/srv/__init__.py", line 28, in convert_srv_to_idl
[1.662s]       srv = parse_service_string(package_name, input_file.stem, content)
[1.663s]     File "/opt/ros/galactic/lib/python3.8/site-packages/rosidl_adapter/parser.py", line 852, in parse_service_string
[1.663s]       request_message = parse_message_string(
[1.663s]     File "/opt/ros/galactic/lib/python3.8/site-packages/rosidl_adapter/parser.py", line 540, in parse_message_string
[1.663s]       msg = MessageSpecification(pkg_name, msg_name, fields, constants)
[1.663s]     File "/opt/ros/galactic/lib/python3.8/site-packages/rosidl_adapter/parser.py", line 387, in __init__
[1.663s]       self.base_type = BaseType(
[1.663s]     File "/opt/ros/galactic/lib/python3.8/site-packages/rosidl_adapter/parser.py", line 204, in __init__
[1.663s]       raise InvalidResourceName(
[1.664s] 
[1.664s]   rosidl_adapter.parser.InvalidResourceName: 'seturio_Request' is an invalid
[1.664s]   message name.  It should have the pattern '^[A-Z][A-Za-z0-9]*$'
[1.664s] 
[1.664s] Call Stack (most recent call first):
[1.664s]   /opt/ros/galactic/share/rosidl_cmake/cmake/rosidl_generate_interfaces.cmake:130 (rosidl_adapt_interfaces)
[1.664s]   CMakeLists.txt:16 (rosidl_generate_interfaces)
[1.664s] 
[1.664s] 
[1.665s] -- Configuring incomplete, errors occurred!
[1.665s] See also "/home/rob/praktikum_ws/build/robprakt_interfaces/CMakeFiles/CMakeOutput.log".
[1.665s] Invoked command in '/home/rob/praktikum_ws/build/robprakt_interfaces' returned '1': CMAKE_PREFIX_PATH=${CMAKE_PREFIX_PATH}:/home/rob/praktikum_ws/install/robprakt:/opt/ros/galactic /usr/bin/cmake /home/rob/praktikum_ws/src/robprakt_interfaces -DCMAKE_INSTALL_PREFIX=/home/rob/praktikum_ws/install/robprakt_interfaces
