[0.890s] Invoking command in '/home/rob/praktikum_ws/src/robprakt': PYTHONPATH=/home/rob/praktikum_ws/install/robprakt/lib/python3.8/site-packages:${PYTHONPATH} /usr/bin/python3 setup.py egg_info --egg-base ../../build/robprakt build --build-base /home/rob/praktikum_ws/build/robprakt/build install --prefix /home/rob/praktikum_ws/install/robprakt --record /home/rob/praktikum_ws/build/robprakt/install.log --single-version-externally-managed
[1.235s] running egg_info
[1.236s] writing ../../build/robprakt/robprakt.egg-info/PKG-INFO
[1.237s] writing dependency_links to ../../build/robprakt/robprakt.egg-info/dependency_links.txt
[1.237s] writing entry points to ../../build/robprakt/robprakt.egg-info/entry_points.txt
[1.238s] writing requirements to ../../build/robprakt/robprakt.egg-info/requires.txt
[1.238s] writing top-level names to ../../build/robprakt/robprakt.egg-info/top_level.txt
[1.294s] reading manifest file '../../build/robprakt/robprakt.egg-info/SOURCES.txt'
[1.295s] writing manifest file '../../build/robprakt/robprakt.egg-info/SOURCES.txt'
[1.295s] running build
[1.296s] running build_py
[1.296s] copying robprakt/vacuum_control.py -> /home/rob/praktikum_ws/build/robprakt/build/lib/robprakt
[1.296s] running install
[1.297s] running install_lib
[1.299s] copying /home/rob/praktikum_ws/build/robprakt/build/lib/robprakt/vacuum_control.py -> /home/rob/praktikum_ws/install/robprakt/lib/python3.8/site-packages/robprakt
[1.300s] byte-compiling /home/rob/praktikum_ws/install/robprakt/lib/python3.8/site-packages/robprakt/vacuum_control.py to vacuum_control.cpython-38.pyc
[1.301s] Sorry: TabError: inconsistent use of tabs and spaces in indentation (vacuum_control.py, line 30)
[1.302s] running install_data
[1.302s] running install_egg_info
[1.304s] removing '/home/rob/praktikum_ws/install/robprakt/lib/python3.8/site-packages/robprakt-0.0.0-py3.8.egg-info' (and everything under it)
[1.304s] Copying ../../build/robprakt/robprakt.egg-info to /home/rob/praktikum_ws/install/robprakt/lib/python3.8/site-packages/robprakt-0.0.0-py3.8.egg-info
[1.305s] running install_scripts
[1.327s] Installing vacuum_control script to /home/rob/praktikum_ws/install/robprakt/lib/robprakt
[1.328s] writing list of installed files to '/home/rob/praktikum_ws/build/robprakt/install.log'
[1.358s] Invoked command in '/home/rob/praktikum_ws/src/robprakt' returned '0': PYTHONPATH=/home/rob/praktikum_ws/install/robprakt/lib/python3.8/site-packages:${PYTHONPATH} /usr/bin/python3 setup.py egg_info --egg-base ../../build/robprakt build --build-base /home/rob/praktikum_ws/build/robprakt/build install --prefix /home/rob/praktikum_ws/install/robprakt --record /home/rob/praktikum_ws/build/robprakt/install.log --single-version-externally-managed
