[0.339s] DEBUG:colcon:Command line arguments: ['/usr/bin/colcon', 'build']
[0.339s] DEBUG:colcon:Parsed command line arguments: Namespace(allow_overriding=[], ament_cmake_args=None, base_paths=['.'], build_base='build', catkin_cmake_args=None, catkin_skip_building_tests=False, cmake_args=None, cmake_clean_cache=False, cmake_clean_first=False, cmake_force_configure=False, cmake_target=None, cmake_target_skip_unavailable=False, continue_on_error=False, event_handlers=None, executor='parallel', ignore_user_meta=False, install_base='install', log_base=None, log_level=None, main=<bound method BuildVerb.main of <colcon_core.verb.build.BuildVerb object at 0x7f99258cc5b0>>, merge_install=False, metas=['./colcon.meta'], mixin=None, mixin_files=None, mixin_verb=('build',), packages_above=None, packages_above_and_dependencies=None, packages_above_depth=None, packages_end=None, packages_ignore=None, packages_ignore_regex=None, packages_select=None, packages_select_build_failed=False, packages_select_by_dep=None, packages_select_regex=None, packages_select_test_failures=False, packages_skip=None, packages_skip_build_finished=False, packages_skip_by_dep=None, packages_skip_regex=None, packages_skip_test_passed=False, packages_skip_up_to=None, packages_start=None, packages_up_to=None, packages_up_to_regex=None, parallel_workers=1, paths=None, symlink_install=False, test_result_base=None, verb_extension=<colcon_core.verb.build.BuildVerb object at 0x7f99258cc5b0>, verb_name='build', verb_parser=<colcon_mixin.mixin.mixin_argument.MixinArgumentDecorator object at 0x7f99258ccc10>)
[0.385s] Level 1:colcon.colcon_core.package_discovery:discover_packages(colcon_meta) check parameters
[0.385s] Level 1:colcon.colcon_core.package_discovery:discover_packages(recursive) check parameters
[0.385s] Level 1:colcon.colcon_core.package_discovery:discover_packages(ignore) check parameters
[0.385s] Level 1:colcon.colcon_core.package_discovery:discover_packages(path) check parameters
[0.385s] Level 1:colcon.colcon_core.package_discovery:discover_packages(colcon_meta) discover
[0.385s] Level 1:colcon.colcon_core.package_discovery:discover_packages(recursive) discover
[0.385s] INFO:colcon.colcon_core.package_discovery:Crawling recursively for packages in '/home/rob/praktikum_ws'
[0.386s] Level 1:colcon.colcon_core.package_identification:_identify(.) by extensions ['ignore', 'ignore_ament_install']
[0.386s] Level 1:colcon.colcon_core.package_identification:_identify(.) by extension 'ignore'
[0.386s] Level 1:colcon.colcon_core.package_identification:_identify(.) by extension 'ignore_ament_install'
[0.386s] Level 1:colcon.colcon_core.package_identification:_identify(.) by extensions ['colcon_pkg']
[0.386s] Level 1:colcon.colcon_core.package_identification:_identify(.) by extension 'colcon_pkg'
[0.386s] Level 1:colcon.colcon_core.package_identification:_identify(.) by extensions ['colcon_meta']
[0.386s] Level 1:colcon.colcon_core.package_identification:_identify(.) by extension 'colcon_meta'
[0.386s] Level 1:colcon.colcon_core.package_identification:_identify(.) by extensions ['ros']
[0.386s] Level 1:colcon.colcon_core.package_identification:_identify(.) by extension 'ros'
[0.417s] Level 1:colcon.colcon_core.package_identification:_identify(.) by extensions ['cmake', 'python']
[0.417s] Level 1:colcon.colcon_core.package_identification:_identify(.) by extension 'cmake'
[0.417s] Level 1:colcon.colcon_core.package_identification:_identify(.) by extension 'python'
[0.417s] Level 1:colcon.colcon_core.package_identification:_identify(.) by extensions ['python_setup_py']
[0.417s] Level 1:colcon.colcon_core.package_identification:_identify(.) by extension 'python_setup_py'
[0.418s] Level 1:colcon.colcon_core.package_identification:_identify(build) by extensions ['ignore', 'ignore_ament_install']
[0.418s] Level 1:colcon.colcon_core.package_identification:_identify(build) by extension 'ignore'
[0.418s] Level 1:colcon.colcon_core.package_identification:_identify(build) ignored
[0.418s] Level 1:colcon.colcon_core.package_identification:_identify(install) by extensions ['ignore', 'ignore_ament_install']
[0.418s] Level 1:colcon.colcon_core.package_identification:_identify(install) by extension 'ignore'
[0.418s] Level 1:colcon.colcon_core.package_identification:_identify(install) ignored
[0.418s] Level 1:colcon.colcon_core.package_identification:_identify(log) by extensions ['ignore', 'ignore_ament_install']
[0.418s] Level 1:colcon.colcon_core.package_identification:_identify(log) by extension 'ignore'
[0.419s] Level 1:colcon.colcon_core.package_identification:_identify(log) ignored
[0.419s] Level 1:colcon.colcon_core.package_identification:_identify(src) by extensions ['ignore', 'ignore_ament_install']
[0.419s] Level 1:colcon.colcon_core.package_identification:_identify(src) by extension 'ignore'
[0.419s] Level 1:colcon.colcon_core.package_identification:_identify(src) by extension 'ignore_ament_install'
[0.419s] Level 1:colcon.colcon_core.package_identification:_identify(src) by extensions ['colcon_pkg']
[0.419s] Level 1:colcon.colcon_core.package_identification:_identify(src) by extension 'colcon_pkg'
[0.419s] Level 1:colcon.colcon_core.package_identification:_identify(src) by extensions ['colcon_meta']
[0.419s] Level 1:colcon.colcon_core.package_identification:_identify(src) by extension 'colcon_meta'
[0.419s] Level 1:colcon.colcon_core.package_identification:_identify(src) by extensions ['ros']
[0.419s] Level 1:colcon.colcon_core.package_identification:_identify(src) by extension 'ros'
[0.419s] Level 1:colcon.colcon_core.package_identification:_identify(src) by extensions ['cmake', 'python']
[0.419s] Level 1:colcon.colcon_core.package_identification:_identify(src) by extension 'cmake'
[0.420s] Level 1:colcon.colcon_core.package_identification:_identify(src) by extension 'python'
[0.420s] Level 1:colcon.colcon_core.package_identification:_identify(src) by extensions ['python_setup_py']
[0.420s] Level 1:colcon.colcon_core.package_identification:_identify(src) by extension 'python_setup_py'
[0.420s] Level 1:colcon.colcon_core.package_identification:_identify(src/robprakt) by extensions ['ignore', 'ignore_ament_install']
[0.420s] Level 1:colcon.colcon_core.package_identification:_identify(src/robprakt) by extension 'ignore'
[0.420s] Level 1:colcon.colcon_core.package_identification:_identify(src/robprakt) by extension 'ignore_ament_install'
[0.420s] Level 1:colcon.colcon_core.package_identification:_identify(src/robprakt) by extensions ['colcon_pkg']
[0.420s] Level 1:colcon.colcon_core.package_identification:_identify(src/robprakt) by extension 'colcon_pkg'
[0.420s] Level 1:colcon.colcon_core.package_identification:_identify(src/robprakt) by extensions ['colcon_meta']
[0.420s] Level 1:colcon.colcon_core.package_identification:_identify(src/robprakt) by extension 'colcon_meta'
[0.420s] Level 1:colcon.colcon_core.package_identification:_identify(src/robprakt) by extensions ['ros']
[0.420s] Level 1:colcon.colcon_core.package_identification:_identify(src/robprakt) by extension 'ros'
[0.425s] DEBUG:colcon.colcon_core.package_identification:Package 'src/robprakt' with type 'ros.ament_python' and name 'robprakt'
[0.425s] Level 1:colcon.colcon_core.package_identification:_identify(src/robprakt_interfaces) by extensions ['ignore', 'ignore_ament_install']
[0.425s] Level 1:colcon.colcon_core.package_identification:_identify(src/robprakt_interfaces) by extension 'ignore'
[0.425s] Level 1:colcon.colcon_core.package_identification:_identify(src/robprakt_interfaces) by extension 'ignore_ament_install'
[0.425s] Level 1:colcon.colcon_core.package_identification:_identify(src/robprakt_interfaces) by extensions ['colcon_pkg']
[0.425s] Level 1:colcon.colcon_core.package_identification:_identify(src/robprakt_interfaces) by extension 'colcon_pkg'
[0.425s] Level 1:colcon.colcon_core.package_identification:_identify(src/robprakt_interfaces) by extensions ['colcon_meta']
[0.425s] Level 1:colcon.colcon_core.package_identification:_identify(src/robprakt_interfaces) by extension 'colcon_meta'
[0.425s] Level 1:colcon.colcon_core.package_identification:_identify(src/robprakt_interfaces) by extensions ['ros']
[0.426s] Level 1:colcon.colcon_core.package_identification:_identify(src/robprakt_interfaces) by extension 'ros'
[0.426s] DEBUG:colcon.colcon_core.package_identification:Package 'src/robprakt_interfaces' with type 'ros.ament_cmake' and name 'robprakt_interfaces'
[0.427s] Level 1:colcon.colcon_core.package_identification:_identify(src/vrpn-release) by extensions ['ignore', 'ignore_ament_install']
[0.427s] Level 1:colcon.colcon_core.package_identification:_identify(src/vrpn-release) by extension 'ignore'
[0.427s] Level 1:colcon.colcon_core.package_identification:_identify(src/vrpn-release) by extension 'ignore_ament_install'
[0.427s] Level 1:colcon.colcon_core.package_identification:_identify(src/vrpn-release) by extensions ['colcon_pkg']
[0.428s] Level 1:colcon.colcon_core.package_identification:_identify(src/vrpn-release) by extension 'colcon_pkg'
[0.428s] Level 1:colcon.colcon_core.package_identification:_identify(src/vrpn-release) by extensions ['colcon_meta']
[0.428s] Level 1:colcon.colcon_core.package_identification:_identify(src/vrpn-release) by extension 'colcon_meta'
[0.428s] Level 1:colcon.colcon_core.package_identification:_identify(src/vrpn-release) by extensions ['ros']
[0.428s] Level 1:colcon.colcon_core.package_identification:_identify(src/vrpn-release) by extension 'ros'
[0.429s] DEBUG:colcon.colcon_core.package_identification:Package 'src/vrpn-release' with type 'ros.cmake' and name 'vrpn'
[0.429s] Level 1:colcon.colcon_core.package_identification:_identify(src/vrpn_client_ros2) by extensions ['ignore', 'ignore_ament_install']
[0.429s] Level 1:colcon.colcon_core.package_identification:_identify(src/vrpn_client_ros2) by extension 'ignore'
[0.429s] Level 1:colcon.colcon_core.package_identification:_identify(src/vrpn_client_ros2) by extension 'ignore_ament_install'
[0.429s] Level 1:colcon.colcon_core.package_identification:_identify(src/vrpn_client_ros2) by extensions ['colcon_pkg']
[0.429s] Level 1:colcon.colcon_core.package_identification:_identify(src/vrpn_client_ros2) by extension 'colcon_pkg'
[0.429s] Level 1:colcon.colcon_core.package_identification:_identify(src/vrpn_client_ros2) by extensions ['colcon_meta']
[0.429s] Level 1:colcon.colcon_core.package_identification:_identify(src/vrpn_client_ros2) by extension 'colcon_meta'
[0.429s] Level 1:colcon.colcon_core.package_identification:_identify(src/vrpn_client_ros2) by extensions ['ros']
[0.429s] Level 1:colcon.colcon_core.package_identification:_identify(src/vrpn_client_ros2) by extension 'ros'
[0.431s] DEBUG:colcon.colcon_core.package_identification:Package 'src/vrpn_client_ros2' with type 'ros.ament_cmake' and name 'vrpn_client_ros'
[0.431s] Level 1:colcon.colcon_core.package_discovery:discover_packages(recursive) using defaults
[0.431s] Level 1:colcon.colcon_core.package_discovery:discover_packages(ignore) discover
[0.431s] Level 1:colcon.colcon_core.package_discovery:discover_packages(ignore) using defaults
[0.431s] Level 1:colcon.colcon_core.package_discovery:discover_packages(path) discover
[0.431s] Level 1:colcon.colcon_core.package_discovery:discover_packages(path) using defaults
[0.470s] Level 1:colcon.colcon_core.package_discovery:discover_packages(prefix_path) check parameters
[0.470s] Level 1:colcon.colcon_core.package_discovery:discover_packages(prefix_path) discover
[0.474s] DEBUG:colcon.colcon_installed_package_information.package_discovery:Found 4 installed packages in /home/rob/praktikum_ws/install
[0.478s] DEBUG:colcon.colcon_installed_package_information.package_discovery:Found 329 installed packages in /opt/ros/galactic
[0.483s] Level 1:colcon.colcon_core.package_discovery:discover_packages(prefix_path) using defaults
[0.652s] Level 5:colcon.colcon_core.verb:set package 'robprakt_interfaces' build argument 'cmake_args' from command line to 'None'
[0.652s] Level 5:colcon.colcon_core.verb:set package 'robprakt_interfaces' build argument 'cmake_target' from command line to 'None'
[0.652s] Level 5:colcon.colcon_core.verb:set package 'robprakt_interfaces' build argument 'cmake_target_skip_unavailable' from command line to 'False'
[0.652s] Level 5:colcon.colcon_core.verb:set package 'robprakt_interfaces' build argument 'cmake_clean_cache' from command line to 'False'
[0.652s] Level 5:colcon.colcon_core.verb:set package 'robprakt_interfaces' build argument 'cmake_clean_first' from command line to 'False'
[0.652s] Level 5:colcon.colcon_core.verb:set package 'robprakt_interfaces' build argument 'cmake_force_configure' from command line to 'False'
[0.652s] Level 5:colcon.colcon_core.verb:set package 'robprakt_interfaces' build argument 'ament_cmake_args' from command line to 'None'
[0.652s] Level 5:colcon.colcon_core.verb:set package 'robprakt_interfaces' build argument 'catkin_cmake_args' from command line to 'None'
[0.652s] Level 5:colcon.colcon_core.verb:set package 'robprakt_interfaces' build argument 'catkin_skip_building_tests' from command line to 'False'
[0.652s] DEBUG:colcon.colcon_core.verb:Building package 'robprakt_interfaces' with the following arguments: {'ament_cmake_args': None, 'build_base': '/home/rob/praktikum_ws/build/robprakt_interfaces', 'catkin_cmake_args': None, 'catkin_skip_building_tests': False, 'cmake_args': None, 'cmake_clean_cache': False, 'cmake_clean_first': False, 'cmake_force_configure': False, 'cmake_target': None, 'cmake_target_skip_unavailable': False, 'install_base': '/home/rob/praktikum_ws/install/robprakt_interfaces', 'merge_install': False, 'path': '/home/rob/praktikum_ws/src/robprakt_interfaces', 'symlink_install': False, 'test_result_base': None}
[0.655s] Level 5:colcon.colcon_core.verb:set package 'vrpn' build argument 'cmake_args' from command line to 'None'
[0.655s] Level 5:colcon.colcon_core.verb:set package 'vrpn' build argument 'cmake_target' from command line to 'None'
[0.655s] Level 5:colcon.colcon_core.verb:set package 'vrpn' build argument 'cmake_target_skip_unavailable' from command line to 'False'
[0.655s] Level 5:colcon.colcon_core.verb:set package 'vrpn' build argument 'cmake_clean_cache' from command line to 'False'
[0.655s] Level 5:colcon.colcon_core.verb:set package 'vrpn' build argument 'cmake_clean_first' from command line to 'False'
[0.655s] Level 5:colcon.colcon_core.verb:set package 'vrpn' build argument 'cmake_force_configure' from command line to 'False'
[0.655s] Level 5:colcon.colcon_core.verb:set package 'vrpn' build argument 'ament_cmake_args' from command line to 'None'
[0.656s] Level 5:colcon.colcon_core.verb:set package 'vrpn' build argument 'catkin_cmake_args' from command line to 'None'
[0.656s] Level 5:colcon.colcon_core.verb:set package 'vrpn' build argument 'catkin_skip_building_tests' from command line to 'False'
[0.656s] DEBUG:colcon.colcon_core.verb:Building package 'vrpn' with the following arguments: {'ament_cmake_args': None, 'build_base': '/home/rob/praktikum_ws/build/vrpn', 'catkin_cmake_args': None, 'catkin_skip_building_tests': False, 'cmake_args': None, 'cmake_clean_cache': False, 'cmake_clean_first': False, 'cmake_force_configure': False, 'cmake_target': None, 'cmake_target_skip_unavailable': False, 'install_base': '/home/rob/praktikum_ws/install/vrpn', 'merge_install': False, 'path': '/home/rob/praktikum_ws/src/vrpn-release', 'symlink_install': False, 'test_result_base': None}
[0.659s] Level 5:colcon.colcon_core.verb:set package 'vrpn_client_ros' build argument 'cmake_args' from command line to 'None'
[0.659s] Level 5:colcon.colcon_core.verb:set package 'vrpn_client_ros' build argument 'cmake_target' from command line to 'None'
[0.659s] Level 5:colcon.colcon_core.verb:set package 'vrpn_client_ros' build argument 'cmake_target_skip_unavailable' from command line to 'False'
[0.659s] Level 5:colcon.colcon_core.verb:set package 'vrpn_client_ros' build argument 'cmake_clean_cache' from command line to 'False'
[0.659s] Level 5:colcon.colcon_core.verb:set package 'vrpn_client_ros' build argument 'cmake_clean_first' from command line to 'False'
[0.659s] Level 5:colcon.colcon_core.verb:set package 'vrpn_client_ros' build argument 'cmake_force_configure' from command line to 'False'
[0.659s] Level 5:colcon.colcon_core.verb:set package 'vrpn_client_ros' build argument 'ament_cmake_args' from command line to 'None'
[0.659s] Level 5:colcon.colcon_core.verb:set package 'vrpn_client_ros' build argument 'catkin_cmake_args' from command line to 'None'
[0.659s] Level 5:colcon.colcon_core.verb:set package 'vrpn_client_ros' build argument 'catkin_skip_building_tests' from command line to 'False'
[0.659s] DEBUG:colcon.colcon_core.verb:Building package 'vrpn_client_ros' with the following arguments: {'ament_cmake_args': None, 'build_base': '/home/rob/praktikum_ws/build/vrpn_client_ros', 'catkin_cmake_args': None, 'catkin_skip_building_tests': False, 'cmake_args': None, 'cmake_clean_cache': False, 'cmake_clean_first': False, 'cmake_force_configure': False, 'cmake_target': None, 'cmake_target_skip_unavailable': False, 'install_base': '/home/rob/praktikum_ws/install/vrpn_client_ros', 'merge_install': False, 'path': '/home/rob/praktikum_ws/src/vrpn_client_ros2', 'symlink_install': False, 'test_result_base': None}
[0.662s] Level 5:colcon.colcon_core.verb:set package 'robprakt' build argument 'cmake_args' from command line to 'None'
[0.662s] Level 5:colcon.colcon_core.verb:set package 'robprakt' build argument 'cmake_target' from command line to 'None'
[0.662s] Level 5:colcon.colcon_core.verb:set package 'robprakt' build argument 'cmake_target_skip_unavailable' from command line to 'False'
[0.663s] Level 5:colcon.colcon_core.verb:set package 'robprakt' build argument 'cmake_clean_cache' from command line to 'False'
[0.663s] Level 5:colcon.colcon_core.verb:set package 'robprakt' build argument 'cmake_clean_first' from command line to 'False'
[0.663s] Level 5:colcon.colcon_core.verb:set package 'robprakt' build argument 'cmake_force_configure' from command line to 'False'
[0.663s] Level 5:colcon.colcon_core.verb:set package 'robprakt' build argument 'ament_cmake_args' from command line to 'None'
[0.663s] Level 5:colcon.colcon_core.verb:set package 'robprakt' build argument 'catkin_cmake_args' from command line to 'None'
[0.663s] Level 5:colcon.colcon_core.verb:set package 'robprakt' build argument 'catkin_skip_building_tests' from command line to 'False'
[0.663s] DEBUG:colcon.colcon_core.verb:Building package 'robprakt' with the following arguments: {'ament_cmake_args': None, 'build_base': '/home/rob/praktikum_ws/build/robprakt', 'catkin_cmake_args': None, 'catkin_skip_building_tests': False, 'cmake_args': None, 'cmake_clean_cache': False, 'cmake_clean_first': False, 'cmake_force_configure': False, 'cmake_target': None, 'cmake_target_skip_unavailable': False, 'install_base': '/home/rob/praktikum_ws/install/robprakt', 'merge_install': False, 'path': '/home/rob/praktikum_ws/src/robprakt', 'symlink_install': False, 'test_result_base': None}
[0.665s] INFO:colcon.colcon_core.executor:Executing jobs using 'parallel' executor
[0.677s] DEBUG:colcon.colcon_parallel_executor.executor.parallel:run_until_complete
[0.677s] INFO:colcon.colcon_ros.task.ament_cmake.build:Building ROS package in '/home/rob/praktikum_ws/src/robprakt_interfaces' with build type 'ament_cmake'
[0.677s] INFO:colcon.colcon_cmake.task.cmake.build:Building CMake package in '/home/rob/praktikum_ws/src/robprakt_interfaces'
[0.686s] INFO:colcon.colcon_core.plugin_system:Skipping extension 'colcon_core.shell.bat': Not used on non-Windows systems
[0.687s] INFO:colcon.colcon_core.shell:Skip shell extension 'powershell' for command environment: Not usable outside of PowerShell
[0.687s] DEBUG:colcon.colcon_core.shell:Skip shell extension 'dsv' for command environment
[0.723s] DEBUG:colcon.colcon_core.event_handler.log_command:Invoking command in '/home/rob/praktikum_ws/build/robprakt_interfaces': CMAKE_PREFIX_PATH=${CMAKE_PREFIX_PATH}:/home/rob/praktikum_ws/install/robprakt:/opt/ros/galactic /usr/bin/cmake --build /home/rob/praktikum_ws/build/robprakt_interfaces -- -j1 -l1
[1.207s] DEBUG:colcon.colcon_core.event_handler.log_command:Invoked command in '/home/rob/praktikum_ws/build/robprakt_interfaces' returned '0': CMAKE_PREFIX_PATH=${CMAKE_PREFIX_PATH}:/home/rob/praktikum_ws/install/robprakt:/opt/ros/galactic /usr/bin/cmake --build /home/rob/praktikum_ws/build/robprakt_interfaces -- -j1 -l1
[1.281s] DEBUG:colcon.colcon_core.event_handler.log_command:Invoking command in '/home/rob/praktikum_ws/build/robprakt_interfaces': CMAKE_PREFIX_PATH=${CMAKE_PREFIX_PATH}:/home/rob/praktikum_ws/install/robprakt:/opt/ros/galactic /usr/bin/cmake --install /home/rob/praktikum_ws/build/robprakt_interfaces
[1.376s] Level 1:colcon.colcon_core.environment:create_environment_scripts_only(robprakt_interfaces)
[1.383s] Level 1:colcon.colcon_core.environment:checking '/home/rob/praktikum_ws/install/robprakt_interfaces' for CMake module files
[1.384s] Level 1:colcon.colcon_core.environment:checking '/home/rob/praktikum_ws/install/robprakt_interfaces' for CMake config files
[1.385s] Level 1:colcon.colcon_core.shell:create_environment_hook('robprakt_interfaces', 'cmake_prefix_path')
[1.387s] INFO:colcon.colcon_core.shell:Creating environment hook '/home/rob/praktikum_ws/install/robprakt_interfaces/share/robprakt_interfaces/hook/cmake_prefix_path.ps1'
[1.388s] DEBUG:colcon.colcon_core.event_handler.log_command:Invoked command in '/home/rob/praktikum_ws/build/robprakt_interfaces' returned '0': CMAKE_PREFIX_PATH=${CMAKE_PREFIX_PATH}:/home/rob/praktikum_ws/install/robprakt:/opt/ros/galactic /usr/bin/cmake --install /home/rob/praktikum_ws/build/robprakt_interfaces
[1.389s] INFO:colcon.colcon_core.shell:Creating environment descriptor '/home/rob/praktikum_ws/install/robprakt_interfaces/share/robprakt_interfaces/hook/cmake_prefix_path.dsv'
[1.390s] INFO:colcon.colcon_core.shell:Creating environment hook '/home/rob/praktikum_ws/install/robprakt_interfaces/share/robprakt_interfaces/hook/cmake_prefix_path.sh'
[1.391s] Level 1:colcon.colcon_core.environment:checking '/home/rob/praktikum_ws/install/robprakt_interfaces/lib'
[1.391s] Level 1:colcon.colcon_core.shell:create_environment_hook('robprakt_interfaces', 'ld_library_path_lib')
[1.393s] INFO:colcon.colcon_core.shell:Creating environment hook '/home/rob/praktikum_ws/install/robprakt_interfaces/share/robprakt_interfaces/hook/ld_library_path_lib.ps1'
[1.394s] INFO:colcon.colcon_core.shell:Creating environment descriptor '/home/rob/praktikum_ws/install/robprakt_interfaces/share/robprakt_interfaces/hook/ld_library_path_lib.dsv'
[1.394s] INFO:colcon.colcon_core.shell:Creating environment hook '/home/rob/praktikum_ws/install/robprakt_interfaces/share/robprakt_interfaces/hook/ld_library_path_lib.sh'
[1.395s] Level 1:colcon.colcon_core.environment:checking '/home/rob/praktikum_ws/install/robprakt_interfaces/bin'
[1.395s] Level 1:colcon.colcon_core.environment:checking '/home/rob/praktikum_ws/install/robprakt_interfaces/lib/pkgconfig/robprakt_interfaces.pc'
[1.395s] Level 1:colcon.colcon_core.environment:checking '/home/rob/praktikum_ws/install/robprakt_interfaces/lib/python3.8/site-packages'
[1.396s] Level 1:colcon.colcon_core.shell:create_environment_hook('robprakt_interfaces', 'pythonpath')
[1.399s] INFO:colcon.colcon_core.shell:Creating environment hook '/home/rob/praktikum_ws/install/robprakt_interfaces/share/robprakt_interfaces/hook/pythonpath.ps1'
[1.400s] INFO:colcon.colcon_core.shell:Creating environment descriptor '/home/rob/praktikum_ws/install/robprakt_interfaces/share/robprakt_interfaces/hook/pythonpath.dsv'
[1.400s] INFO:colcon.colcon_core.shell:Creating environment hook '/home/rob/praktikum_ws/install/robprakt_interfaces/share/robprakt_interfaces/hook/pythonpath.sh'
[1.401s] Level 1:colcon.colcon_core.environment:checking '/home/rob/praktikum_ws/install/robprakt_interfaces/bin'
[1.404s] INFO:colcon.colcon_core.shell:Creating package script '/home/rob/praktikum_ws/install/robprakt_interfaces/share/robprakt_interfaces/package.ps1'
[1.405s] INFO:colcon.colcon_core.shell:Creating package descriptor '/home/rob/praktikum_ws/install/robprakt_interfaces/share/robprakt_interfaces/package.dsv'
[1.406s] INFO:colcon.colcon_core.shell:Creating package script '/home/rob/praktikum_ws/install/robprakt_interfaces/share/robprakt_interfaces/package.sh'
[1.407s] INFO:colcon.colcon_core.shell:Creating package script '/home/rob/praktikum_ws/install/robprakt_interfaces/share/robprakt_interfaces/package.bash'
[1.409s] INFO:colcon.colcon_core.shell:Creating package script '/home/rob/praktikum_ws/install/robprakt_interfaces/share/robprakt_interfaces/package.zsh'
[1.410s] Level 1:colcon.colcon_core.environment:create_file_with_runtime_dependencies(/home/rob/praktikum_ws/install/robprakt_interfaces/share/colcon-core/packages/robprakt_interfaces)
[1.476s] Level 1:colcon.colcon_core.environment:create_environment_scripts_only(robprakt_interfaces)
[1.481s] Level 1:colcon.colcon_core.environment:checking '/home/rob/praktikum_ws/install/robprakt_interfaces' for CMake module files
[1.482s] Level 1:colcon.colcon_core.environment:checking '/home/rob/praktikum_ws/install/robprakt_interfaces' for CMake config files
[1.483s] Level 1:colcon.colcon_core.shell:create_environment_hook('robprakt_interfaces', 'cmake_prefix_path')
[1.485s] INFO:colcon.colcon_core.shell:Creating environment hook '/home/rob/praktikum_ws/install/robprakt_interfaces/share/robprakt_interfaces/hook/cmake_prefix_path.ps1'
[1.486s] INFO:colcon.colcon_core.shell:Creating environment descriptor '/home/rob/praktikum_ws/install/robprakt_interfaces/share/robprakt_interfaces/hook/cmake_prefix_path.dsv'
[1.487s] INFO:colcon.colcon_core.shell:Creating environment hook '/home/rob/praktikum_ws/install/robprakt_interfaces/share/robprakt_interfaces/hook/cmake_prefix_path.sh'
[1.487s] Level 1:colcon.colcon_core.environment:checking '/home/rob/praktikum_ws/install/robprakt_interfaces/lib'
[1.487s] Level 1:colcon.colcon_core.shell:create_environment_hook('robprakt_interfaces', 'ld_library_path_lib')
[1.490s] INFO:colcon.colcon_core.shell:Creating environment hook '/home/rob/praktikum_ws/install/robprakt_interfaces/share/robprakt_interfaces/hook/ld_library_path_lib.ps1'
[1.490s] INFO:colcon.colcon_core.shell:Creating environment descriptor '/home/rob/praktikum_ws/install/robprakt_interfaces/share/robprakt_interfaces/hook/ld_library_path_lib.dsv'
[1.491s] INFO:colcon.colcon_core.shell:Creating environment hook '/home/rob/praktikum_ws/install/robprakt_interfaces/share/robprakt_interfaces/hook/ld_library_path_lib.sh'
[1.491s] Level 1:colcon.colcon_core.environment:checking '/home/rob/praktikum_ws/install/robprakt_interfaces/bin'
[1.491s] Level 1:colcon.colcon_core.environment:checking '/home/rob/praktikum_ws/install/robprakt_interfaces/lib/pkgconfig/robprakt_interfaces.pc'
[1.492s] Level 1:colcon.colcon_core.environment:checking '/home/rob/praktikum_ws/install/robprakt_interfaces/lib/python3.8/site-packages'
[1.492s] Level 1:colcon.colcon_core.shell:create_environment_hook('robprakt_interfaces', 'pythonpath')
[1.494s] INFO:colcon.colcon_core.shell:Creating environment hook '/home/rob/praktikum_ws/install/robprakt_interfaces/share/robprakt_interfaces/hook/pythonpath.ps1'
[1.495s] INFO:colcon.colcon_core.shell:Creating environment descriptor '/home/rob/praktikum_ws/install/robprakt_interfaces/share/robprakt_interfaces/hook/pythonpath.dsv'
[1.496s] INFO:colcon.colcon_core.shell:Creating environment hook '/home/rob/praktikum_ws/install/robprakt_interfaces/share/robprakt_interfaces/hook/pythonpath.sh'
[1.496s] Level 1:colcon.colcon_core.environment:checking '/home/rob/praktikum_ws/install/robprakt_interfaces/bin'
[1.500s] INFO:colcon.colcon_core.shell:Creating package script '/home/rob/praktikum_ws/install/robprakt_interfaces/share/robprakt_interfaces/package.ps1'
[1.500s] INFO:colcon.colcon_core.shell:Creating package descriptor '/home/rob/praktikum_ws/install/robprakt_interfaces/share/robprakt_interfaces/package.dsv'
[1.501s] INFO:colcon.colcon_core.shell:Creating package script '/home/rob/praktikum_ws/install/robprakt_interfaces/share/robprakt_interfaces/package.sh'
[1.502s] INFO:colcon.colcon_core.shell:Creating package script '/home/rob/praktikum_ws/install/robprakt_interfaces/share/robprakt_interfaces/package.bash'
[1.503s] INFO:colcon.colcon_core.shell:Creating package script '/home/rob/praktikum_ws/install/robprakt_interfaces/share/robprakt_interfaces/package.zsh'
[1.503s] Level 1:colcon.colcon_core.environment:create_file_with_runtime_dependencies(/home/rob/praktikum_ws/install/robprakt_interfaces/share/colcon-core/packages/robprakt_interfaces)
[1.504s] INFO:colcon.colcon_ros.task.cmake.build:Building ROS package in '/home/rob/praktikum_ws/src/vrpn-release' with build type 'cmake'
[1.504s] INFO:colcon.colcon_cmake.task.cmake.build:Building CMake package in '/home/rob/praktikum_ws/src/vrpn-release'
[1.507s] INFO:colcon.colcon_core.shell:Skip shell extension 'powershell' for command environment: Not usable outside of PowerShell
[1.507s] DEBUG:colcon.colcon_core.shell:Skip shell extension 'dsv' for command environment
[1.532s] DEBUG:colcon.colcon_core.event_handler.log_command:Invoking command in '/home/rob/praktikum_ws/build/vrpn': CMAKE_PREFIX_PATH=${CMAKE_PREFIX_PATH}:/home/rob/praktikum_ws/install/robprakt:/opt/ros/galactic /usr/bin/cmake --build /home/rob/praktikum_ws/build/vrpn -- -j1 -l1
[2.006s] DEBUG:colcon.colcon_core.event_handler.log_command:Invoked command in '/home/rob/praktikum_ws/build/vrpn' returned '0': CMAKE_PREFIX_PATH=${CMAKE_PREFIX_PATH}:/home/rob/praktikum_ws/install/robprakt:/opt/ros/galactic /usr/bin/cmake --build /home/rob/praktikum_ws/build/vrpn -- -j1 -l1
[2.361s] DEBUG:colcon.colcon_core.event_handler.log_command:Invoking command in '/home/rob/praktikum_ws/build/vrpn': CMAKE_PREFIX_PATH=${CMAKE_PREFIX_PATH}:/home/rob/praktikum_ws/install/robprakt:/opt/ros/galactic /usr/bin/cmake --install /home/rob/praktikum_ws/build/vrpn
[2.418s] DEBUG:colcon.colcon_core.event_handler.log_command:Invoked command in '/home/rob/praktikum_ws/build/vrpn' returned '0': CMAKE_PREFIX_PATH=${CMAKE_PREFIX_PATH}:/home/rob/praktikum_ws/install/robprakt:/opt/ros/galactic /usr/bin/cmake --install /home/rob/praktikum_ws/build/vrpn
[2.744s] Level 1:colcon.colcon_core.shell:create_environment_hook('vrpn', 'pkg_config_path')
[2.751s] INFO:colcon.colcon_core.shell:Creating environment hook '/home/rob/praktikum_ws/install/vrpn/share/vrpn/hook/pkg_config_path.ps1'
[2.752s] INFO:colcon.colcon_core.shell:Creating environment descriptor '/home/rob/praktikum_ws/install/vrpn/share/vrpn/hook/pkg_config_path.dsv'
[2.753s] INFO:colcon.colcon_core.shell:Creating environment hook '/home/rob/praktikum_ws/install/vrpn/share/vrpn/hook/pkg_config_path.sh'
[2.757s] Level 1:colcon.colcon_core.shell:create_environment_hook('vrpn', 'pkg_config_path_multiarch')
[2.761s] INFO:colcon.colcon_core.shell:Creating environment hook '/home/rob/praktikum_ws/install/vrpn/share/vrpn/hook/pkg_config_path_multiarch.ps1'
[2.762s] INFO:colcon.colcon_core.shell:Creating environment descriptor '/home/rob/praktikum_ws/install/vrpn/share/vrpn/hook/pkg_config_path_multiarch.dsv'
[2.762s] INFO:colcon.colcon_core.shell:Creating environment hook '/home/rob/praktikum_ws/install/vrpn/share/vrpn/hook/pkg_config_path_multiarch.sh'
[2.763s] Level 1:colcon.colcon_core.environment:create_environment_scripts_only(vrpn)
[2.767s] Level 1:colcon.colcon_core.environment:checking '/home/rob/praktikum_ws/install/vrpn' for CMake module files
[2.768s] Level 1:colcon.colcon_core.environment:checking '/home/rob/praktikum_ws/install/vrpn' for CMake config files
[2.769s] Level 1:colcon.colcon_core.shell:create_environment_hook('vrpn', 'cmake_prefix_path')
[2.772s] INFO:colcon.colcon_core.shell:Creating environment hook '/home/rob/praktikum_ws/install/vrpn/share/vrpn/hook/cmake_prefix_path.ps1'
[2.772s] INFO:colcon.colcon_core.shell:Creating environment descriptor '/home/rob/praktikum_ws/install/vrpn/share/vrpn/hook/cmake_prefix_path.dsv'
[2.773s] INFO:colcon.colcon_core.shell:Creating environment hook '/home/rob/praktikum_ws/install/vrpn/share/vrpn/hook/cmake_prefix_path.sh'
[2.774s] Level 1:colcon.colcon_core.environment:checking '/home/rob/praktikum_ws/install/vrpn/lib'
[2.774s] Level 1:colcon.colcon_core.environment:checking '/home/rob/praktikum_ws/install/vrpn/bin'
[2.774s] Level 1:colcon.colcon_core.shell:create_environment_hook('vrpn', 'path')
[2.777s] INFO:colcon.colcon_core.shell:Creating environment hook '/home/rob/praktikum_ws/install/vrpn/share/vrpn/hook/path.ps1'
[2.778s] INFO:colcon.colcon_core.shell:Creating environment descriptor '/home/rob/praktikum_ws/install/vrpn/share/vrpn/hook/path.dsv'
[2.778s] INFO:colcon.colcon_core.shell:Creating environment hook '/home/rob/praktikum_ws/install/vrpn/share/vrpn/hook/path.sh'
[2.779s] Level 1:colcon.colcon_core.environment:checking '/home/rob/praktikum_ws/install/vrpn/lib/pkgconfig/vrpn.pc'
[2.779s] Level 1:colcon.colcon_core.environment:checking '/home/rob/praktikum_ws/install/vrpn/lib/python3.8/site-packages'
[2.780s] Level 1:colcon.colcon_core.environment:checking '/home/rob/praktikum_ws/install/vrpn/bin'
[2.780s] Level 1:colcon.colcon_core.shell:create_environment_hook('vrpn', 'pythonscriptspath')
[2.783s] INFO:colcon.colcon_core.shell:Creating environment hook '/home/rob/praktikum_ws/install/vrpn/share/vrpn/hook/pythonscriptspath.ps1'
[2.784s] INFO:colcon.colcon_core.shell:Creating environment descriptor '/home/rob/praktikum_ws/install/vrpn/share/vrpn/hook/pythonscriptspath.dsv'
[2.784s] INFO:colcon.colcon_core.shell:Creating environment hook '/home/rob/praktikum_ws/install/vrpn/share/vrpn/hook/pythonscriptspath.sh'
[2.788s] INFO:colcon.colcon_core.shell:Creating package script '/home/rob/praktikum_ws/install/vrpn/share/vrpn/package.ps1'
[2.789s] INFO:colcon.colcon_core.shell:Creating package descriptor '/home/rob/praktikum_ws/install/vrpn/share/vrpn/package.dsv'
[2.790s] INFO:colcon.colcon_core.shell:Creating package script '/home/rob/praktikum_ws/install/vrpn/share/vrpn/package.sh'
[2.791s] INFO:colcon.colcon_core.shell:Creating package script '/home/rob/praktikum_ws/install/vrpn/share/vrpn/package.bash'
[2.792s] INFO:colcon.colcon_core.shell:Creating package script '/home/rob/praktikum_ws/install/vrpn/share/vrpn/package.zsh'
[2.792s] Level 1:colcon.colcon_core.environment:create_file_with_runtime_dependencies(/home/rob/praktikum_ws/install/vrpn/share/colcon-core/packages/vrpn)
[2.794s] INFO:colcon.colcon_ros.task.ament_cmake.build:Building ROS package in '/home/rob/praktikum_ws/src/vrpn_client_ros2' with build type 'ament_cmake'
[2.799s] INFO:colcon.colcon_cmake.task.cmake.build:Building CMake package in '/home/rob/praktikum_ws/src/vrpn_client_ros2'
[2.801s] INFO:colcon.colcon_core.shell:Skip shell extension 'powershell' for command environment: Not usable outside of PowerShell
[2.801s] DEBUG:colcon.colcon_core.shell:Skip shell extension 'dsv' for command environment
[2.834s] DEBUG:colcon.colcon_core.event_handler.log_command:Invoking command in '/home/rob/praktikum_ws/build/vrpn_client_ros': CMAKE_PREFIX_PATH=${CMAKE_PREFIX_PATH}:/home/rob/praktikum_ws/install/robprakt:/opt/ros/galactic /usr/bin/cmake --build /home/rob/praktikum_ws/build/vrpn_client_ros -- -j1 -l1
[2.990s] DEBUG:colcon.colcon_core.event_handler.log_command:Invoked command in '/home/rob/praktikum_ws/build/vrpn_client_ros' returned '0': CMAKE_PREFIX_PATH=${CMAKE_PREFIX_PATH}:/home/rob/praktikum_ws/install/robprakt:/opt/ros/galactic /usr/bin/cmake --build /home/rob/praktikum_ws/build/vrpn_client_ros -- -j1 -l1
[3.027s] DEBUG:colcon.colcon_core.event_handler.log_command:Invoking command in '/home/rob/praktikum_ws/build/vrpn_client_ros': CMAKE_PREFIX_PATH=${CMAKE_PREFIX_PATH}:/home/rob/praktikum_ws/install/robprakt:/opt/ros/galactic /usr/bin/cmake --install /home/rob/praktikum_ws/build/vrpn_client_ros
[3.048s] Level 1:colcon.colcon_core.environment:create_environment_scripts_only(vrpn_client_ros)
[3.052s] Level 1:colcon.colcon_core.environment:checking '/home/rob/praktikum_ws/install/vrpn_client_ros' for CMake module files
[3.052s] DEBUG:colcon.colcon_core.event_handler.log_command:Invoked command in '/home/rob/praktikum_ws/build/vrpn_client_ros' returned '0': CMAKE_PREFIX_PATH=${CMAKE_PREFIX_PATH}:/home/rob/praktikum_ws/install/robprakt:/opt/ros/galactic /usr/bin/cmake --install /home/rob/praktikum_ws/build/vrpn_client_ros
[3.053s] Level 1:colcon.colcon_core.environment:checking '/home/rob/praktikum_ws/install/vrpn_client_ros' for CMake config files
[3.053s] Level 1:colcon.colcon_core.shell:create_environment_hook('vrpn_client_ros', 'cmake_prefix_path')
[3.056s] INFO:colcon.colcon_core.shell:Creating environment hook '/home/rob/praktikum_ws/install/vrpn_client_ros/share/vrpn_client_ros/hook/cmake_prefix_path.ps1'
[3.056s] INFO:colcon.colcon_core.shell:Creating environment descriptor '/home/rob/praktikum_ws/install/vrpn_client_ros/share/vrpn_client_ros/hook/cmake_prefix_path.dsv'
[3.057s] INFO:colcon.colcon_core.shell:Creating environment hook '/home/rob/praktikum_ws/install/vrpn_client_ros/share/vrpn_client_ros/hook/cmake_prefix_path.sh'
[3.058s] Level 1:colcon.colcon_core.environment:checking '/home/rob/praktikum_ws/install/vrpn_client_ros/lib'
[3.058s] Level 1:colcon.colcon_core.environment:checking '/home/rob/praktikum_ws/install/vrpn_client_ros/bin'
[3.058s] Level 1:colcon.colcon_core.environment:checking '/home/rob/praktikum_ws/install/vrpn_client_ros/lib/pkgconfig/vrpn_client_ros.pc'
[3.058s] Level 1:colcon.colcon_core.environment:checking '/home/rob/praktikum_ws/install/vrpn_client_ros/lib/python3.8/site-packages'
[3.059s] Level 1:colcon.colcon_core.environment:checking '/home/rob/praktikum_ws/install/vrpn_client_ros/bin'
[3.061s] INFO:colcon.colcon_core.shell:Creating package script '/home/rob/praktikum_ws/install/vrpn_client_ros/share/vrpn_client_ros/package.ps1'
[3.061s] INFO:colcon.colcon_core.shell:Creating package descriptor '/home/rob/praktikum_ws/install/vrpn_client_ros/share/vrpn_client_ros/package.dsv'
[3.062s] INFO:colcon.colcon_core.shell:Creating package script '/home/rob/praktikum_ws/install/vrpn_client_ros/share/vrpn_client_ros/package.sh'
[3.063s] INFO:colcon.colcon_core.shell:Creating package script '/home/rob/praktikum_ws/install/vrpn_client_ros/share/vrpn_client_ros/package.bash'
[3.063s] INFO:colcon.colcon_core.shell:Creating package script '/home/rob/praktikum_ws/install/vrpn_client_ros/share/vrpn_client_ros/package.zsh'
[3.063s] Level 1:colcon.colcon_core.environment:create_file_with_runtime_dependencies(/home/rob/praktikum_ws/install/vrpn_client_ros/share/colcon-core/packages/vrpn_client_ros)
[3.099s] Level 1:colcon.colcon_core.environment:create_environment_scripts_only(vrpn_client_ros)
[3.103s] Level 1:colcon.colcon_core.environment:checking '/home/rob/praktikum_ws/install/vrpn_client_ros' for CMake module files
[3.104s] Level 1:colcon.colcon_core.environment:checking '/home/rob/praktikum_ws/install/vrpn_client_ros' for CMake config files
[3.105s] Level 1:colcon.colcon_core.shell:create_environment_hook('vrpn_client_ros', 'cmake_prefix_path')
[3.107s] INFO:colcon.colcon_core.shell:Creating environment hook '/home/rob/praktikum_ws/install/vrpn_client_ros/share/vrpn_client_ros/hook/cmake_prefix_path.ps1'
[3.108s] INFO:colcon.colcon_core.shell:Creating environment descriptor '/home/rob/praktikum_ws/install/vrpn_client_ros/share/vrpn_client_ros/hook/cmake_prefix_path.dsv'
[3.108s] INFO:colcon.colcon_core.shell:Creating environment hook '/home/rob/praktikum_ws/install/vrpn_client_ros/share/vrpn_client_ros/hook/cmake_prefix_path.sh'
[3.109s] Level 1:colcon.colcon_core.environment:checking '/home/rob/praktikum_ws/install/vrpn_client_ros/lib'
[3.109s] Level 1:colcon.colcon_core.environment:checking '/home/rob/praktikum_ws/install/vrpn_client_ros/bin'
[3.109s] Level 1:colcon.colcon_core.environment:checking '/home/rob/praktikum_ws/install/vrpn_client_ros/lib/pkgconfig/vrpn_client_ros.pc'
[3.110s] Level 1:colcon.colcon_core.environment:checking '/home/rob/praktikum_ws/install/vrpn_client_ros/lib/python3.8/site-packages'
[3.110s] Level 1:colcon.colcon_core.environment:checking '/home/rob/praktikum_ws/install/vrpn_client_ros/bin'
[3.113s] INFO:colcon.colcon_core.shell:Creating package script '/home/rob/praktikum_ws/install/vrpn_client_ros/share/vrpn_client_ros/package.ps1'
[3.113s] INFO:colcon.colcon_core.shell:Creating package descriptor '/home/rob/praktikum_ws/install/vrpn_client_ros/share/vrpn_client_ros/package.dsv'
[3.114s] INFO:colcon.colcon_core.shell:Creating package script '/home/rob/praktikum_ws/install/vrpn_client_ros/share/vrpn_client_ros/package.sh'
[3.115s] INFO:colcon.colcon_core.shell:Creating package script '/home/rob/praktikum_ws/install/vrpn_client_ros/share/vrpn_client_ros/package.bash'
[3.116s] INFO:colcon.colcon_core.shell:Creating package script '/home/rob/praktikum_ws/install/vrpn_client_ros/share/vrpn_client_ros/package.zsh'
[3.116s] Level 1:colcon.colcon_core.environment:create_file_with_runtime_dependencies(/home/rob/praktikum_ws/install/vrpn_client_ros/share/colcon-core/packages/vrpn_client_ros)
[3.117s] INFO:colcon.colcon_ros.task.ament_python.build:Building ROS package in '/home/rob/praktikum_ws/src/robprakt' with build type 'ament_python'
[3.117s] Level 1:colcon.colcon_core.shell:create_environment_hook('robprakt', 'ament_prefix_path')
[3.120s] INFO:colcon.colcon_core.shell:Creating environment hook '/home/rob/praktikum_ws/install/robprakt/share/robprakt/hook/ament_prefix_path.ps1'
[3.120s] INFO:colcon.colcon_core.shell:Creating environment descriptor '/home/rob/praktikum_ws/install/robprakt/share/robprakt/hook/ament_prefix_path.dsv'
[3.121s] INFO:colcon.colcon_core.shell:Creating environment hook '/home/rob/praktikum_ws/install/robprakt/share/robprakt/hook/ament_prefix_path.sh'
[3.123s] INFO:colcon.colcon_core.shell:Skip shell extension 'powershell' for command environment: Not usable outside of PowerShell
[3.124s] DEBUG:colcon.colcon_core.shell:Skip shell extension 'dsv' for command environment
[3.499s] INFO:colcon.colcon_core.task.python.build:Building Python package in '/home/rob/praktikum_ws/src/robprakt'
[3.502s] INFO:colcon.colcon_core.shell:Skip shell extension 'powershell' for command environment: Not usable outside of PowerShell
[3.502s] DEBUG:colcon.colcon_core.shell:Skip shell extension 'dsv' for command environment
[4.122s] DEBUG:colcon.colcon_core.event_handler.log_command:Invoking command in '/home/rob/praktikum_ws/src/robprakt': PYTHONPATH=/home/rob/praktikum_ws/install/robprakt/lib/python3.8/site-packages:${PYTHONPATH} /usr/bin/python3 setup.py egg_info --egg-base ../../build/robprakt build --build-base /home/rob/praktikum_ws/build/robprakt/build install --prefix /home/rob/praktikum_ws/install/robprakt --record /home/rob/praktikum_ws/build/robprakt/install.log --single-version-externally-managed
[4.617s] Level 1:colcon.colcon_core.environment:checking '/home/rob/praktikum_ws/install/robprakt' for CMake module files
[4.617s] Level 1:colcon.colcon_core.environment:checking '/home/rob/praktikum_ws/install/robprakt' for CMake config files
[4.618s] Level 1:colcon.colcon_core.environment:checking '/home/rob/praktikum_ws/install/robprakt/lib'
[4.618s] Level 1:colcon.colcon_core.environment:checking '/home/rob/praktikum_ws/install/robprakt/bin'
[4.618s] Level 1:colcon.colcon_core.environment:checking '/home/rob/praktikum_ws/install/robprakt/lib/pkgconfig/robprakt.pc'
[4.619s] Level 1:colcon.colcon_core.environment:checking '/home/rob/praktikum_ws/install/robprakt/lib/python3.8/site-packages'
[4.619s] Level 1:colcon.colcon_core.shell:create_environment_hook('robprakt', 'pythonpath')
[4.621s] INFO:colcon.colcon_core.shell:Creating environment hook '/home/rob/praktikum_ws/install/robprakt/share/robprakt/hook/pythonpath.ps1'
[4.622s] DEBUG:colcon.colcon_core.event_handler.log_command:Invoked command in '/home/rob/praktikum_ws/src/robprakt' returned '0': PYTHONPATH=/home/rob/praktikum_ws/install/robprakt/lib/python3.8/site-packages:${PYTHONPATH} /usr/bin/python3 setup.py egg_info --egg-base ../../build/robprakt build --build-base /home/rob/praktikum_ws/build/robprakt/build install --prefix /home/rob/praktikum_ws/install/robprakt --record /home/rob/praktikum_ws/build/robprakt/install.log --single-version-externally-managed
[4.623s] INFO:colcon.colcon_core.shell:Creating environment descriptor '/home/rob/praktikum_ws/install/robprakt/share/robprakt/hook/pythonpath.dsv'
[4.623s] INFO:colcon.colcon_core.shell:Creating environment hook '/home/rob/praktikum_ws/install/robprakt/share/robprakt/hook/pythonpath.sh'
[4.624s] Level 1:colcon.colcon_core.environment:checking '/home/rob/praktikum_ws/install/robprakt/bin'
[4.624s] Level 1:colcon.colcon_core.environment:create_environment_scripts_only(robprakt)
[4.627s] INFO:colcon.colcon_core.shell:Creating package script '/home/rob/praktikum_ws/install/robprakt/share/robprakt/package.ps1'
[4.627s] INFO:colcon.colcon_core.shell:Creating package descriptor '/home/rob/praktikum_ws/install/robprakt/share/robprakt/package.dsv'
[4.628s] INFO:colcon.colcon_core.shell:Creating package script '/home/rob/praktikum_ws/install/robprakt/share/robprakt/package.sh'
[4.629s] INFO:colcon.colcon_core.shell:Creating package script '/home/rob/praktikum_ws/install/robprakt/share/robprakt/package.bash'
[4.629s] INFO:colcon.colcon_core.shell:Creating package script '/home/rob/praktikum_ws/install/robprakt/share/robprakt/package.zsh'
[4.629s] Level 1:colcon.colcon_core.environment:create_file_with_runtime_dependencies(/home/rob/praktikum_ws/install/robprakt/share/colcon-core/packages/robprakt)
[4.631s] DEBUG:colcon.colcon_parallel_executor.executor.parallel:closing loop
[4.631s] DEBUG:colcon.colcon_parallel_executor.executor.parallel:loop closed
[4.631s] DEBUG:colcon.colcon_parallel_executor.executor.parallel:run_until_complete finished with '0'
[4.631s] DEBUG:colcon.colcon_core.event_reactor:joining thread
[4.640s] INFO:colcon.colcon_core.plugin_system:Skipping extension 'colcon_notification.desktop_notification.terminal_notifier': Not used on non-Darwin systems
[4.640s] INFO:colcon.colcon_core.plugin_system:Skipping extension 'colcon_notification.desktop_notification.win32': Not used on non-Windows systems
[4.640s] INFO:colcon.colcon_notification.desktop_notification:Sending desktop notification using 'notify2'
[4.661s] DEBUG:colcon.colcon_core.event_reactor:joined thread
[4.664s] INFO:colcon.colcon_core.shell:Creating prefix script '/home/rob/praktikum_ws/install/local_setup.ps1'
[4.665s] INFO:colcon.colcon_core.shell:Creating prefix util module '/home/rob/praktikum_ws/install/_local_setup_util_ps1.py'
[4.672s] INFO:colcon.colcon_core.shell:Creating prefix chain script '/home/rob/praktikum_ws/install/setup.ps1'
[4.685s] INFO:colcon.colcon_core.shell:Creating prefix script '/home/rob/praktikum_ws/install/local_setup.sh'
[4.686s] INFO:colcon.colcon_core.shell:Creating prefix util module '/home/rob/praktikum_ws/install/_local_setup_util_sh.py'
[4.687s] INFO:colcon.colcon_core.shell:Creating prefix chain script '/home/rob/praktikum_ws/install/setup.sh'
[4.689s] INFO:colcon.colcon_core.shell:Creating prefix script '/home/rob/praktikum_ws/install/local_setup.bash'
[4.690s] INFO:colcon.colcon_core.shell:Creating prefix chain script '/home/rob/praktikum_ws/install/setup.bash'
[4.692s] INFO:colcon.colcon_core.shell:Creating prefix script '/home/rob/praktikum_ws/install/local_setup.zsh'
[4.693s] INFO:colcon.colcon_core.shell:Creating prefix chain script '/home/rob/praktikum_ws/install/setup.zsh'
