[0.113s] DEBUG:colcon:Command line arguments: ['/usr/bin/colcon', 'build', '--symlink-install']
[0.113s] DEBUG:colcon:Parsed command line arguments: Namespace(allow_overriding=[], ament_cmake_args=None, base_paths=['.'], build_base='build', catkin_cmake_args=None, catkin_skip_building_tests=False, cmake_args=None, cmake_clean_cache=False, cmake_clean_first=False, cmake_force_configure=False, cmake_target=None, cmake_target_skip_unavailable=False, continue_on_error=False, event_handlers=None, executor='parallel', ignore_user_meta=False, install_base='install', log_base=None, log_level=None, main=<bound method BuildVerb.main of <colcon_core.verb.build.BuildVerb object at 0x7fc3642adb80>>, merge_install=False, metas=['./colcon.meta'], mixin=None, mixin_files=None, mixin_verb=('build',), packages_above=None, packages_above_and_dependencies=None, packages_above_depth=None, packages_end=None, packages_ignore=None, packages_ignore_regex=None, packages_select=None, packages_select_build_failed=False, packages_select_by_dep=None, packages_select_regex=None, packages_select_test_failures=False, packages_skip=None, packages_skip_build_finished=False, packages_skip_by_dep=None, packages_skip_regex=None, packages_skip_test_passed=False, packages_skip_up_to=None, packages_start=None, packages_up_to=None, packages_up_to_regex=None, parallel_workers=12, paths=None, symlink_install=True, test_result_base=None, verb_extension=<colcon_core.verb.build.BuildVerb object at 0x7fc3642adb80>, verb_name='build', verb_parser=<colcon_mixin.mixin.mixin_argument.MixinArgumentDecorator object at 0x7fc364239190>)
[0.129s] Level 1:colcon.colcon_core.package_discovery:discover_packages(colcon_meta) check parameters
[0.129s] Level 1:colcon.colcon_core.package_discovery:discover_packages(recursive) check parameters
[0.129s] Level 1:colcon.colcon_core.package_discovery:discover_packages(ignore) check parameters
[0.129s] Level 1:colcon.colcon_core.package_discovery:discover_packages(path) check parameters
[0.129s] Level 1:colcon.colcon_core.package_discovery:discover_packages(colcon_meta) discover
[0.129s] Level 1:colcon.colcon_core.package_discovery:discover_packages(recursive) discover
[0.129s] INFO:colcon.colcon_core.package_discovery:Crawling recursively for packages in '/home/praktikum4/praktikum_ws'
[0.129s] Level 1:colcon.colcon_core.package_identification:_identify(.) by extensions ['ignore', 'ignore_ament_install']
[0.130s] Level 1:colcon.colcon_core.package_identification:_identify(.) by extension 'ignore'
[0.130s] Level 1:colcon.colcon_core.package_identification:_identify(.) by extension 'ignore_ament_install'
[0.130s] Level 1:colcon.colcon_core.package_identification:_identify(.) by extensions ['colcon_pkg']
[0.130s] Level 1:colcon.colcon_core.package_identification:_identify(.) by extension 'colcon_pkg'
[0.130s] Level 1:colcon.colcon_core.package_identification:_identify(.) by extensions ['colcon_meta']
[0.130s] Level 1:colcon.colcon_core.package_identification:_identify(.) by extension 'colcon_meta'
[0.130s] Level 1:colcon.colcon_core.package_identification:_identify(.) by extensions ['ros']
[0.130s] Level 1:colcon.colcon_core.package_identification:_identify(.) by extension 'ros'
[0.142s] Level 1:colcon.colcon_core.package_identification:_identify(.) by extensions ['cmake', 'python']
[0.142s] Level 1:colcon.colcon_core.package_identification:_identify(.) by extension 'cmake'
[0.142s] Level 1:colcon.colcon_core.package_identification:_identify(.) by extension 'python'
[0.142s] Level 1:colcon.colcon_core.package_identification:_identify(.) by extensions ['python_setup_py']
[0.142s] Level 1:colcon.colcon_core.package_identification:_identify(.) by extension 'python_setup_py'
[0.142s] Level 1:colcon.colcon_core.package_identification:_identify(build) by extensions ['ignore', 'ignore_ament_install']
[0.142s] Level 1:colcon.colcon_core.package_identification:_identify(build) by extension 'ignore'
[0.142s] Level 1:colcon.colcon_core.package_identification:_identify(build) ignored
[0.142s] Level 1:colcon.colcon_core.package_identification:_identify(install) by extensions ['ignore', 'ignore_ament_install']
[0.142s] Level 1:colcon.colcon_core.package_identification:_identify(install) by extension 'ignore'
[0.142s] Level 1:colcon.colcon_core.package_identification:_identify(install) ignored
[0.142s] Level 1:colcon.colcon_core.package_identification:_identify(log) by extensions ['ignore', 'ignore_ament_install']
[0.142s] Level 1:colcon.colcon_core.package_identification:_identify(log) by extension 'ignore'
[0.142s] Level 1:colcon.colcon_core.package_identification:_identify(log) ignored
[0.142s] Level 1:colcon.colcon_core.package_identification:_identify(src) by extensions ['ignore', 'ignore_ament_install']
[0.143s] Level 1:colcon.colcon_core.package_identification:_identify(src) by extension 'ignore'
[0.143s] Level 1:colcon.colcon_core.package_identification:_identify(src) by extension 'ignore_ament_install'
[0.143s] Level 1:colcon.colcon_core.package_identification:_identify(src) by extensions ['colcon_pkg']
[0.143s] Level 1:colcon.colcon_core.package_identification:_identify(src) by extension 'colcon_pkg'
[0.143s] Level 1:colcon.colcon_core.package_identification:_identify(src) by extensions ['colcon_meta']
[0.143s] Level 1:colcon.colcon_core.package_identification:_identify(src) by extension 'colcon_meta'
[0.143s] Level 1:colcon.colcon_core.package_identification:_identify(src) by extensions ['ros']
[0.143s] Level 1:colcon.colcon_core.package_identification:_identify(src) by extension 'ros'
[0.143s] Level 1:colcon.colcon_core.package_identification:_identify(src) by extensions ['cmake', 'python']
[0.143s] Level 1:colcon.colcon_core.package_identification:_identify(src) by extension 'cmake'
[0.143s] Level 1:colcon.colcon_core.package_identification:_identify(src) by extension 'python'
[0.143s] Level 1:colcon.colcon_core.package_identification:_identify(src) by extensions ['python_setup_py']
[0.143s] Level 1:colcon.colcon_core.package_identification:_identify(src) by extension 'python_setup_py'
[0.143s] Level 1:colcon.colcon_core.package_identification:_identify(src/pymoveit2) by extensions ['ignore', 'ignore_ament_install']
[0.143s] Level 1:colcon.colcon_core.package_identification:_identify(src/pymoveit2) by extension 'ignore'
[0.143s] Level 1:colcon.colcon_core.package_identification:_identify(src/pymoveit2) by extension 'ignore_ament_install'
[0.143s] Level 1:colcon.colcon_core.package_identification:_identify(src/pymoveit2) by extensions ['colcon_pkg']
[0.143s] Level 1:colcon.colcon_core.package_identification:_identify(src/pymoveit2) by extension 'colcon_pkg'
[0.143s] Level 1:colcon.colcon_core.package_identification:_identify(src/pymoveit2) by extensions ['colcon_meta']
[0.143s] Level 1:colcon.colcon_core.package_identification:_identify(src/pymoveit2) by extension 'colcon_meta'
[0.143s] Level 1:colcon.colcon_core.package_identification:_identify(src/pymoveit2) by extensions ['ros']
[0.143s] Level 1:colcon.colcon_core.package_identification:_identify(src/pymoveit2) by extension 'ros'
[0.145s] DEBUG:colcon.colcon_core.package_identification:Package 'src/pymoveit2' with type 'ros.ament_cmake' and name 'pymoveit2'
[0.145s] Level 1:colcon.colcon_core.package_identification:_identify(src/robprakt) by extensions ['ignore', 'ignore_ament_install']
[0.145s] Level 1:colcon.colcon_core.package_identification:_identify(src/robprakt) by extension 'ignore'
[0.145s] Level 1:colcon.colcon_core.package_identification:_identify(src/robprakt) by extension 'ignore_ament_install'
[0.145s] Level 1:colcon.colcon_core.package_identification:_identify(src/robprakt) by extensions ['colcon_pkg']
[0.145s] Level 1:colcon.colcon_core.package_identification:_identify(src/robprakt) by extension 'colcon_pkg'
[0.145s] Level 1:colcon.colcon_core.package_identification:_identify(src/robprakt) by extensions ['colcon_meta']
[0.145s] Level 1:colcon.colcon_core.package_identification:_identify(src/robprakt) by extension 'colcon_meta'
[0.145s] Level 1:colcon.colcon_core.package_identification:_identify(src/robprakt) by extensions ['ros']
[0.145s] Level 1:colcon.colcon_core.package_identification:_identify(src/robprakt) by extension 'ros'
[0.145s] DEBUG:colcon.colcon_core.package_identification:Package 'src/robprakt' with type 'ros.ament_python' and name 'robprakt'
[0.145s] Level 1:colcon.colcon_core.package_identification:_identify(src/robprakt_interfaces) by extensions ['ignore', 'ignore_ament_install']
[0.146s] Level 1:colcon.colcon_core.package_identification:_identify(src/robprakt_interfaces) by extension 'ignore'
[0.146s] Level 1:colcon.colcon_core.package_identification:_identify(src/robprakt_interfaces) by extension 'ignore_ament_install'
[0.146s] Level 1:colcon.colcon_core.package_identification:_identify(src/robprakt_interfaces) by extensions ['colcon_pkg']
[0.146s] Level 1:colcon.colcon_core.package_identification:_identify(src/robprakt_interfaces) by extension 'colcon_pkg'
[0.146s] Level 1:colcon.colcon_core.package_identification:_identify(src/robprakt_interfaces) by extensions ['colcon_meta']
[0.146s] Level 1:colcon.colcon_core.package_identification:_identify(src/robprakt_interfaces) by extension 'colcon_meta'
[0.146s] Level 1:colcon.colcon_core.package_identification:_identify(src/robprakt_interfaces) by extensions ['ros']
[0.146s] Level 1:colcon.colcon_core.package_identification:_identify(src/robprakt_interfaces) by extension 'ros'
[0.146s] DEBUG:colcon.colcon_core.package_identification:Package 'src/robprakt_interfaces' with type 'ros.ament_cmake' and name 'robprakt_interfaces'
[0.146s] Level 1:colcon.colcon_core.package_identification:_identify(src/vrpn-release) by extensions ['ignore', 'ignore_ament_install']
[0.146s] Level 1:colcon.colcon_core.package_identification:_identify(src/vrpn-release) by extension 'ignore'
[0.146s] Level 1:colcon.colcon_core.package_identification:_identify(src/vrpn-release) by extension 'ignore_ament_install'
[0.146s] Level 1:colcon.colcon_core.package_identification:_identify(src/vrpn-release) by extensions ['colcon_pkg']
[0.146s] Level 1:colcon.colcon_core.package_identification:_identify(src/vrpn-release) by extension 'colcon_pkg'
[0.146s] Level 1:colcon.colcon_core.package_identification:_identify(src/vrpn-release) by extensions ['colcon_meta']
[0.146s] Level 1:colcon.colcon_core.package_identification:_identify(src/vrpn-release) by extension 'colcon_meta'
[0.146s] Level 1:colcon.colcon_core.package_identification:_identify(src/vrpn-release) by extensions ['ros']
[0.146s] Level 1:colcon.colcon_core.package_identification:_identify(src/vrpn-release) by extension 'ros'
[0.147s] DEBUG:colcon.colcon_core.package_identification:Package 'src/vrpn-release' with type 'ros.cmake' and name 'vrpn'
[0.147s] Level 1:colcon.colcon_core.package_identification:_identify(src/vrpn_client_ros2) by extensions ['ignore', 'ignore_ament_install']
[0.147s] Level 1:colcon.colcon_core.package_identification:_identify(src/vrpn_client_ros2) by extension 'ignore'
[0.147s] Level 1:colcon.colcon_core.package_identification:_identify(src/vrpn_client_ros2) by extension 'ignore_ament_install'
[0.147s] Level 1:colcon.colcon_core.package_identification:_identify(src/vrpn_client_ros2) by extensions ['colcon_pkg']
[0.147s] Level 1:colcon.colcon_core.package_identification:_identify(src/vrpn_client_ros2) by extension 'colcon_pkg'
[0.147s] Level 1:colcon.colcon_core.package_identification:_identify(src/vrpn_client_ros2) by extensions ['colcon_meta']
[0.147s] Level 1:colcon.colcon_core.package_identification:_identify(src/vrpn_client_ros2) by extension 'colcon_meta'
[0.147s] Level 1:colcon.colcon_core.package_identification:_identify(src/vrpn_client_ros2) by extensions ['ros']
[0.147s] Level 1:colcon.colcon_core.package_identification:_identify(src/vrpn_client_ros2) by extension 'ros'
[0.147s] DEBUG:colcon.colcon_core.package_identification:Package 'src/vrpn_client_ros2' with type 'ros.ament_cmake' and name 'vrpn_client_ros'
[0.147s] Level 1:colcon.colcon_core.package_discovery:discover_packages(recursive) using defaults
[0.147s] Level 1:colcon.colcon_core.package_discovery:discover_packages(ignore) discover
[0.148s] Level 1:colcon.colcon_core.package_discovery:discover_packages(ignore) using defaults
[0.148s] Level 1:colcon.colcon_core.package_discovery:discover_packages(path) discover
[0.148s] Level 1:colcon.colcon_core.package_discovery:discover_packages(path) using defaults
[0.162s] Level 1:colcon.colcon_core.package_discovery:discover_packages(prefix_path) check parameters
[0.162s] Level 1:colcon.colcon_core.package_discovery:discover_packages(prefix_path) discover
[0.165s] DEBUG:colcon.colcon_installed_package_information.package_discovery:Found 5 installed packages in /home/praktikum4/praktikum_ws/install
[0.166s] DEBUG:colcon.colcon_installed_package_information.package_discovery:Found 45 installed packages in /home/praktikum4/ws_moveit2/install
[0.167s] DEBUG:colcon.colcon_installed_package_information.package_discovery:Found 353 installed packages in /opt/ros/galactic
[0.169s] Level 1:colcon.colcon_core.package_discovery:discover_packages(prefix_path) using defaults
[0.222s] Level 5:colcon.colcon_core.verb:set package 'pymoveit2' build argument 'cmake_args' from command line to 'None'
[0.222s] Level 5:colcon.colcon_core.verb:set package 'pymoveit2' build argument 'cmake_target' from command line to 'None'
[0.222s] Level 5:colcon.colcon_core.verb:set package 'pymoveit2' build argument 'cmake_target_skip_unavailable' from command line to 'False'
[0.222s] Level 5:colcon.colcon_core.verb:set package 'pymoveit2' build argument 'cmake_clean_cache' from command line to 'False'
[0.222s] Level 5:colcon.colcon_core.verb:set package 'pymoveit2' build argument 'cmake_clean_first' from command line to 'False'
[0.222s] Level 5:colcon.colcon_core.verb:set package 'pymoveit2' build argument 'cmake_force_configure' from command line to 'False'
[0.222s] Level 5:colcon.colcon_core.verb:set package 'pymoveit2' build argument 'ament_cmake_args' from command line to 'None'
[0.222s] Level 5:colcon.colcon_core.verb:set package 'pymoveit2' build argument 'catkin_cmake_args' from command line to 'None'
[0.222s] Level 5:colcon.colcon_core.verb:set package 'pymoveit2' build argument 'catkin_skip_building_tests' from command line to 'False'
[0.222s] DEBUG:colcon.colcon_core.verb:Building package 'pymoveit2' with the following arguments: {'ament_cmake_args': None, 'build_base': '/home/praktikum4/praktikum_ws/build/pymoveit2', 'catkin_cmake_args': None, 'catkin_skip_building_tests': False, 'cmake_args': None, 'cmake_clean_cache': False, 'cmake_clean_first': False, 'cmake_force_configure': False, 'cmake_target': None, 'cmake_target_skip_unavailable': False, 'install_base': '/home/praktikum4/praktikum_ws/install/pymoveit2', 'merge_install': False, 'path': '/home/praktikum4/praktikum_ws/src/pymoveit2', 'symlink_install': True, 'test_result_base': None}
[0.223s] Level 5:colcon.colcon_core.verb:set package 'robprakt_interfaces' build argument 'cmake_args' from command line to 'None'
[0.223s] Level 5:colcon.colcon_core.verb:set package 'robprakt_interfaces' build argument 'cmake_target' from command line to 'None'
[0.223s] Level 5:colcon.colcon_core.verb:set package 'robprakt_interfaces' build argument 'cmake_target_skip_unavailable' from command line to 'False'
[0.223s] Level 5:colcon.colcon_core.verb:set package 'robprakt_interfaces' build argument 'cmake_clean_cache' from command line to 'False'
[0.223s] Level 5:colcon.colcon_core.verb:set package 'robprakt_interfaces' build argument 'cmake_clean_first' from command line to 'False'
[0.223s] Level 5:colcon.colcon_core.verb:set package 'robprakt_interfaces' build argument 'cmake_force_configure' from command line to 'False'
[0.223s] Level 5:colcon.colcon_core.verb:set package 'robprakt_interfaces' build argument 'ament_cmake_args' from command line to 'None'
[0.223s] Level 5:colcon.colcon_core.verb:set package 'robprakt_interfaces' build argument 'catkin_cmake_args' from command line to 'None'
[0.223s] Level 5:colcon.colcon_core.verb:set package 'robprakt_interfaces' build argument 'catkin_skip_building_tests' from command line to 'False'
[0.223s] DEBUG:colcon.colcon_core.verb:Building package 'robprakt_interfaces' with the following arguments: {'ament_cmake_args': None, 'build_base': '/home/praktikum4/praktikum_ws/build/robprakt_interfaces', 'catkin_cmake_args': None, 'catkin_skip_building_tests': False, 'cmake_args': None, 'cmake_clean_cache': False, 'cmake_clean_first': False, 'cmake_force_configure': False, 'cmake_target': None, 'cmake_target_skip_unavailable': False, 'install_base': '/home/praktikum4/praktikum_ws/install/robprakt_interfaces', 'merge_install': False, 'path': '/home/praktikum4/praktikum_ws/src/robprakt_interfaces', 'symlink_install': True, 'test_result_base': None}
[0.223s] Level 5:colcon.colcon_core.verb:set package 'vrpn' build argument 'cmake_args' from command line to 'None'
[0.223s] Level 5:colcon.colcon_core.verb:set package 'vrpn' build argument 'cmake_target' from command line to 'None'
[0.223s] Level 5:colcon.colcon_core.verb:set package 'vrpn' build argument 'cmake_target_skip_unavailable' from command line to 'False'
[0.223s] Level 5:colcon.colcon_core.verb:set package 'vrpn' build argument 'cmake_clean_cache' from command line to 'False'
[0.223s] Level 5:colcon.colcon_core.verb:set package 'vrpn' build argument 'cmake_clean_first' from command line to 'False'
[0.223s] Level 5:colcon.colcon_core.verb:set package 'vrpn' build argument 'cmake_force_configure' from command line to 'False'
[0.223s] Level 5:colcon.colcon_core.verb:set package 'vrpn' build argument 'ament_cmake_args' from command line to 'None'
[0.223s] Level 5:colcon.colcon_core.verb:set package 'vrpn' build argument 'catkin_cmake_args' from command line to 'None'
[0.223s] Level 5:colcon.colcon_core.verb:set package 'vrpn' build argument 'catkin_skip_building_tests' from command line to 'False'
[0.223s] DEBUG:colcon.colcon_core.verb:Building package 'vrpn' with the following arguments: {'ament_cmake_args': None, 'build_base': '/home/praktikum4/praktikum_ws/build/vrpn', 'catkin_cmake_args': None, 'catkin_skip_building_tests': False, 'cmake_args': None, 'cmake_clean_cache': False, 'cmake_clean_first': False, 'cmake_force_configure': False, 'cmake_target': None, 'cmake_target_skip_unavailable': False, 'install_base': '/home/praktikum4/praktikum_ws/install/vrpn', 'merge_install': False, 'path': '/home/praktikum4/praktikum_ws/src/vrpn-release', 'symlink_install': True, 'test_result_base': None}
[0.224s] Level 5:colcon.colcon_core.verb:set package 'vrpn_client_ros' build argument 'cmake_args' from command line to 'None'
[0.224s] Level 5:colcon.colcon_core.verb:set package 'vrpn_client_ros' build argument 'cmake_target' from command line to 'None'
[0.224s] Level 5:colcon.colcon_core.verb:set package 'vrpn_client_ros' build argument 'cmake_target_skip_unavailable' from command line to 'False'
[0.224s] Level 5:colcon.colcon_core.verb:set package 'vrpn_client_ros' build argument 'cmake_clean_cache' from command line to 'False'
[0.224s] Level 5:colcon.colcon_core.verb:set package 'vrpn_client_ros' build argument 'cmake_clean_first' from command line to 'False'
[0.224s] Level 5:colcon.colcon_core.verb:set package 'vrpn_client_ros' build argument 'cmake_force_configure' from command line to 'False'
[0.224s] Level 5:colcon.colcon_core.verb:set package 'vrpn_client_ros' build argument 'ament_cmake_args' from command line to 'None'
[0.224s] Level 5:colcon.colcon_core.verb:set package 'vrpn_client_ros' build argument 'catkin_cmake_args' from command line to 'None'
[0.224s] Level 5:colcon.colcon_core.verb:set package 'vrpn_client_ros' build argument 'catkin_skip_building_tests' from command line to 'False'
[0.224s] DEBUG:colcon.colcon_core.verb:Building package 'vrpn_client_ros' with the following arguments: {'ament_cmake_args': None, 'build_base': '/home/praktikum4/praktikum_ws/build/vrpn_client_ros', 'catkin_cmake_args': None, 'catkin_skip_building_tests': False, 'cmake_args': None, 'cmake_clean_cache': False, 'cmake_clean_first': False, 'cmake_force_configure': False, 'cmake_target': None, 'cmake_target_skip_unavailable': False, 'install_base': '/home/praktikum4/praktikum_ws/install/vrpn_client_ros', 'merge_install': False, 'path': '/home/praktikum4/praktikum_ws/src/vrpn_client_ros2', 'symlink_install': True, 'test_result_base': None}
[0.225s] Level 5:colcon.colcon_core.verb:set package 'robprakt' build argument 'cmake_args' from command line to 'None'
[0.225s] Level 5:colcon.colcon_core.verb:set package 'robprakt' build argument 'cmake_target' from command line to 'None'
[0.225s] Level 5:colcon.colcon_core.verb:set package 'robprakt' build argument 'cmake_target_skip_unavailable' from command line to 'False'
[0.225s] Level 5:colcon.colcon_core.verb:set package 'robprakt' build argument 'cmake_clean_cache' from command line to 'False'
[0.225s] Level 5:colcon.colcon_core.verb:set package 'robprakt' build argument 'cmake_clean_first' from command line to 'False'
[0.225s] Level 5:colcon.colcon_core.verb:set package 'robprakt' build argument 'cmake_force_configure' from command line to 'False'
[0.225s] Level 5:colcon.colcon_core.verb:set package 'robprakt' build argument 'ament_cmake_args' from command line to 'None'
[0.225s] Level 5:colcon.colcon_core.verb:set package 'robprakt' build argument 'catkin_cmake_args' from command line to 'None'
[0.225s] Level 5:colcon.colcon_core.verb:set package 'robprakt' build argument 'catkin_skip_building_tests' from command line to 'False'
[0.225s] DEBUG:colcon.colcon_core.verb:Building package 'robprakt' with the following arguments: {'ament_cmake_args': None, 'build_base': '/home/praktikum4/praktikum_ws/build/robprakt', 'catkin_cmake_args': None, 'catkin_skip_building_tests': False, 'cmake_args': None, 'cmake_clean_cache': False, 'cmake_clean_first': False, 'cmake_force_configure': False, 'cmake_target': None, 'cmake_target_skip_unavailable': False, 'install_base': '/home/praktikum4/praktikum_ws/install/robprakt', 'merge_install': False, 'path': '/home/praktikum4/praktikum_ws/src/robprakt', 'symlink_install': True, 'test_result_base': None}
[0.225s] INFO:colcon.colcon_core.executor:Executing jobs using 'parallel' executor
[0.227s] DEBUG:colcon.colcon_parallel_executor.executor.parallel:run_until_complete
[0.228s] INFO:colcon.colcon_ros.task.ament_cmake.build:Building ROS package in '/home/praktikum4/praktikum_ws/src/robprakt_interfaces' with build type 'ament_cmake'
[0.228s] INFO:colcon.colcon_cmake.task.cmake.build:Building CMake package in '/home/praktikum4/praktikum_ws/src/robprakt_interfaces'
[0.230s] INFO:colcon.colcon_core.plugin_system:Skipping extension 'colcon_core.shell.bat': Not used on non-Windows systems
[0.230s] INFO:colcon.colcon_core.shell:Skip shell extension 'powershell' for command environment: Not usable outside of PowerShell
[0.230s] DEBUG:colcon.colcon_core.shell:Skip shell extension 'dsv' for command environment
[0.236s] INFO:colcon.colcon_ros.task.ament_cmake.build:Building ROS package in '/home/praktikum4/praktikum_ws/src/pymoveit2' with build type 'ament_cmake'
[0.236s] INFO:colcon.colcon_cmake.task.cmake.build:Building CMake package in '/home/praktikum4/praktikum_ws/src/pymoveit2'
[0.237s] INFO:colcon.colcon_core.shell:Skip shell extension 'powershell' for command environment: Not usable outside of PowerShell
[0.237s] DEBUG:colcon.colcon_core.shell:Skip shell extension 'dsv' for command environment
[0.243s] INFO:colcon.colcon_ros.task.cmake.build:Building ROS package in '/home/praktikum4/praktikum_ws/src/vrpn-release' with build type 'cmake'
[0.243s] INFO:colcon.colcon_cmake.task.cmake.build:Building CMake package in '/home/praktikum4/praktikum_ws/src/vrpn-release'
[0.244s] INFO:colcon.colcon_core.shell:Skip shell extension 'powershell' for command environment: Not usable outside of PowerShell
[0.244s] DEBUG:colcon.colcon_core.shell:Skip shell extension 'dsv' for command environment
[0.250s] INFO:colcon.colcon_ros.task.ament_cmake.build:Building ROS package in '/home/praktikum4/praktikum_ws/src/vrpn_client_ros2' with build type 'ament_cmake'
[0.250s] INFO:colcon.colcon_cmake.task.cmake.build:Building CMake package in '/home/praktikum4/praktikum_ws/src/vrpn_client_ros2'
[0.251s] INFO:colcon.colcon_core.shell:Skip shell extension 'powershell' for command environment: Not usable outside of PowerShell
[0.251s] DEBUG:colcon.colcon_core.shell:Skip shell extension 'dsv' for command environment
[0.260s] DEBUG:colcon.colcon_core.event_handler.log_command:Invoking command in '/home/praktikum4/praktikum_ws/build/robprakt_interfaces': CMAKE_PREFIX_PATH=${CMAKE_PREFIX_PATH}:/home/praktikum4/praktikum_ws/install/robprakt:/home/praktikum4/ws_moveit2/install/moveit_configs_utils:/home/praktikum4/ws_moveit2/install/launch_param_builder:/opt/ros/galactic /usr/bin/cmake /home/praktikum4/praktikum_ws/src/robprakt_interfaces -DAMENT_CMAKE_SYMLINK_INSTALL=1 -DCMAKE_INSTALL_PREFIX=/home/praktikum4/praktikum_ws/install/robprakt_interfaces
[0.263s] DEBUG:colcon.colcon_core.event_handler.log_command:Invoking command in '/home/praktikum4/praktikum_ws/build/pymoveit2': CMAKE_PREFIX_PATH=${CMAKE_PREFIX_PATH}:/home/praktikum4/praktikum_ws/install/robprakt:/home/praktikum4/ws_moveit2/install/moveit_configs_utils:/home/praktikum4/ws_moveit2/install/launch_param_builder:/opt/ros/galactic /usr/bin/cmake /home/praktikum4/praktikum_ws/src/pymoveit2 -DAMENT_CMAKE_SYMLINK_INSTALL=1 -DCMAKE_INSTALL_PREFIX=/home/praktikum4/praktikum_ws/install/pymoveit2
[0.266s] DEBUG:colcon.colcon_core.event_handler.log_command:Invoking command in '/home/praktikum4/praktikum_ws/build/vrpn': CMAKE_PREFIX_PATH=${CMAKE_PREFIX_PATH}:/home/praktikum4/praktikum_ws/install/robprakt:/home/praktikum4/ws_moveit2/install/moveit_configs_utils:/home/praktikum4/ws_moveit2/install/launch_param_builder:/opt/ros/galactic /usr/bin/cmake --build /home/praktikum4/praktikum_ws/build/vrpn -- -j12 -l12
[0.271s] DEBUG:colcon.colcon_core.event_handler.log_command:Invoking command in '/home/praktikum4/praktikum_ws/build/vrpn_client_ros': CMAKE_PREFIX_PATH=${CMAKE_PREFIX_PATH}:/home/praktikum4/praktikum_ws/install/robprakt:/home/praktikum4/ws_moveit2/install/moveit_configs_utils:/home/praktikum4/ws_moveit2/install/launch_param_builder:/opt/ros/galactic /usr/bin/cmake /home/praktikum4/praktikum_ws/src/vrpn_client_ros2 -DAMENT_CMAKE_SYMLINK_INSTALL=1 -DCMAKE_INSTALL_PREFIX=/home/praktikum4/praktikum_ws/install/vrpn_client_ros
[0.396s] DEBUG:colcon.colcon_core.event_handler.log_command:Invoked command in '/home/praktikum4/praktikum_ws/build/vrpn' returned '0': CMAKE_PREFIX_PATH=${CMAKE_PREFIX_PATH}:/home/praktikum4/praktikum_ws/install/robprakt:/home/praktikum4/ws_moveit2/install/moveit_configs_utils:/home/praktikum4/ws_moveit2/install/launch_param_builder:/opt/ros/galactic /usr/bin/cmake --build /home/praktikum4/praktikum_ws/build/vrpn -- -j12 -l12
[0.656s] DEBUG:colcon.colcon_core.event_handler.log_command:Invoking command in '/home/praktikum4/praktikum_ws/build/vrpn': CMAKE_PREFIX_PATH=${CMAKE_PREFIX_PATH}:/home/praktikum4/praktikum_ws/install/robprakt:/home/praktikum4/ws_moveit2/install/moveit_configs_utils:/home/praktikum4/ws_moveit2/install/launch_param_builder:/opt/ros/galactic /usr/bin/cmake --install /home/praktikum4/praktikum_ws/build/vrpn
[0.675s] DEBUG:colcon.colcon_core.event_handler.log_command:Invoked command in '/home/praktikum4/praktikum_ws/build/vrpn' returned '0': CMAKE_PREFIX_PATH=${CMAKE_PREFIX_PATH}:/home/praktikum4/praktikum_ws/install/robprakt:/home/praktikum4/ws_moveit2/install/moveit_configs_utils:/home/praktikum4/ws_moveit2/install/launch_param_builder:/opt/ros/galactic /usr/bin/cmake --install /home/praktikum4/praktikum_ws/build/vrpn
[0.737s] DEBUG:colcon.colcon_core.event_handler.log_command:Invoked command in '/home/praktikum4/praktikum_ws/build/vrpn_client_ros' returned '0': CMAKE_PREFIX_PATH=${CMAKE_PREFIX_PATH}:/home/praktikum4/praktikum_ws/install/robprakt:/home/praktikum4/ws_moveit2/install/moveit_configs_utils:/home/praktikum4/ws_moveit2/install/launch_param_builder:/opt/ros/galactic /usr/bin/cmake /home/praktikum4/praktikum_ws/src/vrpn_client_ros2 -DAMENT_CMAKE_SYMLINK_INSTALL=1 -DCMAKE_INSTALL_PREFIX=/home/praktikum4/praktikum_ws/install/vrpn_client_ros
[0.739s] DEBUG:colcon.colcon_core.event_handler.log_command:Invoking command in '/home/praktikum4/praktikum_ws/build/vrpn_client_ros': CMAKE_PREFIX_PATH=${CMAKE_PREFIX_PATH}:/home/praktikum4/praktikum_ws/install/robprakt:/home/praktikum4/ws_moveit2/install/moveit_configs_utils:/home/praktikum4/ws_moveit2/install/launch_param_builder:/opt/ros/galactic /usr/bin/cmake --build /home/praktikum4/praktikum_ws/build/vrpn_client_ros -- -j12 -l12
[0.772s] DEBUG:colcon.colcon_core.event_handler.log_command:Invoked command in '/home/praktikum4/praktikum_ws/build/robprakt_interfaces' returned '0': CMAKE_PREFIX_PATH=${CMAKE_PREFIX_PATH}:/home/praktikum4/praktikum_ws/install/robprakt:/home/praktikum4/ws_moveit2/install/moveit_configs_utils:/home/praktikum4/ws_moveit2/install/launch_param_builder:/opt/ros/galactic /usr/bin/cmake /home/praktikum4/praktikum_ws/src/robprakt_interfaces -DAMENT_CMAKE_SYMLINK_INSTALL=1 -DCMAKE_INSTALL_PREFIX=/home/praktikum4/praktikum_ws/install/robprakt_interfaces
[0.773s] DEBUG:colcon.colcon_core.event_handler.log_command:Invoking command in '/home/praktikum4/praktikum_ws/build/robprakt_interfaces': CMAKE_PREFIX_PATH=${CMAKE_PREFIX_PATH}:/home/praktikum4/praktikum_ws/install/robprakt:/home/praktikum4/ws_moveit2/install/moveit_configs_utils:/home/praktikum4/ws_moveit2/install/launch_param_builder:/opt/ros/galactic /usr/bin/cmake --build /home/praktikum4/praktikum_ws/build/robprakt_interfaces -- -j12 -l12
[0.812s] DEBUG:colcon.colcon_core.event_handler.log_command:Invoked command in '/home/praktikum4/praktikum_ws/build/vrpn_client_ros' returned '0': CMAKE_PREFIX_PATH=${CMAKE_PREFIX_PATH}:/home/praktikum4/praktikum_ws/install/robprakt:/home/praktikum4/ws_moveit2/install/moveit_configs_utils:/home/praktikum4/ws_moveit2/install/launch_param_builder:/opt/ros/galactic /usr/bin/cmake --build /home/praktikum4/praktikum_ws/build/vrpn_client_ros -- -j12 -l12
[0.845s] DEBUG:colcon.colcon_core.event_handler.log_command:Invoking command in '/home/praktikum4/praktikum_ws/build/vrpn_client_ros': CMAKE_PREFIX_PATH=${CMAKE_PREFIX_PATH}:/home/praktikum4/praktikum_ws/install/robprakt:/home/praktikum4/ws_moveit2/install/moveit_configs_utils:/home/praktikum4/ws_moveit2/install/launch_param_builder:/opt/ros/galactic /usr/bin/cmake --install /home/praktikum4/praktikum_ws/build/vrpn_client_ros
[0.846s] DEBUG:colcon.colcon_core.event_handler.log_command:Invoked command in '/home/praktikum4/praktikum_ws/build/pymoveit2' returned '0': CMAKE_PREFIX_PATH=${CMAKE_PREFIX_PATH}:/home/praktikum4/praktikum_ws/install/robprakt:/home/praktikum4/ws_moveit2/install/moveit_configs_utils:/home/praktikum4/ws_moveit2/install/launch_param_builder:/opt/ros/galactic /usr/bin/cmake /home/praktikum4/praktikum_ws/src/pymoveit2 -DAMENT_CMAKE_SYMLINK_INSTALL=1 -DCMAKE_INSTALL_PREFIX=/home/praktikum4/praktikum_ws/install/pymoveit2
[0.848s] DEBUG:colcon.colcon_core.event_handler.log_command:Invoking command in '/home/praktikum4/praktikum_ws/build/pymoveit2': CMAKE_PREFIX_PATH=${CMAKE_PREFIX_PATH}:/home/praktikum4/praktikum_ws/install/robprakt:/home/praktikum4/ws_moveit2/install/moveit_configs_utils:/home/praktikum4/ws_moveit2/install/launch_param_builder:/opt/ros/galactic /usr/bin/cmake --build /home/praktikum4/praktikum_ws/build/pymoveit2 -- -j12 -l12
[0.934s] DEBUG:colcon.colcon_core.event_handler.log_command:Invoked command in '/home/praktikum4/praktikum_ws/build/robprakt_interfaces' returned '0': CMAKE_PREFIX_PATH=${CMAKE_PREFIX_PATH}:/home/praktikum4/praktikum_ws/install/robprakt:/home/praktikum4/ws_moveit2/install/moveit_configs_utils:/home/praktikum4/ws_moveit2/install/launch_param_builder:/opt/ros/galactic /usr/bin/cmake --build /home/praktikum4/praktikum_ws/build/robprakt_interfaces -- -j12 -l12
[0.940s] Level 1:colcon.colcon_core.shell:create_environment_hook('vrpn', 'pkg_config_path')
[0.941s] INFO:colcon.colcon_core.shell:Creating environment hook '/home/praktikum4/praktikum_ws/install/vrpn/share/vrpn/hook/pkg_config_path.ps1'
[0.942s] INFO:colcon.colcon_core.shell:Creating environment descriptor '/home/praktikum4/praktikum_ws/install/vrpn/share/vrpn/hook/pkg_config_path.dsv'
[0.942s] INFO:colcon.colcon_core.shell:Creating environment hook '/home/praktikum4/praktikum_ws/install/vrpn/share/vrpn/hook/pkg_config_path.sh'
[0.945s] Level 1:colcon.colcon_core.shell:create_environment_hook('vrpn', 'pkg_config_path_multiarch')
[0.946s] INFO:colcon.colcon_core.shell:Creating environment hook '/home/praktikum4/praktikum_ws/install/vrpn/share/vrpn/hook/pkg_config_path_multiarch.ps1'
[0.946s] INFO:colcon.colcon_core.shell:Creating environment descriptor '/home/praktikum4/praktikum_ws/install/vrpn/share/vrpn/hook/pkg_config_path_multiarch.dsv'
[0.946s] INFO:colcon.colcon_core.shell:Creating environment hook '/home/praktikum4/praktikum_ws/install/vrpn/share/vrpn/hook/pkg_config_path_multiarch.sh'
[0.946s] Level 1:colcon.colcon_core.environment:create_environment_scripts_only(vrpn)
[0.950s] Level 1:colcon.colcon_core.environment:checking '/home/praktikum4/praktikum_ws/install/vrpn' for CMake module files
[0.950s] Level 1:colcon.colcon_core.environment:checking '/home/praktikum4/praktikum_ws/install/vrpn' for CMake config files
[0.950s] Level 1:colcon.colcon_core.shell:create_environment_hook('vrpn', 'cmake_prefix_path')
[0.951s] INFO:colcon.colcon_core.shell:Creating environment hook '/home/praktikum4/praktikum_ws/install/vrpn/share/vrpn/hook/cmake_prefix_path.ps1'
[0.951s] INFO:colcon.colcon_core.shell:Creating environment descriptor '/home/praktikum4/praktikum_ws/install/vrpn/share/vrpn/hook/cmake_prefix_path.dsv'
[0.952s] INFO:colcon.colcon_core.shell:Creating environment hook '/home/praktikum4/praktikum_ws/install/vrpn/share/vrpn/hook/cmake_prefix_path.sh'
[0.952s] Level 1:colcon.colcon_core.environment:checking '/home/praktikum4/praktikum_ws/install/vrpn/lib'
[0.953s] Level 1:colcon.colcon_core.environment:checking '/home/praktikum4/praktikum_ws/install/vrpn/bin'
[0.953s] Level 1:colcon.colcon_core.shell:create_environment_hook('vrpn', 'path')
[0.954s] INFO:colcon.colcon_core.shell:Creating environment hook '/home/praktikum4/praktikum_ws/install/vrpn/share/vrpn/hook/path.ps1'
[0.954s] INFO:colcon.colcon_core.shell:Creating environment descriptor '/home/praktikum4/praktikum_ws/install/vrpn/share/vrpn/hook/path.dsv'
[0.954s] INFO:colcon.colcon_core.shell:Creating environment hook '/home/praktikum4/praktikum_ws/install/vrpn/share/vrpn/hook/path.sh'
[0.954s] Level 1:colcon.colcon_core.environment:checking '/home/praktikum4/praktikum_ws/install/vrpn/lib/pkgconfig/vrpn.pc'
[0.955s] Level 1:colcon.colcon_core.environment:checking '/home/praktikum4/praktikum_ws/install/vrpn/lib/python3.8/site-packages'
[0.955s] Level 1:colcon.colcon_core.environment:checking '/home/praktikum4/praktikum_ws/install/vrpn/bin'
[0.955s] Level 1:colcon.colcon_core.shell:create_environment_hook('vrpn', 'pythonscriptspath')
[0.956s] INFO:colcon.colcon_core.shell:Creating environment hook '/home/praktikum4/praktikum_ws/install/vrpn/share/vrpn/hook/pythonscriptspath.ps1'
[0.956s] INFO:colcon.colcon_core.shell:Creating environment descriptor '/home/praktikum4/praktikum_ws/install/vrpn/share/vrpn/hook/pythonscriptspath.dsv'
[0.956s] INFO:colcon.colcon_core.shell:Creating environment hook '/home/praktikum4/praktikum_ws/install/vrpn/share/vrpn/hook/pythonscriptspath.sh'
[0.957s] INFO:colcon.colcon_core.shell:Creating package script '/home/praktikum4/praktikum_ws/install/vrpn/share/vrpn/package.ps1'
[0.958s] INFO:colcon.colcon_core.shell:Creating package descriptor '/home/praktikum4/praktikum_ws/install/vrpn/share/vrpn/package.dsv'
[0.958s] INFO:colcon.colcon_core.shell:Creating package script '/home/praktikum4/praktikum_ws/install/vrpn/share/vrpn/package.sh'
[0.959s] INFO:colcon.colcon_core.shell:Creating package script '/home/praktikum4/praktikum_ws/install/vrpn/share/vrpn/package.bash'
[0.960s] INFO:colcon.colcon_core.shell:Creating package script '/home/praktikum4/praktikum_ws/install/vrpn/share/vrpn/package.zsh'
[0.960s] Level 1:colcon.colcon_core.environment:create_file_with_runtime_dependencies(/home/praktikum4/praktikum_ws/install/vrpn/share/colcon-core/packages/vrpn)
[0.978s] DEBUG:colcon.colcon_core.event_handler.log_command:Invoking command in '/home/praktikum4/praktikum_ws/build/robprakt_interfaces': CMAKE_PREFIX_PATH=${CMAKE_PREFIX_PATH}:/home/praktikum4/praktikum_ws/install/robprakt:/home/praktikum4/ws_moveit2/install/moveit_configs_utils:/home/praktikum4/ws_moveit2/install/launch_param_builder:/opt/ros/galactic /usr/bin/cmake --install /home/praktikum4/praktikum_ws/build/robprakt_interfaces
[1.006s] Level 1:colcon.colcon_core.environment:create_environment_scripts_only(vrpn_client_ros)
[1.007s] Level 1:colcon.colcon_core.environment:checking '/home/praktikum4/praktikum_ws/install/vrpn_client_ros' for CMake module files
[1.008s] DEBUG:colcon.colcon_core.event_handler.log_command:Invoked command in '/home/praktikum4/praktikum_ws/build/vrpn_client_ros' returned '0': CMAKE_PREFIX_PATH=${CMAKE_PREFIX_PATH}:/home/praktikum4/praktikum_ws/install/robprakt:/home/praktikum4/ws_moveit2/install/moveit_configs_utils:/home/praktikum4/ws_moveit2/install/launch_param_builder:/opt/ros/galactic /usr/bin/cmake --install /home/praktikum4/praktikum_ws/build/vrpn_client_ros
[1.008s] Level 1:colcon.colcon_core.environment:checking '/home/praktikum4/praktikum_ws/install/vrpn_client_ros' for CMake config files
[1.008s] Level 1:colcon.colcon_core.shell:create_environment_hook('vrpn_client_ros', 'cmake_prefix_path')
[1.009s] INFO:colcon.colcon_core.shell:Creating environment hook '/home/praktikum4/praktikum_ws/install/vrpn_client_ros/share/vrpn_client_ros/hook/cmake_prefix_path.ps1'
[1.009s] INFO:colcon.colcon_core.shell:Creating environment descriptor '/home/praktikum4/praktikum_ws/install/vrpn_client_ros/share/vrpn_client_ros/hook/cmake_prefix_path.dsv'
[1.009s] INFO:colcon.colcon_core.shell:Creating environment hook '/home/praktikum4/praktikum_ws/install/vrpn_client_ros/share/vrpn_client_ros/hook/cmake_prefix_path.sh'
[1.010s] Level 1:colcon.colcon_core.environment:checking '/home/praktikum4/praktikum_ws/install/vrpn_client_ros/lib'
[1.010s] Level 1:colcon.colcon_core.environment:checking '/home/praktikum4/praktikum_ws/install/vrpn_client_ros/bin'
[1.010s] Level 1:colcon.colcon_core.environment:checking '/home/praktikum4/praktikum_ws/install/vrpn_client_ros/lib/pkgconfig/vrpn_client_ros.pc'
[1.010s] Level 1:colcon.colcon_core.environment:checking '/home/praktikum4/praktikum_ws/install/vrpn_client_ros/lib/python3.8/site-packages'
[1.010s] Level 1:colcon.colcon_core.environment:checking '/home/praktikum4/praktikum_ws/install/vrpn_client_ros/bin'
[1.011s] INFO:colcon.colcon_core.shell:Creating package script '/home/praktikum4/praktikum_ws/install/vrpn_client_ros/share/vrpn_client_ros/package.ps1'
[1.011s] INFO:colcon.colcon_core.shell:Creating package descriptor '/home/praktikum4/praktikum_ws/install/vrpn_client_ros/share/vrpn_client_ros/package.dsv'
[1.012s] INFO:colcon.colcon_core.shell:Creating package script '/home/praktikum4/praktikum_ws/install/vrpn_client_ros/share/vrpn_client_ros/package.sh'
[1.012s] INFO:colcon.colcon_core.shell:Creating package script '/home/praktikum4/praktikum_ws/install/vrpn_client_ros/share/vrpn_client_ros/package.bash'
[1.012s] INFO:colcon.colcon_core.shell:Creating package script '/home/praktikum4/praktikum_ws/install/vrpn_client_ros/share/vrpn_client_ros/package.zsh'
[1.012s] Level 1:colcon.colcon_core.environment:create_file_with_runtime_dependencies(/home/praktikum4/praktikum_ws/install/vrpn_client_ros/share/colcon-core/packages/vrpn_client_ros)
[1.037s] Level 1:colcon.colcon_core.environment:create_environment_scripts_only(vrpn_client_ros)
[1.039s] Level 1:colcon.colcon_core.environment:checking '/home/praktikum4/praktikum_ws/install/vrpn_client_ros' for CMake module files
[1.039s] Level 1:colcon.colcon_core.environment:checking '/home/praktikum4/praktikum_ws/install/vrpn_client_ros' for CMake config files
[1.040s] Level 1:colcon.colcon_core.shell:create_environment_hook('vrpn_client_ros', 'cmake_prefix_path')
[1.040s] INFO:colcon.colcon_core.shell:Creating environment hook '/home/praktikum4/praktikum_ws/install/vrpn_client_ros/share/vrpn_client_ros/hook/cmake_prefix_path.ps1'
[1.041s] INFO:colcon.colcon_core.shell:Creating environment descriptor '/home/praktikum4/praktikum_ws/install/vrpn_client_ros/share/vrpn_client_ros/hook/cmake_prefix_path.dsv'
[1.041s] INFO:colcon.colcon_core.shell:Creating environment hook '/home/praktikum4/praktikum_ws/install/vrpn_client_ros/share/vrpn_client_ros/hook/cmake_prefix_path.sh'
[1.041s] Level 1:colcon.colcon_core.environment:checking '/home/praktikum4/praktikum_ws/install/vrpn_client_ros/lib'
[1.041s] Level 1:colcon.colcon_core.environment:checking '/home/praktikum4/praktikum_ws/install/vrpn_client_ros/bin'
[1.041s] Level 1:colcon.colcon_core.environment:checking '/home/praktikum4/praktikum_ws/install/vrpn_client_ros/lib/pkgconfig/vrpn_client_ros.pc'
[1.042s] Level 1:colcon.colcon_core.environment:checking '/home/praktikum4/praktikum_ws/install/vrpn_client_ros/lib/python3.8/site-packages'
[1.042s] Level 1:colcon.colcon_core.environment:checking '/home/praktikum4/praktikum_ws/install/vrpn_client_ros/bin'
[1.042s] INFO:colcon.colcon_core.shell:Creating package script '/home/praktikum4/praktikum_ws/install/vrpn_client_ros/share/vrpn_client_ros/package.ps1'
[1.043s] INFO:colcon.colcon_core.shell:Creating package descriptor '/home/praktikum4/praktikum_ws/install/vrpn_client_ros/share/vrpn_client_ros/package.dsv'
[1.043s] INFO:colcon.colcon_core.shell:Creating package script '/home/praktikum4/praktikum_ws/install/vrpn_client_ros/share/vrpn_client_ros/package.sh'
[1.043s] INFO:colcon.colcon_core.shell:Creating package script '/home/praktikum4/praktikum_ws/install/vrpn_client_ros/share/vrpn_client_ros/package.bash'
[1.044s] INFO:colcon.colcon_core.shell:Creating package script '/home/praktikum4/praktikum_ws/install/vrpn_client_ros/share/vrpn_client_ros/package.zsh'
[1.044s] Level 1:colcon.colcon_core.environment:create_file_with_runtime_dependencies(/home/praktikum4/praktikum_ws/install/vrpn_client_ros/share/colcon-core/packages/vrpn_client_ros)
[1.091s] DEBUG:colcon.colcon_core.event_handler.log_command:Invoked command in '/home/praktikum4/praktikum_ws/build/pymoveit2' returned '0': CMAKE_PREFIX_PATH=${CMAKE_PREFIX_PATH}:/home/praktikum4/praktikum_ws/install/robprakt:/home/praktikum4/ws_moveit2/install/moveit_configs_utils:/home/praktikum4/ws_moveit2/install/launch_param_builder:/opt/ros/galactic /usr/bin/cmake --build /home/praktikum4/praktikum_ws/build/pymoveit2 -- -j12 -l12
[1.109s] DEBUG:colcon.colcon_core.event_handler.log_command:Invoking command in '/home/praktikum4/praktikum_ws/build/pymoveit2': CMAKE_PREFIX_PATH=${CMAKE_PREFIX_PATH}:/home/praktikum4/praktikum_ws/install/robprakt:/home/praktikum4/ws_moveit2/install/moveit_configs_utils:/home/praktikum4/ws_moveit2/install/launch_param_builder:/opt/ros/galactic /usr/bin/cmake --install /home/praktikum4/praktikum_ws/build/pymoveit2
[1.352s] Level 1:colcon.colcon_core.environment:create_environment_scripts_only(pymoveit2)
[1.354s] Level 1:colcon.colcon_core.environment:checking '/home/praktikum4/praktikum_ws/install/pymoveit2' for CMake module files
[1.354s] DEBUG:colcon.colcon_core.event_handler.log_command:Invoked command in '/home/praktikum4/praktikum_ws/build/pymoveit2' returned '0': CMAKE_PREFIX_PATH=${CMAKE_PREFIX_PATH}:/home/praktikum4/praktikum_ws/install/robprakt:/home/praktikum4/ws_moveit2/install/moveit_configs_utils:/home/praktikum4/ws_moveit2/install/launch_param_builder:/opt/ros/galactic /usr/bin/cmake --install /home/praktikum4/praktikum_ws/build/pymoveit2
[1.354s] Level 1:colcon.colcon_core.environment:checking '/home/praktikum4/praktikum_ws/install/pymoveit2' for CMake config files
[1.355s] Level 1:colcon.colcon_core.shell:create_environment_hook('pymoveit2', 'cmake_prefix_path')
[1.355s] INFO:colcon.colcon_core.shell:Creating environment hook '/home/praktikum4/praktikum_ws/install/pymoveit2/share/pymoveit2/hook/cmake_prefix_path.ps1'
[1.356s] INFO:colcon.colcon_core.shell:Creating environment descriptor '/home/praktikum4/praktikum_ws/install/pymoveit2/share/pymoveit2/hook/cmake_prefix_path.dsv'
[1.356s] INFO:colcon.colcon_core.shell:Creating environment hook '/home/praktikum4/praktikum_ws/install/pymoveit2/share/pymoveit2/hook/cmake_prefix_path.sh'
[1.356s] Level 1:colcon.colcon_core.environment:checking '/home/praktikum4/praktikum_ws/install/pymoveit2/lib'
[1.356s] Level 1:colcon.colcon_core.environment:checking '/home/praktikum4/praktikum_ws/install/pymoveit2/bin'
[1.356s] Level 1:colcon.colcon_core.environment:checking '/home/praktikum4/praktikum_ws/install/pymoveit2/lib/pkgconfig/pymoveit2.pc'
[1.356s] Level 1:colcon.colcon_core.environment:checking '/home/praktikum4/praktikum_ws/install/pymoveit2/lib/python3.8/site-packages'
[1.356s] Level 1:colcon.colcon_core.shell:create_environment_hook('pymoveit2', 'pythonpath')
[1.357s] INFO:colcon.colcon_core.shell:Creating environment hook '/home/praktikum4/praktikum_ws/install/pymoveit2/share/pymoveit2/hook/pythonpath.ps1'
[1.357s] INFO:colcon.colcon_core.shell:Creating environment descriptor '/home/praktikum4/praktikum_ws/install/pymoveit2/share/pymoveit2/hook/pythonpath.dsv'
[1.358s] INFO:colcon.colcon_core.shell:Creating environment hook '/home/praktikum4/praktikum_ws/install/pymoveit2/share/pymoveit2/hook/pythonpath.sh'
[1.358s] Level 1:colcon.colcon_core.environment:checking '/home/praktikum4/praktikum_ws/install/pymoveit2/bin'
[1.359s] INFO:colcon.colcon_core.shell:Creating package script '/home/praktikum4/praktikum_ws/install/pymoveit2/share/pymoveit2/package.ps1'
[1.359s] INFO:colcon.colcon_core.shell:Creating package descriptor '/home/praktikum4/praktikum_ws/install/pymoveit2/share/pymoveit2/package.dsv'
[1.359s] INFO:colcon.colcon_core.shell:Creating package script '/home/praktikum4/praktikum_ws/install/pymoveit2/share/pymoveit2/package.sh'
[1.359s] INFO:colcon.colcon_core.shell:Creating package script '/home/praktikum4/praktikum_ws/install/pymoveit2/share/pymoveit2/package.bash'
[1.360s] INFO:colcon.colcon_core.shell:Creating package script '/home/praktikum4/praktikum_ws/install/pymoveit2/share/pymoveit2/package.zsh'
[1.360s] Level 1:colcon.colcon_core.environment:create_file_with_runtime_dependencies(/home/praktikum4/praktikum_ws/install/pymoveit2/share/colcon-core/packages/pymoveit2)
[1.377s] Level 1:colcon.colcon_core.environment:create_environment_scripts_only(pymoveit2)
[1.378s] Level 1:colcon.colcon_core.environment:checking '/home/praktikum4/praktikum_ws/install/pymoveit2' for CMake module files
[1.379s] Level 1:colcon.colcon_core.environment:checking '/home/praktikum4/praktikum_ws/install/pymoveit2' for CMake config files
[1.379s] Level 1:colcon.colcon_core.shell:create_environment_hook('pymoveit2', 'cmake_prefix_path')
[1.380s] INFO:colcon.colcon_core.shell:Creating environment hook '/home/praktikum4/praktikum_ws/install/pymoveit2/share/pymoveit2/hook/cmake_prefix_path.ps1'
[1.380s] INFO:colcon.colcon_core.shell:Creating environment descriptor '/home/praktikum4/praktikum_ws/install/pymoveit2/share/pymoveit2/hook/cmake_prefix_path.dsv'
[1.380s] INFO:colcon.colcon_core.shell:Creating environment hook '/home/praktikum4/praktikum_ws/install/pymoveit2/share/pymoveit2/hook/cmake_prefix_path.sh'
[1.380s] Level 1:colcon.colcon_core.environment:checking '/home/praktikum4/praktikum_ws/install/pymoveit2/lib'
[1.380s] Level 1:colcon.colcon_core.environment:checking '/home/praktikum4/praktikum_ws/install/pymoveit2/bin'
[1.380s] Level 1:colcon.colcon_core.environment:checking '/home/praktikum4/praktikum_ws/install/pymoveit2/lib/pkgconfig/pymoveit2.pc'
[1.381s] Level 1:colcon.colcon_core.environment:checking '/home/praktikum4/praktikum_ws/install/pymoveit2/lib/python3.8/site-packages'
[1.381s] Level 1:colcon.colcon_core.shell:create_environment_hook('pymoveit2', 'pythonpath')
[1.381s] INFO:colcon.colcon_core.shell:Creating environment hook '/home/praktikum4/praktikum_ws/install/pymoveit2/share/pymoveit2/hook/pythonpath.ps1'
[1.381s] INFO:colcon.colcon_core.shell:Creating environment descriptor '/home/praktikum4/praktikum_ws/install/pymoveit2/share/pymoveit2/hook/pythonpath.dsv'
[1.382s] INFO:colcon.colcon_core.shell:Creating environment hook '/home/praktikum4/praktikum_ws/install/pymoveit2/share/pymoveit2/hook/pythonpath.sh'
[1.382s] Level 1:colcon.colcon_core.environment:checking '/home/praktikum4/praktikum_ws/install/pymoveit2/bin'
[1.383s] INFO:colcon.colcon_core.shell:Creating package script '/home/praktikum4/praktikum_ws/install/pymoveit2/share/pymoveit2/package.ps1'
[1.383s] INFO:colcon.colcon_core.shell:Creating package descriptor '/home/praktikum4/praktikum_ws/install/pymoveit2/share/pymoveit2/package.dsv'
[1.383s] INFO:colcon.colcon_core.shell:Creating package script '/home/praktikum4/praktikum_ws/install/pymoveit2/share/pymoveit2/package.sh'
[1.383s] INFO:colcon.colcon_core.shell:Creating package script '/home/praktikum4/praktikum_ws/install/pymoveit2/share/pymoveit2/package.bash'
[1.384s] INFO:colcon.colcon_core.shell:Creating package script '/home/praktikum4/praktikum_ws/install/pymoveit2/share/pymoveit2/package.zsh'
[1.384s] Level 1:colcon.colcon_core.environment:create_file_with_runtime_dependencies(/home/praktikum4/praktikum_ws/install/pymoveit2/share/colcon-core/packages/pymoveit2)
[1.384s] Level 1:colcon.colcon_core.environment:create_environment_scripts_only(robprakt_interfaces)
[1.385s] Level 1:colcon.colcon_core.environment:checking '/home/praktikum4/praktikum_ws/install/robprakt_interfaces' for CMake module files
[1.386s] DEBUG:colcon.colcon_core.event_handler.log_command:Invoked command in '/home/praktikum4/praktikum_ws/build/robprakt_interfaces' returned '0': CMAKE_PREFIX_PATH=${CMAKE_PREFIX_PATH}:/home/praktikum4/praktikum_ws/install/robprakt:/home/praktikum4/ws_moveit2/install/moveit_configs_utils:/home/praktikum4/ws_moveit2/install/launch_param_builder:/opt/ros/galactic /usr/bin/cmake --install /home/praktikum4/praktikum_ws/build/robprakt_interfaces
[1.386s] Level 1:colcon.colcon_core.environment:checking '/home/praktikum4/praktikum_ws/install/robprakt_interfaces' for CMake config files
[1.386s] Level 1:colcon.colcon_core.shell:create_environment_hook('robprakt_interfaces', 'cmake_prefix_path')
[1.387s] INFO:colcon.colcon_core.shell:Creating environment hook '/home/praktikum4/praktikum_ws/install/robprakt_interfaces/share/robprakt_interfaces/hook/cmake_prefix_path.ps1'
[1.387s] INFO:colcon.colcon_core.shell:Creating environment descriptor '/home/praktikum4/praktikum_ws/install/robprakt_interfaces/share/robprakt_interfaces/hook/cmake_prefix_path.dsv'
[1.387s] INFO:colcon.colcon_core.shell:Creating environment hook '/home/praktikum4/praktikum_ws/install/robprakt_interfaces/share/robprakt_interfaces/hook/cmake_prefix_path.sh'
[1.387s] Level 1:colcon.colcon_core.environment:checking '/home/praktikum4/praktikum_ws/install/robprakt_interfaces/lib'
[1.387s] Level 1:colcon.colcon_core.shell:create_environment_hook('robprakt_interfaces', 'ld_library_path_lib')
[1.388s] INFO:colcon.colcon_core.shell:Creating environment hook '/home/praktikum4/praktikum_ws/install/robprakt_interfaces/share/robprakt_interfaces/hook/ld_library_path_lib.ps1'
[1.388s] INFO:colcon.colcon_core.shell:Creating environment descriptor '/home/praktikum4/praktikum_ws/install/robprakt_interfaces/share/robprakt_interfaces/hook/ld_library_path_lib.dsv'
[1.388s] INFO:colcon.colcon_core.shell:Creating environment hook '/home/praktikum4/praktikum_ws/install/robprakt_interfaces/share/robprakt_interfaces/hook/ld_library_path_lib.sh'
[1.388s] Level 1:colcon.colcon_core.environment:checking '/home/praktikum4/praktikum_ws/install/robprakt_interfaces/bin'
[1.389s] Level 1:colcon.colcon_core.environment:checking '/home/praktikum4/praktikum_ws/install/robprakt_interfaces/lib/pkgconfig/robprakt_interfaces.pc'
[1.389s] Level 1:colcon.colcon_core.environment:checking '/home/praktikum4/praktikum_ws/install/robprakt_interfaces/lib/python3.8/site-packages'
[1.389s] Level 1:colcon.colcon_core.shell:create_environment_hook('robprakt_interfaces', 'pythonpath')
[1.389s] INFO:colcon.colcon_core.shell:Creating environment hook '/home/praktikum4/praktikum_ws/install/robprakt_interfaces/share/robprakt_interfaces/hook/pythonpath.ps1'
[1.390s] INFO:colcon.colcon_core.shell:Creating environment descriptor '/home/praktikum4/praktikum_ws/install/robprakt_interfaces/share/robprakt_interfaces/hook/pythonpath.dsv'
[1.390s] INFO:colcon.colcon_core.shell:Creating environment hook '/home/praktikum4/praktikum_ws/install/robprakt_interfaces/share/robprakt_interfaces/hook/pythonpath.sh'
[1.390s] Level 1:colcon.colcon_core.environment:checking '/home/praktikum4/praktikum_ws/install/robprakt_interfaces/bin'
[1.391s] INFO:colcon.colcon_core.shell:Creating package script '/home/praktikum4/praktikum_ws/install/robprakt_interfaces/share/robprakt_interfaces/package.ps1'
[1.391s] INFO:colcon.colcon_core.shell:Creating package descriptor '/home/praktikum4/praktikum_ws/install/robprakt_interfaces/share/robprakt_interfaces/package.dsv'
[1.391s] INFO:colcon.colcon_core.shell:Creating package script '/home/praktikum4/praktikum_ws/install/robprakt_interfaces/share/robprakt_interfaces/package.sh'
[1.391s] INFO:colcon.colcon_core.shell:Creating package script '/home/praktikum4/praktikum_ws/install/robprakt_interfaces/share/robprakt_interfaces/package.bash'
[1.392s] INFO:colcon.colcon_core.shell:Creating package script '/home/praktikum4/praktikum_ws/install/robprakt_interfaces/share/robprakt_interfaces/package.zsh'
[1.392s] Level 1:colcon.colcon_core.environment:create_file_with_runtime_dependencies(/home/praktikum4/praktikum_ws/install/robprakt_interfaces/share/colcon-core/packages/robprakt_interfaces)
[1.429s] Level 1:colcon.colcon_core.environment:create_environment_scripts_only(robprakt_interfaces)
[1.431s] Level 1:colcon.colcon_core.environment:checking '/home/praktikum4/praktikum_ws/install/robprakt_interfaces' for CMake module files
[1.431s] Level 1:colcon.colcon_core.environment:checking '/home/praktikum4/praktikum_ws/install/robprakt_interfaces' for CMake config files
[1.431s] Level 1:colcon.colcon_core.shell:create_environment_hook('robprakt_interfaces', 'cmake_prefix_path')
[1.432s] INFO:colcon.colcon_core.shell:Creating environment hook '/home/praktikum4/praktikum_ws/install/robprakt_interfaces/share/robprakt_interfaces/hook/cmake_prefix_path.ps1'
[1.432s] INFO:colcon.colcon_core.shell:Creating environment descriptor '/home/praktikum4/praktikum_ws/install/robprakt_interfaces/share/robprakt_interfaces/hook/cmake_prefix_path.dsv'
[1.433s] INFO:colcon.colcon_core.shell:Creating environment hook '/home/praktikum4/praktikum_ws/install/robprakt_interfaces/share/robprakt_interfaces/hook/cmake_prefix_path.sh'
[1.433s] Level 1:colcon.colcon_core.environment:checking '/home/praktikum4/praktikum_ws/install/robprakt_interfaces/lib'
[1.433s] Level 1:colcon.colcon_core.shell:create_environment_hook('robprakt_interfaces', 'ld_library_path_lib')
[1.434s] INFO:colcon.colcon_core.shell:Creating environment hook '/home/praktikum4/praktikum_ws/install/robprakt_interfaces/share/robprakt_interfaces/hook/ld_library_path_lib.ps1'
[1.434s] INFO:colcon.colcon_core.shell:Creating environment descriptor '/home/praktikum4/praktikum_ws/install/robprakt_interfaces/share/robprakt_interfaces/hook/ld_library_path_lib.dsv'
[1.434s] INFO:colcon.colcon_core.shell:Creating environment hook '/home/praktikum4/praktikum_ws/install/robprakt_interfaces/share/robprakt_interfaces/hook/ld_library_path_lib.sh'
[1.434s] Level 1:colcon.colcon_core.environment:checking '/home/praktikum4/praktikum_ws/install/robprakt_interfaces/bin'
[1.434s] Level 1:colcon.colcon_core.environment:checking '/home/praktikum4/praktikum_ws/install/robprakt_interfaces/lib/pkgconfig/robprakt_interfaces.pc'
[1.435s] Level 1:colcon.colcon_core.environment:checking '/home/praktikum4/praktikum_ws/install/robprakt_interfaces/lib/python3.8/site-packages'
[1.435s] Level 1:colcon.colcon_core.shell:create_environment_hook('robprakt_interfaces', 'pythonpath')
[1.435s] INFO:colcon.colcon_core.shell:Creating environment hook '/home/praktikum4/praktikum_ws/install/robprakt_interfaces/share/robprakt_interfaces/hook/pythonpath.ps1'
[1.436s] INFO:colcon.colcon_core.shell:Creating environment descriptor '/home/praktikum4/praktikum_ws/install/robprakt_interfaces/share/robprakt_interfaces/hook/pythonpath.dsv'
[1.436s] INFO:colcon.colcon_core.shell:Creating environment hook '/home/praktikum4/praktikum_ws/install/robprakt_interfaces/share/robprakt_interfaces/hook/pythonpath.sh'
[1.436s] Level 1:colcon.colcon_core.environment:checking '/home/praktikum4/praktikum_ws/install/robprakt_interfaces/bin'
[1.437s] INFO:colcon.colcon_core.shell:Creating package script '/home/praktikum4/praktikum_ws/install/robprakt_interfaces/share/robprakt_interfaces/package.ps1'
[1.437s] INFO:colcon.colcon_core.shell:Creating package descriptor '/home/praktikum4/praktikum_ws/install/robprakt_interfaces/share/robprakt_interfaces/package.dsv'
[1.438s] INFO:colcon.colcon_core.shell:Creating package script '/home/praktikum4/praktikum_ws/install/robprakt_interfaces/share/robprakt_interfaces/package.sh'
[1.438s] INFO:colcon.colcon_core.shell:Creating package script '/home/praktikum4/praktikum_ws/install/robprakt_interfaces/share/robprakt_interfaces/package.bash'
[1.438s] INFO:colcon.colcon_core.shell:Creating package script '/home/praktikum4/praktikum_ws/install/robprakt_interfaces/share/robprakt_interfaces/package.zsh'
[1.438s] Level 1:colcon.colcon_core.environment:create_file_with_runtime_dependencies(/home/praktikum4/praktikum_ws/install/robprakt_interfaces/share/colcon-core/packages/robprakt_interfaces)
[1.439s] INFO:colcon.colcon_ros.task.ament_python.build:Building ROS package in '/home/praktikum4/praktikum_ws/src/robprakt' with build type 'ament_python'
[1.439s] Level 1:colcon.colcon_core.shell:create_environment_hook('robprakt', 'ament_prefix_path')
[1.439s] INFO:colcon.colcon_core.shell:Creating environment hook '/home/praktikum4/praktikum_ws/install/robprakt/share/robprakt/hook/ament_prefix_path.ps1'
[1.440s] INFO:colcon.colcon_core.shell:Creating environment descriptor '/home/praktikum4/praktikum_ws/install/robprakt/share/robprakt/hook/ament_prefix_path.dsv'
[1.440s] INFO:colcon.colcon_core.shell:Creating environment hook '/home/praktikum4/praktikum_ws/install/robprakt/share/robprakt/hook/ament_prefix_path.sh'
[1.441s] INFO:colcon.colcon_core.shell:Skip shell extension 'powershell' for command environment: Not usable outside of PowerShell
[1.441s] DEBUG:colcon.colcon_core.shell:Skip shell extension 'dsv' for command environment
[1.589s] INFO:colcon.colcon_core.task.python.build:Building Python package in '/home/praktikum4/praktikum_ws/src/robprakt'
[1.590s] INFO:colcon.colcon_core.shell:Skip shell extension 'powershell' for command environment: Not usable outside of PowerShell
[1.590s] DEBUG:colcon.colcon_core.shell:Skip shell extension 'dsv' for command environment
[1.841s] DEBUG:colcon.colcon_core.task.python.build:While undoing a previous installation files outside the Python library path are being ignored: /home/praktikum4/praktikum_ws/install/robprakt/share/ament_index/resource_index/packages/robprakt
[1.841s] DEBUG:colcon.colcon_core.task.python.build:While undoing a previous installation files outside the Python library path are being ignored: /home/praktikum4/praktikum_ws/install/robprakt/share/robprakt/package.xml
[1.841s] DEBUG:colcon.colcon_core.task.python.build:While undoing a previous installation files outside the Python library path are being ignored: /home/praktikum4/praktikum_ws/install/robprakt/lib/robprakt/vacuum_control
[1.843s] DEBUG:colcon.colcon_core.event_handler.log_command:Invoking command in '/home/praktikum4/praktikum_ws/build/robprakt': CMAKE_PREFIX_PATH=/home/praktikum4/praktikum_ws/install/robprakt_interfaces:/home/praktikum4/praktikum_ws/install/vrpn_client_ros:/home/praktikum4/praktikum_ws/install/vrpn:/home/praktikum4/praktikum_ws/install/pymoveit2:/home/praktikum4/ws_moveit2/install/moveit2_tutorials:/home/praktikum4/ws_moveit2/install/moveit_visual_tools:/home/praktikum4/ws_moveit2/install/rviz_visual_tools:/home/praktikum4/ws_moveit2/install/pilz_industrial_motion_planner_testutils:/home/praktikum4/ws_moveit2/install/moveit_runtime:/home/praktikum4/ws_moveit2/install/moveit:/home/praktikum4/ws_moveit2/install/moveit_planners:/home/praktikum4/ws_moveit2/install/pilz_industrial_motion_planner:/home/praktikum4/ws_moveit2/install/moveit_ros_control_interface:/home/praktikum4/ws_moveit2/install/moveit_plugins:/home/praktikum4/ws_moveit2/install/moveit_simple_controller_manager:/home/praktikum4/ws_moveit2/install/moveit_setup_assistant:/home/praktikum4/ws_moveit2/install/moveit_servo:/home/praktikum4/ws_moveit2/install/moveit_ros:/home/praktikum4/ws_moveit2/install/moveit_ros_visualization:/home/praktikum4/ws_moveit2/install/moveit_hybrid_planning:/home/praktikum4/ws_moveit2/install/moveit_ros_planning_interface:/home/praktikum4/ws_moveit2/install/moveit_ros_benchmarks:/home/praktikum4/ws_moveit2/install/moveit_ros_warehouse:/home/praktikum4/ws_moveit2/install/moveit_ros_robot_interaction:/home/praktikum4/ws_moveit2/install/moveit_ros_perception:/home/praktikum4/ws_moveit2/install/moveit_resources_prbt_pg70_support:/home/praktikum4/ws_moveit2/install/moveit_resources_prbt_moveit_config:/home/praktikum4/ws_moveit2/install/moveit_ros_move_group:/home/praktikum4/ws_moveit2/install/moveit_planners_ompl:/home/praktikum4/ws_moveit2/install/moveit_ros_planning:/home/praktikum4/ws_moveit2/install/moveit_ros_occupancy_map_monitor:/home/praktikum4/ws_moveit2/install/moveit_resources_prbt_support:/home/praktikum4/ws_moveit2/install/moveit_resources_prbt_ikfast_manipulator_plugin:/home/praktikum4/ws_moveit2/install/moveit_resources:/home/praktikum4/ws_moveit2/install/moveit_resources_pr2_description:/home/praktikum4/ws_moveit2/install/moveit_resources_panda_moveit_config:/home/praktikum4/ws_moveit2/install/moveit_resources_panda_description:/home/praktikum4/ws_moveit2/install/moveit_resources_fanuc_moveit_config:/home/praktikum4/ws_moveit2/install/moveit_resources_fanuc_description:/home/praktikum4/ws_moveit2/install/moveit_planners_chomp:/home/praktikum4/ws_moveit2/install/moveit_kinematics:/home/praktikum4/ws_moveit2/install/moveit_chomp_optimizer_adapter:/home/praktikum4/ws_moveit2/install/chomp_motion_planner:/home/praktikum4/ws_moveit2/install/moveit_core:/home/praktikum4/ws_moveit2/install/moveit_msgs:/home/praktikum4/ws_moveit2/install/moveit_common:/home/praktikum4/ws_moveit2/install/geometric_shapes PYTHONPATH=/home/praktikum4/praktikum_ws/build/robprakt/prefix_override:/home/praktikum4/praktikum_ws/install/robprakt/lib/python3.8/site-packages:/home/praktikum4/praktikum_ws/install/robprakt_interfaces/lib/python3.8/site-packages:/home/praktikum4/praktikum_ws/install/robprakt/lib/python3.8/site-packages:/home/praktikum4/praktikum_ws/install/pymoveit2/lib/python3.8/site-packages:/home/praktikum4/ws_moveit2/install/moveit_msgs/lib/python3.8/site-packages:/home/praktikum4/ws_moveit2/install/moveit_configs_utils/lib/python3.8/site-packages:/home/praktikum4/ws_moveit2/install/launch_param_builder/lib/python3.8/site-packages:/opt/ros/galactic/lib/python3.8/site-packages /usr/bin/python3 setup.py develop --editable --build-directory /home/praktikum4/praktikum_ws/build/robprakt/build --no-deps install_data
[2.109s] Level 1:colcon.colcon_core.shell:create_environment_hook('robprakt', 'pythonpath_develop')
[2.110s] INFO:colcon.colcon_core.shell:Creating environment hook '/home/praktikum4/praktikum_ws/build/robprakt/share/robprakt/hook/pythonpath_develop.ps1'
[2.110s] DEBUG:colcon.colcon_core.event_handler.log_command:Invoked command in '/home/praktikum4/praktikum_ws/build/robprakt' returned '0': CMAKE_PREFIX_PATH=/home/praktikum4/praktikum_ws/install/robprakt_interfaces:/home/praktikum4/praktikum_ws/install/vrpn_client_ros:/home/praktikum4/praktikum_ws/install/vrpn:/home/praktikum4/praktikum_ws/install/pymoveit2:/home/praktikum4/ws_moveit2/install/moveit2_tutorials:/home/praktikum4/ws_moveit2/install/moveit_visual_tools:/home/praktikum4/ws_moveit2/install/rviz_visual_tools:/home/praktikum4/ws_moveit2/install/pilz_industrial_motion_planner_testutils:/home/praktikum4/ws_moveit2/install/moveit_runtime:/home/praktikum4/ws_moveit2/install/moveit:/home/praktikum4/ws_moveit2/install/moveit_planners:/home/praktikum4/ws_moveit2/install/pilz_industrial_motion_planner:/home/praktikum4/ws_moveit2/install/moveit_ros_control_interface:/home/praktikum4/ws_moveit2/install/moveit_plugins:/home/praktikum4/ws_moveit2/install/moveit_simple_controller_manager:/home/praktikum4/ws_moveit2/install/moveit_setup_assistant:/home/praktikum4/ws_moveit2/install/moveit_servo:/home/praktikum4/ws_moveit2/install/moveit_ros:/home/praktikum4/ws_moveit2/install/moveit_ros_visualization:/home/praktikum4/ws_moveit2/install/moveit_hybrid_planning:/home/praktikum4/ws_moveit2/install/moveit_ros_planning_interface:/home/praktikum4/ws_moveit2/install/moveit_ros_benchmarks:/home/praktikum4/ws_moveit2/install/moveit_ros_warehouse:/home/praktikum4/ws_moveit2/install/moveit_ros_robot_interaction:/home/praktikum4/ws_moveit2/install/moveit_ros_perception:/home/praktikum4/ws_moveit2/install/moveit_resources_prbt_pg70_support:/home/praktikum4/ws_moveit2/install/moveit_resources_prbt_moveit_config:/home/praktikum4/ws_moveit2/install/moveit_ros_move_group:/home/praktikum4/ws_moveit2/install/moveit_planners_ompl:/home/praktikum4/ws_moveit2/install/moveit_ros_planning:/home/praktikum4/ws_moveit2/install/moveit_ros_occupancy_map_monitor:/home/praktikum4/ws_moveit2/install/moveit_resources_prbt_support:/home/praktikum4/ws_moveit2/install/moveit_resources_prbt_ikfast_manipulator_plugin:/home/praktikum4/ws_moveit2/install/moveit_resources:/home/praktikum4/ws_moveit2/install/moveit_resources_pr2_description:/home/praktikum4/ws_moveit2/install/moveit_resources_panda_moveit_config:/home/praktikum4/ws_moveit2/install/moveit_resources_panda_description:/home/praktikum4/ws_moveit2/install/moveit_resources_fanuc_moveit_config:/home/praktikum4/ws_moveit2/install/moveit_resources_fanuc_description:/home/praktikum4/ws_moveit2/install/moveit_planners_chomp:/home/praktikum4/ws_moveit2/install/moveit_kinematics:/home/praktikum4/ws_moveit2/install/moveit_chomp_optimizer_adapter:/home/praktikum4/ws_moveit2/install/chomp_motion_planner:/home/praktikum4/ws_moveit2/install/moveit_core:/home/praktikum4/ws_moveit2/install/moveit_msgs:/home/praktikum4/ws_moveit2/install/moveit_common:/home/praktikum4/ws_moveit2/install/geometric_shapes PYTHONPATH=/home/praktikum4/praktikum_ws/build/robprakt/prefix_override:/home/praktikum4/praktikum_ws/install/robprakt/lib/python3.8/site-packages:/home/praktikum4/praktikum_ws/install/robprakt_interfaces/lib/python3.8/site-packages:/home/praktikum4/praktikum_ws/install/robprakt/lib/python3.8/site-packages:/home/praktikum4/praktikum_ws/install/pymoveit2/lib/python3.8/site-packages:/home/praktikum4/ws_moveit2/install/moveit_msgs/lib/python3.8/site-packages:/home/praktikum4/ws_moveit2/install/moveit_configs_utils/lib/python3.8/site-packages:/home/praktikum4/ws_moveit2/install/launch_param_builder/lib/python3.8/site-packages:/opt/ros/galactic/lib/python3.8/site-packages /usr/bin/python3 setup.py develop --editable --build-directory /home/praktikum4/praktikum_ws/build/robprakt/build --no-deps install_data
[2.111s] INFO:colcon.colcon_core.shell:Creating environment descriptor '/home/praktikum4/praktikum_ws/build/robprakt/share/robprakt/hook/pythonpath_develop.dsv'
[2.111s] INFO:colcon.colcon_core.shell:Creating environment hook '/home/praktikum4/praktikum_ws/build/robprakt/share/robprakt/hook/pythonpath_develop.sh'
[2.112s] Level 1:colcon.colcon_core.environment:checking '/home/praktikum4/praktikum_ws/install/robprakt' for CMake module files
[2.112s] Level 1:colcon.colcon_core.environment:checking '/home/praktikum4/praktikum_ws/install/robprakt' for CMake config files
[2.113s] Level 1:colcon.colcon_core.environment:checking '/home/praktikum4/praktikum_ws/install/robprakt/lib'
[2.113s] Level 1:colcon.colcon_core.environment:checking '/home/praktikum4/praktikum_ws/install/robprakt/bin'
[2.113s] Level 1:colcon.colcon_core.environment:checking '/home/praktikum4/praktikum_ws/install/robprakt/lib/pkgconfig/robprakt.pc'
[2.113s] Level 1:colcon.colcon_core.environment:checking '/home/praktikum4/praktikum_ws/install/robprakt/lib/python3.8/site-packages'
[2.113s] Level 1:colcon.colcon_core.shell:create_environment_hook('robprakt', 'pythonpath')
[2.114s] INFO:colcon.colcon_core.shell:Creating environment hook '/home/praktikum4/praktikum_ws/install/robprakt/share/robprakt/hook/pythonpath.ps1'
[2.114s] INFO:colcon.colcon_core.shell:Creating environment descriptor '/home/praktikum4/praktikum_ws/install/robprakt/share/robprakt/hook/pythonpath.dsv'
[2.114s] INFO:colcon.colcon_core.shell:Creating environment hook '/home/praktikum4/praktikum_ws/install/robprakt/share/robprakt/hook/pythonpath.sh'
[2.114s] Level 1:colcon.colcon_core.environment:checking '/home/praktikum4/praktikum_ws/install/robprakt/bin'
[2.114s] Level 1:colcon.colcon_core.environment:create_environment_scripts_only(robprakt)
[2.115s] INFO:colcon.colcon_core.shell:Creating package script '/home/praktikum4/praktikum_ws/install/robprakt/share/robprakt/package.ps1'
[2.115s] INFO:colcon.colcon_core.shell:Creating package descriptor '/home/praktikum4/praktikum_ws/install/robprakt/share/robprakt/package.dsv'
[2.116s] INFO:colcon.colcon_core.shell:Creating package script '/home/praktikum4/praktikum_ws/install/robprakt/share/robprakt/package.sh'
[2.116s] INFO:colcon.colcon_core.shell:Creating package script '/home/praktikum4/praktikum_ws/install/robprakt/share/robprakt/package.bash'
[2.116s] INFO:colcon.colcon_core.shell:Creating package script '/home/praktikum4/praktikum_ws/install/robprakt/share/robprakt/package.zsh'
[2.116s] Level 1:colcon.colcon_core.environment:create_file_with_runtime_dependencies(/home/praktikum4/praktikum_ws/install/robprakt/share/colcon-core/packages/robprakt)
[2.116s] DEBUG:colcon.colcon_parallel_executor.executor.parallel:closing loop
[2.117s] DEBUG:colcon.colcon_parallel_executor.executor.parallel:loop closed
[2.117s] DEBUG:colcon.colcon_parallel_executor.executor.parallel:run_until_complete finished with '0'
[2.117s] DEBUG:colcon.colcon_core.event_reactor:joining thread
[2.121s] INFO:colcon.colcon_core.plugin_system:Skipping extension 'colcon_notification.desktop_notification.terminal_notifier': Not used on non-Darwin systems
[2.121s] INFO:colcon.colcon_core.plugin_system:Skipping extension 'colcon_notification.desktop_notification.win32': Not used on non-Windows systems
[2.121s] INFO:colcon.colcon_notification.desktop_notification:Sending desktop notification using 'notify2'
[2.129s] DEBUG:colcon.colcon_core.event_reactor:joined thread
[2.130s] INFO:colcon.colcon_core.shell:Creating prefix script '/home/praktikum4/praktikum_ws/install/local_setup.ps1'
[2.130s] INFO:colcon.colcon_core.shell:Creating prefix util module '/home/praktikum4/praktikum_ws/install/_local_setup_util_ps1.py'
[2.131s] INFO:colcon.colcon_core.shell:Creating prefix chain script '/home/praktikum4/praktikum_ws/install/setup.ps1'
[2.133s] INFO:colcon.colcon_core.shell:Creating prefix script '/home/praktikum4/praktikum_ws/install/local_setup.sh'
[2.133s] INFO:colcon.colcon_core.shell:Creating prefix util module '/home/praktikum4/praktikum_ws/install/_local_setup_util_sh.py'
[2.133s] INFO:colcon.colcon_core.shell:Creating prefix chain script '/home/praktikum4/praktikum_ws/install/setup.sh'
[2.135s] INFO:colcon.colcon_core.shell:Creating prefix script '/home/praktikum4/praktikum_ws/install/local_setup.bash'
[2.135s] INFO:colcon.colcon_core.shell:Creating prefix chain script '/home/praktikum4/praktikum_ws/install/setup.bash'
[2.137s] INFO:colcon.colcon_core.shell:Creating prefix script '/home/praktikum4/praktikum_ws/install/local_setup.zsh'
[2.137s] INFO:colcon.colcon_core.shell:Creating prefix chain script '/home/praktikum4/praktikum_ws/install/setup.zsh'
