[0.025s] Invoking command in '/home/rob/praktikum_ws/build/robprakt_interfaces': CMAKE_PREFIX_PATH=${CMAKE_PREFIX_PATH}:/home/rob/praktikum_ws/install/robprakt:/opt/ros/galactic /usr/bin/cmake /home/rob/praktikum_ws/src/robprakt_interfaces -DCMAKE_INSTALL_PREFIX=/home/rob/praktikum_ws/install/robprakt_interfaces
[0.045s] -- Found ament_cmake: 1.1.5 (/opt/ros/galactic/share/ament_cmake/cmake)
[0.076s] -- Found PythonInterp: /usr/bin/python3 (found suitable version "3.8.10", minimum required is "3") 
[0.076s] -- Using PYTHON_EXECUTABLE: /usr/bin/python3
[0.153s] -- Found rosidl_default_generators: 1.1.1 (/opt/ros/galactic/share/rosidl_default_generators/cmake)
[0.157s] -- Using all available rosidl_typesupport_c: rosidl_typesupport_fastrtps_c;rosidl_typesupport_introspection_c
[0.162s] -- Found rosidl_adapter: 2.2.2 (/opt/ros/galactic/share/rosidl_adapter/cmake)
[0.349s] -- Using all available rosidl_typesupport_cpp: rosidl_typesupport_fastrtps_cpp;rosidl_typesupport_introspection_cpp
[0.413s] -- Found PythonInterp: /usr/bin/python3 (found version "3.8.10") 
[0.656s] CMake Error at /opt/ros/galactic/share/rosidl_adapter/cmake/rosidl_adapt_interfaces.cmake:60 (message):
[0.656s]   execute_process(/usr/bin/python3 -m rosidl_adapter --package-name
[0.656s]   robprakt_interfaces --arguments-file
[0.658s]   /home/rob/praktikum_ws/build/robprakt_interfaces/rosidl_adapter__arguments__robprakt_interfaces.json
[0.659s]   --output-dir
[0.659s]   /home/rob/praktikum_ws/build/robprakt_interfaces/rosidl_adapter/robprakt_interfaces
[0.659s]   --output-file
[0.659s]   /home/rob/praktikum_ws/build/robprakt_interfaces/rosidl_adapter/robprakt_interfaces.idls)
[0.659s]   returned error code 1:
[0.659s] 
[0.659s]   Traceback (most recent call last):
[0.659s] 
[0.659s]     File "/usr/lib/python3.8/runpy.py", line 194, in _run_module_as_main
[0.660s]       return _run_code(code, main_globals, None,
[0.660s]     File "/usr/lib/python3.8/runpy.py", line 87, in _run_code
[0.660s]       exec(code, run_globals)
[0.660s]     File "/opt/ros/galactic/lib/python3.8/site-packages/rosidl_adapter/__main__.py", line 19, in <module>
[0.660s]       sys.exit(main())
[0.660s]     File "/opt/ros/galactic/lib/python3.8/site-packages/rosidl_adapter/main.py", line 53, in main
[0.660s]       abs_idl_file = convert_to_idl(
[0.660s]     File "/opt/ros/galactic/lib/python3.8/site-packages/rosidl_adapter/__init__.py", line 24, in convert_to_idl
[0.660s]       return convert_srv_to_idl(
[0.660s]     File "/opt/ros/galactic/lib/python3.8/site-packages/rosidl_adapter/srv/__init__.py", line 28, in convert_srv_to_idl
[0.661s]       srv = parse_service_string(package_name, input_file.stem, content)
[0.661s]     File "/opt/ros/galactic/lib/python3.8/site-packages/rosidl_adapter/parser.py", line 852, in parse_service_string
[0.661s]       request_message = parse_message_string(
[0.661s]     File "/opt/ros/galactic/lib/python3.8/site-packages/rosidl_adapter/parser.py", line 540, in parse_message_string
[0.661s]       msg = MessageSpecification(pkg_name, msg_name, fields, constants)
[0.661s]     File "/opt/ros/galactic/lib/python3.8/site-packages/rosidl_adapter/parser.py", line 387, in __init__
[0.669s]       self.base_type = BaseType(
[0.669s]     File "/opt/ros/galactic/lib/python3.8/site-packages/rosidl_adapter/parser.py", line 204, in __init__
[0.669s]       raise InvalidResourceName(
[0.669s] 
[0.670s]   rosidl_adapter.parser.InvalidResourceName: 'seturio_Request' is an invalid
[0.670s]   message name.  It should have the pattern '^[A-Z][A-Za-z0-9]*$'
[0.670s] 
[0.670s] Call Stack (most recent call first):
[0.670s]   /opt/ros/galactic/share/rosidl_cmake/cmake/rosidl_generate_interfaces.cmake:130 (rosidl_adapt_interfaces)
[0.670s]   CMakeLists.txt:16 (rosidl_generate_interfaces)
[0.670s] 
[0.670s] 
[0.670s] -- Configuring incomplete, errors occurred!
[0.670s] See also "/home/rob/praktikum_ws/build/robprakt_interfaces/CMakeFiles/CMakeOutput.log".
[0.671s] Invoked command in '/home/rob/praktikum_ws/build/robprakt_interfaces' returned '1': CMAKE_PREFIX_PATH=${CMAKE_PREFIX_PATH}:/home/rob/praktikum_ws/install/robprakt:/opt/ros/galactic /usr/bin/cmake /home/rob/praktikum_ws/src/robprakt_interfaces -DCMAKE_INSTALL_PREFIX=/home/rob/praktikum_ws/install/robprakt_interfaces
