[0.262s] DEBUG:colcon:Command line arguments: ['/usr/bin/colcon', 'build']
[0.263s] DEBUG:colcon:Parsed command line arguments: Namespace(allow_overriding=[], ament_cmake_args=None, base_paths=['.'], build_base='build', catkin_cmake_args=None, catkin_skip_building_tests=False, cmake_args=None, cmake_clean_cache=False, cmake_clean_first=False, cmake_force_configure=False, cmake_target=None, cmake_target_skip_unavailable=False, continue_on_error=False, event_handlers=None, executor='parallel', ignore_user_meta=False, install_base='install', log_base=None, log_level=None, main=<bound method BuildVerb.main of <colcon_core.verb.build.BuildVerb object at 0x7f35a9e41400>>, merge_install=False, metas=['./colcon.meta'], mixin=None, mixin_files=None, mixin_verb=('build',), packages_above=None, packages_above_and_dependencies=None, packages_above_depth=None, packages_end=None, packages_ignore=None, packages_ignore_regex=None, packages_select=None, packages_select_build_failed=False, packages_select_by_dep=None, packages_select_regex=None, packages_select_test_failures=False, packages_skip=None, packages_skip_build_finished=False, packages_skip_by_dep=None, packages_skip_regex=None, packages_skip_test_passed=False, packages_skip_up_to=None, packages_start=None, packages_up_to=None, packages_up_to_regex=None, parallel_workers=1, paths=None, symlink_install=False, test_result_base=None, verb_extension=<colcon_core.verb.build.BuildVerb object at 0x7f35a9e41400>, verb_name='build', verb_parser=<colcon_mixin.mixin.mixin_argument.MixinArgumentDecorator object at 0x7f35a9e41a60>)
[0.294s] Level 1:colcon.colcon_core.package_discovery:discover_packages(colcon_meta) check parameters
[0.294s] Level 1:colcon.colcon_core.package_discovery:discover_packages(recursive) check parameters
[0.294s] Level 1:colcon.colcon_core.package_discovery:discover_packages(ignore) check parameters
[0.294s] Level 1:colcon.colcon_core.package_discovery:discover_packages(path) check parameters
[0.294s] Level 1:colcon.colcon_core.package_discovery:discover_packages(colcon_meta) discover
[0.294s] Level 1:colcon.colcon_core.package_discovery:discover_packages(recursive) discover
[0.294s] INFO:colcon.colcon_core.package_discovery:Crawling recursively for packages in '/home/rob/praktikum_ws'
[0.294s] Level 1:colcon.colcon_core.package_identification:_identify(.) by extensions ['ignore', 'ignore_ament_install']
[0.295s] Level 1:colcon.colcon_core.package_identification:_identify(.) by extension 'ignore'
[0.295s] Level 1:colcon.colcon_core.package_identification:_identify(.) by extension 'ignore_ament_install'
[0.295s] Level 1:colcon.colcon_core.package_identification:_identify(.) by extensions ['colcon_pkg']
[0.295s] Level 1:colcon.colcon_core.package_identification:_identify(.) by extension 'colcon_pkg'
[0.295s] Level 1:colcon.colcon_core.package_identification:_identify(.) by extensions ['colcon_meta']
[0.295s] Level 1:colcon.colcon_core.package_identification:_identify(.) by extension 'colcon_meta'
[0.295s] Level 1:colcon.colcon_core.package_identification:_identify(.) by extensions ['ros']
[0.295s] Level 1:colcon.colcon_core.package_identification:_identify(.) by extension 'ros'
[0.317s] Level 1:colcon.colcon_core.package_identification:_identify(.) by extensions ['cmake', 'python']
[0.317s] Level 1:colcon.colcon_core.package_identification:_identify(.) by extension 'cmake'
[0.317s] Level 1:colcon.colcon_core.package_identification:_identify(.) by extension 'python'
[0.317s] Level 1:colcon.colcon_core.package_identification:_identify(.) by extensions ['python_setup_py']
[0.317s] Level 1:colcon.colcon_core.package_identification:_identify(.) by extension 'python_setup_py'
[0.317s] Level 1:colcon.colcon_core.package_identification:_identify(build) by extensions ['ignore', 'ignore_ament_install']
[0.318s] Level 1:colcon.colcon_core.package_identification:_identify(build) by extension 'ignore'
[0.318s] Level 1:colcon.colcon_core.package_identification:_identify(build) ignored
[0.318s] Level 1:colcon.colcon_core.package_identification:_identify(install) by extensions ['ignore', 'ignore_ament_install']
[0.318s] Level 1:colcon.colcon_core.package_identification:_identify(install) by extension 'ignore'
[0.318s] Level 1:colcon.colcon_core.package_identification:_identify(install) ignored
[0.318s] Level 1:colcon.colcon_core.package_identification:_identify(log) by extensions ['ignore', 'ignore_ament_install']
[0.318s] Level 1:colcon.colcon_core.package_identification:_identify(log) by extension 'ignore'
[0.318s] Level 1:colcon.colcon_core.package_identification:_identify(log) ignored
[0.318s] Level 1:colcon.colcon_core.package_identification:_identify(src) by extensions ['ignore', 'ignore_ament_install']
[0.318s] Level 1:colcon.colcon_core.package_identification:_identify(src) by extension 'ignore'
[0.318s] Level 1:colcon.colcon_core.package_identification:_identify(src) by extension 'ignore_ament_install'
[0.318s] Level 1:colcon.colcon_core.package_identification:_identify(src) by extensions ['colcon_pkg']
[0.319s] Level 1:colcon.colcon_core.package_identification:_identify(src) by extension 'colcon_pkg'
[0.319s] Level 1:colcon.colcon_core.package_identification:_identify(src) by extensions ['colcon_meta']
[0.319s] Level 1:colcon.colcon_core.package_identification:_identify(src) by extension 'colcon_meta'
[0.319s] Level 1:colcon.colcon_core.package_identification:_identify(src) by extensions ['ros']
[0.319s] Level 1:colcon.colcon_core.package_identification:_identify(src) by extension 'ros'
[0.319s] Level 1:colcon.colcon_core.package_identification:_identify(src) by extensions ['cmake', 'python']
[0.319s] Level 1:colcon.colcon_core.package_identification:_identify(src) by extension 'cmake'
[0.319s] Level 1:colcon.colcon_core.package_identification:_identify(src) by extension 'python'
[0.319s] Level 1:colcon.colcon_core.package_identification:_identify(src) by extensions ['python_setup_py']
[0.319s] Level 1:colcon.colcon_core.package_identification:_identify(src) by extension 'python_setup_py'
[0.319s] Level 1:colcon.colcon_core.package_identification:_identify(src/robprakt) by extensions ['ignore', 'ignore_ament_install']
[0.319s] Level 1:colcon.colcon_core.package_identification:_identify(src/robprakt) by extension 'ignore'
[0.319s] Level 1:colcon.colcon_core.package_identification:_identify(src/robprakt) by extension 'ignore_ament_install'
[0.319s] Level 1:colcon.colcon_core.package_identification:_identify(src/robprakt) by extensions ['colcon_pkg']
[0.319s] Level 1:colcon.colcon_core.package_identification:_identify(src/robprakt) by extension 'colcon_pkg'
[0.319s] Level 1:colcon.colcon_core.package_identification:_identify(src/robprakt) by extensions ['colcon_meta']
[0.319s] Level 1:colcon.colcon_core.package_identification:_identify(src/robprakt) by extension 'colcon_meta'
[0.320s] Level 1:colcon.colcon_core.package_identification:_identify(src/robprakt) by extensions ['ros']
[0.320s] Level 1:colcon.colcon_core.package_identification:_identify(src/robprakt) by extension 'ros'
[0.323s] DEBUG:colcon.colcon_core.package_identification:Package 'src/robprakt' with type 'ros.ament_python' and name 'robprakt'
[0.323s] Level 1:colcon.colcon_core.package_identification:_identify(src/robprakt_interfaces) by extensions ['ignore', 'ignore_ament_install']
[0.323s] Level 1:colcon.colcon_core.package_identification:_identify(src/robprakt_interfaces) by extension 'ignore'
[0.323s] Level 1:colcon.colcon_core.package_identification:_identify(src/robprakt_interfaces) by extension 'ignore_ament_install'
[0.323s] Level 1:colcon.colcon_core.package_identification:_identify(src/robprakt_interfaces) by extensions ['colcon_pkg']
[0.323s] Level 1:colcon.colcon_core.package_identification:_identify(src/robprakt_interfaces) by extension 'colcon_pkg'
[0.323s] Level 1:colcon.colcon_core.package_identification:_identify(src/robprakt_interfaces) by extensions ['colcon_meta']
[0.323s] Level 1:colcon.colcon_core.package_identification:_identify(src/robprakt_interfaces) by extension 'colcon_meta'
[0.323s] Level 1:colcon.colcon_core.package_identification:_identify(src/robprakt_interfaces) by extensions ['ros']
[0.323s] Level 1:colcon.colcon_core.package_identification:_identify(src/robprakt_interfaces) by extension 'ros'
[0.324s] DEBUG:colcon.colcon_core.package_identification:Package 'src/robprakt_interfaces' with type 'ros.ament_cmake' and name 'robprakt_interfaces'
[0.325s] Level 1:colcon.colcon_core.package_identification:_identify(src/vrpn-release) by extensions ['ignore', 'ignore_ament_install']
[0.325s] Level 1:colcon.colcon_core.package_identification:_identify(src/vrpn-release) by extension 'ignore'
[0.325s] Level 1:colcon.colcon_core.package_identification:_identify(src/vrpn-release) by extension 'ignore_ament_install'
[0.325s] Level 1:colcon.colcon_core.package_identification:_identify(src/vrpn-release) by extensions ['colcon_pkg']
[0.325s] Level 1:colcon.colcon_core.package_identification:_identify(src/vrpn-release) by extension 'colcon_pkg'
[0.325s] Level 1:colcon.colcon_core.package_identification:_identify(src/vrpn-release) by extensions ['colcon_meta']
[0.325s] Level 1:colcon.colcon_core.package_identification:_identify(src/vrpn-release) by extension 'colcon_meta'
[0.325s] Level 1:colcon.colcon_core.package_identification:_identify(src/vrpn-release) by extensions ['ros']
[0.325s] Level 1:colcon.colcon_core.package_identification:_identify(src/vrpn-release) by extension 'ros'
[0.326s] DEBUG:colcon.colcon_core.package_identification:Package 'src/vrpn-release' with type 'ros.cmake' and name 'vrpn'
[0.326s] Level 1:colcon.colcon_core.package_identification:_identify(src/vrpn_client_ros2) by extensions ['ignore', 'ignore_ament_install']
[0.326s] Level 1:colcon.colcon_core.package_identification:_identify(src/vrpn_client_ros2) by extension 'ignore'
[0.326s] Level 1:colcon.colcon_core.package_identification:_identify(src/vrpn_client_ros2) by extension 'ignore_ament_install'
[0.326s] Level 1:colcon.colcon_core.package_identification:_identify(src/vrpn_client_ros2) by extensions ['colcon_pkg']
[0.326s] Level 1:colcon.colcon_core.package_identification:_identify(src/vrpn_client_ros2) by extension 'colcon_pkg'
[0.326s] Level 1:colcon.colcon_core.package_identification:_identify(src/vrpn_client_ros2) by extensions ['colcon_meta']
[0.326s] Level 1:colcon.colcon_core.package_identification:_identify(src/vrpn_client_ros2) by extension 'colcon_meta'
[0.326s] Level 1:colcon.colcon_core.package_identification:_identify(src/vrpn_client_ros2) by extensions ['ros']
[0.326s] Level 1:colcon.colcon_core.package_identification:_identify(src/vrpn_client_ros2) by extension 'ros'
[0.328s] DEBUG:colcon.colcon_core.package_identification:Package 'src/vrpn_client_ros2' with type 'ros.ament_cmake' and name 'vrpn_client_ros'
[0.328s] Level 1:colcon.colcon_core.package_discovery:discover_packages(recursive) using defaults
[0.328s] Level 1:colcon.colcon_core.package_discovery:discover_packages(ignore) discover
[0.328s] Level 1:colcon.colcon_core.package_discovery:discover_packages(ignore) using defaults
[0.328s] Level 1:colcon.colcon_core.package_discovery:discover_packages(path) discover
[0.328s] Level 1:colcon.colcon_core.package_discovery:discover_packages(path) using defaults
[0.358s] Level 1:colcon.colcon_core.package_discovery:discover_packages(prefix_path) check parameters
[0.358s] Level 1:colcon.colcon_core.package_discovery:discover_packages(prefix_path) discover
[0.361s] DEBUG:colcon.colcon_installed_package_information.package_discovery:Found 4 installed packages in /home/rob/praktikum_ws/install
[0.364s] DEBUG:colcon.colcon_installed_package_information.package_discovery:Found 329 installed packages in /opt/ros/galactic
[0.368s] Level 1:colcon.colcon_core.package_discovery:discover_packages(prefix_path) using defaults
[0.493s] Level 5:colcon.colcon_core.verb:set package 'robprakt_interfaces' build argument 'cmake_args' from command line to 'None'
[0.493s] Level 5:colcon.colcon_core.verb:set package 'robprakt_interfaces' build argument 'cmake_target' from command line to 'None'
[0.493s] Level 5:colcon.colcon_core.verb:set package 'robprakt_interfaces' build argument 'cmake_target_skip_unavailable' from command line to 'False'
[0.493s] Level 5:colcon.colcon_core.verb:set package 'robprakt_interfaces' build argument 'cmake_clean_cache' from command line to 'False'
[0.493s] Level 5:colcon.colcon_core.verb:set package 'robprakt_interfaces' build argument 'cmake_clean_first' from command line to 'False'
[0.494s] Level 5:colcon.colcon_core.verb:set package 'robprakt_interfaces' build argument 'cmake_force_configure' from command line to 'False'
[0.494s] Level 5:colcon.colcon_core.verb:set package 'robprakt_interfaces' build argument 'ament_cmake_args' from command line to 'None'
[0.494s] Level 5:colcon.colcon_core.verb:set package 'robprakt_interfaces' build argument 'catkin_cmake_args' from command line to 'None'
[0.494s] Level 5:colcon.colcon_core.verb:set package 'robprakt_interfaces' build argument 'catkin_skip_building_tests' from command line to 'False'
[0.494s] DEBUG:colcon.colcon_core.verb:Building package 'robprakt_interfaces' with the following arguments: {'ament_cmake_args': None, 'build_base': '/home/rob/praktikum_ws/build/robprakt_interfaces', 'catkin_cmake_args': None, 'catkin_skip_building_tests': False, 'cmake_args': None, 'cmake_clean_cache': False, 'cmake_clean_first': False, 'cmake_force_configure': False, 'cmake_target': None, 'cmake_target_skip_unavailable': False, 'install_base': '/home/rob/praktikum_ws/install/robprakt_interfaces', 'merge_install': False, 'path': '/home/rob/praktikum_ws/src/robprakt_interfaces', 'symlink_install': False, 'test_result_base': None}
[0.495s] Level 5:colcon.colcon_core.verb:set package 'vrpn' build argument 'cmake_args' from command line to 'None'
[0.495s] Level 5:colcon.colcon_core.verb:set package 'vrpn' build argument 'cmake_target' from command line to 'None'
[0.495s] Level 5:colcon.colcon_core.verb:set package 'vrpn' build argument 'cmake_target_skip_unavailable' from command line to 'False'
[0.495s] Level 5:colcon.colcon_core.verb:set package 'vrpn' build argument 'cmake_clean_cache' from command line to 'False'
[0.496s] Level 5:colcon.colcon_core.verb:set package 'vrpn' build argument 'cmake_clean_first' from command line to 'False'
[0.496s] Level 5:colcon.colcon_core.verb:set package 'vrpn' build argument 'cmake_force_configure' from command line to 'False'
[0.496s] Level 5:colcon.colcon_core.verb:set package 'vrpn' build argument 'ament_cmake_args' from command line to 'None'
[0.496s] Level 5:colcon.colcon_core.verb:set package 'vrpn' build argument 'catkin_cmake_args' from command line to 'None'
[0.496s] Level 5:colcon.colcon_core.verb:set package 'vrpn' build argument 'catkin_skip_building_tests' from command line to 'False'
[0.496s] DEBUG:colcon.colcon_core.verb:Building package 'vrpn' with the following arguments: {'ament_cmake_args': None, 'build_base': '/home/rob/praktikum_ws/build/vrpn', 'catkin_cmake_args': None, 'catkin_skip_building_tests': False, 'cmake_args': None, 'cmake_clean_cache': False, 'cmake_clean_first': False, 'cmake_force_configure': False, 'cmake_target': None, 'cmake_target_skip_unavailable': False, 'install_base': '/home/rob/praktikum_ws/install/vrpn', 'merge_install': False, 'path': '/home/rob/praktikum_ws/src/vrpn-release', 'symlink_install': False, 'test_result_base': None}
[0.497s] Level 5:colcon.colcon_core.verb:set package 'vrpn_client_ros' build argument 'cmake_args' from command line to 'None'
[0.498s] Level 5:colcon.colcon_core.verb:set package 'vrpn_client_ros' build argument 'cmake_target' from command line to 'None'
[0.498s] Level 5:colcon.colcon_core.verb:set package 'vrpn_client_ros' build argument 'cmake_target_skip_unavailable' from command line to 'False'
[0.498s] Level 5:colcon.colcon_core.verb:set package 'vrpn_client_ros' build argument 'cmake_clean_cache' from command line to 'False'
[0.498s] Level 5:colcon.colcon_core.verb:set package 'vrpn_client_ros' build argument 'cmake_clean_first' from command line to 'False'
[0.498s] Level 5:colcon.colcon_core.verb:set package 'vrpn_client_ros' build argument 'cmake_force_configure' from command line to 'False'
[0.498s] Level 5:colcon.colcon_core.verb:set package 'vrpn_client_ros' build argument 'ament_cmake_args' from command line to 'None'
[0.498s] Level 5:colcon.colcon_core.verb:set package 'vrpn_client_ros' build argument 'catkin_cmake_args' from command line to 'None'
[0.498s] Level 5:colcon.colcon_core.verb:set package 'vrpn_client_ros' build argument 'catkin_skip_building_tests' from command line to 'False'
[0.498s] DEBUG:colcon.colcon_core.verb:Building package 'vrpn_client_ros' with the following arguments: {'ament_cmake_args': None, 'build_base': '/home/rob/praktikum_ws/build/vrpn_client_ros', 'catkin_cmake_args': None, 'catkin_skip_building_tests': False, 'cmake_args': None, 'cmake_clean_cache': False, 'cmake_clean_first': False, 'cmake_force_configure': False, 'cmake_target': None, 'cmake_target_skip_unavailable': False, 'install_base': '/home/rob/praktikum_ws/install/vrpn_client_ros', 'merge_install': False, 'path': '/home/rob/praktikum_ws/src/vrpn_client_ros2', 'symlink_install': False, 'test_result_base': None}
[0.501s] Level 5:colcon.colcon_core.verb:set package 'robprakt' build argument 'cmake_args' from command line to 'None'
[0.501s] Level 5:colcon.colcon_core.verb:set package 'robprakt' build argument 'cmake_target' from command line to 'None'
[0.501s] Level 5:colcon.colcon_core.verb:set package 'robprakt' build argument 'cmake_target_skip_unavailable' from command line to 'False'
[0.501s] Level 5:colcon.colcon_core.verb:set package 'robprakt' build argument 'cmake_clean_cache' from command line to 'False'
[0.501s] Level 5:colcon.colcon_core.verb:set package 'robprakt' build argument 'cmake_clean_first' from command line to 'False'
[0.502s] Level 5:colcon.colcon_core.verb:set package 'robprakt' build argument 'cmake_force_configure' from command line to 'False'
[0.502s] Level 5:colcon.colcon_core.verb:set package 'robprakt' build argument 'ament_cmake_args' from command line to 'None'
[0.502s] Level 5:colcon.colcon_core.verb:set package 'robprakt' build argument 'catkin_cmake_args' from command line to 'None'
[0.502s] Level 5:colcon.colcon_core.verb:set package 'robprakt' build argument 'catkin_skip_building_tests' from command line to 'False'
[0.502s] DEBUG:colcon.colcon_core.verb:Building package 'robprakt' with the following arguments: {'ament_cmake_args': None, 'build_base': '/home/rob/praktikum_ws/build/robprakt', 'catkin_cmake_args': None, 'catkin_skip_building_tests': False, 'cmake_args': None, 'cmake_clean_cache': False, 'cmake_clean_first': False, 'cmake_force_configure': False, 'cmake_target': None, 'cmake_target_skip_unavailable': False, 'install_base': '/home/rob/praktikum_ws/install/robprakt', 'merge_install': False, 'path': '/home/rob/praktikum_ws/src/robprakt', 'symlink_install': False, 'test_result_base': None}
[0.504s] INFO:colcon.colcon_core.executor:Executing jobs using 'parallel' executor
[0.514s] DEBUG:colcon.colcon_parallel_executor.executor.parallel:run_until_complete
[0.514s] INFO:colcon.colcon_ros.task.ament_cmake.build:Building ROS package in '/home/rob/praktikum_ws/src/robprakt_interfaces' with build type 'ament_cmake'
[0.514s] INFO:colcon.colcon_cmake.task.cmake.build:Building CMake package in '/home/rob/praktikum_ws/src/robprakt_interfaces'
[0.522s] INFO:colcon.colcon_core.plugin_system:Skipping extension 'colcon_core.shell.bat': Not used on non-Windows systems
[0.522s] INFO:colcon.colcon_core.shell:Skip shell extension 'powershell' for command environment: Not usable outside of PowerShell
[0.522s] DEBUG:colcon.colcon_core.shell:Skip shell extension 'dsv' for command environment
[0.545s] DEBUG:colcon.colcon_core.event_handler.log_command:Invoking command in '/home/rob/praktikum_ws/build/robprakt_interfaces': CMAKE_PREFIX_PATH=${CMAKE_PREFIX_PATH}:/home/rob/praktikum_ws/install/robprakt:/opt/ros/galactic /usr/bin/cmake --build /home/rob/praktikum_ws/build/robprakt_interfaces -- -j1 -l1
[0.917s] DEBUG:colcon.colcon_core.event_handler.log_command:Invoked command in '/home/rob/praktikum_ws/build/robprakt_interfaces' returned '0': CMAKE_PREFIX_PATH=${CMAKE_PREFIX_PATH}:/home/rob/praktikum_ws/install/robprakt:/opt/ros/galactic /usr/bin/cmake --build /home/rob/praktikum_ws/build/robprakt_interfaces -- -j1 -l1
[0.980s] DEBUG:colcon.colcon_core.event_handler.log_command:Invoking command in '/home/rob/praktikum_ws/build/robprakt_interfaces': CMAKE_PREFIX_PATH=${CMAKE_PREFIX_PATH}:/home/rob/praktikum_ws/install/robprakt:/opt/ros/galactic /usr/bin/cmake --install /home/rob/praktikum_ws/build/robprakt_interfaces
[1.055s] Level 1:colcon.colcon_core.environment:create_environment_scripts_only(robprakt_interfaces)
[1.062s] Level 1:colcon.colcon_core.environment:checking '/home/rob/praktikum_ws/install/robprakt_interfaces' for CMake module files
[1.063s] Level 1:colcon.colcon_core.environment:checking '/home/rob/praktikum_ws/install/robprakt_interfaces' for CMake config files
[1.063s] Level 1:colcon.colcon_core.shell:create_environment_hook('robprakt_interfaces', 'cmake_prefix_path')
[1.066s] INFO:colcon.colcon_core.shell:Creating environment hook '/home/rob/praktikum_ws/install/robprakt_interfaces/share/robprakt_interfaces/hook/cmake_prefix_path.ps1'
[1.066s] INFO:colcon.colcon_core.shell:Creating environment descriptor '/home/rob/praktikum_ws/install/robprakt_interfaces/share/robprakt_interfaces/hook/cmake_prefix_path.dsv'
[1.067s] DEBUG:colcon.colcon_core.event_handler.log_command:Invoked command in '/home/rob/praktikum_ws/build/robprakt_interfaces' returned '0': CMAKE_PREFIX_PATH=${CMAKE_PREFIX_PATH}:/home/rob/praktikum_ws/install/robprakt:/opt/ros/galactic /usr/bin/cmake --install /home/rob/praktikum_ws/build/robprakt_interfaces
[1.068s] INFO:colcon.colcon_core.shell:Creating environment hook '/home/rob/praktikum_ws/install/robprakt_interfaces/share/robprakt_interfaces/hook/cmake_prefix_path.sh'
[1.069s] Level 1:colcon.colcon_core.environment:checking '/home/rob/praktikum_ws/install/robprakt_interfaces/lib'
[1.069s] Level 1:colcon.colcon_core.shell:create_environment_hook('robprakt_interfaces', 'ld_library_path_lib')
[1.071s] INFO:colcon.colcon_core.shell:Creating environment hook '/home/rob/praktikum_ws/install/robprakt_interfaces/share/robprakt_interfaces/hook/ld_library_path_lib.ps1'
[1.071s] INFO:colcon.colcon_core.shell:Creating environment descriptor '/home/rob/praktikum_ws/install/robprakt_interfaces/share/robprakt_interfaces/hook/ld_library_path_lib.dsv'
[1.072s] INFO:colcon.colcon_core.shell:Creating environment hook '/home/rob/praktikum_ws/install/robprakt_interfaces/share/robprakt_interfaces/hook/ld_library_path_lib.sh'
[1.073s] Level 1:colcon.colcon_core.environment:checking '/home/rob/praktikum_ws/install/robprakt_interfaces/bin'
[1.073s] Level 1:colcon.colcon_core.environment:checking '/home/rob/praktikum_ws/install/robprakt_interfaces/lib/pkgconfig/robprakt_interfaces.pc'
[1.073s] Level 1:colcon.colcon_core.environment:checking '/home/rob/praktikum_ws/install/robprakt_interfaces/lib/python3.8/site-packages'
[1.073s] Level 1:colcon.colcon_core.shell:create_environment_hook('robprakt_interfaces', 'pythonpath')
[1.075s] INFO:colcon.colcon_core.shell:Creating environment hook '/home/rob/praktikum_ws/install/robprakt_interfaces/share/robprakt_interfaces/hook/pythonpath.ps1'
[1.076s] INFO:colcon.colcon_core.shell:Creating environment descriptor '/home/rob/praktikum_ws/install/robprakt_interfaces/share/robprakt_interfaces/hook/pythonpath.dsv'
[1.076s] INFO:colcon.colcon_core.shell:Creating environment hook '/home/rob/praktikum_ws/install/robprakt_interfaces/share/robprakt_interfaces/hook/pythonpath.sh'
[1.077s] Level 1:colcon.colcon_core.environment:checking '/home/rob/praktikum_ws/install/robprakt_interfaces/bin'
[1.079s] INFO:colcon.colcon_core.shell:Creating package script '/home/rob/praktikum_ws/install/robprakt_interfaces/share/robprakt_interfaces/package.ps1'
[1.080s] INFO:colcon.colcon_core.shell:Creating package descriptor '/home/rob/praktikum_ws/install/robprakt_interfaces/share/robprakt_interfaces/package.dsv'
[1.081s] INFO:colcon.colcon_core.shell:Creating package script '/home/rob/praktikum_ws/install/robprakt_interfaces/share/robprakt_interfaces/package.sh'
[1.082s] INFO:colcon.colcon_core.shell:Creating package script '/home/rob/praktikum_ws/install/robprakt_interfaces/share/robprakt_interfaces/package.bash'
[1.084s] INFO:colcon.colcon_core.shell:Creating package script '/home/rob/praktikum_ws/install/robprakt_interfaces/share/robprakt_interfaces/package.zsh'
[1.085s] Level 1:colcon.colcon_core.environment:create_file_with_runtime_dependencies(/home/rob/praktikum_ws/install/robprakt_interfaces/share/colcon-core/packages/robprakt_interfaces)
[1.136s] Level 1:colcon.colcon_core.environment:create_environment_scripts_only(robprakt_interfaces)
[1.139s] Level 1:colcon.colcon_core.environment:checking '/home/rob/praktikum_ws/install/robprakt_interfaces' for CMake module files
[1.140s] Level 1:colcon.colcon_core.environment:checking '/home/rob/praktikum_ws/install/robprakt_interfaces' for CMake config files
[1.140s] Level 1:colcon.colcon_core.shell:create_environment_hook('robprakt_interfaces', 'cmake_prefix_path')
[1.143s] INFO:colcon.colcon_core.shell:Creating environment hook '/home/rob/praktikum_ws/install/robprakt_interfaces/share/robprakt_interfaces/hook/cmake_prefix_path.ps1'
[1.143s] INFO:colcon.colcon_core.shell:Creating environment descriptor '/home/rob/praktikum_ws/install/robprakt_interfaces/share/robprakt_interfaces/hook/cmake_prefix_path.dsv'
[1.144s] INFO:colcon.colcon_core.shell:Creating environment hook '/home/rob/praktikum_ws/install/robprakt_interfaces/share/robprakt_interfaces/hook/cmake_prefix_path.sh'
[1.144s] Level 1:colcon.colcon_core.environment:checking '/home/rob/praktikum_ws/install/robprakt_interfaces/lib'
[1.145s] Level 1:colcon.colcon_core.shell:create_environment_hook('robprakt_interfaces', 'ld_library_path_lib')
[1.147s] INFO:colcon.colcon_core.shell:Creating environment hook '/home/rob/praktikum_ws/install/robprakt_interfaces/share/robprakt_interfaces/hook/ld_library_path_lib.ps1'
[1.147s] INFO:colcon.colcon_core.shell:Creating environment descriptor '/home/rob/praktikum_ws/install/robprakt_interfaces/share/robprakt_interfaces/hook/ld_library_path_lib.dsv'
[1.148s] INFO:colcon.colcon_core.shell:Creating environment hook '/home/rob/praktikum_ws/install/robprakt_interfaces/share/robprakt_interfaces/hook/ld_library_path_lib.sh'
[1.148s] Level 1:colcon.colcon_core.environment:checking '/home/rob/praktikum_ws/install/robprakt_interfaces/bin'
[1.148s] Level 1:colcon.colcon_core.environment:checking '/home/rob/praktikum_ws/install/robprakt_interfaces/lib/pkgconfig/robprakt_interfaces.pc'
[1.148s] Level 1:colcon.colcon_core.environment:checking '/home/rob/praktikum_ws/install/robprakt_interfaces/lib/python3.8/site-packages'
[1.149s] Level 1:colcon.colcon_core.shell:create_environment_hook('robprakt_interfaces', 'pythonpath')
[1.151s] INFO:colcon.colcon_core.shell:Creating environment hook '/home/rob/praktikum_ws/install/robprakt_interfaces/share/robprakt_interfaces/hook/pythonpath.ps1'
[1.151s] INFO:colcon.colcon_core.shell:Creating environment descriptor '/home/rob/praktikum_ws/install/robprakt_interfaces/share/robprakt_interfaces/hook/pythonpath.dsv'
[1.151s] INFO:colcon.colcon_core.shell:Creating environment hook '/home/rob/praktikum_ws/install/robprakt_interfaces/share/robprakt_interfaces/hook/pythonpath.sh'
[1.152s] Level 1:colcon.colcon_core.environment:checking '/home/rob/praktikum_ws/install/robprakt_interfaces/bin'
[1.154s] INFO:colcon.colcon_core.shell:Creating package script '/home/rob/praktikum_ws/install/robprakt_interfaces/share/robprakt_interfaces/package.ps1'
[1.155s] INFO:colcon.colcon_core.shell:Creating package descriptor '/home/rob/praktikum_ws/install/robprakt_interfaces/share/robprakt_interfaces/package.dsv'
[1.156s] INFO:colcon.colcon_core.shell:Creating package script '/home/rob/praktikum_ws/install/robprakt_interfaces/share/robprakt_interfaces/package.sh'
[1.156s] INFO:colcon.colcon_core.shell:Creating package script '/home/rob/praktikum_ws/install/robprakt_interfaces/share/robprakt_interfaces/package.bash'
[1.157s] INFO:colcon.colcon_core.shell:Creating package script '/home/rob/praktikum_ws/install/robprakt_interfaces/share/robprakt_interfaces/package.zsh'
[1.157s] Level 1:colcon.colcon_core.environment:create_file_with_runtime_dependencies(/home/rob/praktikum_ws/install/robprakt_interfaces/share/colcon-core/packages/robprakt_interfaces)
[1.158s] INFO:colcon.colcon_ros.task.cmake.build:Building ROS package in '/home/rob/praktikum_ws/src/vrpn-release' with build type 'cmake'
[1.159s] INFO:colcon.colcon_cmake.task.cmake.build:Building CMake package in '/home/rob/praktikum_ws/src/vrpn-release'
[1.161s] INFO:colcon.colcon_core.shell:Skip shell extension 'powershell' for command environment: Not usable outside of PowerShell
[1.161s] DEBUG:colcon.colcon_core.shell:Skip shell extension 'dsv' for command environment
[1.174s] DEBUG:colcon.colcon_core.event_handler.log_command:Invoking command in '/home/rob/praktikum_ws/build/vrpn': CMAKE_PREFIX_PATH=${CMAKE_PREFIX_PATH}:/home/rob/praktikum_ws/install/robprakt:/opt/ros/galactic /usr/bin/cmake --build /home/rob/praktikum_ws/build/vrpn -- -j1 -l1
[1.572s] DEBUG:colcon.colcon_core.event_handler.log_command:Invoked command in '/home/rob/praktikum_ws/build/vrpn' returned '0': CMAKE_PREFIX_PATH=${CMAKE_PREFIX_PATH}:/home/rob/praktikum_ws/install/robprakt:/opt/ros/galactic /usr/bin/cmake --build /home/rob/praktikum_ws/build/vrpn -- -j1 -l1
[1.854s] DEBUG:colcon.colcon_core.event_handler.log_command:Invoking command in '/home/rob/praktikum_ws/build/vrpn': CMAKE_PREFIX_PATH=${CMAKE_PREFIX_PATH}:/home/rob/praktikum_ws/install/robprakt:/opt/ros/galactic /usr/bin/cmake --install /home/rob/praktikum_ws/build/vrpn
[1.926s] DEBUG:colcon.colcon_core.event_handler.log_command:Invoked command in '/home/rob/praktikum_ws/build/vrpn' returned '0': CMAKE_PREFIX_PATH=${CMAKE_PREFIX_PATH}:/home/rob/praktikum_ws/install/robprakt:/opt/ros/galactic /usr/bin/cmake --install /home/rob/praktikum_ws/build/vrpn
[2.214s] Level 1:colcon.colcon_core.shell:create_environment_hook('vrpn', 'pkg_config_path')
[2.216s] INFO:colcon.colcon_core.shell:Creating environment hook '/home/rob/praktikum_ws/install/vrpn/share/vrpn/hook/pkg_config_path.ps1'
[2.219s] INFO:colcon.colcon_core.shell:Creating environment descriptor '/home/rob/praktikum_ws/install/vrpn/share/vrpn/hook/pkg_config_path.dsv'
[2.219s] INFO:colcon.colcon_core.shell:Creating environment hook '/home/rob/praktikum_ws/install/vrpn/share/vrpn/hook/pkg_config_path.sh'
[2.223s] Level 1:colcon.colcon_core.shell:create_environment_hook('vrpn', 'pkg_config_path_multiarch')
[2.225s] INFO:colcon.colcon_core.shell:Creating environment hook '/home/rob/praktikum_ws/install/vrpn/share/vrpn/hook/pkg_config_path_multiarch.ps1'
[2.226s] INFO:colcon.colcon_core.shell:Creating environment descriptor '/home/rob/praktikum_ws/install/vrpn/share/vrpn/hook/pkg_config_path_multiarch.dsv'
[2.227s] INFO:colcon.colcon_core.shell:Creating environment hook '/home/rob/praktikum_ws/install/vrpn/share/vrpn/hook/pkg_config_path_multiarch.sh'
[2.228s] Level 1:colcon.colcon_core.environment:create_environment_scripts_only(vrpn)
[2.231s] Level 1:colcon.colcon_core.environment:checking '/home/rob/praktikum_ws/install/vrpn' for CMake module files
[2.231s] Level 1:colcon.colcon_core.environment:checking '/home/rob/praktikum_ws/install/vrpn' for CMake config files
[2.232s] Level 1:colcon.colcon_core.shell:create_environment_hook('vrpn', 'cmake_prefix_path')
[2.234s] INFO:colcon.colcon_core.shell:Creating environment hook '/home/rob/praktikum_ws/install/vrpn/share/vrpn/hook/cmake_prefix_path.ps1'
[2.234s] INFO:colcon.colcon_core.shell:Creating environment descriptor '/home/rob/praktikum_ws/install/vrpn/share/vrpn/hook/cmake_prefix_path.dsv'
[2.235s] INFO:colcon.colcon_core.shell:Creating environment hook '/home/rob/praktikum_ws/install/vrpn/share/vrpn/hook/cmake_prefix_path.sh'
[2.235s] Level 1:colcon.colcon_core.environment:checking '/home/rob/praktikum_ws/install/vrpn/lib'
[2.235s] Level 1:colcon.colcon_core.environment:checking '/home/rob/praktikum_ws/install/vrpn/bin'
[2.235s] Level 1:colcon.colcon_core.shell:create_environment_hook('vrpn', 'path')
[2.238s] INFO:colcon.colcon_core.shell:Creating environment hook '/home/rob/praktikum_ws/install/vrpn/share/vrpn/hook/path.ps1'
[2.238s] INFO:colcon.colcon_core.shell:Creating environment descriptor '/home/rob/praktikum_ws/install/vrpn/share/vrpn/hook/path.dsv'
[2.238s] INFO:colcon.colcon_core.shell:Creating environment hook '/home/rob/praktikum_ws/install/vrpn/share/vrpn/hook/path.sh'
[2.239s] Level 1:colcon.colcon_core.environment:checking '/home/rob/praktikum_ws/install/vrpn/lib/pkgconfig/vrpn.pc'
[2.239s] Level 1:colcon.colcon_core.environment:checking '/home/rob/praktikum_ws/install/vrpn/lib/python3.8/site-packages'
[2.239s] Level 1:colcon.colcon_core.environment:checking '/home/rob/praktikum_ws/install/vrpn/bin'
[2.240s] Level 1:colcon.colcon_core.shell:create_environment_hook('vrpn', 'pythonscriptspath')
[2.241s] INFO:colcon.colcon_core.shell:Creating environment hook '/home/rob/praktikum_ws/install/vrpn/share/vrpn/hook/pythonscriptspath.ps1'
[2.242s] INFO:colcon.colcon_core.shell:Creating environment descriptor '/home/rob/praktikum_ws/install/vrpn/share/vrpn/hook/pythonscriptspath.dsv'
[2.242s] INFO:colcon.colcon_core.shell:Creating environment hook '/home/rob/praktikum_ws/install/vrpn/share/vrpn/hook/pythonscriptspath.sh'
[2.245s] INFO:colcon.colcon_core.shell:Creating package script '/home/rob/praktikum_ws/install/vrpn/share/vrpn/package.ps1'
[2.246s] INFO:colcon.colcon_core.shell:Creating package descriptor '/home/rob/praktikum_ws/install/vrpn/share/vrpn/package.dsv'
[2.246s] INFO:colcon.colcon_core.shell:Creating package script '/home/rob/praktikum_ws/install/vrpn/share/vrpn/package.sh'
[2.247s] INFO:colcon.colcon_core.shell:Creating package script '/home/rob/praktikum_ws/install/vrpn/share/vrpn/package.bash'
[2.247s] INFO:colcon.colcon_core.shell:Creating package script '/home/rob/praktikum_ws/install/vrpn/share/vrpn/package.zsh'
[2.248s] Level 1:colcon.colcon_core.environment:create_file_with_runtime_dependencies(/home/rob/praktikum_ws/install/vrpn/share/colcon-core/packages/vrpn)
[2.249s] INFO:colcon.colcon_ros.task.ament_cmake.build:Building ROS package in '/home/rob/praktikum_ws/src/vrpn_client_ros2' with build type 'ament_cmake'
[2.249s] INFO:colcon.colcon_cmake.task.cmake.build:Building CMake package in '/home/rob/praktikum_ws/src/vrpn_client_ros2'
[2.251s] INFO:colcon.colcon_core.shell:Skip shell extension 'powershell' for command environment: Not usable outside of PowerShell
[2.251s] DEBUG:colcon.colcon_core.shell:Skip shell extension 'dsv' for command environment
[2.271s] DEBUG:colcon.colcon_core.event_handler.log_command:Invoking command in '/home/rob/praktikum_ws/build/vrpn_client_ros': CMAKE_PREFIX_PATH=${CMAKE_PREFIX_PATH}:/home/rob/praktikum_ws/install/robprakt:/opt/ros/galactic /usr/bin/cmake --build /home/rob/praktikum_ws/build/vrpn_client_ros -- -j1 -l1
[2.405s] DEBUG:colcon.colcon_core.event_handler.log_command:Invoked command in '/home/rob/praktikum_ws/build/vrpn_client_ros' returned '0': CMAKE_PREFIX_PATH=${CMAKE_PREFIX_PATH}:/home/rob/praktikum_ws/install/robprakt:/opt/ros/galactic /usr/bin/cmake --build /home/rob/praktikum_ws/build/vrpn_client_ros -- -j1 -l1
[2.435s] DEBUG:colcon.colcon_core.event_handler.log_command:Invoking command in '/home/rob/praktikum_ws/build/vrpn_client_ros': CMAKE_PREFIX_PATH=${CMAKE_PREFIX_PATH}:/home/rob/praktikum_ws/install/robprakt:/opt/ros/galactic /usr/bin/cmake --install /home/rob/praktikum_ws/build/vrpn_client_ros
[2.454s] Level 1:colcon.colcon_core.environment:create_environment_scripts_only(vrpn_client_ros)
[2.457s] Level 1:colcon.colcon_core.environment:checking '/home/rob/praktikum_ws/install/vrpn_client_ros' for CMake module files
[2.458s] Level 1:colcon.colcon_core.environment:checking '/home/rob/praktikum_ws/install/vrpn_client_ros' for CMake config files
[2.458s] Level 1:colcon.colcon_core.shell:create_environment_hook('vrpn_client_ros', 'cmake_prefix_path')
[2.460s] INFO:colcon.colcon_core.shell:Creating environment hook '/home/rob/praktikum_ws/install/vrpn_client_ros/share/vrpn_client_ros/hook/cmake_prefix_path.ps1'
[2.461s] DEBUG:colcon.colcon_core.event_handler.log_command:Invoked command in '/home/rob/praktikum_ws/build/vrpn_client_ros' returned '0': CMAKE_PREFIX_PATH=${CMAKE_PREFIX_PATH}:/home/rob/praktikum_ws/install/robprakt:/opt/ros/galactic /usr/bin/cmake --install /home/rob/praktikum_ws/build/vrpn_client_ros
[2.461s] INFO:colcon.colcon_core.shell:Creating environment descriptor '/home/rob/praktikum_ws/install/vrpn_client_ros/share/vrpn_client_ros/hook/cmake_prefix_path.dsv'
[2.461s] INFO:colcon.colcon_core.shell:Creating environment hook '/home/rob/praktikum_ws/install/vrpn_client_ros/share/vrpn_client_ros/hook/cmake_prefix_path.sh'
[2.462s] Level 1:colcon.colcon_core.environment:checking '/home/rob/praktikum_ws/install/vrpn_client_ros/lib'
[2.462s] Level 1:colcon.colcon_core.environment:checking '/home/rob/praktikum_ws/install/vrpn_client_ros/bin'
[2.462s] Level 1:colcon.colcon_core.environment:checking '/home/rob/praktikum_ws/install/vrpn_client_ros/lib/pkgconfig/vrpn_client_ros.pc'
[2.463s] Level 1:colcon.colcon_core.environment:checking '/home/rob/praktikum_ws/install/vrpn_client_ros/lib/python3.8/site-packages'
[2.463s] Level 1:colcon.colcon_core.environment:checking '/home/rob/praktikum_ws/install/vrpn_client_ros/bin'
[2.465s] INFO:colcon.colcon_core.shell:Creating package script '/home/rob/praktikum_ws/install/vrpn_client_ros/share/vrpn_client_ros/package.ps1'
[2.465s] INFO:colcon.colcon_core.shell:Creating package descriptor '/home/rob/praktikum_ws/install/vrpn_client_ros/share/vrpn_client_ros/package.dsv'
[2.466s] INFO:colcon.colcon_core.shell:Creating package script '/home/rob/praktikum_ws/install/vrpn_client_ros/share/vrpn_client_ros/package.sh'
[2.466s] INFO:colcon.colcon_core.shell:Creating package script '/home/rob/praktikum_ws/install/vrpn_client_ros/share/vrpn_client_ros/package.bash'
[2.467s] INFO:colcon.colcon_core.shell:Creating package script '/home/rob/praktikum_ws/install/vrpn_client_ros/share/vrpn_client_ros/package.zsh'
[2.467s] Level 1:colcon.colcon_core.environment:create_file_with_runtime_dependencies(/home/rob/praktikum_ws/install/vrpn_client_ros/share/colcon-core/packages/vrpn_client_ros)
[2.498s] Level 1:colcon.colcon_core.environment:create_environment_scripts_only(vrpn_client_ros)
[2.501s] Level 1:colcon.colcon_core.environment:checking '/home/rob/praktikum_ws/install/vrpn_client_ros' for CMake module files
[2.502s] Level 1:colcon.colcon_core.environment:checking '/home/rob/praktikum_ws/install/vrpn_client_ros' for CMake config files
[2.503s] Level 1:colcon.colcon_core.shell:create_environment_hook('vrpn_client_ros', 'cmake_prefix_path')
[2.505s] INFO:colcon.colcon_core.shell:Creating environment hook '/home/rob/praktikum_ws/install/vrpn_client_ros/share/vrpn_client_ros/hook/cmake_prefix_path.ps1'
[2.505s] INFO:colcon.colcon_core.shell:Creating environment descriptor '/home/rob/praktikum_ws/install/vrpn_client_ros/share/vrpn_client_ros/hook/cmake_prefix_path.dsv'
[2.506s] INFO:colcon.colcon_core.shell:Creating environment hook '/home/rob/praktikum_ws/install/vrpn_client_ros/share/vrpn_client_ros/hook/cmake_prefix_path.sh'
[2.507s] Level 1:colcon.colcon_core.environment:checking '/home/rob/praktikum_ws/install/vrpn_client_ros/lib'
[2.507s] Level 1:colcon.colcon_core.environment:checking '/home/rob/praktikum_ws/install/vrpn_client_ros/bin'
[2.507s] Level 1:colcon.colcon_core.environment:checking '/home/rob/praktikum_ws/install/vrpn_client_ros/lib/pkgconfig/vrpn_client_ros.pc'
[2.507s] Level 1:colcon.colcon_core.environment:checking '/home/rob/praktikum_ws/install/vrpn_client_ros/lib/python3.8/site-packages'
[2.507s] Level 1:colcon.colcon_core.environment:checking '/home/rob/praktikum_ws/install/vrpn_client_ros/bin'
[2.509s] INFO:colcon.colcon_core.shell:Creating package script '/home/rob/praktikum_ws/install/vrpn_client_ros/share/vrpn_client_ros/package.ps1'
[2.510s] INFO:colcon.colcon_core.shell:Creating package descriptor '/home/rob/praktikum_ws/install/vrpn_client_ros/share/vrpn_client_ros/package.dsv'
[2.511s] INFO:colcon.colcon_core.shell:Creating package script '/home/rob/praktikum_ws/install/vrpn_client_ros/share/vrpn_client_ros/package.sh'
[2.511s] INFO:colcon.colcon_core.shell:Creating package script '/home/rob/praktikum_ws/install/vrpn_client_ros/share/vrpn_client_ros/package.bash'
[2.512s] INFO:colcon.colcon_core.shell:Creating package script '/home/rob/praktikum_ws/install/vrpn_client_ros/share/vrpn_client_ros/package.zsh'
[2.512s] Level 1:colcon.colcon_core.environment:create_file_with_runtime_dependencies(/home/rob/praktikum_ws/install/vrpn_client_ros/share/colcon-core/packages/vrpn_client_ros)
[2.513s] INFO:colcon.colcon_ros.task.ament_python.build:Building ROS package in '/home/rob/praktikum_ws/src/robprakt' with build type 'ament_python'
[2.513s] Level 1:colcon.colcon_core.shell:create_environment_hook('robprakt', 'ament_prefix_path')
[2.515s] INFO:colcon.colcon_core.shell:Creating environment hook '/home/rob/praktikum_ws/install/robprakt/share/robprakt/hook/ament_prefix_path.ps1'
[2.516s] INFO:colcon.colcon_core.shell:Creating environment descriptor '/home/rob/praktikum_ws/install/robprakt/share/robprakt/hook/ament_prefix_path.dsv'
[2.516s] INFO:colcon.colcon_core.shell:Creating environment hook '/home/rob/praktikum_ws/install/robprakt/share/robprakt/hook/ament_prefix_path.sh'
[2.522s] INFO:colcon.colcon_core.shell:Skip shell extension 'powershell' for command environment: Not usable outside of PowerShell
[2.522s] DEBUG:colcon.colcon_core.shell:Skip shell extension 'dsv' for command environment
[2.889s] INFO:colcon.colcon_core.task.python.build:Building Python package in '/home/rob/praktikum_ws/src/robprakt'
[2.891s] INFO:colcon.colcon_core.shell:Skip shell extension 'powershell' for command environment: Not usable outside of PowerShell
[2.891s] DEBUG:colcon.colcon_core.shell:Skip shell extension 'dsv' for command environment
[3.437s] DEBUG:colcon.colcon_core.event_handler.log_command:Invoking command in '/home/rob/praktikum_ws/src/robprakt': PYTHONPATH=/home/rob/praktikum_ws/install/robprakt/lib/python3.8/site-packages:${PYTHONPATH} /usr/bin/python3 setup.py egg_info --egg-base ../../build/robprakt build --build-base /home/rob/praktikum_ws/build/robprakt/build install --prefix /home/rob/praktikum_ws/install/robprakt --record /home/rob/praktikum_ws/build/robprakt/install.log --single-version-externally-managed
[3.844s] Level 1:colcon.colcon_core.environment:checking '/home/rob/praktikum_ws/install/robprakt' for CMake module files
[3.846s] DEBUG:colcon.colcon_core.event_handler.log_command:Invoked command in '/home/rob/praktikum_ws/src/robprakt' returned '0': PYTHONPATH=/home/rob/praktikum_ws/install/robprakt/lib/python3.8/site-packages:${PYTHONPATH} /usr/bin/python3 setup.py egg_info --egg-base ../../build/robprakt build --build-base /home/rob/praktikum_ws/build/robprakt/build install --prefix /home/rob/praktikum_ws/install/robprakt --record /home/rob/praktikum_ws/build/robprakt/install.log --single-version-externally-managed
[3.846s] Level 1:colcon.colcon_core.environment:checking '/home/rob/praktikum_ws/install/robprakt' for CMake config files
[3.847s] Level 1:colcon.colcon_core.environment:checking '/home/rob/praktikum_ws/install/robprakt/lib'
[3.847s] Level 1:colcon.colcon_core.environment:checking '/home/rob/praktikum_ws/install/robprakt/bin'
[3.847s] Level 1:colcon.colcon_core.environment:checking '/home/rob/praktikum_ws/install/robprakt/lib/pkgconfig/robprakt.pc'
[3.847s] Level 1:colcon.colcon_core.environment:checking '/home/rob/praktikum_ws/install/robprakt/lib/python3.8/site-packages'
[3.847s] Level 1:colcon.colcon_core.shell:create_environment_hook('robprakt', 'pythonpath')
[3.849s] INFO:colcon.colcon_core.shell:Creating environment hook '/home/rob/praktikum_ws/install/robprakt/share/robprakt/hook/pythonpath.ps1'
[3.850s] INFO:colcon.colcon_core.shell:Creating environment descriptor '/home/rob/praktikum_ws/install/robprakt/share/robprakt/hook/pythonpath.dsv'
[3.850s] INFO:colcon.colcon_core.shell:Creating environment hook '/home/rob/praktikum_ws/install/robprakt/share/robprakt/hook/pythonpath.sh'
[3.851s] Level 1:colcon.colcon_core.environment:checking '/home/rob/praktikum_ws/install/robprakt/bin'
[3.851s] Level 1:colcon.colcon_core.environment:create_environment_scripts_only(robprakt)
[3.853s] INFO:colcon.colcon_core.shell:Creating package script '/home/rob/praktikum_ws/install/robprakt/share/robprakt/package.ps1'
[3.854s] INFO:colcon.colcon_core.shell:Creating package descriptor '/home/rob/praktikum_ws/install/robprakt/share/robprakt/package.dsv'
[3.854s] INFO:colcon.colcon_core.shell:Creating package script '/home/rob/praktikum_ws/install/robprakt/share/robprakt/package.sh'
[3.855s] INFO:colcon.colcon_core.shell:Creating package script '/home/rob/praktikum_ws/install/robprakt/share/robprakt/package.bash'
[3.855s] INFO:colcon.colcon_core.shell:Creating package script '/home/rob/praktikum_ws/install/robprakt/share/robprakt/package.zsh'
[3.856s] Level 1:colcon.colcon_core.environment:create_file_with_runtime_dependencies(/home/rob/praktikum_ws/install/robprakt/share/colcon-core/packages/robprakt)
[3.856s] DEBUG:colcon.colcon_parallel_executor.executor.parallel:closing loop
[3.857s] DEBUG:colcon.colcon_parallel_executor.executor.parallel:loop closed
[3.857s] DEBUG:colcon.colcon_parallel_executor.executor.parallel:run_until_complete finished with '0'
[3.857s] DEBUG:colcon.colcon_core.event_reactor:joining thread
[3.871s] INFO:colcon.colcon_core.plugin_system:Skipping extension 'colcon_notification.desktop_notification.terminal_notifier': Not used on non-Darwin systems
[3.871s] INFO:colcon.colcon_core.plugin_system:Skipping extension 'colcon_notification.desktop_notification.win32': Not used on non-Windows systems
[3.871s] INFO:colcon.colcon_notification.desktop_notification:Sending desktop notification using 'notify2'
[3.893s] DEBUG:colcon.colcon_core.event_reactor:joined thread
[3.895s] INFO:colcon.colcon_core.shell:Creating prefix script '/home/rob/praktikum_ws/install/local_setup.ps1'
[3.896s] INFO:colcon.colcon_core.shell:Creating prefix util module '/home/rob/praktikum_ws/install/_local_setup_util_ps1.py'
[3.908s] INFO:colcon.colcon_core.shell:Creating prefix chain script '/home/rob/praktikum_ws/install/setup.ps1'
[3.910s] INFO:colcon.colcon_core.shell:Creating prefix script '/home/rob/praktikum_ws/install/local_setup.sh'
[3.911s] INFO:colcon.colcon_core.shell:Creating prefix util module '/home/rob/praktikum_ws/install/_local_setup_util_sh.py'
[3.911s] INFO:colcon.colcon_core.shell:Creating prefix chain script '/home/rob/praktikum_ws/install/setup.sh'
[3.913s] INFO:colcon.colcon_core.shell:Creating prefix script '/home/rob/praktikum_ws/install/local_setup.bash'
[3.926s] INFO:colcon.colcon_core.shell:Creating prefix chain script '/home/rob/praktikum_ws/install/setup.bash'
[3.928s] INFO:colcon.colcon_core.shell:Creating prefix script '/home/rob/praktikum_ws/install/local_setup.zsh'
[3.929s] INFO:colcon.colcon_core.shell:Creating prefix chain script '/home/rob/praktikum_ws/install/setup.zsh'
