[0.018s] Invoking command in '/home/praktikum4/praktikum_ws/build/vrpn_client_ros': CMAKE_PREFIX_PATH=${CMAKE_PREFIX_PATH}:/home/praktikum4/praktikum_ws/install/robprakt:/home/praktikum4/ws_moveit2/install/moveit_configs_utils:/home/praktikum4/ws_moveit2/install/launch_param_builder:/opt/ros/galactic /usr/bin/cmake --build /home/praktikum4/praktikum_ws/build/vrpn_client_ros -- -j12 -l12
[0.069s] [ 42%] Built target vrpn_client_ros
[0.093s] [ 71%] Built target vrpn_client_node
[0.101s] [100%] Built target vrpn_tracker_node
[0.111s] Invoked command in '/home/praktikum4/praktikum_ws/build/vrpn_client_ros' returned '0': CMAKE_PREFIX_PATH=${CMAKE_PREFIX_PATH}:/home/praktikum4/praktikum_ws/install/robprakt:/home/praktikum4/ws_moveit2/install/moveit_configs_utils:/home/praktikum4/ws_moveit2/install/launch_param_builder:/opt/ros/galactic /usr/bin/cmake --build /home/praktikum4/praktikum_ws/build/vrpn_client_ros -- -j12 -l12
[0.143s] Invoking command in '/home/praktikum4/praktikum_ws/build/vrpn_client_ros': CMAKE_PREFIX_PATH=${CMAKE_PREFIX_PATH}:/home/praktikum4/praktikum_ws/install/robprakt:/home/praktikum4/ws_moveit2/install/moveit_configs_utils:/home/praktikum4/ws_moveit2/install/launch_param_builder:/opt/ros/galactic /usr/bin/cmake --install /home/praktikum4/praktikum_ws/build/vrpn_client_ros
[0.151s] -- Install configuration: ""
[0.151s] -- Execute custom install script
[0.151s] -- Up-to-date symlink: /home/praktikum4/praktikum_ws/install/vrpn_client_ros/share/vrpn_client_ros//launch/sample.launch.py
[0.152s] -- Up-to-date symlink: /home/praktikum4/praktikum_ws/install/vrpn_client_ros/share/vrpn_client_ros//config/rob_optitrack.params.yaml
[0.152s] -- Up-to-date symlink: /home/praktikum4/praktikum_ws/install/vrpn_client_ros/share/vrpn_client_ros//config/sample.params.yaml
[0.152s] -- Up-to-date symlink: /home/praktikum4/praktikum_ws/install/vrpn_client_ros/share/vrpn_client_ros//config/sample.params.yaml~
[0.152s] -- Up-to-date symlink: /home/praktikum4/praktikum_ws/install/vrpn_client_ros/lib/libvrpn_client_ros.a
[0.152s] -- Up-to-date symlink: /home/praktikum4/praktikum_ws/install/vrpn_client_ros/lib/vrpn_client_ros/vrpn_tracker_node
[0.152s] -- Up-to-date symlink: /home/praktikum4/praktikum_ws/install/vrpn_client_ros/lib/vrpn_client_ros/vrpn_client_node
[0.153s] -- Up-to-date symlink: /home/praktikum4/praktikum_ws/install/vrpn_client_ros/share/ament_index/resource_index/package_run_dependencies/vrpn_client_ros
[0.153s] -- Up-to-date symlink: /home/praktikum4/praktikum_ws/install/vrpn_client_ros/share/ament_index/resource_index/parent_prefix_path/vrpn_client_ros
[0.153s] -- Up-to-date symlink: /home/praktikum4/praktikum_ws/install/vrpn_client_ros/share/vrpn_client_ros/environment/ament_prefix_path.sh
[0.153s] -- Up-to-date symlink: /home/praktikum4/praktikum_ws/install/vrpn_client_ros/share/vrpn_client_ros/environment/ament_prefix_path.dsv
[0.153s] -- Up-to-date symlink: /home/praktikum4/praktikum_ws/install/vrpn_client_ros/share/vrpn_client_ros/environment/path.sh
[0.153s] -- Up-to-date symlink: /home/praktikum4/praktikum_ws/install/vrpn_client_ros/share/vrpn_client_ros/environment/path.dsv
[0.153s] -- Up-to-date symlink: /home/praktikum4/praktikum_ws/install/vrpn_client_ros/share/vrpn_client_ros/local_setup.bash
[0.154s] -- Up-to-date symlink: /home/praktikum4/praktikum_ws/install/vrpn_client_ros/share/vrpn_client_ros/local_setup.sh
[0.154s] -- Up-to-date symlink: /home/praktikum4/praktikum_ws/install/vrpn_client_ros/share/vrpn_client_ros/local_setup.zsh
[0.154s] -- Up-to-date symlink: /home/praktikum4/praktikum_ws/install/vrpn_client_ros/share/vrpn_client_ros/local_setup.dsv
[0.154s] -- Symlinking: /home/praktikum4/praktikum_ws/install/vrpn_client_ros/share/vrpn_client_ros/package.dsv
[0.161s] -- Up-to-date symlink: /home/praktikum4/praktikum_ws/install/vrpn_client_ros/share/ament_index/resource_index/packages/vrpn_client_ros
[0.162s] -- Up-to-date symlink: /home/praktikum4/praktikum_ws/install/vrpn_client_ros/share/vrpn_client_ros/cmake/vrpn_client_rosConfig.cmake
[0.162s] -- Up-to-date symlink: /home/praktikum4/praktikum_ws/install/vrpn_client_ros/share/vrpn_client_ros/cmake/vrpn_client_rosConfig-version.cmake
[0.162s] -- Up-to-date symlink: /home/praktikum4/praktikum_ws/install/vrpn_client_ros/share/vrpn_client_ros/package.xml
[0.164s] Invoked command in '/home/praktikum4/praktikum_ws/build/vrpn_client_ros' returned '0': CMAKE_PREFIX_PATH=${CMAKE_PREFIX_PATH}:/home/praktikum4/praktikum_ws/install/robprakt:/home/praktikum4/ws_moveit2/install/moveit_configs_utils:/home/praktikum4/ws_moveit2/install/launch_param_builder:/opt/ros/galactic /usr/bin/cmake --install /home/praktikum4/praktikum_ws/build/vrpn_client_ros
