[0.272s] DEBUG:colcon:Command line arguments: ['/usr/bin/colcon', 'build']
[0.273s] DEBUG:colcon:Parsed command line arguments: Namespace(allow_overriding=[], ament_cmake_args=None, base_paths=['.'], build_base='build', catkin_cmake_args=None, catkin_skip_building_tests=False, cmake_args=None, cmake_clean_cache=False, cmake_clean_first=False, cmake_force_configure=False, cmake_target=None, cmake_target_skip_unavailable=False, continue_on_error=False, event_handlers=None, executor='parallel', ignore_user_meta=False, install_base='install', log_base=None, log_level=None, main=<bound method BuildVerb.main of <colcon_core.verb.build.BuildVerb object at 0x7eff733cb400>>, merge_install=False, metas=['./colcon.meta'], mixin=None, mixin_files=None, mixin_verb=('build',), packages_above=None, packages_above_and_dependencies=None, packages_above_depth=None, packages_end=None, packages_ignore=None, packages_ignore_regex=None, packages_select=None, packages_select_build_failed=False, packages_select_by_dep=None, packages_select_regex=None, packages_select_test_failures=False, packages_skip=None, packages_skip_build_finished=False, packages_skip_by_dep=None, packages_skip_regex=None, packages_skip_test_passed=False, packages_skip_up_to=None, packages_start=None, packages_up_to=None, packages_up_to_regex=None, parallel_workers=1, paths=None, symlink_install=False, test_result_base=None, verb_extension=<colcon_core.verb.build.BuildVerb object at 0x7eff733cb400>, verb_name='build', verb_parser=<colcon_mixin.mixin.mixin_argument.MixinArgumentDecorator object at 0x7eff733cba60>)
[0.306s] Level 1:colcon.colcon_core.package_discovery:discover_packages(colcon_meta) check parameters
[0.306s] Level 1:colcon.colcon_core.package_discovery:discover_packages(recursive) check parameters
[0.306s] Level 1:colcon.colcon_core.package_discovery:discover_packages(ignore) check parameters
[0.306s] Level 1:colcon.colcon_core.package_discovery:discover_packages(path) check parameters
[0.306s] Level 1:colcon.colcon_core.package_discovery:discover_packages(colcon_meta) discover
[0.306s] Level 1:colcon.colcon_core.package_discovery:discover_packages(recursive) discover
[0.306s] INFO:colcon.colcon_core.package_discovery:Crawling recursively for packages in '/home/rob/praktikum_ws'
[0.306s] Level 1:colcon.colcon_core.package_identification:_identify(.) by extensions ['ignore', 'ignore_ament_install']
[0.307s] Level 1:colcon.colcon_core.package_identification:_identify(.) by extension 'ignore'
[0.307s] Level 1:colcon.colcon_core.package_identification:_identify(.) by extension 'ignore_ament_install'
[0.307s] Level 1:colcon.colcon_core.package_identification:_identify(.) by extensions ['colcon_pkg']
[0.307s] Level 1:colcon.colcon_core.package_identification:_identify(.) by extension 'colcon_pkg'
[0.307s] Level 1:colcon.colcon_core.package_identification:_identify(.) by extensions ['colcon_meta']
[0.307s] Level 1:colcon.colcon_core.package_identification:_identify(.) by extension 'colcon_meta'
[0.307s] Level 1:colcon.colcon_core.package_identification:_identify(.) by extensions ['ros']
[0.307s] Level 1:colcon.colcon_core.package_identification:_identify(.) by extension 'ros'
[0.345s] Level 1:colcon.colcon_core.package_identification:_identify(.) by extensions ['cmake', 'python']
[0.345s] Level 1:colcon.colcon_core.package_identification:_identify(.) by extension 'cmake'
[0.345s] Level 1:colcon.colcon_core.package_identification:_identify(.) by extension 'python'
[0.345s] Level 1:colcon.colcon_core.package_identification:_identify(.) by extensions ['python_setup_py']
[0.345s] Level 1:colcon.colcon_core.package_identification:_identify(.) by extension 'python_setup_py'
[0.345s] Level 1:colcon.colcon_core.package_identification:_identify(build) by extensions ['ignore', 'ignore_ament_install']
[0.346s] Level 1:colcon.colcon_core.package_identification:_identify(build) by extension 'ignore'
[0.346s] Level 1:colcon.colcon_core.package_identification:_identify(build) ignored
[0.346s] Level 1:colcon.colcon_core.package_identification:_identify(install) by extensions ['ignore', 'ignore_ament_install']
[0.346s] Level 1:colcon.colcon_core.package_identification:_identify(install) by extension 'ignore'
[0.346s] Level 1:colcon.colcon_core.package_identification:_identify(install) ignored
[0.347s] Level 1:colcon.colcon_core.package_identification:_identify(log) by extensions ['ignore', 'ignore_ament_install']
[0.347s] Level 1:colcon.colcon_core.package_identification:_identify(log) by extension 'ignore'
[0.347s] Level 1:colcon.colcon_core.package_identification:_identify(log) ignored
[0.347s] Level 1:colcon.colcon_core.package_identification:_identify(src) by extensions ['ignore', 'ignore_ament_install']
[0.347s] Level 1:colcon.colcon_core.package_identification:_identify(src) by extension 'ignore'
[0.347s] Level 1:colcon.colcon_core.package_identification:_identify(src) by extension 'ignore_ament_install'
[0.347s] Level 1:colcon.colcon_core.package_identification:_identify(src) by extensions ['colcon_pkg']
[0.347s] Level 1:colcon.colcon_core.package_identification:_identify(src) by extension 'colcon_pkg'
[0.347s] Level 1:colcon.colcon_core.package_identification:_identify(src) by extensions ['colcon_meta']
[0.347s] Level 1:colcon.colcon_core.package_identification:_identify(src) by extension 'colcon_meta'
[0.348s] Level 1:colcon.colcon_core.package_identification:_identify(src) by extensions ['ros']
[0.348s] Level 1:colcon.colcon_core.package_identification:_identify(src) by extension 'ros'
[0.348s] Level 1:colcon.colcon_core.package_identification:_identify(src) by extensions ['cmake', 'python']
[0.348s] Level 1:colcon.colcon_core.package_identification:_identify(src) by extension 'cmake'
[0.348s] Level 1:colcon.colcon_core.package_identification:_identify(src) by extension 'python'
[0.348s] Level 1:colcon.colcon_core.package_identification:_identify(src) by extensions ['python_setup_py']
[0.348s] Level 1:colcon.colcon_core.package_identification:_identify(src) by extension 'python_setup_py'
[0.348s] Level 1:colcon.colcon_core.package_identification:_identify(src/robprakt) by extensions ['ignore', 'ignore_ament_install']
[0.348s] Level 1:colcon.colcon_core.package_identification:_identify(src/robprakt) by extension 'ignore'
[0.348s] Level 1:colcon.colcon_core.package_identification:_identify(src/robprakt) by extension 'ignore_ament_install'
[0.349s] Level 1:colcon.colcon_core.package_identification:_identify(src/robprakt) by extensions ['colcon_pkg']
[0.349s] Level 1:colcon.colcon_core.package_identification:_identify(src/robprakt) by extension 'colcon_pkg'
[0.349s] Level 1:colcon.colcon_core.package_identification:_identify(src/robprakt) by extensions ['colcon_meta']
[0.349s] Level 1:colcon.colcon_core.package_identification:_identify(src/robprakt) by extension 'colcon_meta'
[0.349s] Level 1:colcon.colcon_core.package_identification:_identify(src/robprakt) by extensions ['ros']
[0.349s] Level 1:colcon.colcon_core.package_identification:_identify(src/robprakt) by extension 'ros'
[0.353s] DEBUG:colcon.colcon_core.package_identification:Package 'src/robprakt' with type 'ros.ament_python' and name 'robprakt'
[0.353s] Level 1:colcon.colcon_core.package_identification:_identify(src/robprakt_interfaces) by extensions ['ignore', 'ignore_ament_install']
[0.353s] Level 1:colcon.colcon_core.package_identification:_identify(src/robprakt_interfaces) by extension 'ignore'
[0.354s] Level 1:colcon.colcon_core.package_identification:_identify(src/robprakt_interfaces) by extension 'ignore_ament_install'
[0.354s] Level 1:colcon.colcon_core.package_identification:_identify(src/robprakt_interfaces) by extensions ['colcon_pkg']
[0.354s] Level 1:colcon.colcon_core.package_identification:_identify(src/robprakt_interfaces) by extension 'colcon_pkg'
[0.354s] Level 1:colcon.colcon_core.package_identification:_identify(src/robprakt_interfaces) by extensions ['colcon_meta']
[0.354s] Level 1:colcon.colcon_core.package_identification:_identify(src/robprakt_interfaces) by extension 'colcon_meta'
[0.354s] Level 1:colcon.colcon_core.package_identification:_identify(src/robprakt_interfaces) by extensions ['ros']
[0.354s] Level 1:colcon.colcon_core.package_identification:_identify(src/robprakt_interfaces) by extension 'ros'
[0.355s] DEBUG:colcon.colcon_core.package_identification:Package 'src/robprakt_interfaces' with type 'ros.ament_cmake' and name 'robprakt_interfaces'
[0.355s] Level 1:colcon.colcon_core.package_identification:_identify(src/vrpn-release) by extensions ['ignore', 'ignore_ament_install']
[0.356s] Level 1:colcon.colcon_core.package_identification:_identify(src/vrpn-release) by extension 'ignore'
[0.356s] Level 1:colcon.colcon_core.package_identification:_identify(src/vrpn-release) by extension 'ignore_ament_install'
[0.356s] Level 1:colcon.colcon_core.package_identification:_identify(src/vrpn-release) by extensions ['colcon_pkg']
[0.356s] Level 1:colcon.colcon_core.package_identification:_identify(src/vrpn-release) by extension 'colcon_pkg'
[0.356s] Level 1:colcon.colcon_core.package_identification:_identify(src/vrpn-release) by extensions ['colcon_meta']
[0.356s] Level 1:colcon.colcon_core.package_identification:_identify(src/vrpn-release) by extension 'colcon_meta'
[0.356s] Level 1:colcon.colcon_core.package_identification:_identify(src/vrpn-release) by extensions ['ros']
[0.356s] Level 1:colcon.colcon_core.package_identification:_identify(src/vrpn-release) by extension 'ros'
[0.357s] DEBUG:colcon.colcon_core.package_identification:Package 'src/vrpn-release' with type 'ros.cmake' and name 'vrpn'
[0.357s] Level 1:colcon.colcon_core.package_identification:_identify(src/vrpn_client_ros2) by extensions ['ignore', 'ignore_ament_install']
[0.357s] Level 1:colcon.colcon_core.package_identification:_identify(src/vrpn_client_ros2) by extension 'ignore'
[0.357s] Level 1:colcon.colcon_core.package_identification:_identify(src/vrpn_client_ros2) by extension 'ignore_ament_install'
[0.357s] Level 1:colcon.colcon_core.package_identification:_identify(src/vrpn_client_ros2) by extensions ['colcon_pkg']
[0.357s] Level 1:colcon.colcon_core.package_identification:_identify(src/vrpn_client_ros2) by extension 'colcon_pkg'
[0.358s] Level 1:colcon.colcon_core.package_identification:_identify(src/vrpn_client_ros2) by extensions ['colcon_meta']
[0.358s] Level 1:colcon.colcon_core.package_identification:_identify(src/vrpn_client_ros2) by extension 'colcon_meta'
[0.358s] Level 1:colcon.colcon_core.package_identification:_identify(src/vrpn_client_ros2) by extensions ['ros']
[0.358s] Level 1:colcon.colcon_core.package_identification:_identify(src/vrpn_client_ros2) by extension 'ros'
[0.359s] DEBUG:colcon.colcon_core.package_identification:Package 'src/vrpn_client_ros2' with type 'ros.ament_cmake' and name 'vrpn_client_ros'
[0.359s] Level 1:colcon.colcon_core.package_discovery:discover_packages(recursive) using defaults
[0.359s] Level 1:colcon.colcon_core.package_discovery:discover_packages(ignore) discover
[0.359s] Level 1:colcon.colcon_core.package_discovery:discover_packages(ignore) using defaults
[0.359s] Level 1:colcon.colcon_core.package_discovery:discover_packages(path) discover
[0.359s] Level 1:colcon.colcon_core.package_discovery:discover_packages(path) using defaults
[0.392s] Level 1:colcon.colcon_core.package_discovery:discover_packages(prefix_path) check parameters
[0.392s] Level 1:colcon.colcon_core.package_discovery:discover_packages(prefix_path) discover
[0.396s] DEBUG:colcon.colcon_installed_package_information.package_discovery:Found 4 installed packages in /home/rob/praktikum_ws/install
[0.400s] DEBUG:colcon.colcon_installed_package_information.package_discovery:Found 329 installed packages in /opt/ros/galactic
[0.403s] Level 1:colcon.colcon_core.package_discovery:discover_packages(prefix_path) using defaults
[0.536s] Level 5:colcon.colcon_core.verb:set package 'robprakt_interfaces' build argument 'cmake_args' from command line to 'None'
[0.536s] Level 5:colcon.colcon_core.verb:set package 'robprakt_interfaces' build argument 'cmake_target' from command line to 'None'
[0.536s] Level 5:colcon.colcon_core.verb:set package 'robprakt_interfaces' build argument 'cmake_target_skip_unavailable' from command line to 'False'
[0.536s] Level 5:colcon.colcon_core.verb:set package 'robprakt_interfaces' build argument 'cmake_clean_cache' from command line to 'False'
[0.536s] Level 5:colcon.colcon_core.verb:set package 'robprakt_interfaces' build argument 'cmake_clean_first' from command line to 'False'
[0.536s] Level 5:colcon.colcon_core.verb:set package 'robprakt_interfaces' build argument 'cmake_force_configure' from command line to 'False'
[0.536s] Level 5:colcon.colcon_core.verb:set package 'robprakt_interfaces' build argument 'ament_cmake_args' from command line to 'None'
[0.536s] Level 5:colcon.colcon_core.verb:set package 'robprakt_interfaces' build argument 'catkin_cmake_args' from command line to 'None'
[0.536s] Level 5:colcon.colcon_core.verb:set package 'robprakt_interfaces' build argument 'catkin_skip_building_tests' from command line to 'False'
[0.536s] DEBUG:colcon.colcon_core.verb:Building package 'robprakt_interfaces' with the following arguments: {'ament_cmake_args': None, 'build_base': '/home/rob/praktikum_ws/build/robprakt_interfaces', 'catkin_cmake_args': None, 'catkin_skip_building_tests': False, 'cmake_args': None, 'cmake_clean_cache': False, 'cmake_clean_first': False, 'cmake_force_configure': False, 'cmake_target': None, 'cmake_target_skip_unavailable': False, 'install_base': '/home/rob/praktikum_ws/install/robprakt_interfaces', 'merge_install': False, 'path': '/home/rob/praktikum_ws/src/robprakt_interfaces', 'symlink_install': False, 'test_result_base': None}
[0.538s] Level 5:colcon.colcon_core.verb:set package 'vrpn' build argument 'cmake_args' from command line to 'None'
[0.538s] Level 5:colcon.colcon_core.verb:set package 'vrpn' build argument 'cmake_target' from command line to 'None'
[0.538s] Level 5:colcon.colcon_core.verb:set package 'vrpn' build argument 'cmake_target_skip_unavailable' from command line to 'False'
[0.538s] Level 5:colcon.colcon_core.verb:set package 'vrpn' build argument 'cmake_clean_cache' from command line to 'False'
[0.538s] Level 5:colcon.colcon_core.verb:set package 'vrpn' build argument 'cmake_clean_first' from command line to 'False'
[0.538s] Level 5:colcon.colcon_core.verb:set package 'vrpn' build argument 'cmake_force_configure' from command line to 'False'
[0.538s] Level 5:colcon.colcon_core.verb:set package 'vrpn' build argument 'ament_cmake_args' from command line to 'None'
[0.538s] Level 5:colcon.colcon_core.verb:set package 'vrpn' build argument 'catkin_cmake_args' from command line to 'None'
[0.538s] Level 5:colcon.colcon_core.verb:set package 'vrpn' build argument 'catkin_skip_building_tests' from command line to 'False'
[0.538s] DEBUG:colcon.colcon_core.verb:Building package 'vrpn' with the following arguments: {'ament_cmake_args': None, 'build_base': '/home/rob/praktikum_ws/build/vrpn', 'catkin_cmake_args': None, 'catkin_skip_building_tests': False, 'cmake_args': None, 'cmake_clean_cache': False, 'cmake_clean_first': False, 'cmake_force_configure': False, 'cmake_target': None, 'cmake_target_skip_unavailable': False, 'install_base': '/home/rob/praktikum_ws/install/vrpn', 'merge_install': False, 'path': '/home/rob/praktikum_ws/src/vrpn-release', 'symlink_install': False, 'test_result_base': None}
[0.540s] Level 5:colcon.colcon_core.verb:set package 'vrpn_client_ros' build argument 'cmake_args' from command line to 'None'
[0.540s] Level 5:colcon.colcon_core.verb:set package 'vrpn_client_ros' build argument 'cmake_target' from command line to 'None'
[0.540s] Level 5:colcon.colcon_core.verb:set package 'vrpn_client_ros' build argument 'cmake_target_skip_unavailable' from command line to 'False'
[0.540s] Level 5:colcon.colcon_core.verb:set package 'vrpn_client_ros' build argument 'cmake_clean_cache' from command line to 'False'
[0.540s] Level 5:colcon.colcon_core.verb:set package 'vrpn_client_ros' build argument 'cmake_clean_first' from command line to 'False'
[0.540s] Level 5:colcon.colcon_core.verb:set package 'vrpn_client_ros' build argument 'cmake_force_configure' from command line to 'False'
[0.540s] Level 5:colcon.colcon_core.verb:set package 'vrpn_client_ros' build argument 'ament_cmake_args' from command line to 'None'
[0.540s] Level 5:colcon.colcon_core.verb:set package 'vrpn_client_ros' build argument 'catkin_cmake_args' from command line to 'None'
[0.541s] Level 5:colcon.colcon_core.verb:set package 'vrpn_client_ros' build argument 'catkin_skip_building_tests' from command line to 'False'
[0.541s] DEBUG:colcon.colcon_core.verb:Building package 'vrpn_client_ros' with the following arguments: {'ament_cmake_args': None, 'build_base': '/home/rob/praktikum_ws/build/vrpn_client_ros', 'catkin_cmake_args': None, 'catkin_skip_building_tests': False, 'cmake_args': None, 'cmake_clean_cache': False, 'cmake_clean_first': False, 'cmake_force_configure': False, 'cmake_target': None, 'cmake_target_skip_unavailable': False, 'install_base': '/home/rob/praktikum_ws/install/vrpn_client_ros', 'merge_install': False, 'path': '/home/rob/praktikum_ws/src/vrpn_client_ros2', 'symlink_install': False, 'test_result_base': None}
[0.542s] Level 5:colcon.colcon_core.verb:set package 'robprakt' build argument 'cmake_args' from command line to 'None'
[0.542s] Level 5:colcon.colcon_core.verb:set package 'robprakt' build argument 'cmake_target' from command line to 'None'
[0.542s] Level 5:colcon.colcon_core.verb:set package 'robprakt' build argument 'cmake_target_skip_unavailable' from command line to 'False'
[0.542s] Level 5:colcon.colcon_core.verb:set package 'robprakt' build argument 'cmake_clean_cache' from command line to 'False'
[0.542s] Level 5:colcon.colcon_core.verb:set package 'robprakt' build argument 'cmake_clean_first' from command line to 'False'
[0.542s] Level 5:colcon.colcon_core.verb:set package 'robprakt' build argument 'cmake_force_configure' from command line to 'False'
[0.542s] Level 5:colcon.colcon_core.verb:set package 'robprakt' build argument 'ament_cmake_args' from command line to 'None'
[0.542s] Level 5:colcon.colcon_core.verb:set package 'robprakt' build argument 'catkin_cmake_args' from command line to 'None'
[0.543s] Level 5:colcon.colcon_core.verb:set package 'robprakt' build argument 'catkin_skip_building_tests' from command line to 'False'
[0.543s] DEBUG:colcon.colcon_core.verb:Building package 'robprakt' with the following arguments: {'ament_cmake_args': None, 'build_base': '/home/rob/praktikum_ws/build/robprakt', 'catkin_cmake_args': None, 'catkin_skip_building_tests': False, 'cmake_args': None, 'cmake_clean_cache': False, 'cmake_clean_first': False, 'cmake_force_configure': False, 'cmake_target': None, 'cmake_target_skip_unavailable': False, 'install_base': '/home/rob/praktikum_ws/install/robprakt', 'merge_install': False, 'path': '/home/rob/praktikum_ws/src/robprakt', 'symlink_install': False, 'test_result_base': None}
[0.544s] INFO:colcon.colcon_core.executor:Executing jobs using 'parallel' executor
[0.550s] DEBUG:colcon.colcon_parallel_executor.executor.parallel:run_until_complete
[0.550s] INFO:colcon.colcon_ros.task.ament_cmake.build:Building ROS package in '/home/rob/praktikum_ws/src/robprakt_interfaces' with build type 'ament_cmake'
[0.551s] INFO:colcon.colcon_cmake.task.cmake.build:Building CMake package in '/home/rob/praktikum_ws/src/robprakt_interfaces'
[0.556s] INFO:colcon.colcon_core.plugin_system:Skipping extension 'colcon_core.shell.bat': Not used on non-Windows systems
[0.556s] INFO:colcon.colcon_core.shell:Skip shell extension 'powershell' for command environment: Not usable outside of PowerShell
[0.557s] DEBUG:colcon.colcon_core.shell:Skip shell extension 'dsv' for command environment
[0.575s] DEBUG:colcon.colcon_core.event_handler.log_command:Invoking command in '/home/rob/praktikum_ws/build/robprakt_interfaces': CMAKE_PREFIX_PATH=${CMAKE_PREFIX_PATH}:/home/rob/praktikum_ws/install/robprakt:/opt/ros/galactic /usr/bin/cmake --build /home/rob/praktikum_ws/build/robprakt_interfaces -- -j1 -l1
[0.960s] DEBUG:colcon.colcon_core.event_handler.log_command:Invoked command in '/home/rob/praktikum_ws/build/robprakt_interfaces' returned '0': CMAKE_PREFIX_PATH=${CMAKE_PREFIX_PATH}:/home/rob/praktikum_ws/install/robprakt:/opt/ros/galactic /usr/bin/cmake --build /home/rob/praktikum_ws/build/robprakt_interfaces -- -j1 -l1
[1.024s] DEBUG:colcon.colcon_core.event_handler.log_command:Invoking command in '/home/rob/praktikum_ws/build/robprakt_interfaces': CMAKE_PREFIX_PATH=${CMAKE_PREFIX_PATH}:/home/rob/praktikum_ws/install/robprakt:/opt/ros/galactic /usr/bin/cmake --install /home/rob/praktikum_ws/build/robprakt_interfaces
[1.105s] Level 1:colcon.colcon_core.environment:create_environment_scripts_only(robprakt_interfaces)
[1.111s] Level 1:colcon.colcon_core.environment:checking '/home/rob/praktikum_ws/install/robprakt_interfaces' for CMake module files
[1.112s] Level 1:colcon.colcon_core.environment:checking '/home/rob/praktikum_ws/install/robprakt_interfaces' for CMake config files
[1.113s] Level 1:colcon.colcon_core.shell:create_environment_hook('robprakt_interfaces', 'cmake_prefix_path')
[1.116s] INFO:colcon.colcon_core.shell:Creating environment hook '/home/rob/praktikum_ws/install/robprakt_interfaces/share/robprakt_interfaces/hook/cmake_prefix_path.ps1'
[1.118s] DEBUG:colcon.colcon_core.event_handler.log_command:Invoked command in '/home/rob/praktikum_ws/build/robprakt_interfaces' returned '0': CMAKE_PREFIX_PATH=${CMAKE_PREFIX_PATH}:/home/rob/praktikum_ws/install/robprakt:/opt/ros/galactic /usr/bin/cmake --install /home/rob/praktikum_ws/build/robprakt_interfaces
[1.118s] INFO:colcon.colcon_core.shell:Creating environment descriptor '/home/rob/praktikum_ws/install/robprakt_interfaces/share/robprakt_interfaces/hook/cmake_prefix_path.dsv'
[1.119s] INFO:colcon.colcon_core.shell:Creating environment hook '/home/rob/praktikum_ws/install/robprakt_interfaces/share/robprakt_interfaces/hook/cmake_prefix_path.sh'
[1.120s] Level 1:colcon.colcon_core.environment:checking '/home/rob/praktikum_ws/install/robprakt_interfaces/lib'
[1.120s] Level 1:colcon.colcon_core.shell:create_environment_hook('robprakt_interfaces', 'ld_library_path_lib')
[1.123s] INFO:colcon.colcon_core.shell:Creating environment hook '/home/rob/praktikum_ws/install/robprakt_interfaces/share/robprakt_interfaces/hook/ld_library_path_lib.ps1'
[1.123s] INFO:colcon.colcon_core.shell:Creating environment descriptor '/home/rob/praktikum_ws/install/robprakt_interfaces/share/robprakt_interfaces/hook/ld_library_path_lib.dsv'
[1.123s] INFO:colcon.colcon_core.shell:Creating environment hook '/home/rob/praktikum_ws/install/robprakt_interfaces/share/robprakt_interfaces/hook/ld_library_path_lib.sh'
[1.124s] Level 1:colcon.colcon_core.environment:checking '/home/rob/praktikum_ws/install/robprakt_interfaces/bin'
[1.124s] Level 1:colcon.colcon_core.environment:checking '/home/rob/praktikum_ws/install/robprakt_interfaces/lib/pkgconfig/robprakt_interfaces.pc'
[1.124s] Level 1:colcon.colcon_core.environment:checking '/home/rob/praktikum_ws/install/robprakt_interfaces/lib/python3.8/site-packages'
[1.124s] Level 1:colcon.colcon_core.shell:create_environment_hook('robprakt_interfaces', 'pythonpath')
[1.126s] INFO:colcon.colcon_core.shell:Creating environment hook '/home/rob/praktikum_ws/install/robprakt_interfaces/share/robprakt_interfaces/hook/pythonpath.ps1'
[1.127s] INFO:colcon.colcon_core.shell:Creating environment descriptor '/home/rob/praktikum_ws/install/robprakt_interfaces/share/robprakt_interfaces/hook/pythonpath.dsv'
[1.127s] INFO:colcon.colcon_core.shell:Creating environment hook '/home/rob/praktikum_ws/install/robprakt_interfaces/share/robprakt_interfaces/hook/pythonpath.sh'
[1.128s] Level 1:colcon.colcon_core.environment:checking '/home/rob/praktikum_ws/install/robprakt_interfaces/bin'
[1.130s] INFO:colcon.colcon_core.shell:Creating package script '/home/rob/praktikum_ws/install/robprakt_interfaces/share/robprakt_interfaces/package.ps1'
[1.132s] INFO:colcon.colcon_core.shell:Creating package descriptor '/home/rob/praktikum_ws/install/robprakt_interfaces/share/robprakt_interfaces/package.dsv'
[1.133s] INFO:colcon.colcon_core.shell:Creating package script '/home/rob/praktikum_ws/install/robprakt_interfaces/share/robprakt_interfaces/package.sh'
[1.134s] INFO:colcon.colcon_core.shell:Creating package script '/home/rob/praktikum_ws/install/robprakt_interfaces/share/robprakt_interfaces/package.bash'
[1.135s] INFO:colcon.colcon_core.shell:Creating package script '/home/rob/praktikum_ws/install/robprakt_interfaces/share/robprakt_interfaces/package.zsh'
[1.136s] Level 1:colcon.colcon_core.environment:create_file_with_runtime_dependencies(/home/rob/praktikum_ws/install/robprakt_interfaces/share/colcon-core/packages/robprakt_interfaces)
[1.186s] Level 1:colcon.colcon_core.environment:create_environment_scripts_only(robprakt_interfaces)
[1.190s] Level 1:colcon.colcon_core.environment:checking '/home/rob/praktikum_ws/install/robprakt_interfaces' for CMake module files
[1.190s] Level 1:colcon.colcon_core.environment:checking '/home/rob/praktikum_ws/install/robprakt_interfaces' for CMake config files
[1.191s] Level 1:colcon.colcon_core.shell:create_environment_hook('robprakt_interfaces', 'cmake_prefix_path')
[1.193s] INFO:colcon.colcon_core.shell:Creating environment hook '/home/rob/praktikum_ws/install/robprakt_interfaces/share/robprakt_interfaces/hook/cmake_prefix_path.ps1'
[1.194s] INFO:colcon.colcon_core.shell:Creating environment descriptor '/home/rob/praktikum_ws/install/robprakt_interfaces/share/robprakt_interfaces/hook/cmake_prefix_path.dsv'
[1.194s] INFO:colcon.colcon_core.shell:Creating environment hook '/home/rob/praktikum_ws/install/robprakt_interfaces/share/robprakt_interfaces/hook/cmake_prefix_path.sh'
[1.195s] Level 1:colcon.colcon_core.environment:checking '/home/rob/praktikum_ws/install/robprakt_interfaces/lib'
[1.195s] Level 1:colcon.colcon_core.shell:create_environment_hook('robprakt_interfaces', 'ld_library_path_lib')
[1.198s] INFO:colcon.colcon_core.shell:Creating environment hook '/home/rob/praktikum_ws/install/robprakt_interfaces/share/robprakt_interfaces/hook/ld_library_path_lib.ps1'
[1.198s] INFO:colcon.colcon_core.shell:Creating environment descriptor '/home/rob/praktikum_ws/install/robprakt_interfaces/share/robprakt_interfaces/hook/ld_library_path_lib.dsv'
[1.199s] INFO:colcon.colcon_core.shell:Creating environment hook '/home/rob/praktikum_ws/install/robprakt_interfaces/share/robprakt_interfaces/hook/ld_library_path_lib.sh'
[1.199s] Level 1:colcon.colcon_core.environment:checking '/home/rob/praktikum_ws/install/robprakt_interfaces/bin'
[1.199s] Level 1:colcon.colcon_core.environment:checking '/home/rob/praktikum_ws/install/robprakt_interfaces/lib/pkgconfig/robprakt_interfaces.pc'
[1.200s] Level 1:colcon.colcon_core.environment:checking '/home/rob/praktikum_ws/install/robprakt_interfaces/lib/python3.8/site-packages'
[1.200s] Level 1:colcon.colcon_core.shell:create_environment_hook('robprakt_interfaces', 'pythonpath')
[1.202s] INFO:colcon.colcon_core.shell:Creating environment hook '/home/rob/praktikum_ws/install/robprakt_interfaces/share/robprakt_interfaces/hook/pythonpath.ps1'
[1.202s] INFO:colcon.colcon_core.shell:Creating environment descriptor '/home/rob/praktikum_ws/install/robprakt_interfaces/share/robprakt_interfaces/hook/pythonpath.dsv'
[1.203s] INFO:colcon.colcon_core.shell:Creating environment hook '/home/rob/praktikum_ws/install/robprakt_interfaces/share/robprakt_interfaces/hook/pythonpath.sh'
[1.203s] Level 1:colcon.colcon_core.environment:checking '/home/rob/praktikum_ws/install/robprakt_interfaces/bin'
[1.206s] INFO:colcon.colcon_core.shell:Creating package script '/home/rob/praktikum_ws/install/robprakt_interfaces/share/robprakt_interfaces/package.ps1'
[1.206s] INFO:colcon.colcon_core.shell:Creating package descriptor '/home/rob/praktikum_ws/install/robprakt_interfaces/share/robprakt_interfaces/package.dsv'
[1.208s] INFO:colcon.colcon_core.shell:Creating package script '/home/rob/praktikum_ws/install/robprakt_interfaces/share/robprakt_interfaces/package.sh'
[1.209s] INFO:colcon.colcon_core.shell:Creating package script '/home/rob/praktikum_ws/install/robprakt_interfaces/share/robprakt_interfaces/package.bash'
[1.209s] INFO:colcon.colcon_core.shell:Creating package script '/home/rob/praktikum_ws/install/robprakt_interfaces/share/robprakt_interfaces/package.zsh'
[1.210s] Level 1:colcon.colcon_core.environment:create_file_with_runtime_dependencies(/home/rob/praktikum_ws/install/robprakt_interfaces/share/colcon-core/packages/robprakt_interfaces)
[1.211s] INFO:colcon.colcon_ros.task.cmake.build:Building ROS package in '/home/rob/praktikum_ws/src/vrpn-release' with build type 'cmake'
[1.211s] INFO:colcon.colcon_cmake.task.cmake.build:Building CMake package in '/home/rob/praktikum_ws/src/vrpn-release'
[1.213s] INFO:colcon.colcon_core.shell:Skip shell extension 'powershell' for command environment: Not usable outside of PowerShell
[1.213s] DEBUG:colcon.colcon_core.shell:Skip shell extension 'dsv' for command environment
[1.227s] DEBUG:colcon.colcon_core.event_handler.log_command:Invoking command in '/home/rob/praktikum_ws/build/vrpn': CMAKE_PREFIX_PATH=${CMAKE_PREFIX_PATH}:/home/rob/praktikum_ws/install/robprakt:/opt/ros/galactic /usr/bin/cmake --build /home/rob/praktikum_ws/build/vrpn -- -j1 -l1
[1.680s] DEBUG:colcon.colcon_core.event_handler.log_command:Invoked command in '/home/rob/praktikum_ws/build/vrpn' returned '0': CMAKE_PREFIX_PATH=${CMAKE_PREFIX_PATH}:/home/rob/praktikum_ws/install/robprakt:/opt/ros/galactic /usr/bin/cmake --build /home/rob/praktikum_ws/build/vrpn -- -j1 -l1
[1.994s] DEBUG:colcon.colcon_core.event_handler.log_command:Invoking command in '/home/rob/praktikum_ws/build/vrpn': CMAKE_PREFIX_PATH=${CMAKE_PREFIX_PATH}:/home/rob/praktikum_ws/install/robprakt:/opt/ros/galactic /usr/bin/cmake --install /home/rob/praktikum_ws/build/vrpn
[2.044s] DEBUG:colcon.colcon_core.event_handler.log_command:Invoked command in '/home/rob/praktikum_ws/build/vrpn' returned '0': CMAKE_PREFIX_PATH=${CMAKE_PREFIX_PATH}:/home/rob/praktikum_ws/install/robprakt:/opt/ros/galactic /usr/bin/cmake --install /home/rob/praktikum_ws/build/vrpn
[2.352s] Level 1:colcon.colcon_core.shell:create_environment_hook('vrpn', 'pkg_config_path')
[2.354s] INFO:colcon.colcon_core.shell:Creating environment hook '/home/rob/praktikum_ws/install/vrpn/share/vrpn/hook/pkg_config_path.ps1'
[2.355s] INFO:colcon.colcon_core.shell:Creating environment descriptor '/home/rob/praktikum_ws/install/vrpn/share/vrpn/hook/pkg_config_path.dsv'
[2.355s] INFO:colcon.colcon_core.shell:Creating environment hook '/home/rob/praktikum_ws/install/vrpn/share/vrpn/hook/pkg_config_path.sh'
[2.360s] Level 1:colcon.colcon_core.shell:create_environment_hook('vrpn', 'pkg_config_path_multiarch')
[2.362s] INFO:colcon.colcon_core.shell:Creating environment hook '/home/rob/praktikum_ws/install/vrpn/share/vrpn/hook/pkg_config_path_multiarch.ps1'
[2.363s] INFO:colcon.colcon_core.shell:Creating environment descriptor '/home/rob/praktikum_ws/install/vrpn/share/vrpn/hook/pkg_config_path_multiarch.dsv'
[2.363s] INFO:colcon.colcon_core.shell:Creating environment hook '/home/rob/praktikum_ws/install/vrpn/share/vrpn/hook/pkg_config_path_multiarch.sh'
[2.364s] Level 1:colcon.colcon_core.environment:create_environment_scripts_only(vrpn)
[2.367s] Level 1:colcon.colcon_core.environment:checking '/home/rob/praktikum_ws/install/vrpn' for CMake module files
[2.367s] Level 1:colcon.colcon_core.environment:checking '/home/rob/praktikum_ws/install/vrpn' for CMake config files
[2.368s] Level 1:colcon.colcon_core.shell:create_environment_hook('vrpn', 'cmake_prefix_path')
[2.370s] INFO:colcon.colcon_core.shell:Creating environment hook '/home/rob/praktikum_ws/install/vrpn/share/vrpn/hook/cmake_prefix_path.ps1'
[2.370s] INFO:colcon.colcon_core.shell:Creating environment descriptor '/home/rob/praktikum_ws/install/vrpn/share/vrpn/hook/cmake_prefix_path.dsv'
[2.371s] INFO:colcon.colcon_core.shell:Creating environment hook '/home/rob/praktikum_ws/install/vrpn/share/vrpn/hook/cmake_prefix_path.sh'
[2.371s] Level 1:colcon.colcon_core.environment:checking '/home/rob/praktikum_ws/install/vrpn/lib'
[2.371s] Level 1:colcon.colcon_core.environment:checking '/home/rob/praktikum_ws/install/vrpn/bin'
[2.371s] Level 1:colcon.colcon_core.shell:create_environment_hook('vrpn', 'path')
[2.373s] INFO:colcon.colcon_core.shell:Creating environment hook '/home/rob/praktikum_ws/install/vrpn/share/vrpn/hook/path.ps1'
[2.374s] INFO:colcon.colcon_core.shell:Creating environment descriptor '/home/rob/praktikum_ws/install/vrpn/share/vrpn/hook/path.dsv'
[2.374s] INFO:colcon.colcon_core.shell:Creating environment hook '/home/rob/praktikum_ws/install/vrpn/share/vrpn/hook/path.sh'
[2.375s] Level 1:colcon.colcon_core.environment:checking '/home/rob/praktikum_ws/install/vrpn/lib/pkgconfig/vrpn.pc'
[2.375s] Level 1:colcon.colcon_core.environment:checking '/home/rob/praktikum_ws/install/vrpn/lib/python3.8/site-packages'
[2.375s] Level 1:colcon.colcon_core.environment:checking '/home/rob/praktikum_ws/install/vrpn/bin'
[2.375s] Level 1:colcon.colcon_core.shell:create_environment_hook('vrpn', 'pythonscriptspath')
[2.377s] INFO:colcon.colcon_core.shell:Creating environment hook '/home/rob/praktikum_ws/install/vrpn/share/vrpn/hook/pythonscriptspath.ps1'
[2.378s] INFO:colcon.colcon_core.shell:Creating environment descriptor '/home/rob/praktikum_ws/install/vrpn/share/vrpn/hook/pythonscriptspath.dsv'
[2.378s] INFO:colcon.colcon_core.shell:Creating environment hook '/home/rob/praktikum_ws/install/vrpn/share/vrpn/hook/pythonscriptspath.sh'
[2.381s] INFO:colcon.colcon_core.shell:Creating package script '/home/rob/praktikum_ws/install/vrpn/share/vrpn/package.ps1'
[2.382s] INFO:colcon.colcon_core.shell:Creating package descriptor '/home/rob/praktikum_ws/install/vrpn/share/vrpn/package.dsv'
[2.383s] INFO:colcon.colcon_core.shell:Creating package script '/home/rob/praktikum_ws/install/vrpn/share/vrpn/package.sh'
[2.384s] INFO:colcon.colcon_core.shell:Creating package script '/home/rob/praktikum_ws/install/vrpn/share/vrpn/package.bash'
[2.385s] INFO:colcon.colcon_core.shell:Creating package script '/home/rob/praktikum_ws/install/vrpn/share/vrpn/package.zsh'
[2.386s] Level 1:colcon.colcon_core.environment:create_file_with_runtime_dependencies(/home/rob/praktikum_ws/install/vrpn/share/colcon-core/packages/vrpn)
[2.388s] INFO:colcon.colcon_ros.task.ament_cmake.build:Building ROS package in '/home/rob/praktikum_ws/src/vrpn_client_ros2' with build type 'ament_cmake'
[2.390s] INFO:colcon.colcon_cmake.task.cmake.build:Building CMake package in '/home/rob/praktikum_ws/src/vrpn_client_ros2'
[2.403s] INFO:colcon.colcon_core.shell:Skip shell extension 'powershell' for command environment: Not usable outside of PowerShell
[2.403s] DEBUG:colcon.colcon_core.shell:Skip shell extension 'dsv' for command environment
[2.452s] DEBUG:colcon.colcon_core.event_handler.log_command:Invoking command in '/home/rob/praktikum_ws/build/vrpn_client_ros': CMAKE_PREFIX_PATH=${CMAKE_PREFIX_PATH}:/home/rob/praktikum_ws/install/robprakt:/opt/ros/galactic /usr/bin/cmake --build /home/rob/praktikum_ws/build/vrpn_client_ros -- -j1 -l1
[2.597s] DEBUG:colcon.colcon_core.event_handler.log_command:Invoked command in '/home/rob/praktikum_ws/build/vrpn_client_ros' returned '0': CMAKE_PREFIX_PATH=${CMAKE_PREFIX_PATH}:/home/rob/praktikum_ws/install/robprakt:/opt/ros/galactic /usr/bin/cmake --build /home/rob/praktikum_ws/build/vrpn_client_ros -- -j1 -l1
[2.630s] DEBUG:colcon.colcon_core.event_handler.log_command:Invoking command in '/home/rob/praktikum_ws/build/vrpn_client_ros': CMAKE_PREFIX_PATH=${CMAKE_PREFIX_PATH}:/home/rob/praktikum_ws/install/robprakt:/opt/ros/galactic /usr/bin/cmake --install /home/rob/praktikum_ws/build/vrpn_client_ros
[2.648s] Level 1:colcon.colcon_core.environment:create_environment_scripts_only(vrpn_client_ros)
[2.652s] Level 1:colcon.colcon_core.environment:checking '/home/rob/praktikum_ws/install/vrpn_client_ros' for CMake module files
[2.652s] Level 1:colcon.colcon_core.environment:checking '/home/rob/praktikum_ws/install/vrpn_client_ros' for CMake config files
[2.653s] Level 1:colcon.colcon_core.shell:create_environment_hook('vrpn_client_ros', 'cmake_prefix_path')
[2.655s] INFO:colcon.colcon_core.shell:Creating environment hook '/home/rob/praktikum_ws/install/vrpn_client_ros/share/vrpn_client_ros/hook/cmake_prefix_path.ps1'
[2.656s] INFO:colcon.colcon_core.shell:Creating environment descriptor '/home/rob/praktikum_ws/install/vrpn_client_ros/share/vrpn_client_ros/hook/cmake_prefix_path.dsv'
[2.656s] DEBUG:colcon.colcon_core.event_handler.log_command:Invoked command in '/home/rob/praktikum_ws/build/vrpn_client_ros' returned '0': CMAKE_PREFIX_PATH=${CMAKE_PREFIX_PATH}:/home/rob/praktikum_ws/install/robprakt:/opt/ros/galactic /usr/bin/cmake --install /home/rob/praktikum_ws/build/vrpn_client_ros
[2.656s] INFO:colcon.colcon_core.shell:Creating environment hook '/home/rob/praktikum_ws/install/vrpn_client_ros/share/vrpn_client_ros/hook/cmake_prefix_path.sh'
[2.659s] Level 1:colcon.colcon_core.environment:checking '/home/rob/praktikum_ws/install/vrpn_client_ros/lib'
[2.659s] Level 1:colcon.colcon_core.environment:checking '/home/rob/praktikum_ws/install/vrpn_client_ros/bin'
[2.659s] Level 1:colcon.colcon_core.environment:checking '/home/rob/praktikum_ws/install/vrpn_client_ros/lib/pkgconfig/vrpn_client_ros.pc'
[2.660s] Level 1:colcon.colcon_core.environment:checking '/home/rob/praktikum_ws/install/vrpn_client_ros/lib/python3.8/site-packages'
[2.660s] Level 1:colcon.colcon_core.environment:checking '/home/rob/praktikum_ws/install/vrpn_client_ros/bin'
[2.662s] INFO:colcon.colcon_core.shell:Creating package script '/home/rob/praktikum_ws/install/vrpn_client_ros/share/vrpn_client_ros/package.ps1'
[2.663s] INFO:colcon.colcon_core.shell:Creating package descriptor '/home/rob/praktikum_ws/install/vrpn_client_ros/share/vrpn_client_ros/package.dsv'
[2.663s] INFO:colcon.colcon_core.shell:Creating package script '/home/rob/praktikum_ws/install/vrpn_client_ros/share/vrpn_client_ros/package.sh'
[2.664s] INFO:colcon.colcon_core.shell:Creating package script '/home/rob/praktikum_ws/install/vrpn_client_ros/share/vrpn_client_ros/package.bash'
[2.664s] INFO:colcon.colcon_core.shell:Creating package script '/home/rob/praktikum_ws/install/vrpn_client_ros/share/vrpn_client_ros/package.zsh'
[2.665s] Level 1:colcon.colcon_core.environment:create_file_with_runtime_dependencies(/home/rob/praktikum_ws/install/vrpn_client_ros/share/colcon-core/packages/vrpn_client_ros)
[2.697s] Level 1:colcon.colcon_core.environment:create_environment_scripts_only(vrpn_client_ros)
[2.701s] Level 1:colcon.colcon_core.environment:checking '/home/rob/praktikum_ws/install/vrpn_client_ros' for CMake module files
[2.701s] Level 1:colcon.colcon_core.environment:checking '/home/rob/praktikum_ws/install/vrpn_client_ros' for CMake config files
[2.702s] Level 1:colcon.colcon_core.shell:create_environment_hook('vrpn_client_ros', 'cmake_prefix_path')
[2.704s] INFO:colcon.colcon_core.shell:Creating environment hook '/home/rob/praktikum_ws/install/vrpn_client_ros/share/vrpn_client_ros/hook/cmake_prefix_path.ps1'
[2.705s] INFO:colcon.colcon_core.shell:Creating environment descriptor '/home/rob/praktikum_ws/install/vrpn_client_ros/share/vrpn_client_ros/hook/cmake_prefix_path.dsv'
[2.705s] INFO:colcon.colcon_core.shell:Creating environment hook '/home/rob/praktikum_ws/install/vrpn_client_ros/share/vrpn_client_ros/hook/cmake_prefix_path.sh'
[2.706s] Level 1:colcon.colcon_core.environment:checking '/home/rob/praktikum_ws/install/vrpn_client_ros/lib'
[2.706s] Level 1:colcon.colcon_core.environment:checking '/home/rob/praktikum_ws/install/vrpn_client_ros/bin'
[2.706s] Level 1:colcon.colcon_core.environment:checking '/home/rob/praktikum_ws/install/vrpn_client_ros/lib/pkgconfig/vrpn_client_ros.pc'
[2.707s] Level 1:colcon.colcon_core.environment:checking '/home/rob/praktikum_ws/install/vrpn_client_ros/lib/python3.8/site-packages'
[2.707s] Level 1:colcon.colcon_core.environment:checking '/home/rob/praktikum_ws/install/vrpn_client_ros/bin'
[2.709s] INFO:colcon.colcon_core.shell:Creating package script '/home/rob/praktikum_ws/install/vrpn_client_ros/share/vrpn_client_ros/package.ps1'
[2.710s] INFO:colcon.colcon_core.shell:Creating package descriptor '/home/rob/praktikum_ws/install/vrpn_client_ros/share/vrpn_client_ros/package.dsv'
[2.710s] INFO:colcon.colcon_core.shell:Creating package script '/home/rob/praktikum_ws/install/vrpn_client_ros/share/vrpn_client_ros/package.sh'
[2.711s] INFO:colcon.colcon_core.shell:Creating package script '/home/rob/praktikum_ws/install/vrpn_client_ros/share/vrpn_client_ros/package.bash'
[2.711s] INFO:colcon.colcon_core.shell:Creating package script '/home/rob/praktikum_ws/install/vrpn_client_ros/share/vrpn_client_ros/package.zsh'
[2.712s] Level 1:colcon.colcon_core.environment:create_file_with_runtime_dependencies(/home/rob/praktikum_ws/install/vrpn_client_ros/share/colcon-core/packages/vrpn_client_ros)
[2.713s] INFO:colcon.colcon_ros.task.ament_python.build:Building ROS package in '/home/rob/praktikum_ws/src/robprakt' with build type 'ament_python'
[2.713s] Level 1:colcon.colcon_core.shell:create_environment_hook('robprakt', 'ament_prefix_path')
[2.715s] INFO:colcon.colcon_core.shell:Creating environment hook '/home/rob/praktikum_ws/install/robprakt/share/robprakt/hook/ament_prefix_path.ps1'
[2.716s] INFO:colcon.colcon_core.shell:Creating environment descriptor '/home/rob/praktikum_ws/install/robprakt/share/robprakt/hook/ament_prefix_path.dsv'
[2.716s] INFO:colcon.colcon_core.shell:Creating environment hook '/home/rob/praktikum_ws/install/robprakt/share/robprakt/hook/ament_prefix_path.sh'
[2.719s] INFO:colcon.colcon_core.shell:Skip shell extension 'powershell' for command environment: Not usable outside of PowerShell
[2.719s] DEBUG:colcon.colcon_core.shell:Skip shell extension 'dsv' for command environment
[3.072s] INFO:colcon.colcon_core.task.python.build:Building Python package in '/home/rob/praktikum_ws/src/robprakt'
[3.074s] INFO:colcon.colcon_core.shell:Skip shell extension 'powershell' for command environment: Not usable outside of PowerShell
[3.074s] DEBUG:colcon.colcon_core.shell:Skip shell extension 'dsv' for command environment
[3.644s] DEBUG:colcon.colcon_core.event_handler.log_command:Invoking command in '/home/rob/praktikum_ws/src/robprakt': PYTHONPATH=/home/rob/praktikum_ws/install/robprakt/lib/python3.8/site-packages:${PYTHONPATH} /usr/bin/python3 setup.py egg_info --egg-base ../../build/robprakt build --build-base /home/rob/praktikum_ws/build/robprakt/build install --prefix /home/rob/praktikum_ws/install/robprakt --record /home/rob/praktikum_ws/build/robprakt/install.log --single-version-externally-managed
[4.112s] Level 1:colcon.colcon_core.environment:checking '/home/rob/praktikum_ws/install/robprakt' for CMake module files
[4.112s] DEBUG:colcon.colcon_core.event_handler.log_command:Invoked command in '/home/rob/praktikum_ws/src/robprakt' returned '0': PYTHONPATH=/home/rob/praktikum_ws/install/robprakt/lib/python3.8/site-packages:${PYTHONPATH} /usr/bin/python3 setup.py egg_info --egg-base ../../build/robprakt build --build-base /home/rob/praktikum_ws/build/robprakt/build install --prefix /home/rob/praktikum_ws/install/robprakt --record /home/rob/praktikum_ws/build/robprakt/install.log --single-version-externally-managed
[4.113s] Level 1:colcon.colcon_core.environment:checking '/home/rob/praktikum_ws/install/robprakt' for CMake config files
[4.114s] Level 1:colcon.colcon_core.environment:checking '/home/rob/praktikum_ws/install/robprakt/lib'
[4.114s] Level 1:colcon.colcon_core.environment:checking '/home/rob/praktikum_ws/install/robprakt/bin'
[4.114s] Level 1:colcon.colcon_core.environment:checking '/home/rob/praktikum_ws/install/robprakt/lib/pkgconfig/robprakt.pc'
[4.114s] Level 1:colcon.colcon_core.environment:checking '/home/rob/praktikum_ws/install/robprakt/lib/python3.8/site-packages'
[4.114s] Level 1:colcon.colcon_core.shell:create_environment_hook('robprakt', 'pythonpath')
[4.116s] INFO:colcon.colcon_core.shell:Creating environment hook '/home/rob/praktikum_ws/install/robprakt/share/robprakt/hook/pythonpath.ps1'
[4.117s] INFO:colcon.colcon_core.shell:Creating environment descriptor '/home/rob/praktikum_ws/install/robprakt/share/robprakt/hook/pythonpath.dsv'
[4.118s] INFO:colcon.colcon_core.shell:Creating environment hook '/home/rob/praktikum_ws/install/robprakt/share/robprakt/hook/pythonpath.sh'
[4.118s] Level 1:colcon.colcon_core.environment:checking '/home/rob/praktikum_ws/install/robprakt/bin'
[4.118s] Level 1:colcon.colcon_core.environment:create_environment_scripts_only(robprakt)
[4.121s] INFO:colcon.colcon_core.shell:Creating package script '/home/rob/praktikum_ws/install/robprakt/share/robprakt/package.ps1'
[4.121s] INFO:colcon.colcon_core.shell:Creating package descriptor '/home/rob/praktikum_ws/install/robprakt/share/robprakt/package.dsv'
[4.122s] INFO:colcon.colcon_core.shell:Creating package script '/home/rob/praktikum_ws/install/robprakt/share/robprakt/package.sh'
[4.122s] INFO:colcon.colcon_core.shell:Creating package script '/home/rob/praktikum_ws/install/robprakt/share/robprakt/package.bash'
[4.123s] INFO:colcon.colcon_core.shell:Creating package script '/home/rob/praktikum_ws/install/robprakt/share/robprakt/package.zsh'
[4.123s] Level 1:colcon.colcon_core.environment:create_file_with_runtime_dependencies(/home/rob/praktikum_ws/install/robprakt/share/colcon-core/packages/robprakt)
[4.124s] DEBUG:colcon.colcon_parallel_executor.executor.parallel:closing loop
[4.124s] DEBUG:colcon.colcon_parallel_executor.executor.parallel:loop closed
[4.124s] DEBUG:colcon.colcon_parallel_executor.executor.parallel:run_until_complete finished with '0'
[4.125s] DEBUG:colcon.colcon_core.event_reactor:joining thread
[4.133s] INFO:colcon.colcon_core.plugin_system:Skipping extension 'colcon_notification.desktop_notification.terminal_notifier': Not used on non-Darwin systems
[4.133s] INFO:colcon.colcon_core.plugin_system:Skipping extension 'colcon_notification.desktop_notification.win32': Not used on non-Windows systems
[4.133s] INFO:colcon.colcon_notification.desktop_notification:Sending desktop notification using 'notify2'
[4.153s] DEBUG:colcon.colcon_core.event_reactor:joined thread
[4.156s] INFO:colcon.colcon_core.shell:Creating prefix script '/home/rob/praktikum_ws/install/local_setup.ps1'
[4.158s] INFO:colcon.colcon_core.shell:Creating prefix util module '/home/rob/praktikum_ws/install/_local_setup_util_ps1.py'
[4.164s] INFO:colcon.colcon_core.shell:Creating prefix chain script '/home/rob/praktikum_ws/install/setup.ps1'
[4.173s] INFO:colcon.colcon_core.shell:Creating prefix script '/home/rob/praktikum_ws/install/local_setup.sh'
[4.173s] INFO:colcon.colcon_core.shell:Creating prefix util module '/home/rob/praktikum_ws/install/_local_setup_util_sh.py'
[4.174s] INFO:colcon.colcon_core.shell:Creating prefix chain script '/home/rob/praktikum_ws/install/setup.sh'
[4.176s] INFO:colcon.colcon_core.shell:Creating prefix script '/home/rob/praktikum_ws/install/local_setup.bash'
[4.177s] INFO:colcon.colcon_core.shell:Creating prefix chain script '/home/rob/praktikum_ws/install/setup.bash'
[4.179s] INFO:colcon.colcon_core.shell:Creating prefix script '/home/rob/praktikum_ws/install/local_setup.zsh'
[4.188s] INFO:colcon.colcon_core.shell:Creating prefix chain script '/home/rob/praktikum_ws/install/setup.zsh'
