[0.102s] DEBUG:colcon:Command line arguments: ['/usr/bin/colcon', 'build', '--packages-select', 'pymoveit2']
[0.102s] DEBUG:colcon:Parsed command line arguments: Namespace(allow_overriding=[], ament_cmake_args=None, base_paths=['.'], build_base='build', catkin_cmake_args=None, catkin_skip_building_tests=False, cmake_args=None, cmake_clean_cache=False, cmake_clean_first=False, cmake_force_configure=False, cmake_target=None, cmake_target_skip_unavailable=False, continue_on_error=False, event_handlers=None, executor='parallel', ignore_user_meta=False, install_base='install', log_base=None, log_level=None, main=<bound method BuildVerb.main of <colcon_core.verb.build.BuildVerb object at 0x7fd79d33a9a0>>, merge_install=False, metas=['./colcon.meta'], mixin=None, mixin_files=None, mixin_verb=('build',), packages_above=None, packages_above_and_dependencies=None, packages_above_depth=None, packages_end=None, packages_ignore=None, packages_ignore_regex=None, packages_select=['pymoveit2'], packages_select_build_failed=False, packages_select_by_dep=None, packages_select_regex=None, packages_select_test_failures=False, packages_skip=None, packages_skip_build_finished=False, packages_skip_by_dep=None, packages_skip_regex=None, packages_skip_test_passed=False, packages_skip_up_to=None, packages_start=None, packages_up_to=None, packages_up_to_regex=None, parallel_workers=12, paths=None, symlink_install=False, test_result_base=None, verb_extension=<colcon_core.verb.build.BuildVerb object at 0x7fd79d33a9a0>, verb_name='build', verb_parser=<colcon_mixin.mixin.mixin_argument.MixinArgumentDecorator object at 0x7fd79d33af70>)
[0.115s] Level 1:colcon.colcon_core.package_discovery:discover_packages(colcon_meta) check parameters
[0.115s] Level 1:colcon.colcon_core.package_discovery:discover_packages(recursive) check parameters
[0.115s] Level 1:colcon.colcon_core.package_discovery:discover_packages(ignore) check parameters
[0.115s] Level 1:colcon.colcon_core.package_discovery:discover_packages(path) check parameters
[0.115s] Level 1:colcon.colcon_core.package_discovery:discover_packages(colcon_meta) discover
[0.115s] Level 1:colcon.colcon_core.package_discovery:discover_packages(recursive) discover
[0.115s] INFO:colcon.colcon_core.package_discovery:Crawling recursively for packages in '/home/praktikum4/praktikum_ws'
[0.115s] Level 1:colcon.colcon_core.package_identification:_identify(.) by extensions ['ignore', 'ignore_ament_install']
[0.116s] Level 1:colcon.colcon_core.package_identification:_identify(.) by extension 'ignore'
[0.116s] Level 1:colcon.colcon_core.package_identification:_identify(.) by extension 'ignore_ament_install'
[0.116s] Level 1:colcon.colcon_core.package_identification:_identify(.) by extensions ['colcon_pkg']
[0.116s] Level 1:colcon.colcon_core.package_identification:_identify(.) by extension 'colcon_pkg'
[0.116s] Level 1:colcon.colcon_core.package_identification:_identify(.) by extensions ['colcon_meta']
[0.116s] Level 1:colcon.colcon_core.package_identification:_identify(.) by extension 'colcon_meta'
[0.116s] Level 1:colcon.colcon_core.package_identification:_identify(.) by extensions ['ros']
[0.116s] Level 1:colcon.colcon_core.package_identification:_identify(.) by extension 'ros'
[0.127s] Level 1:colcon.colcon_core.package_identification:_identify(.) by extensions ['cmake', 'python']
[0.127s] Level 1:colcon.colcon_core.package_identification:_identify(.) by extension 'cmake'
[0.127s] Level 1:colcon.colcon_core.package_identification:_identify(.) by extension 'python'
[0.127s] Level 1:colcon.colcon_core.package_identification:_identify(.) by extensions ['python_setup_py']
[0.127s] Level 1:colcon.colcon_core.package_identification:_identify(.) by extension 'python_setup_py'
[0.127s] Level 1:colcon.colcon_core.package_identification:_identify(build) by extensions ['ignore', 'ignore_ament_install']
[0.127s] Level 1:colcon.colcon_core.package_identification:_identify(build) by extension 'ignore'
[0.127s] Level 1:colcon.colcon_core.package_identification:_identify(build) ignored
[0.127s] Level 1:colcon.colcon_core.package_identification:_identify(install) by extensions ['ignore', 'ignore_ament_install']
[0.127s] Level 1:colcon.colcon_core.package_identification:_identify(install) by extension 'ignore'
[0.127s] Level 1:colcon.colcon_core.package_identification:_identify(install) ignored
[0.127s] Level 1:colcon.colcon_core.package_identification:_identify(log) by extensions ['ignore', 'ignore_ament_install']
[0.127s] Level 1:colcon.colcon_core.package_identification:_identify(log) by extension 'ignore'
[0.127s] Level 1:colcon.colcon_core.package_identification:_identify(log) ignored
[0.127s] Level 1:colcon.colcon_core.package_identification:_identify(src) by extensions ['ignore', 'ignore_ament_install']
[0.127s] Level 1:colcon.colcon_core.package_identification:_identify(src) by extension 'ignore'
[0.127s] Level 1:colcon.colcon_core.package_identification:_identify(src) by extension 'ignore_ament_install'
[0.127s] Level 1:colcon.colcon_core.package_identification:_identify(src) by extensions ['colcon_pkg']
[0.127s] Level 1:colcon.colcon_core.package_identification:_identify(src) by extension 'colcon_pkg'
[0.127s] Level 1:colcon.colcon_core.package_identification:_identify(src) by extensions ['colcon_meta']
[0.127s] Level 1:colcon.colcon_core.package_identification:_identify(src) by extension 'colcon_meta'
[0.128s] Level 1:colcon.colcon_core.package_identification:_identify(src) by extensions ['ros']
[0.128s] Level 1:colcon.colcon_core.package_identification:_identify(src) by extension 'ros'
[0.128s] Level 1:colcon.colcon_core.package_identification:_identify(src) by extensions ['cmake', 'python']
[0.128s] Level 1:colcon.colcon_core.package_identification:_identify(src) by extension 'cmake'
[0.128s] Level 1:colcon.colcon_core.package_identification:_identify(src) by extension 'python'
[0.128s] Level 1:colcon.colcon_core.package_identification:_identify(src) by extensions ['python_setup_py']
[0.128s] Level 1:colcon.colcon_core.package_identification:_identify(src) by extension 'python_setup_py'
[0.128s] Level 1:colcon.colcon_core.package_identification:_identify(src/pymoveit2) by extensions ['ignore', 'ignore_ament_install']
[0.128s] Level 1:colcon.colcon_core.package_identification:_identify(src/pymoveit2) by extension 'ignore'
[0.128s] Level 1:colcon.colcon_core.package_identification:_identify(src/pymoveit2) by extension 'ignore_ament_install'
[0.128s] Level 1:colcon.colcon_core.package_identification:_identify(src/pymoveit2) by extensions ['colcon_pkg']
[0.128s] Level 1:colcon.colcon_core.package_identification:_identify(src/pymoveit2) by extension 'colcon_pkg'
[0.128s] Level 1:colcon.colcon_core.package_identification:_identify(src/pymoveit2) by extensions ['colcon_meta']
[0.128s] Level 1:colcon.colcon_core.package_identification:_identify(src/pymoveit2) by extension 'colcon_meta'
[0.128s] Level 1:colcon.colcon_core.package_identification:_identify(src/pymoveit2) by extensions ['ros']
[0.128s] Level 1:colcon.colcon_core.package_identification:_identify(src/pymoveit2) by extension 'ros'
[0.129s] DEBUG:colcon.colcon_core.package_identification:Package 'src/pymoveit2' with type 'ros.ament_cmake' and name 'pymoveit2'
[0.129s] Level 1:colcon.colcon_core.package_identification:_identify(src/robprakt) by extensions ['ignore', 'ignore_ament_install']
[0.130s] Level 1:colcon.colcon_core.package_identification:_identify(src/robprakt) by extension 'ignore'
[0.130s] Level 1:colcon.colcon_core.package_identification:_identify(src/robprakt) by extension 'ignore_ament_install'
[0.130s] Level 1:colcon.colcon_core.package_identification:_identify(src/robprakt) by extensions ['colcon_pkg']
[0.130s] Level 1:colcon.colcon_core.package_identification:_identify(src/robprakt) by extension 'colcon_pkg'
[0.130s] Level 1:colcon.colcon_core.package_identification:_identify(src/robprakt) by extensions ['colcon_meta']
[0.130s] Level 1:colcon.colcon_core.package_identification:_identify(src/robprakt) by extension 'colcon_meta'
[0.130s] Level 1:colcon.colcon_core.package_identification:_identify(src/robprakt) by extensions ['ros']
[0.130s] Level 1:colcon.colcon_core.package_identification:_identify(src/robprakt) by extension 'ros'
[0.130s] DEBUG:colcon.colcon_core.package_identification:Package 'src/robprakt' with type 'ros.ament_python' and name 'robprakt'
[0.130s] Level 1:colcon.colcon_core.package_identification:_identify(src/robprakt_interfaces) by extensions ['ignore', 'ignore_ament_install']
[0.130s] Level 1:colcon.colcon_core.package_identification:_identify(src/robprakt_interfaces) by extension 'ignore'
[0.130s] Level 1:colcon.colcon_core.package_identification:_identify(src/robprakt_interfaces) by extension 'ignore_ament_install'
[0.130s] Level 1:colcon.colcon_core.package_identification:_identify(src/robprakt_interfaces) by extensions ['colcon_pkg']
[0.130s] Level 1:colcon.colcon_core.package_identification:_identify(src/robprakt_interfaces) by extension 'colcon_pkg'
[0.130s] Level 1:colcon.colcon_core.package_identification:_identify(src/robprakt_interfaces) by extensions ['colcon_meta']
[0.130s] Level 1:colcon.colcon_core.package_identification:_identify(src/robprakt_interfaces) by extension 'colcon_meta'
[0.130s] Level 1:colcon.colcon_core.package_identification:_identify(src/robprakt_interfaces) by extensions ['ros']
[0.130s] Level 1:colcon.colcon_core.package_identification:_identify(src/robprakt_interfaces) by extension 'ros'
[0.131s] DEBUG:colcon.colcon_core.package_identification:Package 'src/robprakt_interfaces' with type 'ros.ament_cmake' and name 'robprakt_interfaces'
[0.131s] Level 1:colcon.colcon_core.package_identification:_identify(src/vrpn-release) by extensions ['ignore', 'ignore_ament_install']
[0.131s] Level 1:colcon.colcon_core.package_identification:_identify(src/vrpn-release) by extension 'ignore'
[0.131s] Level 1:colcon.colcon_core.package_identification:_identify(src/vrpn-release) by extension 'ignore_ament_install'
[0.131s] Level 1:colcon.colcon_core.package_identification:_identify(src/vrpn-release) by extensions ['colcon_pkg']
[0.131s] Level 1:colcon.colcon_core.package_identification:_identify(src/vrpn-release) by extension 'colcon_pkg'
[0.131s] Level 1:colcon.colcon_core.package_identification:_identify(src/vrpn-release) by extensions ['colcon_meta']
[0.131s] Level 1:colcon.colcon_core.package_identification:_identify(src/vrpn-release) by extension 'colcon_meta'
[0.131s] Level 1:colcon.colcon_core.package_identification:_identify(src/vrpn-release) by extensions ['ros']
[0.131s] Level 1:colcon.colcon_core.package_identification:_identify(src/vrpn-release) by extension 'ros'
[0.131s] DEBUG:colcon.colcon_core.package_identification:Package 'src/vrpn-release' with type 'ros.cmake' and name 'vrpn'
[0.131s] Level 1:colcon.colcon_core.package_identification:_identify(src/vrpn_client_ros2) by extensions ['ignore', 'ignore_ament_install']
[0.131s] Level 1:colcon.colcon_core.package_identification:_identify(src/vrpn_client_ros2) by extension 'ignore'
[0.131s] Level 1:colcon.colcon_core.package_identification:_identify(src/vrpn_client_ros2) by extension 'ignore_ament_install'
[0.132s] Level 1:colcon.colcon_core.package_identification:_identify(src/vrpn_client_ros2) by extensions ['colcon_pkg']
[0.132s] Level 1:colcon.colcon_core.package_identification:_identify(src/vrpn_client_ros2) by extension 'colcon_pkg'
[0.132s] Level 1:colcon.colcon_core.package_identification:_identify(src/vrpn_client_ros2) by extensions ['colcon_meta']
[0.132s] Level 1:colcon.colcon_core.package_identification:_identify(src/vrpn_client_ros2) by extension 'colcon_meta'
[0.132s] Level 1:colcon.colcon_core.package_identification:_identify(src/vrpn_client_ros2) by extensions ['ros']
[0.132s] Level 1:colcon.colcon_core.package_identification:_identify(src/vrpn_client_ros2) by extension 'ros'
[0.132s] DEBUG:colcon.colcon_core.package_identification:Package 'src/vrpn_client_ros2' with type 'ros.ament_cmake' and name 'vrpn_client_ros'
[0.132s] Level 1:colcon.colcon_core.package_discovery:discover_packages(recursive) using defaults
[0.132s] Level 1:colcon.colcon_core.package_discovery:discover_packages(ignore) discover
[0.132s] Level 1:colcon.colcon_core.package_discovery:discover_packages(ignore) using defaults
[0.132s] Level 1:colcon.colcon_core.package_discovery:discover_packages(path) discover
[0.132s] Level 1:colcon.colcon_core.package_discovery:discover_packages(path) using defaults
[0.144s] INFO:colcon.colcon_core.package_selection:Skipping not selected package 'robprakt_interfaces' in 'src/robprakt_interfaces'
[0.144s] INFO:colcon.colcon_core.package_selection:Skipping not selected package 'vrpn' in 'src/vrpn-release'
[0.144s] INFO:colcon.colcon_core.package_selection:Skipping not selected package 'vrpn_client_ros' in 'src/vrpn_client_ros2'
[0.144s] INFO:colcon.colcon_core.package_selection:Skipping not selected package 'robprakt' in 'src/robprakt'
[0.145s] Level 1:colcon.colcon_core.package_discovery:discover_packages(prefix_path) check parameters
[0.145s] Level 1:colcon.colcon_core.package_discovery:discover_packages(prefix_path) discover
[0.147s] DEBUG:colcon.colcon_installed_package_information.package_discovery:Found 5 installed packages in /home/praktikum4/praktikum_ws/install
[0.148s] DEBUG:colcon.colcon_installed_package_information.package_discovery:Found 45 installed packages in /home/praktikum4/ws_moveit2/install
[0.149s] DEBUG:colcon.colcon_installed_package_information.package_discovery:Found 353 installed packages in /opt/ros/galactic
[0.151s] Level 1:colcon.colcon_core.package_discovery:discover_packages(prefix_path) using defaults
[0.197s] Level 5:colcon.colcon_core.verb:set package 'pymoveit2' build argument 'cmake_args' from command line to 'None'
[0.197s] Level 5:colcon.colcon_core.verb:set package 'pymoveit2' build argument 'cmake_target' from command line to 'None'
[0.197s] Level 5:colcon.colcon_core.verb:set package 'pymoveit2' build argument 'cmake_target_skip_unavailable' from command line to 'False'
[0.197s] Level 5:colcon.colcon_core.verb:set package 'pymoveit2' build argument 'cmake_clean_cache' from command line to 'False'
[0.197s] Level 5:colcon.colcon_core.verb:set package 'pymoveit2' build argument 'cmake_clean_first' from command line to 'False'
[0.197s] Level 5:colcon.colcon_core.verb:set package 'pymoveit2' build argument 'cmake_force_configure' from command line to 'False'
[0.197s] Level 5:colcon.colcon_core.verb:set package 'pymoveit2' build argument 'ament_cmake_args' from command line to 'None'
[0.197s] Level 5:colcon.colcon_core.verb:set package 'pymoveit2' build argument 'catkin_cmake_args' from command line to 'None'
[0.198s] Level 5:colcon.colcon_core.verb:set package 'pymoveit2' build argument 'catkin_skip_building_tests' from command line to 'False'
[0.198s] DEBUG:colcon.colcon_core.verb:Building package 'pymoveit2' with the following arguments: {'ament_cmake_args': None, 'build_base': '/home/praktikum4/praktikum_ws/build/pymoveit2', 'catkin_cmake_args': None, 'catkin_skip_building_tests': False, 'cmake_args': None, 'cmake_clean_cache': False, 'cmake_clean_first': False, 'cmake_force_configure': False, 'cmake_target': None, 'cmake_target_skip_unavailable': False, 'install_base': '/home/praktikum4/praktikum_ws/install/pymoveit2', 'merge_install': False, 'path': '/home/praktikum4/praktikum_ws/src/pymoveit2', 'symlink_install': False, 'test_result_base': None}
[0.198s] INFO:colcon.colcon_core.executor:Executing jobs using 'parallel' executor
[0.200s] DEBUG:colcon.colcon_parallel_executor.executor.parallel:run_until_complete
[0.200s] INFO:colcon.colcon_ros.task.ament_cmake.build:Building ROS package in '/home/praktikum4/praktikum_ws/src/pymoveit2' with build type 'ament_cmake'
[0.200s] INFO:colcon.colcon_cmake.task.cmake.build:Building CMake package in '/home/praktikum4/praktikum_ws/src/pymoveit2'
[0.203s] INFO:colcon.colcon_core.plugin_system:Skipping extension 'colcon_core.shell.bat': Not used on non-Windows systems
[0.203s] INFO:colcon.colcon_core.shell:Skip shell extension 'powershell' for command environment: Not usable outside of PowerShell
[0.203s] DEBUG:colcon.colcon_core.shell:Skip shell extension 'dsv' for command environment
[0.212s] DEBUG:colcon.colcon_core.event_handler.log_command:Invoking command in '/home/praktikum4/praktikum_ws/build/pymoveit2': CMAKE_PREFIX_PATH=${CMAKE_PREFIX_PATH}:/home/praktikum4/praktikum_ws/install/robprakt:/home/praktikum4/ws_moveit2/install/moveit_configs_utils:/home/praktikum4/ws_moveit2/install/launch_param_builder:/opt/ros/galactic /usr/bin/cmake --build /home/praktikum4/praktikum_ws/build/pymoveit2 -- -j12 -l12
[0.564s] DEBUG:colcon.colcon_core.event_handler.log_command:Invoked command in '/home/praktikum4/praktikum_ws/build/pymoveit2' returned '0': CMAKE_PREFIX_PATH=${CMAKE_PREFIX_PATH}:/home/praktikum4/praktikum_ws/install/robprakt:/home/praktikum4/ws_moveit2/install/moveit_configs_utils:/home/praktikum4/ws_moveit2/install/launch_param_builder:/opt/ros/galactic /usr/bin/cmake --build /home/praktikum4/praktikum_ws/build/pymoveit2 -- -j12 -l12
[0.589s] DEBUG:colcon.colcon_core.event_handler.log_command:Invoking command in '/home/praktikum4/praktikum_ws/build/pymoveit2': CMAKE_PREFIX_PATH=${CMAKE_PREFIX_PATH}:/home/praktikum4/praktikum_ws/install/robprakt:/home/praktikum4/ws_moveit2/install/moveit_configs_utils:/home/praktikum4/ws_moveit2/install/launch_param_builder:/opt/ros/galactic /usr/bin/cmake --install /home/praktikum4/praktikum_ws/build/pymoveit2
[0.623s] Level 1:colcon.colcon_core.environment:create_environment_scripts_only(pymoveit2)
[0.624s] DEBUG:colcon.colcon_core.event_handler.log_command:Invoked command in '/home/praktikum4/praktikum_ws/build/pymoveit2' returned '0': CMAKE_PREFIX_PATH=${CMAKE_PREFIX_PATH}:/home/praktikum4/praktikum_ws/install/robprakt:/home/praktikum4/ws_moveit2/install/moveit_configs_utils:/home/praktikum4/ws_moveit2/install/launch_param_builder:/opt/ros/galactic /usr/bin/cmake --install /home/praktikum4/praktikum_ws/build/pymoveit2
[0.627s] Level 1:colcon.colcon_core.environment:checking '/home/praktikum4/praktikum_ws/install/pymoveit2' for CMake module files
[0.627s] Level 1:colcon.colcon_core.environment:checking '/home/praktikum4/praktikum_ws/install/pymoveit2' for CMake config files
[0.627s] Level 1:colcon.colcon_core.shell:create_environment_hook('pymoveit2', 'cmake_prefix_path')
[0.628s] INFO:colcon.colcon_core.shell:Creating environment hook '/home/praktikum4/praktikum_ws/install/pymoveit2/share/pymoveit2/hook/cmake_prefix_path.ps1'
[0.628s] INFO:colcon.colcon_core.shell:Creating environment descriptor '/home/praktikum4/praktikum_ws/install/pymoveit2/share/pymoveit2/hook/cmake_prefix_path.dsv'
[0.628s] INFO:colcon.colcon_core.shell:Creating environment hook '/home/praktikum4/praktikum_ws/install/pymoveit2/share/pymoveit2/hook/cmake_prefix_path.sh'
[0.629s] Level 1:colcon.colcon_core.environment:checking '/home/praktikum4/praktikum_ws/install/pymoveit2/lib'
[0.629s] Level 1:colcon.colcon_core.environment:checking '/home/praktikum4/praktikum_ws/install/pymoveit2/bin'
[0.629s] Level 1:colcon.colcon_core.environment:checking '/home/praktikum4/praktikum_ws/install/pymoveit2/lib/pkgconfig/pymoveit2.pc'
[0.629s] Level 1:colcon.colcon_core.environment:checking '/home/praktikum4/praktikum_ws/install/pymoveit2/lib/python3.8/site-packages'
[0.629s] Level 1:colcon.colcon_core.shell:create_environment_hook('pymoveit2', 'pythonpath')
[0.630s] INFO:colcon.colcon_core.shell:Creating environment hook '/home/praktikum4/praktikum_ws/install/pymoveit2/share/pymoveit2/hook/pythonpath.ps1'
[0.630s] INFO:colcon.colcon_core.shell:Creating environment descriptor '/home/praktikum4/praktikum_ws/install/pymoveit2/share/pymoveit2/hook/pythonpath.dsv'
[0.630s] INFO:colcon.colcon_core.shell:Creating environment hook '/home/praktikum4/praktikum_ws/install/pymoveit2/share/pymoveit2/hook/pythonpath.sh'
[0.631s] Level 1:colcon.colcon_core.environment:checking '/home/praktikum4/praktikum_ws/install/pymoveit2/bin'
[0.632s] INFO:colcon.colcon_core.shell:Creating package script '/home/praktikum4/praktikum_ws/install/pymoveit2/share/pymoveit2/package.ps1'
[0.632s] INFO:colcon.colcon_core.shell:Creating package descriptor '/home/praktikum4/praktikum_ws/install/pymoveit2/share/pymoveit2/package.dsv'
[0.632s] INFO:colcon.colcon_core.shell:Creating package script '/home/praktikum4/praktikum_ws/install/pymoveit2/share/pymoveit2/package.sh'
[0.633s] INFO:colcon.colcon_core.shell:Creating package script '/home/praktikum4/praktikum_ws/install/pymoveit2/share/pymoveit2/package.bash'
[0.633s] INFO:colcon.colcon_core.shell:Creating package script '/home/praktikum4/praktikum_ws/install/pymoveit2/share/pymoveit2/package.zsh'
[0.634s] Level 1:colcon.colcon_core.environment:create_file_with_runtime_dependencies(/home/praktikum4/praktikum_ws/install/pymoveit2/share/colcon-core/packages/pymoveit2)
[0.665s] Level 1:colcon.colcon_core.environment:create_environment_scripts_only(pymoveit2)
[0.668s] Level 1:colcon.colcon_core.environment:checking '/home/praktikum4/praktikum_ws/install/pymoveit2' for CMake module files
[0.669s] Level 1:colcon.colcon_core.environment:checking '/home/praktikum4/praktikum_ws/install/pymoveit2' for CMake config files
[0.669s] Level 1:colcon.colcon_core.shell:create_environment_hook('pymoveit2', 'cmake_prefix_path')
[0.671s] INFO:colcon.colcon_core.shell:Creating environment hook '/home/praktikum4/praktikum_ws/install/pymoveit2/share/pymoveit2/hook/cmake_prefix_path.ps1'
[0.672s] INFO:colcon.colcon_core.shell:Creating environment descriptor '/home/praktikum4/praktikum_ws/install/pymoveit2/share/pymoveit2/hook/cmake_prefix_path.dsv'
[0.672s] INFO:colcon.colcon_core.shell:Creating environment hook '/home/praktikum4/praktikum_ws/install/pymoveit2/share/pymoveit2/hook/cmake_prefix_path.sh'
[0.673s] Level 1:colcon.colcon_core.environment:checking '/home/praktikum4/praktikum_ws/install/pymoveit2/lib'
[0.673s] Level 1:colcon.colcon_core.environment:checking '/home/praktikum4/praktikum_ws/install/pymoveit2/bin'
[0.673s] Level 1:colcon.colcon_core.environment:checking '/home/praktikum4/praktikum_ws/install/pymoveit2/lib/pkgconfig/pymoveit2.pc'
[0.673s] Level 1:colcon.colcon_core.environment:checking '/home/praktikum4/praktikum_ws/install/pymoveit2/lib/python3.8/site-packages'
[0.673s] Level 1:colcon.colcon_core.shell:create_environment_hook('pymoveit2', 'pythonpath')
[0.675s] INFO:colcon.colcon_core.shell:Creating environment hook '/home/praktikum4/praktikum_ws/install/pymoveit2/share/pymoveit2/hook/pythonpath.ps1'
[0.675s] INFO:colcon.colcon_core.shell:Creating environment descriptor '/home/praktikum4/praktikum_ws/install/pymoveit2/share/pymoveit2/hook/pythonpath.dsv'
[0.675s] INFO:colcon.colcon_core.shell:Creating environment hook '/home/praktikum4/praktikum_ws/install/pymoveit2/share/pymoveit2/hook/pythonpath.sh'
[0.676s] Level 1:colcon.colcon_core.environment:checking '/home/praktikum4/praktikum_ws/install/pymoveit2/bin'
[0.677s] INFO:colcon.colcon_core.shell:Creating package script '/home/praktikum4/praktikum_ws/install/pymoveit2/share/pymoveit2/package.ps1'
[0.677s] INFO:colcon.colcon_core.shell:Creating package descriptor '/home/praktikum4/praktikum_ws/install/pymoveit2/share/pymoveit2/package.dsv'
[0.677s] INFO:colcon.colcon_core.shell:Creating package script '/home/praktikum4/praktikum_ws/install/pymoveit2/share/pymoveit2/package.sh'
[0.678s] INFO:colcon.colcon_core.shell:Creating package script '/home/praktikum4/praktikum_ws/install/pymoveit2/share/pymoveit2/package.bash'
[0.678s] INFO:colcon.colcon_core.shell:Creating package script '/home/praktikum4/praktikum_ws/install/pymoveit2/share/pymoveit2/package.zsh'
[0.678s] Level 1:colcon.colcon_core.environment:create_file_with_runtime_dependencies(/home/praktikum4/praktikum_ws/install/pymoveit2/share/colcon-core/packages/pymoveit2)
[0.678s] DEBUG:colcon.colcon_parallel_executor.executor.parallel:closing loop
[0.678s] DEBUG:colcon.colcon_parallel_executor.executor.parallel:loop closed
[0.678s] DEBUG:colcon.colcon_parallel_executor.executor.parallel:run_until_complete finished with '0'
[0.678s] DEBUG:colcon.colcon_core.event_reactor:joining thread
[0.683s] INFO:colcon.colcon_core.plugin_system:Skipping extension 'colcon_notification.desktop_notification.terminal_notifier': Not used on non-Darwin systems
[0.683s] INFO:colcon.colcon_core.plugin_system:Skipping extension 'colcon_notification.desktop_notification.win32': Not used on non-Windows systems
[0.683s] INFO:colcon.colcon_notification.desktop_notification:Sending desktop notification using 'notify2'
[0.699s] DEBUG:colcon.colcon_core.event_reactor:joined thread
[0.700s] INFO:colcon.colcon_core.shell:Creating prefix script '/home/praktikum4/praktikum_ws/install/local_setup.ps1'
[0.701s] INFO:colcon.colcon_core.shell:Creating prefix util module '/home/praktikum4/praktikum_ws/install/_local_setup_util_ps1.py'
[0.702s] INFO:colcon.colcon_core.shell:Creating prefix chain script '/home/praktikum4/praktikum_ws/install/setup.ps1'
[0.703s] INFO:colcon.colcon_core.shell:Creating prefix script '/home/praktikum4/praktikum_ws/install/local_setup.sh'
[0.704s] INFO:colcon.colcon_core.shell:Creating prefix util module '/home/praktikum4/praktikum_ws/install/_local_setup_util_sh.py'
[0.704s] INFO:colcon.colcon_core.shell:Creating prefix chain script '/home/praktikum4/praktikum_ws/install/setup.sh'
[0.706s] INFO:colcon.colcon_core.shell:Creating prefix script '/home/praktikum4/praktikum_ws/install/local_setup.bash'
[0.706s] INFO:colcon.colcon_core.shell:Creating prefix chain script '/home/praktikum4/praktikum_ws/install/setup.bash'
[0.708s] INFO:colcon.colcon_core.shell:Creating prefix script '/home/praktikum4/praktikum_ws/install/local_setup.zsh'
[0.708s] INFO:colcon.colcon_core.shell:Creating prefix chain script '/home/praktikum4/praktikum_ws/install/setup.zsh'
